Archive member included to satisfy reference by file (symbol)

.\CortexM3\ARM_GCC_541\Debug\network.a(IDLE_PIN.o)
                              .\CortexM3\ARM_GCC_541\Debug\transmitter.o (IDLE_PIN_Write)
.\CortexM3\ARM_GCC_541\Debug\network.a(BUSY_PIN.o)
                              .\CortexM3\ARM_GCC_541\Debug\transmitter.o (BUSY_PIN_Write)
.\CortexM3\ARM_GCC_541\Debug\network.a(COLLISION_PIN.o)
                              .\CortexM3\ARM_GCC_541\Debug\transmitter.o (COLLISION_PIN_Write)
.\CortexM3\ARM_GCC_541\Debug\network.a(CyLib.o)
                              .\CortexM3\ARM_GCC_541\Debug\Cm3Start.o (CyHalt)
.\CortexM3\ARM_GCC_541\Debug\network.a(cyPm.o)
                              .\CortexM3\ARM_GCC_541\Debug\network.a(CyLib.o) (CyPmReadStatus)
.\CortexM3\ARM_GCC_541\Debug\network.a(USBUART.o)
                              .\CortexM3\ARM_GCC_541\Debug\main.o (USBUART_Start)
.\CortexM3\ARM_GCC_541\Debug\network.a(USBUART_cdc.o)
                              .\CortexM3\ARM_GCC_541\Debug\main.o (USBUART_CDC_Init)
.\CortexM3\ARM_GCC_541\Debug\network.a(USBUART_drv.o)
                              .\CortexM3\ARM_GCC_541\Debug\network.a(USBUART.o) (USBUART_lastPacketSize)
.\CortexM3\ARM_GCC_541\Debug\network.a(USBUART_episr.o)
                              .\CortexM3\ARM_GCC_541\Debug\network.a(USBUART.o) (USBUART_EP_1_ISR)
.\CortexM3\ARM_GCC_541\Debug\network.a(USBUART_pm.o)
                              .\CortexM3\ARM_GCC_541\Debug\network.a(USBUART.o) (USBUART_DP_ISR)
.\CortexM3\ARM_GCC_541\Debug\network.a(USBUART_std.o)
                              .\CortexM3\ARM_GCC_541\Debug\network.a(USBUART_pm.o) (USBUART_ConfigReg)
.\CortexM3\ARM_GCC_541\Debug\network.a(USBUART_vnd.o)
                              .\CortexM3\ARM_GCC_541\Debug\network.a(USBUART_drv.o) (USBUART_HandleVendorRqst)
.\CortexM3\ARM_GCC_541\Debug\network.a(USBUART_Dp.o)
                              .\CortexM3\ARM_GCC_541\Debug\network.a(USBUART.o) (USBUART_Dp_ClearInterrupt)
.\CortexM3\ARM_GCC_541\Debug\network.a(TX_PIN.o)
                              .\CortexM3\ARM_GCC_541\Debug\transmitter.o (TX_PIN_Write)
.\CortexM3\ARM_GCC_541\Debug\network.a(RX_PIN.o)
                              .\CortexM3\ARM_GCC_541\Debug\receiver.o (RX_PIN_Read)
.\CortexM3\ARM_GCC_541\Debug\network.a(RX_TIMER.o)
                              .\CortexM3\ARM_GCC_541\Debug\receiver.o (RX_TIMER_Stop)
.\CortexM3\ARM_GCC_541\Debug\network.a(RX_PIN_INTERRUPT.o)
                              .\CortexM3\ARM_GCC_541\Debug\main.o (RX_PIN_INTERRUPT_StartEx)
.\CortexM3\ARM_GCC_541\Debug\network.a(RX_TIMER_INTERRUPT.o)
                              .\CortexM3\ARM_GCC_541\Debug\main.o (RX_TIMER_INTERRUPT_StartEx)
.\CortexM3\ARM_GCC_541\Debug\network.a(TX_TIMER.o)
                              .\CortexM3\ARM_GCC_541\Debug\transmitter.o (TX_TIMER_Stop)
.\CortexM3\ARM_GCC_541\Debug\network.a(TX_TIMER_INTERRUPT.o)
                              .\CortexM3\ARM_GCC_541\Debug\main.o (TX_TIMER_INTERRUPT_StartEx)
.\CortexM3\ARM_GCC_541\Debug\network.a(CyBootAsmGnu.o)
                              .\CortexM3\ARM_GCC_541\Debug\cyfitter_cfg.o (CyDelayCycles)
.\CortexM3\ARM_GCC_541\Debug\network.a(CyFlash.o)
                              .\CortexM3\ARM_GCC_541\Debug\network.a(cyPm.o) (CyFlash_SetWaitCycles)
.\CortexM3\ARM_GCC_541\Debug\network.a(CySpc.o)
                              .\CortexM3\ARM_GCC_541\Debug\network.a(CyFlash.o) (CySpcStart)
.\CortexM3\ARM_GCC_541\Debug\network.a(USBUART_cls.o)
                              .\CortexM3\ARM_GCC_541\Debug\network.a(USBUART_drv.o) (USBUART_DispatchClassRqst)
.\CortexM3\ARM_GCC_541\Debug\network.a(USBUART_descr.o)
                              .\CortexM3\ARM_GCC_541\Debug\network.a(USBUART_std.o) (USBUART_idSerialNumberStringDescriptor)
c:/program files (x86)/cypress/psoc creator/4.1/psoc creator/import/gnu/arm/5.4.1/bin/../lib/gcc/arm-none-eabi/5.4.1/../../../../arm-none-eabi/lib/armv7-m\libg_nano.a(lib_a-errno.o)
                              .\CortexM3\ARM_GCC_541\Debug\Cm3Start.o (__errno)
c:/program files (x86)/cypress/psoc creator/4.1/psoc creator/import/gnu/arm/5.4.1/bin/../lib/gcc/arm-none-eabi/5.4.1/../../../../arm-none-eabi/lib/armv7-m\libg_nano.a(lib_a-exit.o)
                              c:/program files (x86)/cypress/psoc creator/4.1/psoc creator/import/gnu/arm/5.4.1/bin/../lib/gcc/arm-none-eabi/5.4.1/../../../../arm-none-eabi/lib/armv7-m/crt0.o (exit)
c:/program files (x86)/cypress/psoc creator/4.1/psoc creator/import/gnu/arm/5.4.1/bin/../lib/gcc/arm-none-eabi/5.4.1/../../../../arm-none-eabi/lib/armv7-m\libg_nano.a(lib_a-impure.o)
                              c:/program files (x86)/cypress/psoc creator/4.1/psoc creator/import/gnu/arm/5.4.1/bin/../lib/gcc/arm-none-eabi/5.4.1/../../../../arm-none-eabi/lib/armv7-m\libg_nano.a(lib_a-exit.o) (_global_impure_ptr)
[...]
Memory Configuration

Name             Origin             Length             Attributes
rom              0x00000000         0x00040000         xr
ram              0x1fff8000         0x00010000         xrw
*default*        0x00000000         0xffffffff

Linker script and memory map

LOAD c:/program files (x86)/cypress/psoc creator/4.1/psoc creator/import/gnu/arm/5.4.1/bin/../lib/gcc/arm-none-eabi/5.4.1/armv7-m/crti.o
LOAD c:/program files (x86)/cypress/psoc creator/4.1/psoc creator/import/gnu/arm/5.4.1/bin/../lib/gcc/arm-none-eabi/5.4.1/armv7-m/crtbegin.o
LOAD c:/program files (x86)/cypress/psoc creator/4.1/psoc creator/import/gnu/arm/5.4.1/bin/../lib/gcc/arm-none-eabi/5.4.1/../../../../arm-none-eabi/lib/armv7-m/crt0.o
START GROUP
LOAD .\CortexM3\ARM_GCC_541\Debug\main.o
LOAD .\CortexM3\ARM_GCC_541\Debug\receiver.o
LOAD .\CortexM3\ARM_GCC_541\Debug\transmitter.o
LOAD .\CortexM3\ARM_GCC_541\Debug\cyfitter_cfg.o
LOAD .\CortexM3\ARM_GCC_541\Debug\cymetadata.o
LOAD .\CortexM3\ARM_GCC_541\Debug\Cm3Start.o
LOAD .\CortexM3\ARM_GCC_541\Debug\network.a
LOAD C:\Program Files (x86)\Cypress\PSoC Creator\4.1\PSoC Creator\psoc\content\cycomponentlibrary\CyComponentLibrary.cylib\CortexM3\ARM_GCC_541\Debug\CyComponentLibrary.a
END GROUP
START GROUP
LOAD c:/program files (x86)/cypress/psoc creator/4.1/psoc creator/import/gnu/arm/5.4.1/bin/../lib/gcc/arm-none-eabi/5.4.1/armv7-m\libgcc.a
LOAD c:/program files (x86)/cypress/psoc creator/4.1/psoc creator/import/gnu/arm/5.4.1/bin/../lib/gcc/arm-none-eabi/5.4.1/../../../../arm-none-eabi/lib/armv7-m\libg_nano.a
LOAD c:/program files (x86)/cypress/psoc creator/4.1/psoc creator/import/gnu/arm/5.4.1/bin/../lib/gcc/arm-none-eabi/5.4.1/../../../../arm-none-eabi/lib/armv7-m\libc_nano.a
END GROUP
START GROUP
LOAD c:/program files (x86)/cypress/psoc creator/4.1/psoc creator/import/gnu/arm/5.4.1/bin/../lib/gcc/arm-none-eabi/5.4.1/armv7-m\libgcc.a
LOAD c:/program files (x86)/cypress/psoc creator/4.1/psoc creator/import/gnu/arm/5.4.1/bin/../lib/gcc/arm-none-eabi/5.4.1/../../../../arm-none-eabi/lib/armv7-m\libc_nano.a
END GROUP
LOAD c:/program files (x86)/cypress/psoc creator/4.1/psoc creator/import/gnu/arm/5.4.1/bin/../lib/gcc/arm-none-eabi/5.4.1/armv7-m/crtend.o
LOAD c:/program files (x86)/cypress/psoc creator/4.1/psoc creator/import/gnu/arm/5.4.1/bin/../lib/gcc/arm-none-eabi/5.4.1/armv7-m/crtn.o
START GROUP
LOAD c:/program files (x86)/cypress/psoc creator/4.1/psoc creator/import/gnu/arm/5.4.1/bin/../lib/gcc/arm-none-eabi/5.4.1/armv7-m\libgcc.a
LOAD c:/program files (x86)/cypress/psoc creator/4.1/psoc creator/import/gnu/arm/5.4.1/bin/../lib/gcc/arm-none-eabi/5.4.1/../../../../arm-none-eabi/lib/armv7-m\libc.a
LOAD c:/program files (x86)/cypress/psoc creator/4.1/psoc creator/import/gnu/arm/5.4.1/bin/../lib/gcc/arm-none-eabi/5.4.1/../../../../arm-none-eabi/lib/armv7-m\libnosys.a
END GROUP
                0x00000000                CY_APPL_ORIGIN = 0x0
                0x00000100                CY_FLASH_ROW_SIZE = 0x100
                0x00000020                CY_ECC_ROW_SIZE = 0x20
                0x00000000                CY_EE_IN_BTLDR = 0x0
                0x00000000                CY_APPL_LOADABLE = 0x0
                0x00000800                CY_EE_SIZE = 0x800
                0x00000001                CY_APPL_NUM = 0x1
                0x00000001                CY_APPL_MAX = 0x1
                0x00000040                CY_METADATA_SIZE = 0x40
                0x00000000                CY_APPL_LOADABLE = 0x0
                0x00000000                CY_CHECKSUM_EXCLUDE_SIZE = ALIGN (0x0, CY_FLASH_ROW_SIZE)
                [!provide]                PROVIDE (__cy_heap_start, _end)
                0x00000001                PROVIDE (__cy_region_num, ((__cy_regions_end - __cy_regions) / 0x10))
                0x20008000                PROVIDE (__cy_stack, (ORIGIN (ram) + LENGTH (ram)))
                [!provide]                PROVIDE (__cy_heap_end, (__cy_stack - 0x800))

.cybootloader   0x00000000        0x0
 *(.cybootloader)
                0x00000000                appl1_start = CY_APPL_ORIGIN?CY_APPL_ORIGIN:ALIGN (CY_FLASH_ROW_SIZE)
                0x0001ff00                appl2_start = (appl1_start + ALIGN ((((LENGTH (rom) - appl1_start) - (0x2 * CY_FLASH_ROW_SIZE)) / 0x2), CY_FLASH_ROW_SIZE))
                0x00000000                appl_start = (CY_APPL_NUM == 0x1)?appl1_start:appl2_start
                0x00000000                ecc_offset = ((appl_start / CY_FLASH_ROW_SIZE) * CY_ECC_ROW_SIZE)
                0x00000000                ee_offset = (CY_APPL_LOADABLE && ! (CY_EE_IN_BTLDR))?((CY_EE_SIZE / CY_APPL_MAX) * (CY_APPL_NUM - 0x1)):0x0
                0x00000800                ee_size = (CY_APPL_LOADABLE && ! (CY_EE_IN_BTLDR))?(CY_EE_SIZE / CY_APPL_MAX):CY_EE_SIZE
                [!provide]                PROVIDE (CY_ECC_OFFSET, ecc_offset)

.text           0x00000000     0x2a2a
 CREATE_OBJECT_SYMBOLS
                0x00000000                PROVIDE (__cy_interrupt_vector, RomVectors)
 *(.romvectors)
 .romvectors    0x00000000       0x10 .\CortexM3\ARM_GCC_541\Debug\Cm3Start.o
                0x00000000                RomVectors
                0x00000001                ASSERT ((. != __cy_interrupt_vector), No interrupt vector)
                0x00000001                ASSERT (CY_APPL_ORIGIN?(SIZEOF (.cybootloader) <= CY_APPL_ORIGIN):0x1, Wrong image location)
                0x00000010                PROVIDE (__cy_reset, Reset)
 *(.text.Reset)
 .text.Reset    0x00000010       0x18 .\CortexM3\ARM_GCC_541\Debug\Cm3Start.o
                0x00000010                Reset
                0x00000001                ASSERT ((. != __cy_reset), No reset code)
 *(.dma_init)
                0x00000001                ASSERT ((((appl_start + .) <= 0x10000) || 0x1), DMA Init must be within the first 64k of flash)
 *(.text .text.* .gnu.linkonce.t.*)
 .text          0x00000028       0x5c c:/program files (x86)/cypress/psoc creator/4.1/psoc creator/import/gnu/arm/5.4.1/bin/../lib/gcc/arm-none-eabi/5.4.1/armv7-m/crtbegin.o
 .text.RX_PIN_HANDLER
                0x00000084       0x10 .\CortexM3\ARM_GCC_541\Debug\main.o
                0x00000084                RX_PIN_HANDLER
 .text.RX_TIMER_HANDLER
                0x00000094        0xc .\CortexM3\ARM_GCC_541\Debug\main.o
                0x00000094                RX_TIMER_HANDLER
 .text.TX_TIMER_HANDLER
                0x000000a0        0xc .\CortexM3\ARM_GCC_541\Debug\main.o
                0x000000a0                TX_TIMER_HANDLER
 .text.main     0x000000ac       0x5c .\CortexM3\ARM_GCC_541\Debug\main.o
                0x000000ac                main
 .text.printMessage
                0x00000108       0x20 .\CortexM3\ARM_GCC_541\Debug\receiver.o
                0x00000108                printMessage
 .text.receiveByte
                0x00000128       0xa0 .\CortexM3\ARM_GCC_541\Debug\receiver.o
                0x00000128                receiveByte
 .text.receiveBit
                0x000001c8       0x4c .\CortexM3\ARM_GCC_541\Debug\receiver.o
                0x000001c8                receiveBit
 .text.receiver_rx_handler
                0x00000214       0x20 .\CortexM3\ARM_GCC_541\Debug\receiver.o
                0x00000214                receiver_rx_handler
 .text.receiver_timer_handler
                0x00000234        0xc .\CortexM3\ARM_GCC_541\Debug\receiver.o
                0x00000234                receiver_timer_handler
 .text.changeState
                0x00000240       0x94 .\CortexM3\ARM_GCC_541\Debug\transmitter.o
                0x00000240                changeState
 .text.transmitter_rx_handler
                0x000002d4       0x5c .\CortexM3\ARM_GCC_541\Debug\transmitter.o
                0x000002d4                transmitter_rx_handler
 .text.transmitter_timer_handler
                0x00000330       0x24 .\CortexM3\ARM_GCC_541\Debug\transmitter.o
                0x00000330                transmitter_timer_handler
 .text.addHeaderAndCrc
                0x00000354       0x2c .\CortexM3\ARM_GCC_541\Debug\transmitter.o
                0x00000354                addHeaderAndCrc
 .text.writeMessage
                0x00000380       0x68 .\CortexM3\ARM_GCC_541\Debug\transmitter.o
                0x00000380                writeMessage
 .text.transmitter_uart_handler
                0x000003e8       0x7c .\CortexM3\ARM_GCC_541\Debug\transmitter.o
                0x000003e8                transmitter_uart_handler
 .text.CyClockStartupError
                0x00000464        0x4 .\CortexM3\ARM_GCC_541\Debug\cyfitter_cfg.o
 .text.cfg_write_bytes32
                0x00000468       0x34 .\CortexM3\ARM_GCC_541\Debug\cyfitter_cfg.o
 .text.AnalogSetDefault
                0x0000049c       0x28 .\CortexM3\ARM_GCC_541\Debug\cyfitter_cfg.o
 .text.CYMEMZERO
                0x000004c4        0xc .\CortexM3\ARM_GCC_541\Debug\cyfitter_cfg.o
 .text.ClockSetup
                0x000004d0       0xa0 .\CortexM3\ARM_GCC_541\Debug\cyfitter_cfg.o
 .text.CYCONFIGCPY
                0x00000570        0x8 .\CortexM3\ARM_GCC_541\Debug\cyfitter_cfg.o
 .text.cyfitter_cfg
                0x00000578       0xf8 .\CortexM3\ARM_GCC_541\Debug\cyfitter_cfg.o
                0x00000578                cyfitter_cfg
 .text.IntDefaultHandler
                0x00000670       0x10 .\CortexM3\ARM_GCC_541\Debug\Cm3Start.o
                0x00000670                IntDefaultHandler
 .text._sbrk    0x00000680       0x30 .\CortexM3\ARM_GCC_541\Debug\Cm3Start.o
                0x00000680                _sbrk
 .text.Start_c  0x000006b0       0x4c .\CortexM3\ARM_GCC_541\Debug\Cm3Start.o
                0x000006b0                Start_c
 .text.initialize_psoc
                0x000006fc       0x68 .\CortexM3\ARM_GCC_541\Debug\Cm3Start.o
                0x000006fc                initialize_psoc
 .text.IDLE_PIN_Write
                0x00000764       0x18 .\CortexM3\ARM_GCC_541\Debug\network.a(IDLE_PIN.o)
                0x00000764                IDLE_PIN_Write
 .text.BUSY_PIN_Write
                0x0000077c       0x18 .\CortexM3\ARM_GCC_541\Debug\network.a(BUSY_PIN.o)
                0x0000077c                BUSY_PIN_Write
 .text.COLLISION_PIN_Write
                0x00000794       0x18 .\CortexM3\ARM_GCC_541\Debug\network.a(COLLISION_PIN.o)
                0x00000794                COLLISION_PIN_Write
 .text.CyHalt   0x000007ac        0x4 .\CortexM3\ARM_GCC_541\Debug\network.a(CyLib.o)
                0x000007ac                CyHalt
 .text.CyDelay  0x000007b0       0x2c .\CortexM3\ARM_GCC_541\Debug\network.a(CyLib.o)
                0x000007b0                CyDelay
 .text.CyDelayUs
                0x000007dc       0x14 .\CortexM3\ARM_GCC_541\Debug\network.a(CyLib.o)
                0x000007dc                CyDelayUs
 .text.CyIntSetVector
                0x000007f0       0x28 .\CortexM3\ARM_GCC_541\Debug\network.a(CyLib.o)
                0x000007f0                CyIntSetVector
 .text.CyIntSetPriority
                0x00000818       0x30 .\CortexM3\ARM_GCC_541\Debug\network.a(CyLib.o)
                0x00000818                CyIntSetPriority
 .text.CyGetUniqueId
                0x00000848       0x70 .\CortexM3\ARM_GCC_541\Debug\network.a(CyLib.o)
                0x00000848                CyGetUniqueId
 .text.USBUART_Init
                0x000008b8      0x140 .\CortexM3\ARM_GCC_541\Debug\network.a(USBUART.o)
                0x000008b8                USBUART_Init
 .text.USBUART_InitComponent
                0x000009f8       0xb8 .\CortexM3\ARM_GCC_541\Debug\network.a(USBUART.o)
                0x000009f8                USBUART_InitComponent
 .text.USBUART_Start
                0x00000ab0       0x24 .\CortexM3\ARM_GCC_541\Debug\network.a(USBUART.o)
                0x00000ab0                USBUART_Start
 .text.USBUART_ReInitComponent
                0x00000ad4       0x4c .\CortexM3\ARM_GCC_541\Debug\network.a(USBUART.o)
                0x00000ad4                USBUART_ReInitComponent
 .text.USBUART_GetConfiguration
                0x00000b20        0xc .\CortexM3\ARM_GCC_541\Debug\network.a(USBUART.o)
                0x00000b20                USBUART_GetConfiguration
 .text.USBUART_GetEPState
                0x00000b2c       0x14 .\CortexM3\ARM_GCC_541\Debug\network.a(USBUART.o)
                0x00000b2c                USBUART_GetEPState
 .text.USBUART_GetEPCount
                0x00000b40       0x28 .\CortexM3\ARM_GCC_541\Debug\network.a(USBUART.o)
                0x00000b40                USBUART_GetEPCount
 .text.USBUART_LoadInEP
                0x00000b68       0x94 .\CortexM3\ARM_GCC_541\Debug\network.a(USBUART.o)
                0x00000b68                USBUART_LoadInEP
 .text.USBUART_EnableOutEP
                0x00000bfc       0x2c .\CortexM3\ARM_GCC_541\Debug\network.a(USBUART.o)
                0x00000bfc                USBUART_EnableOutEP
 .text.USBUART_ReadOutEP
                0x00000c28       0x50 .\CortexM3\ARM_GCC_541\Debug\network.a(USBUART.o)
                0x00000c28                USBUART_ReadOutEP
 .text.USBUART_StrLen
                0x00000c78       0x14 .\CortexM3\ARM_GCC_541\Debug\network.a(USBUART_cdc.o)
 .text.USBUART_GetInterfaceComPort
                0x00000c8c       0x38 .\CortexM3\ARM_GCC_541\Debug\network.a(USBUART_cdc.o)
                0x00000c8c                USBUART_GetInterfaceComPort
 .text.USBUART_DispatchCDCClassRqst
                0x00000cc4       0x98 .\CortexM3\ARM_GCC_541\Debug\network.a(USBUART_cdc.o)
                0x00000cc4                USBUART_DispatchCDCClassRqst
 .text.USBUART_CDC_Init
                0x00000d5c       0x98 .\CortexM3\ARM_GCC_541\Debug\network.a(USBUART_cdc.o)
                0x00000d5c                USBUART_CDC_Init
 .text.USBUART_PutString
                0x00000df4       0xa0 .\CortexM3\ARM_GCC_541\Debug\network.a(USBUART_cdc.o)
                0x00000df4                USBUART_PutString
 .text.USBUART_PutChar
                0x00000e94       0x28 .\CortexM3\ARM_GCC_541\Debug\network.a(USBUART_cdc.o)
                0x00000e94                USBUART_PutChar
 .text.USBUART_DataIsReady
                0x00000ebc       0x18 .\CortexM3\ARM_GCC_541\Debug\network.a(USBUART_cdc.o)
                0x00000ebc                USBUART_DataIsReady
 .text.USBUART_GetChar
                0x00000ed4       0x28 .\CortexM3\ARM_GCC_541\Debug\network.a(USBUART_cdc.o)
                0x00000ed4                USBUART_GetChar
 .text.USBUART_Cdc_EpInit
                0x00000efc       0x50 .\CortexM3\ARM_GCC_541\Debug\network.a(USBUART_cdc.o)
                0x00000efc                USBUART_Cdc_EpInit
 .text.USBUART_LoadEP0
                0x00000f4c       0x98 .\CortexM3\ARM_GCC_541\Debug\network.a(USBUART_drv.o)
                0x00000f4c                USBUART_LoadEP0
 .text.USBUART_InitZeroLengthControlTransfer
                0x00000fe4       0x34 .\CortexM3\ARM_GCC_541\Debug\network.a(USBUART_drv.o)
                0x00000fe4                USBUART_InitZeroLengthControlTransfer
 .text.USBUART_ControlReadDataStage
                0x00001018        0x8 .\CortexM3\ARM_GCC_541\Debug\network.a(USBUART_drv.o)
                0x00001018                USBUART_ControlReadDataStage
 .text.USBUART_ControlWriteDataStage
                0x00001020       0x84 .\CortexM3\ARM_GCC_541\Debug\network.a(USBUART_drv.o)
                0x00001020                USBUART_ControlWriteDataStage
 .text.USBUART_InitNoDataControlTransfer
                0x000010a4       0x2c .\CortexM3\ARM_GCC_541\Debug\network.a(USBUART_drv.o)
                0x000010a4                USBUART_InitNoDataControlTransfer
 .text.USBUART_UpdateStatusBlock
                0x000010d0       0x24 .\CortexM3\ARM_GCC_541\Debug\network.a(USBUART_drv.o)
                0x000010d0                USBUART_UpdateStatusBlock
 .text.USBUART_HandleSetup
                0x000010f4       0x5c .\CortexM3\ARM_GCC_541\Debug\network.a(USBUART_drv.o)
                0x000010f4                USBUART_HandleSetup
 .text.USBUART_ControlReadStatusStage
                0x00001150       0x38 .\CortexM3\ARM_GCC_541\Debug\network.a(USBUART_drv.o)
                0x00001150                USBUART_ControlReadStatusStage
 .text.USBUART_HandleOUT
                0x00001188       0x38 .\CortexM3\ARM_GCC_541\Debug\network.a(USBUART_drv.o)
                0x00001188                USBUART_HandleOUT
 .text.USBUART_ControlWriteStatusStage
                0x000011c0       0x20 .\CortexM3\ARM_GCC_541\Debug\network.a(USBUART_drv.o)
                0x000011c0                USBUART_ControlWriteStatusStage
 .text.USBUART_NoDataControlStatusStage
                0x000011e0       0x40 .\CortexM3\ARM_GCC_541\Debug\network.a(USBUART_drv.o)
                0x000011e0                USBUART_NoDataControlStatusStage
 .text.USBUART_HandleIN
                0x00001220       0x2c .\CortexM3\ARM_GCC_541\Debug\network.a(USBUART_drv.o)
                0x00001220                USBUART_HandleIN
 .text.USBUART_EP_0_ISR
                0x0000124c       0xb8 .\CortexM3\ARM_GCC_541\Debug\network.a(USBUART_drv.o)
                0x0000124c                USBUART_EP_0_ISR
 .text.USBUART_InitializeStatusBlock
                0x00001304       0x24 .\CortexM3\ARM_GCC_541\Debug\network.a(USBUART_drv.o)
                0x00001304                USBUART_InitializeStatusBlock
 .text.USBUART_InitControlRead
                0x00001328       0x50 .\CortexM3\ARM_GCC_541\Debug\network.a(USBUART_drv.o)
                0x00001328                USBUART_InitControlRead
 .text.USBUART_InitControlWrite
                0x00001378       0x48 .\CortexM3\ARM_GCC_541\Debug\network.a(USBUART_drv.o)
                0x00001378                USBUART_InitControlWrite
 .text.USBUART_EP_1_ISR
                0x000013c0       0x30 .\CortexM3\ARM_GCC_541\Debug\network.a(USBUART_episr.o)
                0x000013c0                USBUART_EP_1_ISR
 .text.USBUART_EP_2_ISR
                0x000013f0       0x34 .\CortexM3\ARM_GCC_541\Debug\network.a(USBUART_episr.o)
                0x000013f0                USBUART_EP_2_ISR
 .text.USBUART_EP_3_ISR
                0x00001424       0x3c .\CortexM3\ARM_GCC_541\Debug\network.a(USBUART_episr.o)
                0x00001424                USBUART_EP_3_ISR
 .text.USBUART_SOF_ISR
                0x00001460        0x4 .\CortexM3\ARM_GCC_541\Debug\network.a(USBUART_episr.o)
                0x00001460                USBUART_SOF_ISR
 .text.USBUART_BUS_RESET_ISR
                0x00001464        0x8 .\CortexM3\ARM_GCC_541\Debug\network.a(USBUART_episr.o)
                0x00001464                USBUART_BUS_RESET_ISR
 .text.USBUART_DP_ISR
                0x0000146c        0x8 .\CortexM3\ARM_GCC_541\Debug\network.a(USBUART_pm.o)
                0x0000146c                USBUART_DP_ISR
 .text.USBUART_ReadDieID
                0x00001474       0x6c .\CortexM3\ARM_GCC_541\Debug\network.a(USBUART_std.o)
                0x00001474                USBUART_ReadDieID
 .text.USBUART_ConfigReg
                0x000014e0       0xa4 .\CortexM3\ARM_GCC_541\Debug\network.a(USBUART_std.o)
                0x000014e0                USBUART_ConfigReg
 .text.USBUART_GetConfigTablePtr
                0x00001584       0x28 .\CortexM3\ARM_GCC_541\Debug\network.a(USBUART_std.o)
                0x00001584                USBUART_GetConfigTablePtr
 .text.USBUART_ConfigAltChanged
                0x000015ac      0x11c .\CortexM3\ARM_GCC_541\Debug\network.a(USBUART_std.o)
                0x000015ac                USBUART_ConfigAltChanged
 .text.USBUART_GetDeviceTablePtr
                0x000016c8       0x18 .\CortexM3\ARM_GCC_541\Debug\network.a(USBUART_std.o)
                0x000016c8                USBUART_GetDeviceTablePtr
 .text.USBUART_GetInterfaceClassTablePtr
                0x000016e0       0x28 .\CortexM3\ARM_GCC_541\Debug\network.a(USBUART_std.o)
                0x000016e0                USBUART_GetInterfaceClassTablePtr
 .text.USBUART_Config
                0x00001708      0x1ec .\CortexM3\ARM_GCC_541\Debug\network.a(USBUART_std.o)
                0x00001708                USBUART_Config
 .text.USBUART_SetEndpointHalt
                0x000018f4       0x64 .\CortexM3\ARM_GCC_541\Debug\network.a(USBUART_std.o)
                0x000018f4                USBUART_SetEndpointHalt
 .text.USBUART_ClearEndpointHalt
                0x00001958       0xa8 .\CortexM3\ARM_GCC_541\Debug\network.a(USBUART_std.o)
                0x00001958                USBUART_ClearEndpointHalt
 .text.USBUART_ValidateAlternateSetting
                0x00001a00       0x4c .\CortexM3\ARM_GCC_541\Debug\network.a(USBUART_std.o)
                0x00001a00                USBUART_ValidateAlternateSetting
 .text.USBUART_HandleStandardRqst
                0x00001a4c      0x354 .\CortexM3\ARM_GCC_541\Debug\network.a(USBUART_std.o)
                0x00001a4c                USBUART_HandleStandardRqst
 .text.USBUART_HandleVendorRqst
                0x00001da0       0x18 .\CortexM3\ARM_GCC_541\Debug\network.a(USBUART_vnd.o)
                0x00001da0                USBUART_HandleVendorRqst
 .text.USBUART_Dp_ClearInterrupt
                0x00001db8       0x10 .\CortexM3\ARM_GCC_541\Debug\network.a(USBUART_Dp.o)
                0x00001db8                USBUART_Dp_ClearInterrupt
 .text.TX_PIN_Write
                0x00001dc8       0x18 .\CortexM3\ARM_GCC_541\Debug\network.a(TX_PIN.o)
                0x00001dc8                TX_PIN_Write
 .text.RX_PIN_Read
                0x00001de0        0xc .\CortexM3\ARM_GCC_541\Debug\network.a(RX_PIN.o)
                0x00001de0                RX_PIN_Read
 .text.RX_PIN_ClearInterrupt
                0x00001dec        0xc .\CortexM3\ARM_GCC_541\Debug\network.a(RX_PIN.o)
                0x00001dec                RX_PIN_ClearInterrupt
 .text.RX_TIMER_Enable
                0x00001df8       0x10 .\CortexM3\ARM_GCC_541\Debug\network.a(RX_TIMER.o)
                0x00001df8                RX_TIMER_Enable
 .text.RX_TIMER_Stop
                0x00001e08       0x10 .\CortexM3\ARM_GCC_541\Debug\network.a(RX_TIMER.o)
                0x00001e08                RX_TIMER_Stop
 .text.RX_TIMER_SetInterruptMode
                0x00001e18        0xc .\CortexM3\ARM_GCC_541\Debug\network.a(RX_TIMER.o)
                0x00001e18                RX_TIMER_SetInterruptMode
 .text.RX_TIMER_ReadStatusRegister
                0x00001e24        0xc .\CortexM3\ARM_GCC_541\Debug\network.a(RX_TIMER.o)
                0x00001e24                RX_TIMER_ReadStatusRegister
 .text.RX_TIMER_WritePeriod
                0x00001e30        0xc .\CortexM3\ARM_GCC_541\Debug\network.a(RX_TIMER.o)
                0x00001e30                RX_TIMER_WritePeriod
 .text.RX_TIMER_ReadCapture
                0x00001e3c        0xc .\CortexM3\ARM_GCC_541\Debug\network.a(RX_TIMER.o)
                0x00001e3c                RX_TIMER_ReadCapture
 .text.RX_TIMER_WriteCounter
                0x00001e48        0xc .\CortexM3\ARM_GCC_541\Debug\network.a(RX_TIMER.o)
                0x00001e48                RX_TIMER_WriteCounter
 .text.RX_TIMER_ClearFIFO
                0x00001e54       0x14 .\CortexM3\ARM_GCC_541\Debug\network.a(RX_TIMER.o)
                0x00001e54                RX_TIMER_ClearFIFO
 .text.RX_TIMER_Init
                0x00001e68       0x34 .\CortexM3\ARM_GCC_541\Debug\network.a(RX_TIMER.o)
                0x00001e68                RX_TIMER_Init
 .text.RX_TIMER_Start
                0x00001e9c       0x1c .\CortexM3\ARM_GCC_541\Debug\network.a(RX_TIMER.o)
                0x00001e9c                RX_TIMER_Start
 .text.RX_PIN_INTERRUPT_SetVector
                0x00001eb8        0xc .\CortexM3\ARM_GCC_541\Debug\network.a(RX_PIN_INTERRUPT.o)
                0x00001eb8                RX_PIN_INTERRUPT_SetVector
 .text.RX_PIN_INTERRUPT_SetPriority
                0x00001ec4       0x10 .\CortexM3\ARM_GCC_541\Debug\network.a(RX_PIN_INTERRUPT.o)
                0x00001ec4                RX_PIN_INTERRUPT_SetPriority
 .text.RX_PIN_INTERRUPT_Enable
                0x00001ed4        0xc .\CortexM3\ARM_GCC_541\Debug\network.a(RX_PIN_INTERRUPT.o)
                0x00001ed4                RX_PIN_INTERRUPT_Enable
 .text.RX_PIN_INTERRUPT_Disable
                0x00001ee0        0xc .\CortexM3\ARM_GCC_541\Debug\network.a(RX_PIN_INTERRUPT.o)
                0x00001ee0                RX_PIN_INTERRUPT_Disable
 .text.RX_PIN_INTERRUPT_StartEx
                0x00001eec       0x1c .\CortexM3\ARM_GCC_541\Debug\network.a(RX_PIN_INTERRUPT.o)
                0x00001eec                RX_PIN_INTERRUPT_StartEx
 .text.RX_TIMER_INTERRUPT_SetVector
                0x00001f08        0xc .\CortexM3\ARM_GCC_541\Debug\network.a(RX_TIMER_INTERRUPT.o)
                0x00001f08                RX_TIMER_INTERRUPT_SetVector
 .text.RX_TIMER_INTERRUPT_SetPriority
                0x00001f14       0x10 .\CortexM3\ARM_GCC_541\Debug\network.a(RX_TIMER_INTERRUPT.o)
                0x00001f14                RX_TIMER_INTERRUPT_SetPriority
 .text.RX_TIMER_INTERRUPT_Enable
                0x00001f24        0xc .\CortexM3\ARM_GCC_541\Debug\network.a(RX_TIMER_INTERRUPT.o)
                0x00001f24                RX_TIMER_INTERRUPT_Enable
 .text.RX_TIMER_INTERRUPT_Disable
                0x00001f30        0xc .\CortexM3\ARM_GCC_541\Debug\network.a(RX_TIMER_INTERRUPT.o)
                0x00001f30                RX_TIMER_INTERRUPT_Disable
 .text.RX_TIMER_INTERRUPT_StartEx
                0x00001f3c       0x1c .\CortexM3\ARM_GCC_541\Debug\network.a(RX_TIMER_INTERRUPT.o)
                0x00001f3c                RX_TIMER_INTERRUPT_StartEx
 .text.TX_TIMER_Enable
                0x00001f58       0x10 .\CortexM3\ARM_GCC_541\Debug\network.a(TX_TIMER.o)
                0x00001f58                TX_TIMER_Enable
 .text.TX_TIMER_Stop
                0x00001f68       0x10 .\CortexM3\ARM_GCC_541\Debug\network.a(TX_TIMER.o)
                0x00001f68                TX_TIMER_Stop
 .text.TX_TIMER_SetInterruptMode
                0x00001f78        0xc .\CortexM3\ARM_GCC_541\Debug\network.a(TX_TIMER.o)
                0x00001f78                TX_TIMER_SetInterruptMode
 .text.TX_TIMER_ReadStatusRegister
                0x00001f84        0xc .\CortexM3\ARM_GCC_541\Debug\network.a(TX_TIMER.o)
                0x00001f84                TX_TIMER_ReadStatusRegister
 .text.TX_TIMER_WritePeriod
                0x00001f90        0xc .\CortexM3\ARM_GCC_541\Debug\network.a(TX_TIMER.o)
                0x00001f90                TX_TIMER_WritePeriod
 .text.TX_TIMER_ReadCapture
                0x00001f9c        0xc .\CortexM3\ARM_GCC_541\Debug\network.a(TX_TIMER.o)
                0x00001f9c                TX_TIMER_ReadCapture
 .text.TX_TIMER_WriteCounter
                0x00001fa8        0xc .\CortexM3\ARM_GCC_541\Debug\network.a(TX_TIMER.o)
                0x00001fa8                TX_TIMER_WriteCounter
 .text.TX_TIMER_ClearFIFO
                0x00001fb4       0x14 .\CortexM3\ARM_GCC_541\Debug\network.a(TX_TIMER.o)
                0x00001fb4                TX_TIMER_ClearFIFO
 .text.TX_TIMER_Init
                0x00001fc8       0x34 .\CortexM3\ARM_GCC_541\Debug\network.a(TX_TIMER.o)
                0x00001fc8                TX_TIMER_Init
 .text.TX_TIMER_Start
                0x00001ffc       0x1c .\CortexM3\ARM_GCC_541\Debug\network.a(TX_TIMER.o)
                0x00001ffc                TX_TIMER_Start
 .text.TX_TIMER_INTERRUPT_SetVector
                0x00002018        0xc .\CortexM3\ARM_GCC_541\Debug\network.a(TX_TIMER_INTERRUPT.o)
                0x00002018                TX_TIMER_INTERRUPT_SetVector
 .text.TX_TIMER_INTERRUPT_SetPriority
                0x00002024       0x10 .\CortexM3\ARM_GCC_541\Debug\network.a(TX_TIMER_INTERRUPT.o)
                0x00002024                TX_TIMER_INTERRUPT_SetPriority
 .text.TX_TIMER_INTERRUPT_Enable
                0x00002034        0xc .\CortexM3\ARM_GCC_541\Debug\network.a(TX_TIMER_INTERRUPT.o)
                0x00002034                TX_TIMER_INTERRUPT_Enable
 .text.TX_TIMER_INTERRUPT_Disable
                0x00002040        0xc .\CortexM3\ARM_GCC_541\Debug\network.a(TX_TIMER_INTERRUPT.o)
                0x00002040                TX_TIMER_INTERRUPT_Disable
 .text.TX_TIMER_INTERRUPT_StartEx
                0x0000204c       0x1c .\CortexM3\ARM_GCC_541\Debug\network.a(TX_TIMER_INTERRUPT.o)
                0x0000204c                TX_TIMER_INTERRUPT_StartEx
 .text          0x00002068       0x20 .\CortexM3\ARM_GCC_541\Debug\network.a(CyBootAsmGnu.o)
                0x00002068                CyDelayCycles
                0x00002078                CyEnterCriticalSection
                0x00002080                CyExitCriticalSection
 .text.USBUART_DispatchClassRqst
                0x00002088       0x58 .\CortexM3\ARM_GCC_541\Debug\network.a(USBUART_cls.o)
                0x00002088                USBUART_DispatchClassRqst
 .text.__errno  0x000020e0        0xc c:/program files (x86)/cypress/psoc creator/4.1/psoc creator/import/gnu/arm/5.4.1/bin/../lib/gcc/arm-none-eabi/5.4.1/../../../../arm-none-eabi/lib/armv7-m\libg_nano.a(lib_a-errno.o)
                0x000020e0                __errno
 .text.__libc_init_array
                0x000020ec       0x4c c:/program files (x86)/cypress/psoc creator/4.1/psoc creator/import/gnu/arm/5.4.1/bin/../lib/gcc/arm-none-eabi/5.4.1/../../../../arm-none-eabi/lib/armv7-m\libg_nano.a(lib_a-init.o)
                0x000020ec                __libc_init_array
 .text.memcpy   0x00002138       0x16 c:/program files (x86)/cypress/psoc creator/4.1/psoc creator/import/gnu/arm/5.4.1/bin/../lib/gcc/arm-none-eabi/5.4.1/../../../../arm-none-eabi/lib/armv7-m\libg_nano.a(lib_a-memcpy-stub.o)
                0x00002138                memcpy
 .text.memset   0x0000214e       0x10 c:/program files (x86)/cypress/psoc creator/4.1/psoc creator/import/gnu/arm/5.4.1/bin/../lib/gcc/arm-none-eabi/5.4.1/../../../../arm-none-eabi/lib/armv7-m\libg_nano.a(lib_a-memset.o)
                0x0000214e                memset
 *fill*         0x0000215e        0x2 
 .text.rand     0x00002160       0x74 c:/program files (x86)/cypress/psoc creator/4.1/psoc creator/import/gnu/arm/5.4.1/bin/../lib/gcc/arm-none-eabi/5.4.1/../../../../arm-none-eabi/lib/armv7-m\libg_nano.a(lib_a-rand.o)
                0x00002160                rand
 .text.sprintf  0x000021d4       0x48 c:/program files (x86)/cypress/psoc creator/4.1/psoc creator/import/gnu/arm/5.4.1/bin/../lib/gcc/arm-none-eabi/5.4.1/../../../../arm-none-eabi/lib/armv7-m\libg_nano.a(lib_a-sprintf.o)
                0x000021d4                siprintf
                0x000021d4                sprintf
 .text.malloc   0x0000221c       0x10 c:/program files (x86)/cypress/psoc creator/4.1/psoc creator/import/gnu/arm/5.4.1/bin/../lib/gcc/arm-none-eabi/5.4.1/../../../../arm-none-eabi/lib/armv7-m\libg_nano.a(lib_a-malloc.o)
                0x0000221c                malloc
 .text._free_r  0x0000222c       0x98 c:/program files (x86)/cypress/psoc creator/4.1/psoc creator/import/gnu/arm/5.4.1/bin/../lib/gcc/arm-none-eabi/5.4.1/../../../../arm-none-eabi/lib/armv7-m\libg_nano.a(lib_a-nano-freer.o)
                0x0000222c                _free_r
 .text._malloc_r
                0x000022c4       0xbc c:/program files (x86)/cypress/psoc creator/4.1/psoc creator/import/gnu/arm/5.4.1/bin/../lib/gcc/arm-none-eabi/5.4.1/../../../../arm-none-eabi/lib/armv7-m\libg_nano.a(lib_a-nano-mallocr.o)
                0x000022c4                _malloc_r
 .text.__ssputs_r
                0x00002380       0xb2 c:/program files (x86)/cypress/psoc creator/4.1/psoc creator/import/gnu/arm/5.4.1/bin/../lib/gcc/arm-none-eabi/5.4.1/../../../../arm-none-eabi/lib/armv7-m\libg_nano.a(lib_a-nano-svfprintf.o)
                0x00002380                __ssputs_r
 *fill*         0x00002432        0x2 
 .text._svfprintf_r
                0x00002434      0x1e8 c:/program files (x86)/cypress/psoc creator/4.1/psoc creator/import/gnu/arm/5.4.1/bin/../lib/gcc/arm-none-eabi/5.4.1/../../../../arm-none-eabi/lib/armv7-m\libg_nano.a(lib_a-nano-svfprintf.o)
                0x00002434                _svfiprintf_r
                0x00002434                _svfprintf_r
 .text._printf_common
                0x0000261c       0xec c:/program files (x86)/cypress/psoc creator/4.1/psoc creator/import/gnu/arm/5.4.1/bin/../lib/gcc/arm-none-eabi/5.4.1/../../../../arm-none-eabi/lib/armv7-m\libg_nano.a(lib_a-nano-vfprintf_i.o)
                0x0000261c                _printf_common
 .text._printf_i
                0x00002708      0x24c c:/program files (x86)/cypress/psoc creator/4.1/psoc creator/import/gnu/arm/5.4.1/bin/../lib/gcc/arm-none-eabi/5.4.1/../../../../arm-none-eabi/lib/armv7-m\libg_nano.a(lib_a-nano-vfprintf_i.o)
                0x00002708                _printf_i
 .text._sbrk_r  0x00002954       0x20 c:/program files (x86)/cypress/psoc creator/4.1/psoc creator/import/gnu/arm/5.4.1/bin/../lib/gcc/arm-none-eabi/5.4.1/../../../../arm-none-eabi/lib/armv7-m\libg_nano.a(lib_a-sbrkr.o)
                0x00002954                _sbrk_r
 .text.memchr   0x00002974       0x1c c:/program files (x86)/cypress/psoc creator/4.1/psoc creator/import/gnu/arm/5.4.1/bin/../lib/gcc/arm-none-eabi/5.4.1/../../../../arm-none-eabi/lib/armv7-m\libg_nano.a(lib_a-memchr-stub.o)
                0x00002974                memchr
 .text.memmove  0x00002990       0x36 c:/program files (x86)/cypress/psoc creator/4.1/psoc creator/import/gnu/arm/5.4.1/bin/../lib/gcc/arm-none-eabi/5.4.1/../../../../arm-none-eabi/lib/armv7-m\libg_nano.a(lib_a-memmove.o)
                0x00002990                memmove
 .text.__malloc_lock
                0x000029c6        0x2 c:/program files (x86)/cypress/psoc creator/4.1/psoc creator/import/gnu/arm/5.4.1/bin/../lib/gcc/arm-none-eabi/5.4.1/../../../../arm-none-eabi/lib/armv7-m\libg_nano.a(lib_a-mlock.o)
                0x000029c6                __malloc_lock
 .text.__malloc_unlock
                0x000029c8        0x2 c:/program files (x86)/cypress/psoc creator/4.1/psoc creator/import/gnu/arm/5.4.1/bin/../lib/gcc/arm-none-eabi/5.4.1/../../../../arm-none-eabi/lib/armv7-m\libg_nano.a(lib_a-mlock.o)
                0x000029c8                __malloc_unlock
 .text._realloc_r
                0x000029ca       0x4c c:/program files (x86)/cypress/psoc creator/4.1/psoc creator/import/gnu/arm/5.4.1/bin/../lib/gcc/arm-none-eabi/5.4.1/../../../../arm-none-eabi/lib/armv7-m\libg_nano.a(lib_a-nano-reallocr.o)
                0x000029ca                _realloc_r
 .text._malloc_usable_size_r
                0x00002a16       0x14 c:/program files (x86)/cypress/psoc creator/4.1/psoc creator/import/gnu/arm/5.4.1/bin/../lib/gcc/arm-none-eabi/5.4.1/../../../../arm-none-eabi/lib/armv7-m\libg_nano.a(lib_a-nano-msizer.o)
                0x00002a16                _malloc_usable_size_r
 *(.plt)
 *(.gnu.warning)
 *(.glue_7t)
 .glue_7t       0x00002a2a        0x0 linker stubs
 *(.glue_7)
 .glue_7        0x00002a2a        0x0 linker stubs
 *(.vfp11_veneer)
 .vfp11_veneer  0x00002a2a        0x0 linker stubs
 *(.bootloader)
 *(.ARM.extab* .gnu.linkonce.armextab.*)
 *(.gcc_except_table)

.v4_bx          0x00002a2c        0x0
 .v4_bx         0x00002a2c        0x0 linker stubs

.iplt           0x00002a2c        0x0
 .iplt          0x00002a2c        0x0 c:/program files (x86)/cypress/psoc creator/4.1/psoc creator/import/gnu/arm/5.4.1/bin/../lib/gcc/arm-none-eabi/5.4.1/armv7-m/crtbegin.o

.eh_frame_hdr
 *(.eh_frame_hdr)

.eh_frame       0x00002a2c        0x4
 *(.eh_frame)
 .eh_frame      0x00002a2c        0x0 c:/program files (x86)/cypress/psoc creator/4.1/psoc creator/import/gnu/arm/5.4.1/bin/../lib/gcc/arm-none-eabi/5.4.1/armv7-m/crtbegin.o
 .eh_frame      0x00002a2c        0x4 c:/program files (x86)/cypress/psoc creator/4.1/psoc creator/import/gnu/arm/5.4.1/bin/../lib/gcc/arm-none-eabi/5.4.1/armv7-m/crtend.o
                [!provide]                PROVIDE (__exidx_start, .)

.ARM.exidx
 *(.ARM.exidx* .gnu.linkonce.armexidx.*)
                0x00002a30                __exidx_end = .

.rodata         0x00002a30      0x240
 *(.rodata .rodata.* .gnu.linkonce.r.*)
 .rodata.str1.4
                0x00002a30        0xe .\CortexM3\ARM_GCC_541\Debug\main.o
 *fill*         0x00002a3e        0x2 
 .rodata.str1.4
                0x00002a40       0x23 .\CortexM3\ARM_GCC_541\Debug\receiver.o
 .rodata.str1.4
                0x00002a63       0x23 .\CortexM3\ARM_GCC_541\Debug\transmitter.o
                                  0x3 (size before relaxing)
 *fill*         0x00002a63        0x1 
 .rodata        0x00002a64       0x30 .\CortexM3\ARM_GCC_541\Debug\cyfitter_cfg.o
 .rodata.str1.4
                0x00002a94       0x14 .\CortexM3\ARM_GCC_541\Debug\network.a(USBUART_std.o)
                                 0x11 (size before relaxing)
 .rodata        0x00002aa8      0x15e .\CortexM3\ARM_GCC_541\Debug\network.a(USBUART_descr.o)
                0x00002aa8                USBUART_TABLE
                0x00002ab0                USBUART_DEVICE0_TABLE
                0x00002ac8                USBUART_DEVICE0_CONFIGURATION0_TABLE
                0x00002af0                USBUART_DEVICE0_CONFIGURATION0_INTERFACE_CLASS
                0x00002af4                USBUART_DEVICE0_CONFIGURATION0_EP_SETTINGS_TABLE
                0x00002b0c                USBUART_SN_STRING_DESCRIPTOR
                0x00002b10                USBUART_STRING_DESCRIPTORS
                0x00002bb0                USBUART_DEVICE0_CONFIGURATION0_DESCR
                0x00002bf4                USBUART_DEVICE0_DESCR
 .rodata.str1.1
                0x00002c06        0x2 c:/program files (x86)/cypress/psoc creator/4.1/psoc creator/import/gnu/arm/5.4.1/bin/../lib/gcc/arm-none-eabi/5.4.1/../../../../arm-none-eabi/lib/armv7-m\libg_nano.a(lib_a-impure.o)
 .rodata.str1.1
                0x00002c08       0x11 c:/program files (x86)/cypress/psoc creator/4.1/psoc creator/import/gnu/arm/5.4.1/bin/../lib/gcc/arm-none-eabi/5.4.1/../../../../arm-none-eabi/lib/armv7-m\libg_nano.a(lib_a-nano-svfprintf.o)
 .rodata.str1.1
                0x00002c19       0x22 c:/program files (x86)/cypress/psoc creator/4.1/psoc creator/import/gnu/arm/5.4.1/bin/../lib/gcc/arm-none-eabi/5.4.1/../../../../arm-none-eabi/lib/armv7-m\libg_nano.a(lib_a-nano-vfprintf_i.o)
                0x00002c3c                . = ALIGN (0x4)
 *fill*         0x00002c3b        0x1 
 *(.init)
 .init          0x00002c3c        0x4 c:/program files (x86)/cypress/psoc creator/4.1/psoc creator/import/gnu/arm/5.4.1/bin/../lib/gcc/arm-none-eabi/5.4.1/armv7-m/crti.o
                0x00002c3c                _init
 .init          0x00002c40        0x8 c:/program files (x86)/cypress/psoc creator/4.1/psoc creator/import/gnu/arm/5.4.1/bin/../lib/gcc/arm-none-eabi/5.4.1/armv7-m/crtn.o
                0x00002c48                . = ALIGN (0x4)
                0x00002c48                __preinit_array_start = .
 *(.preinit_array)
                0x00002c48                __preinit_array_end = .
                0x00002c48                . = ALIGN (0x4)
                0x00002c48                __init_array_start = .
 *(SORT(.init_array.*))
 *(.init_array)
 .init_array    0x00002c48        0x4 c:/program files (x86)/cypress/psoc creator/4.1/psoc creator/import/gnu/arm/5.4.1/bin/../lib/gcc/arm-none-eabi/5.4.1/armv7-m/crtbegin.o
 .init_array    0x00002c4c        0x4 .\CortexM3\ARM_GCC_541\Debug\Cm3Start.o
                0x00002c50                __init_array_end = .
                0x00002c50                . = ALIGN (0x4)
 *(.fini)
 .fini          0x00002c50        0x4 c:/program files (x86)/cypress/psoc creator/4.1/psoc creator/import/gnu/arm/5.4.1/bin/../lib/gcc/arm-none-eabi/5.4.1/armv7-m/crti.o
                0x00002c50                _fini
 .fini          0x00002c54        0x8 c:/program files (x86)/cypress/psoc creator/4.1/psoc creator/import/gnu/arm/5.4.1/bin/../lib/gcc/arm-none-eabi/5.4.1/armv7-m/crtn.o
                0x00002c5c                . = ALIGN (0x4)
                0x00002c5c                __fini_array_start = .
 *(.fini_array)
 .fini_array    0x00002c5c        0x4 c:/program files (x86)/cypress/psoc creator/4.1/psoc creator/import/gnu/arm/5.4.1/bin/../lib/gcc/arm-none-eabi/5.4.1/armv7-m/crtbegin.o
 *(SORT(.fini_array.*))
                0x00002c60                __fini_array_end = .
                0x00002c60                . = ALIGN (0x4)
 *crtbegin.o(.ctors)
 *(EXCLUDE_FILE(*crtend.o) .ctors)
 *(SORT(.ctors.*))
 *crtend.o(.ctors)
                0x00002c60                . = ALIGN (0x4)
 *crtbegin.o(.dtors)
 *(EXCLUDE_FILE(*crtend.o) .dtors)
 *(SORT(.dtors.*))
 *crtend.o(.dtors)
                0x00002c60                . = ALIGN (0x4)
                0x00002c60                __cy_regions = .
                0x00002c60        0x4 LONG 0x2c70 __cy_region_init_ram
                0x00002c64        0x4 LONG 0x1fff80c8 __cy_region_start_data
                0x00002c68        0x4 LONG 0xa0 __cy_region_init_size_ram
                0x00002c6c        0x4 LONG 0x188 __cy_region_zero_size_ram
                0x00002c70                __cy_regions_end = .
                0x00002c70                . = ALIGN (0x8)
                0x00002c70                _etext = .

.cy_checksum_exclude
                0x00002c70        0x0
 *(.cy_checksum_exclude)

.ramvectors     0x1fff8000       0xc0
                0x1fff8000                __cy_region_start_ram = .
 *(.ramvectors)
 .ramvectors    0x1fff8000       0xc0 .\CortexM3\ARM_GCC_541\Debug\Cm3Start.o
                0x1fff8000                CyRamVectors

.noinit         0x1fff80c0        0x1
 *(.noinit)
 .noinit        0x1fff80c0        0x1 .\CortexM3\ARM_GCC_541\Debug\network.a(CyLib.o)
                0x1fff80c0                CyResetStatus

.data           0x1fff80c8       0xa0 load address 0x00002c70
                0x1fff80c8                __cy_region_start_data = .
 *(.jcr)
 .jcr           0x1fff80c8        0x0 c:/program files (x86)/cypress/psoc creator/4.1/psoc creator/import/gnu/arm/5.4.1/bin/../lib/gcc/arm-none-eabi/5.4.1/armv7-m/crtbegin.o
 .jcr           0x1fff80c8        0x4 c:/program files (x86)/cypress/psoc creator/4.1/psoc creator/import/gnu/arm/5.4.1/bin/../lib/gcc/arm-none-eabi/5.4.1/armv7-m/crtend.o
 *(.got.plt)
 *(.got)
 *(.shdata)
 *(.data .data.* .gnu.linkonce.d.*)
 .data          0x1fff80cc        0x2 .\CortexM3\ARM_GCC_541\Debug\main.o
                0x1fff80cc                destinationAddress
                0x1fff80cd                myAddress
 *fill*         0x1fff80ce        0x2 
 .data          0x1fff80d0        0x4 .\CortexM3\ARM_GCC_541\Debug\receiver.o
 .data          0x1fff80d4        0x4 .\CortexM3\ARM_GCC_541\Debug\Cm3Start.o
 .data          0x1fff80d8       0x10 .\CortexM3\ARM_GCC_541\Debug\network.a(CyLib.o)
                0x1fff80d8                cydelay_32k_ms
                0x1fff80dc                cydelay_freq_khz
                0x1fff80e0                cydelay_freq_mhz
                0x1fff80e4                cydelay_freq_hz
 .data          0x1fff80e8       0x1a .\CortexM3\ARM_GCC_541\Debug\network.a(USBUART_cdc.o)
                0x1fff80e8                USBUART_linesCoding
 *fill*         0x1fff8102        0x2 
 .data.impure_data
                0x1fff8104       0x60 c:/program files (x86)/cypress/psoc creator/4.1/psoc creator/import/gnu/arm/5.4.1/bin/../lib/gcc/arm-none-eabi/5.4.1/../../../../arm-none-eabi/lib/armv7-m\libg_nano.a(lib_a-impure.o)
 .data._impure_ptr
                0x1fff8164        0x4 c:/program files (x86)/cypress/psoc creator/4.1/psoc creator/import/gnu/arm/5.4.1/bin/../lib/gcc/arm-none-eabi/5.4.1/../../../../arm-none-eabi/lib/armv7-m\libg_nano.a(lib_a-impure.o)
                0x1fff8164                _impure_ptr
                0x1fff8168                . = ALIGN (0x8)
 *(.ram)
                0x1fff8168                _edata = .

.igot.plt       0x1fff8168        0x0 load address 0x00002d10
 .igot.plt      0x1fff8168        0x0 c:/program files (x86)/cypress/psoc creator/4.1/psoc creator/import/gnu/arm/5.4.1/bin/../lib/gcc/arm-none-eabi/5.4.1/armv7-m/crtbegin.o

.bss            0x1fff8168      0x188 load address 0x00002d10
                0x1fff8168                PROVIDE (__bss_start__, .)
 *(.shbss)
 *(.bss .bss.* .gnu.linkonce.b.*)
 .bss           0x1fff8168       0x1c c:/program files (x86)/cypress/psoc creator/4.1/psoc creator/import/gnu/arm/5.4.1/bin/../lib/gcc/arm-none-eabi/5.4.1/armv7-m/crtbegin.o
 .bss           0x1fff8184        0x1 .\CortexM3\ARM_GCC_541\Debug\main.o
                0x1fff8184                transmitting
 *fill*         0x1fff8185        0x3 
 .bss           0x1fff8188       0x39 .\CortexM3\ARM_GCC_541\Debug\receiver.o
 *fill*         0x1fff81c1        0x3 
 .bss           0x1fff81c4       0x3c .\CortexM3\ARM_GCC_541\Debug\transmitter.o
                0x1fff81c4                collisionOccured
                0x1fff81c5                currentState
 .bss           0x1fff8200        0x1 .\CortexM3\ARM_GCC_541\Debug\network.a(USBUART.o)
                0x1fff8200                USBUART_initVar
 .bss           0x1fff8201        0x1 .\CortexM3\ARM_GCC_541\Debug\network.a(USBUART_cdc.o)
 *fill*         0x1fff8202        0x2 
 .bss           0x1fff8204        0x2 .\CortexM3\ARM_GCC_541\Debug\network.a(USBUART_std.o)
 .bss           0x1fff8206        0x1 .\CortexM3\ARM_GCC_541\Debug\network.a(RX_TIMER.o)
                0x1fff8206                RX_TIMER_initVar
 .bss           0x1fff8207        0x1 .\CortexM3\ARM_GCC_541\Debug\network.a(TX_TIMER.o)
                0x1fff8207                TX_TIMER_initVar
 .bss.__malloc_sbrk_start
                0x1fff8208        0x4 c:/program files (x86)/cypress/psoc creator/4.1/psoc creator/import/gnu/arm/5.4.1/bin/../lib/gcc/arm-none-eabi/5.4.1/../../../../arm-none-eabi/lib/armv7-m\libg_nano.a(lib_a-nano-mallocr.o)
                0x1fff8208                __malloc_sbrk_start
 .bss.__malloc_free_list
                0x1fff820c        0x4 c:/program files (x86)/cypress/psoc creator/4.1/psoc creator/import/gnu/arm/5.4.1/bin/../lib/gcc/arm-none-eabi/5.4.1/../../../../arm-none-eabi/lib/armv7-m\libg_nano.a(lib_a-nano-mallocr.o)
                0x1fff820c                __malloc_free_list
 *(COMMON)
 COMMON         0x1fff8210       0x18 .\CortexM3\ARM_GCC_541\Debug\network.a(USBUART_cdc.o)
                0x1fff8210                USBUART_linesChanged
                0x1fff8214                USBUART_cdcDataInEp
                0x1fff8218                USBUART_cdcCommInInterruptEp
                0x1fff821c                USBUART_cdcDataOutEp
                0x1fff8220                USBUART_serialStateBitmap
                0x1fff8224                USBUART_linesControlBitmap
 COMMON         0x1fff8228       0x9a .\CortexM3\ARM_GCC_541\Debug\network.a(USBUART_drv.o)
                0x1fff8228                USBUART_lastPacketSize
                0x1fff8229                USBUART_device
                0x1fff822a                USBUART_transferByteCount
                0x1fff822c                USBUART_transferState
                0x1fff8230                USBUART_interfaceSettingLast
                0x1fff8234                USBUART_currentTD
                0x1fff8240                USBUART_interfaceNumber
                0x1fff8244                USBUART_interfaceClass
                0x1fff8248                USBUART_configurationChanged
                0x1fff8249                USBUART_ep0Mode
                0x1fff824a                USBUART_deviceAddress
                0x1fff824b                USBUART_configuration
                0x1fff824c                USBUART_ep0Count
                0x1fff824d                USBUART_deviceStatus
                0x1fff8250                USBUART_EP
                0x1fff82bc                USBUART_interfaceSetting
                0x1fff82be                USBUART_ep0Toggle
                0x1fff82c0                USBUART_interfaceStatus
 *fill*         0x1fff82c2        0x2 
 COMMON         0x1fff82c4       0x22 .\CortexM3\ARM_GCC_541\Debug\network.a(USBUART_descr.o)
                0x1fff82c4                USBUART_idSerialNumberStringDescriptor
 *fill*         0x1fff82e6        0x2 
 COMMON         0x1fff82e8        0x4 c:/program files (x86)/cypress/psoc creator/4.1/psoc creator/import/gnu/arm/5.4.1/bin/../lib/gcc/arm-none-eabi/5.4.1/../../../../arm-none-eabi/lib/armv7-m\libg_nano.a(lib_a-reent.o)
                0x1fff82e8                errno
                0x1fff82f0                . = ALIGN (0x8)
 *fill*         0x1fff82ec        0x4 
 *(.ram.b)
                0x1fff82f0                _end = .
                0x1fff82f0                __end = .
                0x1fff82f0                PROVIDE (end, .)
                0x1fff82f0                PROVIDE (__bss_end__, .)
                0x00002c70                __cy_region_init_ram = LOADADDR (.data)
                0x000000a0                __cy_region_init_size_ram = (_edata - ADDR (.data))
                0x00000188                __cy_region_zero_size_ram = (_end - _edata)

.heap           0x1fff82f0       0x80 load address 0x00002d10
                0x1fff82f0                . = _end
                0x1fff8370                . = (. + 0x80)
 *fill*         0x1fff82f0       0x80 
                0x1fff8370                __cy_heap_limit = .

.stack          0x20007800      0x800
                0x20007800                __cy_stack_limit = .
                0x20008000                . = (. + 0x800)
 *fill*         0x20007800      0x800 
                0x00000001                ASSERT ((__cy_stack_limit >= __cy_heap_limit), region RAM overflowed with stack)
                0x00000000                cy_checksum_exclude_size = (CY_APPL_LOADABLE == 0x1)?SIZEOF (.cy_checksum_exclude):0x0
                0x00000001                ASSERT ((cy_checksum_exclude_size <= CY_CHECKSUM_EXCLUDE_SIZE), CY_BOOT: Section .cy_checksum_exclude size exceedes specified limit.)

.cyloadermeta
 *(.cyloadermeta)

.cyloadablemeta
 *(.cyloadablemeta)

.cyconfigecc    0x80000000      0x2d4
 *(.cyconfigecc)
 .cyconfigecc   0x80000000      0x2d4 .\CortexM3\ARM_GCC_541\Debug\cymetadata.o
                0x80000000                cy_meta_configecc

.cycustnvl      0x90000000        0x4
 *(.cycustnvl)
 .cycustnvl     0x90000000        0x4 .\CortexM3\ARM_GCC_541\Debug\cymetadata.o
                0x90000000                cy_meta_custnvl

.cywolatch      0x90100000        0x4
 *(.cywolatch)
 .cywolatch     0x90100000        0x4 .\CortexM3\ARM_GCC_541\Debug\cymetadata.o
                0x90100000                cy_meta_wonvl

.cyeeprom       0x90200000        0x0
 *(.cyeeprom)
                0x00000001                ASSERT ((. <= ((0x90200000 + ee_offset) + ee_size)), .cyeeprom data will not fit in EEPROM)

.cyflashprotect
                0x90400000      0x100
 *(.cyflashprotect)
 .cyflashprotect
                0x90400000      0x100 .\CortexM3\ARM_GCC_541\Debug\cymetadata.o
                0x90400000                cy_meta_flashprotect

.cymeta         0x90500000        0xc
 *(.cymeta)
 .cymeta        0x90500000        0xc .\CortexM3\ARM_GCC_541\Debug\cymetadata.o
                0x90500000                cy_metadata

.rel.dyn        0x00002d10        0x0 load address 0x9050000c
 .rel.iplt      0x00002d10        0x0 c:/program files (x86)/cypress/psoc creator/4.1/psoc creator/import/gnu/arm/5.4.1/bin/../lib/gcc/arm-none-eabi/5.4.1/armv7-m/crtbegin.o

.stab
 *(.stab)

.stabstr
 *(.stabstr)

.debug
 *(.debug)

.line
 *(.line)

.debug_srcinfo
 *(.debug_srcinfo)

.debug_sfnames
 *(.debug_sfnames)

.debug_aranges  0x00000000      0xd78
 *(.debug_aranges)
 .debug_aranges
                0x00000000       0x38 .\CortexM3\ARM_GCC_541\Debug\main.o
 .debug_aranges
                0x00000038       0x40 .\CortexM3\ARM_GCC_541\Debug\receiver.o
 .debug_aranges
                0x00000078       0x48 .\CortexM3\ARM_GCC_541\Debug\transmitter.o
 .debug_aranges
                0x000000c0       0x58 .\CortexM3\ARM_GCC_541\Debug\cyfitter_cfg.o
 .debug_aranges
                0x00000118       0x18 .\CortexM3\ARM_GCC_541\Debug\cymetadata.o
 .debug_aranges
                0x00000130       0x48 .\CortexM3\ARM_GCC_541\Debug\Cm3Start.o
 .debug_aranges
                0x00000178       0x38 .\CortexM3\ARM_GCC_541\Debug\network.a(IDLE_PIN.o)
 .debug_aranges
                0x000001b0       0x38 .\CortexM3\ARM_GCC_541\Debug\network.a(BUSY_PIN.o)
 .debug_aranges
                0x000001e8       0x38 .\CortexM3\ARM_GCC_541\Debug\network.a(COLLISION_PIN.o)
 .debug_aranges
                0x00000220      0x2a0 .\CortexM3\ARM_GCC_541\Debug\network.a(CyLib.o)
 .debug_aranges
                0x000004c0       0x98 .\CortexM3\ARM_GCC_541\Debug\network.a(cyPm.o)
 .debug_aranges
                0x00000558       0xc8 .\CortexM3\ARM_GCC_541\Debug\network.a(USBUART.o)
 .debug_aranges
                0x00000620       0xe8 .\CortexM3\ARM_GCC_541\Debug\network.a(USBUART_cdc.o)
 .debug_aranges
                0x00000708       0x98 .\CortexM3\ARM_GCC_541\Debug\network.a(USBUART_drv.o)
 .debug_aranges
                0x000007a0       0x40 .\CortexM3\ARM_GCC_541\Debug\network.a(USBUART_episr.o)
 .debug_aranges
                0x000007e0       0x40 .\CortexM3\ARM_GCC_541\Debug\network.a(USBUART_pm.o)
 .debug_aranges
                0x00000820       0x80 .\CortexM3\ARM_GCC_541\Debug\network.a(USBUART_std.o)
 .debug_aranges
                0x000008a0       0x20 .\CortexM3\ARM_GCC_541\Debug\network.a(USBUART_vnd.o)
 .debug_aranges
                0x000008c0       0x48 .\CortexM3\ARM_GCC_541\Debug\network.a(USBUART_Dp.o)
 .debug_aranges
                0x00000908       0x38 .\CortexM3\ARM_GCC_541\Debug\network.a(TX_PIN.o)
 .debug_aranges
                0x00000940       0x48 .\CortexM3\ARM_GCC_541\Debug\network.a(RX_PIN.o)
 .debug_aranges
                0x00000988       0x90 .\CortexM3\ARM_GCC_541\Debug\network.a(RX_TIMER.o)
 .debug_aranges
                0x00000a18       0x80 .\CortexM3\ARM_GCC_541\Debug\network.a(RX_PIN_INTERRUPT.o)
 .debug_aranges
                0x00000a98       0x80 .\CortexM3\ARM_GCC_541\Debug\network.a(RX_TIMER_INTERRUPT.o)
 .debug_aranges
                0x00000b18       0x90 .\CortexM3\ARM_GCC_541\Debug\network.a(TX_TIMER.o)
 .debug_aranges
                0x00000ba8       0x80 .\CortexM3\ARM_GCC_541\Debug\network.a(TX_TIMER_INTERRUPT.o)
 .debug_aranges
                0x00000c28       0x20 .\CortexM3\ARM_GCC_541\Debug\network.a(CyBootAsmGnu.o)
 .debug_aranges
                0x00000c48       0x80 .\CortexM3\ARM_GCC_541\Debug\network.a(CyFlash.o)
 .debug_aranges
                0x00000cc8       0x78 .\CortexM3\ARM_GCC_541\Debug\network.a(CySpc.o)
 .debug_aranges
                0x00000d40       0x20 .\CortexM3\ARM_GCC_541\Debug\network.a(USBUART_cls.o)
 .debug_aranges
                0x00000d60       0x18 .\CortexM3\ARM_GCC_541\Debug\network.a(USBUART_descr.o)

.debug_pubnames
 *(.debug_pubnames)

.debug_info     0x00000000     0x8574
 *(.debug_info .gnu.linkonce.wi.*)
 .debug_info    0x00000000      0x327 .\CortexM3\ARM_GCC_541\Debug\main.o
 .debug_info    0x00000327      0x389 .\CortexM3\ARM_GCC_541\Debug\receiver.o
 .debug_info    0x000006b0      0x5b8 .\CortexM3\ARM_GCC_541\Debug\transmitter.o
 .debug_info    0x00000c68      0x4ee .\CortexM3\ARM_GCC_541\Debug\cyfitter_cfg.o
 .debug_info    0x00001156      0x135 .\CortexM3\ARM_GCC_541\Debug\cymetadata.o
 .debug_info    0x0000128b      0x3bb .\CortexM3\ARM_GCC_541\Debug\Cm3Start.o
 .debug_info    0x00001646      0x11f .\CortexM3\ARM_GCC_541\Debug\network.a(IDLE_PIN.o)
 .debug_info    0x00001765      0x11f .\CortexM3\ARM_GCC_541\Debug\network.a(BUSY_PIN.o)
 .debug_info    0x00001884      0x11f .\CortexM3\ARM_GCC_541\Debug\network.a(COLLISION_PIN.o)
 .debug_info    0x000019a3     0x1374 .\CortexM3\ARM_GCC_541\Debug\network.a(CyLib.o)
 .debug_info    0x00002d17      0xa2a .\CortexM3\ARM_GCC_541\Debug\network.a(cyPm.o)
 .debug_info    0x00003741      0x991 .\CortexM3\ARM_GCC_541\Debug\network.a(USBUART.o)
 .debug_info    0x000040d2      0xaf7 .\CortexM3\ARM_GCC_541\Debug\network.a(USBUART_cdc.o)
 .debug_info    0x00004bc9      0x655 .\CortexM3\ARM_GCC_541\Debug\network.a(USBUART_drv.o)
 .debug_info    0x0000521e      0x254 .\CortexM3\ARM_GCC_541\Debug\network.a(USBUART_episr.o)
 .debug_info    0x00005472      0x2e4 .\CortexM3\ARM_GCC_541\Debug\network.a(USBUART_pm.o)
 .debug_info    0x00005756      0xb26 .\CortexM3\ARM_GCC_541\Debug\network.a(USBUART_std.o)
 .debug_info    0x0000627c       0xed .\CortexM3\ARM_GCC_541\Debug\network.a(USBUART_vnd.o)
 .debug_info    0x00006369      0x174 .\CortexM3\ARM_GCC_541\Debug\network.a(USBUART_Dp.o)
 .debug_info    0x000064dd      0x11f .\CortexM3\ARM_GCC_541\Debug\network.a(TX_PIN.o)
 .debug_info    0x000065fc      0x174 .\CortexM3\ARM_GCC_541\Debug\network.a(RX_PIN.o)
 .debug_info    0x00006770      0x2f0 .\CortexM3\ARM_GCC_541\Debug\network.a(RX_TIMER.o)
 .debug_info    0x00006a60      0x2d2 .\CortexM3\ARM_GCC_541\Debug\network.a(RX_PIN_INTERRUPT.o)
 .debug_info    0x00006d32      0x2d2 .\CortexM3\ARM_GCC_541\Debug\network.a(RX_TIMER_INTERRUPT.o)
 .debug_info    0x00007004      0x2f0 .\CortexM3\ARM_GCC_541\Debug\network.a(TX_TIMER.o)
 .debug_info    0x000072f4      0x2d2 .\CortexM3\ARM_GCC_541\Debug\network.a(TX_TIMER_INTERRUPT.o)
 .debug_info    0x000075c6       0x8c .\CortexM3\ARM_GCC_541\Debug\network.a(CyBootAsmGnu.o)
 .debug_info    0x00007652      0x5b8 .\CortexM3\ARM_GCC_541\Debug\network.a(CyFlash.o)
 .debug_info    0x00007c0a      0x4e9 .\CortexM3\ARM_GCC_541\Debug\network.a(CySpc.o)
 .debug_info    0x000080f3      0x1de .\CortexM3\ARM_GCC_541\Debug\network.a(USBUART_cls.o)
 .debug_info    0x000082d1      0x2a3 .\CortexM3\ARM_GCC_541\Debug\network.a(USBUART_descr.o)

.debug_abbrev   0x00000000     0x25c9
 *(.debug_abbrev)
 .debug_abbrev  0x00000000       0xdf .\CortexM3\ARM_GCC_541\Debug\main.o
 .debug_abbrev  0x000000df      0x176 .\CortexM3\ARM_GCC_541\Debug\receiver.o
 .debug_abbrev  0x00000255      0x19a .\CortexM3\ARM_GCC_541\Debug\transmitter.o
 .debug_abbrev  0x000003ef      0x1fe .\CortexM3\ARM_GCC_541\Debug\cyfitter_cfg.o
 .debug_abbrev  0x000005ed       0x66 .\CortexM3\ARM_GCC_541\Debug\cymetadata.o
 .debug_abbrev  0x00000653      0x1e8 .\CortexM3\ARM_GCC_541\Debug\Cm3Start.o
 .debug_abbrev  0x0000083b       0x90 .\CortexM3\ARM_GCC_541\Debug\network.a(IDLE_PIN.o)
 .debug_abbrev  0x000008cb       0x90 .\CortexM3\ARM_GCC_541\Debug\network.a(BUSY_PIN.o)
 .debug_abbrev  0x0000095b       0x90 .\CortexM3\ARM_GCC_541\Debug\network.a(COLLISION_PIN.o)
 .debug_abbrev  0x000009eb      0x254 .\CortexM3\ARM_GCC_541\Debug\network.a(CyLib.o)
 .debug_abbrev  0x00000c3f      0x1ab .\CortexM3\ARM_GCC_541\Debug\network.a(cyPm.o)
 .debug_abbrev  0x00000dea      0x215 .\CortexM3\ARM_GCC_541\Debug\network.a(USBUART.o)
 .debug_abbrev  0x00000fff      0x245 .\CortexM3\ARM_GCC_541\Debug\network.a(USBUART_cdc.o)
 .debug_abbrev  0x00001244      0x189 .\CortexM3\ARM_GCC_541\Debug\network.a(USBUART_drv.o)
 .debug_abbrev  0x000013cd      0x11b .\CortexM3\ARM_GCC_541\Debug\network.a(USBUART_episr.o)
 .debug_abbrev  0x000014e8      0x108 .\CortexM3\ARM_GCC_541\Debug\network.a(USBUART_pm.o)
 .debug_abbrev  0x000015f0      0x20a .\CortexM3\ARM_GCC_541\Debug\network.a(USBUART_std.o)
 .debug_abbrev  0x000017fa       0x9b .\CortexM3\ARM_GCC_541\Debug\network.a(USBUART_vnd.o)
 .debug_abbrev  0x00001895       0x90 .\CortexM3\ARM_GCC_541\Debug\network.a(USBUART_Dp.o)
 .debug_abbrev  0x00001925       0x90 .\CortexM3\ARM_GCC_541\Debug\network.a(TX_PIN.o)
 .debug_abbrev  0x000019b5       0x90 .\CortexM3\ARM_GCC_541\Debug\network.a(RX_PIN.o)
 .debug_abbrev  0x00001a45      0x12b .\CortexM3\ARM_GCC_541\Debug\network.a(RX_TIMER.o)
 .debug_abbrev  0x00001b70      0x173 .\CortexM3\ARM_GCC_541\Debug\network.a(RX_PIN_INTERRUPT.o)
 .debug_abbrev  0x00001ce3      0x173 .\CortexM3\ARM_GCC_541\Debug\network.a(RX_TIMER_INTERRUPT.o)
 .debug_abbrev  0x00001e56      0x12b .\CortexM3\ARM_GCC_541\Debug\network.a(TX_TIMER.o)
 .debug_abbrev  0x00001f81      0x173 .\CortexM3\ARM_GCC_541\Debug\network.a(TX_TIMER_INTERRUPT.o)
 .debug_abbrev  0x000020f4       0x14 .\CortexM3\ARM_GCC_541\Debug\network.a(CyBootAsmGnu.o)
 .debug_abbrev  0x00002108      0x198 .\CortexM3\ARM_GCC_541\Debug\network.a(CyFlash.o)
 .debug_abbrev  0x000022a0      0x194 .\CortexM3\ARM_GCC_541\Debug\network.a(CySpc.o)
 .debug_abbrev  0x00002434       0xe1 .\CortexM3\ARM_GCC_541\Debug\network.a(USBUART_cls.o)
 .debug_abbrev  0x00002515       0xb4 .\CortexM3\ARM_GCC_541\Debug\network.a(USBUART_descr.o)

.debug_line     0x00000000     0x372f
 *(.debug_line)
 .debug_line    0x00000000      0x24c .\CortexM3\ARM_GCC_541\Debug\main.o
 .debug_line    0x0000024c      0x29c .\CortexM3\ARM_GCC_541\Debug\receiver.o
 .debug_line    0x000004e8      0x361 .\CortexM3\ARM_GCC_541\Debug\transmitter.o
 .debug_line    0x00000849      0x1d4 .\CortexM3\ARM_GCC_541\Debug\cyfitter_cfg.o
 .debug_line    0x00000a1d      0x141 .\CortexM3\ARM_GCC_541\Debug\cymetadata.o
 .debug_line    0x00000b5e      0x234 .\CortexM3\ARM_GCC_541\Debug\Cm3Start.o
 .debug_line    0x00000d92       0x95 .\CortexM3\ARM_GCC_541\Debug\network.a(IDLE_PIN.o)
 .debug_line    0x00000e27       0x95 .\CortexM3\ARM_GCC_541\Debug\network.a(BUSY_PIN.o)
 .debug_line    0x00000ebc       0x9a .\CortexM3\ARM_GCC_541\Debug\network.a(COLLISION_PIN.o)
 .debug_line    0x00000f56      0x816 .\CortexM3\ARM_GCC_541\Debug\network.a(CyLib.o)
 .debug_line    0x0000176c      0x367 .\CortexM3\ARM_GCC_541\Debug\network.a(cyPm.o)
 .debug_line    0x00001ad3      0x2dc .\CortexM3\ARM_GCC_541\Debug\network.a(USBUART.o)
 .debug_line    0x00001daf      0x2f2 .\CortexM3\ARM_GCC_541\Debug\network.a(USBUART_cdc.o)
 .debug_line    0x000020a1      0x221 .\CortexM3\ARM_GCC_541\Debug\network.a(USBUART_drv.o)
 .debug_line    0x000022c2       0xe6 .\CortexM3\ARM_GCC_541\Debug\network.a(USBUART_episr.o)
 .debug_line    0x000023a8      0x10e .\CortexM3\ARM_GCC_541\Debug\network.a(USBUART_pm.o)
 .debug_line    0x000024b6      0x3e2 .\CortexM3\ARM_GCC_541\Debug\network.a(USBUART_std.o)
 .debug_line    0x00002898       0x73 .\CortexM3\ARM_GCC_541\Debug\network.a(USBUART_vnd.o)
 .debug_line    0x0000290b       0xbb .\CortexM3\ARM_GCC_541\Debug\network.a(USBUART_Dp.o)
 .debug_line    0x000029c6       0x93 .\CortexM3\ARM_GCC_541\Debug\network.a(TX_PIN.o)
 .debug_line    0x00002a59       0xb7 .\CortexM3\ARM_GCC_541\Debug\network.a(RX_PIN.o)
 .debug_line    0x00002b10      0x173 .\CortexM3\ARM_GCC_541\Debug\network.a(RX_TIMER.o)
 .debug_line    0x00002c83      0x13d .\CortexM3\ARM_GCC_541\Debug\network.a(RX_PIN_INTERRUPT.o)
 .debug_line    0x00002dc0      0x13f .\CortexM3\ARM_GCC_541\Debug\network.a(RX_TIMER_INTERRUPT.o)
 .debug_line    0x00002eff      0x173 .\CortexM3\ARM_GCC_541\Debug\network.a(TX_TIMER.o)
 .debug_line    0x00003072      0x13f .\CortexM3\ARM_GCC_541\Debug\network.a(TX_TIMER_INTERRUPT.o)
 .debug_line    0x000031b1       0x66 .\CortexM3\ARM_GCC_541\Debug\network.a(CyBootAsmGnu.o)
 .debug_line    0x00003217      0x1e9 .\CortexM3\ARM_GCC_541\Debug\network.a(CyFlash.o)
 .debug_line    0x00003400      0x23c .\CortexM3\ARM_GCC_541\Debug\network.a(CySpc.o)
 .debug_line    0x0000363c       0x92 .\CortexM3\ARM_GCC_541\Debug\network.a(USBUART_cls.o)
 .debug_line    0x000036ce       0x61 .\CortexM3\ARM_GCC_541\Debug\network.a(USBUART_descr.o)

.debug_frame    0x00000000     0x2414
 *(.debug_frame)
 .debug_frame   0x00000000       0x80 .\CortexM3\ARM_GCC_541\Debug\main.o
 .debug_frame   0x00000080       0xb0 .\CortexM3\ARM_GCC_541\Debug\receiver.o
 .debug_frame   0x00000130       0xb8 .\CortexM3\ARM_GCC_541\Debug\transmitter.o
 .debug_frame   0x000001e8       0xe4 .\CortexM3\ARM_GCC_541\Debug\cyfitter_cfg.o
 .debug_frame   0x000002cc       0xb8 .\CortexM3\ARM_GCC_541\Debug\Cm3Start.o
 .debug_frame   0x00000384       0x50 .\CortexM3\ARM_GCC_541\Debug\network.a(IDLE_PIN.o)
 .debug_frame   0x000003d4       0x50 .\CortexM3\ARM_GCC_541\Debug\network.a(BUSY_PIN.o)
 .debug_frame   0x00000424       0x50 .\CortexM3\ARM_GCC_541\Debug\network.a(COLLISION_PIN.o)
 .debug_frame   0x00000474      0x738 .\CortexM3\ARM_GCC_541\Debug\network.a(CyLib.o)
 .debug_frame   0x00000bac      0x1f8 .\CortexM3\ARM_GCC_541\Debug\network.a(cyPm.o)
 .debug_frame   0x00000da4      0x1dc .\CortexM3\ARM_GCC_541\Debug\network.a(USBUART.o)
 .debug_frame   0x00000f80      0x27c .\CortexM3\ARM_GCC_541\Debug\network.a(USBUART_cdc.o)
 .debug_frame   0x000011fc      0x194 .\CortexM3\ARM_GCC_541\Debug\network.a(USBUART_drv.o)
 .debug_frame   0x00001390       0x6c .\CortexM3\ARM_GCC_541\Debug\network.a(USBUART_episr.o)
 .debug_frame   0x000013fc       0xa0 .\CortexM3\ARM_GCC_541\Debug\network.a(USBUART_pm.o)
 .debug_frame   0x0000149c      0x17c .\CortexM3\ARM_GCC_541\Debug\network.a(USBUART_std.o)
 .debug_frame   0x00001618       0x20 .\CortexM3\ARM_GCC_541\Debug\network.a(USBUART_vnd.o)
 .debug_frame   0x00001638       0x70 .\CortexM3\ARM_GCC_541\Debug\network.a(USBUART_Dp.o)
 .debug_frame   0x000016a8       0x50 .\CortexM3\ARM_GCC_541\Debug\network.a(TX_PIN.o)
 .debug_frame   0x000016f8       0x70 .\CortexM3\ARM_GCC_541\Debug\network.a(RX_PIN.o)
 .debug_frame   0x00001768      0x124 .\CortexM3\ARM_GCC_541\Debug\network.a(RX_TIMER.o)
 .debug_frame   0x0000188c      0x104 .\CortexM3\ARM_GCC_541\Debug\network.a(RX_PIN_INTERRUPT.o)
 .debug_frame   0x00001990      0x104 .\CortexM3\ARM_GCC_541\Debug\network.a(RX_TIMER_INTERRUPT.o)
 .debug_frame   0x00001a94      0x124 .\CortexM3\ARM_GCC_541\Debug\network.a(TX_TIMER.o)
 .debug_frame   0x00001bb8      0x104 .\CortexM3\ARM_GCC_541\Debug\network.a(TX_TIMER_INTERRUPT.o)
 .debug_frame   0x00001cbc      0x174 .\CortexM3\ARM_GCC_541\Debug\network.a(CyFlash.o)
 .debug_frame   0x00001e30      0x160 .\CortexM3\ARM_GCC_541\Debug\network.a(CySpc.o)
 .debug_frame   0x00001f90       0x2c .\CortexM3\ARM_GCC_541\Debug\network.a(USBUART_cls.o)
 .debug_frame   0x00001fbc       0x20 c:/program files (x86)/cypress/psoc creator/4.1/psoc creator/import/gnu/arm/5.4.1/bin/../lib/gcc/arm-none-eabi/5.4.1/../../../../arm-none-eabi/lib/armv7-m\libg_nano.a(lib_a-errno.o)
 .debug_frame   0x00001fdc       0x28 c:/program files (x86)/cypress/psoc creator/4.1/psoc creator/import/gnu/arm/5.4.1/bin/../lib/gcc/arm-none-eabi/5.4.1/../../../../arm-none-eabi/lib/armv7-m\libg_nano.a(lib_a-exit.o)
 .debug_frame   0x00002004       0x2c c:/program files (x86)/cypress/psoc creator/4.1/psoc creator/import/gnu/arm/5.4.1/bin/../lib/gcc/arm-none-eabi/5.4.1/../../../../arm-none-eabi/lib/armv7-m\libg_nano.a(lib_a-init.o)
 .debug_frame   0x00002030       0x28 c:/program files (x86)/cypress/psoc creator/4.1/psoc creator/import/gnu/arm/5.4.1/bin/../lib/gcc/arm-none-eabi/5.4.1/../../../../arm-none-eabi/lib/armv7-m\libg_nano.a(lib_a-memcpy-stub.o)
 .debug_frame   0x00002058       0x20 c:/program files (x86)/cypress/psoc creator/4.1/psoc creator/import/gnu/arm/5.4.1/bin/../lib/gcc/arm-none-eabi/5.4.1/../../../../arm-none-eabi/lib/armv7-m\libg_nano.a(lib_a-memset.o)
 .debug_frame   0x00002078       0x44 c:/program files (x86)/cypress/psoc creator/4.1/psoc creator/import/gnu/arm/5.4.1/bin/../lib/gcc/arm-none-eabi/5.4.1/../../../../arm-none-eabi/lib/armv7-m\libg_nano.a(lib_a-rand.o)
 .debug_frame   0x000020bc       0x70 c:/program files (x86)/cypress/psoc creator/4.1/psoc creator/import/gnu/arm/5.4.1/bin/../lib/gcc/arm-none-eabi/5.4.1/../../../../arm-none-eabi/lib/armv7-m\libg_nano.a(lib_a-sprintf.o)
 .debug_frame   0x0000212c       0x30 c:/program files (x86)/cypress/psoc creator/4.1/psoc creator/import/gnu/arm/5.4.1/bin/../lib/gcc/arm-none-eabi/5.4.1/../../../../arm-none-eabi/lib/armv7-m\libg_nano.a(lib_a-malloc.o)
 .debug_frame   0x0000215c       0x38 c:/program files (x86)/cypress/psoc creator/4.1/psoc creator/import/gnu/arm/5.4.1/bin/../lib/gcc/arm-none-eabi/5.4.1/../../../../arm-none-eabi/lib/armv7-m\libg_nano.a(lib_a-nano-freer.o)
 .debug_frame   0x00002194       0x2c c:/program files (x86)/cypress/psoc creator/4.1/psoc creator/import/gnu/arm/5.4.1/bin/../lib/gcc/arm-none-eabi/5.4.1/../../../../arm-none-eabi/lib/armv7-m\libg_nano.a(lib_a-nano-mallocr.o)
 .debug_frame   0x000021c0       0x90 c:/program files (x86)/cypress/psoc creator/4.1/psoc creator/import/gnu/arm/5.4.1/bin/../lib/gcc/arm-none-eabi/5.4.1/../../../../arm-none-eabi/lib/armv7-m\libg_nano.a(lib_a-nano-svfprintf.o)
 .debug_frame   0x00002250       0x60 c:/program files (x86)/cypress/psoc creator/4.1/psoc creator/import/gnu/arm/5.4.1/bin/../lib/gcc/arm-none-eabi/5.4.1/../../../../arm-none-eabi/lib/armv7-m\libg_nano.a(lib_a-nano-vfprintf_i.o)
 .debug_frame   0x000022b0       0x2c c:/program files (x86)/cypress/psoc creator/4.1/psoc creator/import/gnu/arm/5.4.1/bin/../lib/gcc/arm-none-eabi/5.4.1/../../../../arm-none-eabi/lib/armv7-m\libg_nano.a(lib_a-sbrkr.o)
 .debug_frame   0x000022dc       0x28 c:/program files (x86)/cypress/psoc creator/4.1/psoc creator/import/gnu/arm/5.4.1/bin/../lib/gcc/arm-none-eabi/5.4.1/../../../../arm-none-eabi/lib/armv7-m\libg_nano.a(lib_a-memchr-stub.o)
 .debug_frame   0x00002304       0x28 c:/program files (x86)/cypress/psoc creator/4.1/psoc creator/import/gnu/arm/5.4.1/bin/../lib/gcc/arm-none-eabi/5.4.1/../../../../arm-none-eabi/lib/armv7-m\libg_nano.a(lib_a-memmove.o)
 .debug_frame   0x0000232c       0x30 c:/program files (x86)/cypress/psoc creator/4.1/psoc creator/import/gnu/arm/5.4.1/bin/../lib/gcc/arm-none-eabi/5.4.1/../../../../arm-none-eabi/lib/armv7-m\libg_nano.a(lib_a-mlock.o)
 .debug_frame   0x0000235c       0x3c c:/program files (x86)/cypress/psoc creator/4.1/psoc creator/import/gnu/arm/5.4.1/bin/../lib/gcc/arm-none-eabi/5.4.1/../../../../arm-none-eabi/lib/armv7-m\libg_nano.a(lib_a-nano-reallocr.o)
 .debug_frame   0x00002398       0x5c c:/program files (x86)/cypress/psoc creator/4.1/psoc creator/import/gnu/arm/5.4.1/bin/../lib/gcc/arm-none-eabi/5.4.1/../../../../arm-none-eabi/lib/armv7-m\libg_nano.a(lib_a-reent.o)
 .debug_frame   0x000023f4       0x20 c:/program files (x86)/cypress/psoc creator/4.1/psoc creator/import/gnu/arm/5.4.1/bin/../lib/gcc/arm-none-eabi/5.4.1/../../../../arm-none-eabi/lib/armv7-m\libg_nano.a(lib_a-nano-msizer.o)

.debug_str      0x00000000     0x3046
 *(.debug_str)
 .debug_str     0x00000000      0x363 .\CortexM3\ARM_GCC_541\Debug\main.o
                                0x3b3 (size before relaxing)
 .debug_str     0x00000363       0xa7 .\CortexM3\ARM_GCC_541\Debug\receiver.o
                                0x2b8 (size before relaxing)
 .debug_str     0x0000040a      0x118 .\CortexM3\ARM_GCC_541\Debug\transmitter.o
                                0x382 (size before relaxing)
 .debug_str     0x00000522      0x181 .\CortexM3\ARM_GCC_541\Debug\cyfitter_cfg.o
                                0x30b (size before relaxing)
 .debug_str     0x000006a3       0x75 .\CortexM3\ARM_GCC_541\Debug\cymetadata.o
                                0x1e0 (size before relaxing)
 .debug_str     0x00000718      0x144 .\CortexM3\ARM_GCC_541\Debug\Cm3Start.o
                                0x306 (size before relaxing)
 .debug_str     0x0000085c       0x6b .\CortexM3\ARM_GCC_541\Debug\network.a(IDLE_PIN.o)
                                0x1ed (size before relaxing)
 .debug_str     0x000008c7       0x5b .\CortexM3\ARM_GCC_541\Debug\network.a(BUSY_PIN.o)
                                0x1ed (size before relaxing)
 .debug_str     0x00000922       0x6f .\CortexM3\ARM_GCC_541\Debug\network.a(COLLISION_PIN.o)
                                0x206 (size before relaxing)
 .debug_str     0x00000991      0x827 .\CortexM3\ARM_GCC_541\Debug\network.a(CyLib.o)
                                0xa43 (size before relaxing)
 .debug_str     0x000011b8      0x365 .\CortexM3\ARM_GCC_541\Debug\network.a(cyPm.o)
                                0x72f (size before relaxing)
 .debug_str     0x0000151d      0x422 .\CortexM3\ARM_GCC_541\Debug\network.a(USBUART.o)
                                0x666 (size before relaxing)
 .debug_str     0x0000193f      0x4d5 .\CortexM3\ARM_GCC_541\Debug\network.a(USBUART_cdc.o)
                                0x7cd (size before relaxing)
 .debug_str     0x00001e14      0x291 .\CortexM3\ARM_GCC_541\Debug\network.a(USBUART_drv.o)
                                0x644 (size before relaxing)
 .debug_str     0x000020a5       0x80 .\CortexM3\ARM_GCC_541\Debug\network.a(USBUART_episr.o)
                                0x2db (size before relaxing)
 .debug_str     0x00002125       0xd2 .\CortexM3\ARM_GCC_541\Debug\network.a(USBUART_pm.o)
                                0x2ec (size before relaxing)
 .debug_str     0x000021f7      0x259 .\CortexM3\ARM_GCC_541\Debug\network.a(USBUART_std.o)
                                0x7b3 (size before relaxing)
 .debug_str     0x00002450       0x25 .\CortexM3\ARM_GCC_541\Debug\network.a(USBUART_vnd.o)
                                0x1e9 (size before relaxing)
 .debug_str     0x00002475       0x99 .\CortexM3\ARM_GCC_541\Debug\network.a(USBUART_Dp.o)
                                0x23d (size before relaxing)
 .debug_str     0x0000250e       0x53 .\CortexM3\ARM_GCC_541\Debug\network.a(TX_PIN.o)
                                0x1e3 (size before relaxing)
 .debug_str     0x00002561       0x6c .\CortexM3\ARM_GCC_541\Debug\network.a(RX_PIN.o)
                                0x221 (size before relaxing)
 .debug_str     0x000025cd      0x162 .\CortexM3\ARM_GCC_541\Debug\network.a(RX_TIMER.o)
                                0x36d (size before relaxing)
 .debug_str     0x0000272f      0x167 .\CortexM3\ARM_GCC_541\Debug\network.a(RX_PIN_INTERRUPT.o)
                                0x33c (size before relaxing)
 .debug_str     0x00002896      0x181 .\CortexM3\ARM_GCC_541\Debug\network.a(RX_TIMER_INTERRUPT.o)
                                0x358 (size before relaxing)
 .debug_str     0x00002a17      0x13d .\CortexM3\ARM_GCC_541\Debug\network.a(TX_TIMER.o)
                                0x36d (size before relaxing)
 .debug_str     0x00002b54      0x181 .\CortexM3\ARM_GCC_541\Debug\network.a(TX_TIMER_INTERRUPT.o)
                                0x358 (size before relaxing)
 .debug_str     0x00002cd5      0x19c .\CortexM3\ARM_GCC_541\Debug\network.a(CyFlash.o)
                                0x39d (size before relaxing)
 .debug_str     0x00002e71       0xac .\CortexM3\ARM_GCC_541\Debug\network.a(CySpc.o)
                                0x326 (size before relaxing)
 .debug_str     0x00002f1d       0x25 .\CortexM3\ARM_GCC_541\Debug\network.a(USBUART_cls.o)
                                0x2a8 (size before relaxing)
 .debug_str     0x00002f42      0x104 .\CortexM3\ARM_GCC_541\Debug\network.a(USBUART_descr.o)
                                0x355 (size before relaxing)

.debug_loc      0x00000000     0x3368
 *(.debug_loc)
 .debug_loc     0x00000000      0x198 .\CortexM3\ARM_GCC_541\Debug\receiver.o
 .debug_loc     0x00000198      0x1ee .\CortexM3\ARM_GCC_541\Debug\transmitter.o
 .debug_loc     0x00000386      0x1d7 .\CortexM3\ARM_GCC_541\Debug\cyfitter_cfg.o
 .debug_loc     0x0000055d      0x144 .\CortexM3\ARM_GCC_541\Debug\Cm3Start.o
 .debug_loc     0x000006a1       0x42 .\CortexM3\ARM_GCC_541\Debug\network.a(IDLE_PIN.o)
 .debug_loc     0x000006e3       0x42 .\CortexM3\ARM_GCC_541\Debug\network.a(BUSY_PIN.o)
 .debug_loc     0x00000725       0x42 .\CortexM3\ARM_GCC_541\Debug\network.a(COLLISION_PIN.o)
 .debug_loc     0x00000767      0xa11 .\CortexM3\ARM_GCC_541\Debug\network.a(CyLib.o)
 .debug_loc     0x00001178      0x1e4 .\CortexM3\ARM_GCC_541\Debug\network.a(cyPm.o)
 .debug_loc     0x0000135c      0x3e1 .\CortexM3\ARM_GCC_541\Debug\network.a(USBUART.o)
 .debug_loc     0x0000173d      0x557 .\CortexM3\ARM_GCC_541\Debug\network.a(USBUART_cdc.o)
 .debug_loc     0x00001c94      0x171 .\CortexM3\ARM_GCC_541\Debug\network.a(USBUART_drv.o)
 .debug_loc     0x00001e05       0x26 .\CortexM3\ARM_GCC_541\Debug\network.a(USBUART_pm.o)
 .debug_loc     0x00001e2b      0x945 .\CortexM3\ARM_GCC_541\Debug\network.a(USBUART_std.o)
 .debug_loc     0x00002770       0x84 .\CortexM3\ARM_GCC_541\Debug\network.a(USBUART_Dp.o)
 .debug_loc     0x000027f4       0x42 .\CortexM3\ARM_GCC_541\Debug\network.a(TX_PIN.o)
 .debug_loc     0x00002836       0x84 .\CortexM3\ARM_GCC_541\Debug\network.a(RX_PIN.o)
 .debug_loc     0x000028ba       0x13 .\CortexM3\ARM_GCC_541\Debug\network.a(RX_TIMER.o)
 .debug_loc     0x000028cd       0x56 .\CortexM3\ARM_GCC_541\Debug\network.a(RX_PIN_INTERRUPT.o)
 .debug_loc     0x00002923       0x56 .\CortexM3\ARM_GCC_541\Debug\network.a(RX_TIMER_INTERRUPT.o)
 .debug_loc     0x00002979       0x13 .\CortexM3\ARM_GCC_541\Debug\network.a(TX_TIMER.o)
 .debug_loc     0x0000298c       0x56 .\CortexM3\ARM_GCC_541\Debug\network.a(TX_TIMER_INTERRUPT.o)
 .debug_loc     0x000029e2      0x2f2 .\CortexM3\ARM_GCC_541\Debug\network.a(CyFlash.o)
 .debug_loc     0x00002cd4      0x64d .\CortexM3\ARM_GCC_541\Debug\network.a(CySpc.o)
 .debug_loc     0x00003321       0x47 .\CortexM3\ARM_GCC_541\Debug\network.a(USBUART_cls.o)

.debug_macinfo
 *(.debug_macinfo)

.debug_ranges   0x00000000      0xbc8
 *(.debug_ranges)
 .debug_ranges  0x00000000       0x28 .\CortexM3\ARM_GCC_541\Debug\main.o
 .debug_ranges  0x00000028       0x30 .\CortexM3\ARM_GCC_541\Debug\receiver.o
 .debug_ranges  0x00000058       0x80 .\CortexM3\ARM_GCC_541\Debug\transmitter.o
 .debug_ranges  0x000000d8       0x48 .\CortexM3\ARM_GCC_541\Debug\cyfitter_cfg.o
 .debug_ranges  0x00000120       0x38 .\CortexM3\ARM_GCC_541\Debug\Cm3Start.o
 .debug_ranges  0x00000158       0x28 .\CortexM3\ARM_GCC_541\Debug\network.a(IDLE_PIN.o)
 .debug_ranges  0x00000180       0x28 .\CortexM3\ARM_GCC_541\Debug\network.a(BUSY_PIN.o)
 .debug_ranges  0x000001a8       0x28 .\CortexM3\ARM_GCC_541\Debug\network.a(COLLISION_PIN.o)
 .debug_ranges  0x000001d0      0x290 .\CortexM3\ARM_GCC_541\Debug\network.a(CyLib.o)
 .debug_ranges  0x00000460       0x88 .\CortexM3\ARM_GCC_541\Debug\network.a(cyPm.o)
 .debug_ranges  0x000004e8       0xd0 .\CortexM3\ARM_GCC_541\Debug\network.a(USBUART.o)
 .debug_ranges  0x000005b8       0xd8 .\CortexM3\ARM_GCC_541\Debug\network.a(USBUART_cdc.o)
 .debug_ranges  0x00000690       0x88 .\CortexM3\ARM_GCC_541\Debug\network.a(USBUART_drv.o)
 .debug_ranges  0x00000718       0x30 .\CortexM3\ARM_GCC_541\Debug\network.a(USBUART_episr.o)
 .debug_ranges  0x00000748       0x30 .\CortexM3\ARM_GCC_541\Debug\network.a(USBUART_pm.o)
 .debug_ranges  0x00000778       0x70 .\CortexM3\ARM_GCC_541\Debug\network.a(USBUART_std.o)
 .debug_ranges  0x000007e8       0x10 .\CortexM3\ARM_GCC_541\Debug\network.a(USBUART_vnd.o)
 .debug_ranges  0x000007f8       0x38 .\CortexM3\ARM_GCC_541\Debug\network.a(USBUART_Dp.o)
 .debug_ranges  0x00000830       0x28 .\CortexM3\ARM_GCC_541\Debug\network.a(TX_PIN.o)
 .debug_ranges  0x00000858       0x38 .\CortexM3\ARM_GCC_541\Debug\network.a(RX_PIN.o)
 .debug_ranges  0x00000890       0x80 .\CortexM3\ARM_GCC_541\Debug\network.a(RX_TIMER.o)
 .debug_ranges  0x00000910       0x70 .\CortexM3\ARM_GCC_541\Debug\network.a(RX_PIN_INTERRUPT.o)
 .debug_ranges  0x00000980       0x70 .\CortexM3\ARM_GCC_541\Debug\network.a(RX_TIMER_INTERRUPT.o)
 .debug_ranges  0x000009f0       0x80 .\CortexM3\ARM_GCC_541\Debug\network.a(TX_TIMER.o)
 .debug_ranges  0x00000a70       0x70 .\CortexM3\ARM_GCC_541\Debug\network.a(TX_TIMER_INTERRUPT.o)
 .debug_ranges  0x00000ae0       0x70 .\CortexM3\ARM_GCC_541\Debug\network.a(CyFlash.o)
 .debug_ranges  0x00000b50       0x68 .\CortexM3\ARM_GCC_541\Debug\network.a(CySpc.o)
 .debug_ranges  0x00000bb8       0x10 .\CortexM3\ARM_GCC_541\Debug\network.a(USBUART_cls.o)

.comment        0x00000000       0x6e
 .comment       0x00000000       0x6e .\CortexM3\ARM_GCC_541\Debug\main.o
                                 0x6f (size before relaxing)
 .comment       0x0000006e       0x6f .\CortexM3\ARM_GCC_541\Debug\receiver.o
 .comment       0x0000006e       0x6f .\CortexM3\ARM_GCC_541\Debug\transmitter.o
 .comment       0x0000006e       0x6f .\CortexM3\ARM_GCC_541\Debug\cyfitter_cfg.o
 .comment       0x0000006e       0x6f .\CortexM3\ARM_GCC_541\Debug\cymetadata.o
 .comment       0x0000006e       0x6f .\CortexM3\ARM_GCC_541\Debug\Cm3Start.o
 .comment       0x0000006e       0x6f .\CortexM3\ARM_GCC_541\Debug\network.a(IDLE_PIN.o)
 .comment       0x0000006e       0x6f .\CortexM3\ARM_GCC_541\Debug\network.a(BUSY_PIN.o)
 .comment       0x0000006e       0x6f .\CortexM3\ARM_GCC_541\Debug\network.a(COLLISION_PIN.o)
 .comment       0x0000006e       0x6f .\CortexM3\ARM_GCC_541\Debug\network.a(CyLib.o)
 .comment       0x0000006e       0x6f .\CortexM3\ARM_GCC_541\Debug\network.a(cyPm.o)
 .comment       0x0000006e       0x6f .\CortexM3\ARM_GCC_541\Debug\network.a(USBUART.o)
 .comment       0x0000006e       0x6f .\CortexM3\ARM_GCC_541\Debug\network.a(USBUART_cdc.o)
 .comment       0x0000006e       0x6f .\CortexM3\ARM_GCC_541\Debug\network.a(USBUART_drv.o)
 .comment       0x0000006e       0x6f .\CortexM3\ARM_GCC_541\Debug\network.a(USBUART_episr.o)
 .comment       0x0000006e       0x6f .\CortexM3\ARM_GCC_541\Debug\network.a(USBUART_pm.o)
 .comment       0x0000006e       0x6f .\CortexM3\ARM_GCC_541\Debug\network.a(USBUART_std.o)
 .comment       0x0000006e       0x6f .\CortexM3\ARM_GCC_541\Debug\network.a(USBUART_vnd.o)
 .comment       0x0000006e       0x6f .\CortexM3\ARM_GCC_541\Debug\network.a(USBUART_Dp.o)
 .comment       0x0000006e       0x6f .\CortexM3\ARM_GCC_541\Debug\network.a(TX_PIN.o)
 .comment       0x0000006e       0x6f .\CortexM3\ARM_GCC_541\Debug\network.a(RX_PIN.o)
 .comment       0x0000006e       0x6f .\CortexM3\ARM_GCC_541\Debug\network.a(RX_TIMER.o)
 .comment       0x0000006e       0x6f .\CortexM3\ARM_GCC_541\Debug\network.a(RX_PIN_INTERRUPT.o)
 .comment       0x0000006e       0x6f .\CortexM3\ARM_GCC_541\Debug\network.a(RX_TIMER_INTERRUPT.o)
 .comment       0x0000006e       0x6f .\CortexM3\ARM_GCC_541\Debug\network.a(TX_TIMER.o)
 .comment       0x0000006e       0x6f .\CortexM3\ARM_GCC_541\Debug\network.a(TX_TIMER_INTERRUPT.o)
 .comment       0x0000006e       0x6f .\CortexM3\ARM_GCC_541\Debug\network.a(CyFlash.o)
 .comment       0x0000006e       0x6f .\CortexM3\ARM_GCC_541\Debug\network.a(CySpc.o)
 .comment       0x0000006e       0x6f .\CortexM3\ARM_GCC_541\Debug\network.a(USBUART_cls.o)
 .comment       0x0000006e       0x6f .\CortexM3\ARM_GCC_541\Debug\network.a(USBUART_descr.o)

.debug_weaknames
 *(.debug_weaknames)

.debug_funcnames
 *(.debug_funcnames)

.debug_typenames
 *(.debug_typenames)

.debug_varnames
 *(.debug_varnames)

.note.gnu.arm.ident
 *(.note.gnu.arm.ident)

.ARM.attributes
                0x00000000       0x29
 *(.ARM.attributes)
 .ARM.attributes
                0x00000000       0x1d c:/program files (x86)/cypress/psoc creator/4.1/psoc creator/import/gnu/arm/5.4.1/bin/../lib/gcc/arm-none-eabi/5.4.1/armv7-m/crti.o
 .ARM.attributes
                0x0000001d       0x2d c:/program files (x86)/cypress/psoc creator/4.1/psoc creator/import/gnu/arm/5.4.1/bin/../lib/gcc/arm-none-eabi/5.4.1/armv7-m/crtbegin.o
 .ARM.attributes
                0x0000004a       0x1b c:/program files (x86)/cypress/psoc creator/4.1/psoc creator/import/gnu/arm/5.4.1/bin/../lib/gcc/arm-none-eabi/5.4.1/../../../../arm-none-eabi/lib/armv7-m/crt0.o
 .ARM.attributes
                0x00000065       0x33 .\CortexM3\ARM_GCC_541\Debug\main.o
 .ARM.attributes
                0x00000098       0x33 .\CortexM3\ARM_GCC_541\Debug\receiver.o
 .ARM.attributes
                0x000000cb       0x33 .\CortexM3\ARM_GCC_541\Debug\transmitter.o
 .ARM.attributes
                0x000000fe       0x33 .\CortexM3\ARM_GCC_541\Debug\cyfitter_cfg.o
 .ARM.attributes
                0x00000131       0x33 .\CortexM3\ARM_GCC_541\Debug\cymetadata.o
 .ARM.attributes
                0x00000164       0x33 .\CortexM3\ARM_GCC_541\Debug\Cm3Start.o
 .ARM.attributes
                0x00000197       0x33 .\CortexM3\ARM_GCC_541\Debug\network.a(IDLE_PIN.o)
 .ARM.attributes
                0x000001ca       0x33 .\CortexM3\ARM_GCC_541\Debug\network.a(BUSY_PIN.o)
 .ARM.attributes
                0x000001fd       0x33 .\CortexM3\ARM_GCC_541\Debug\network.a(COLLISION_PIN.o)
 .ARM.attributes
                0x00000230       0x33 .\CortexM3\ARM_GCC_541\Debug\network.a(CyLib.o)
 .ARM.attributes
                0x00000263       0x33 .\CortexM3\ARM_GCC_541\Debug\network.a(cyPm.o)
 .ARM.attributes
                0x00000296       0x33 .\CortexM3\ARM_GCC_541\Debug\network.a(USBUART.o)
 .ARM.attributes
                0x000002c9       0x33 .\CortexM3\ARM_GCC_541\Debug\network.a(USBUART_cdc.o)
 .ARM.attributes
                0x000002fc       0x33 .\CortexM3\ARM_GCC_541\Debug\network.a(USBUART_drv.o)
 .ARM.attributes
                0x0000032f       0x33 .\CortexM3\ARM_GCC_541\Debug\network.a(USBUART_episr.o)
 .ARM.attributes
                0x00000362       0x33 .\CortexM3\ARM_GCC_541\Debug\network.a(USBUART_pm.o)
 .ARM.attributes
                0x00000395       0x33 .\CortexM3\ARM_GCC_541\Debug\network.a(USBUART_std.o)
 .ARM.attributes
                0x000003c8       0x33 .\CortexM3\ARM_GCC_541\Debug\network.a(USBUART_vnd.o)
 .ARM.attributes
                0x000003fb       0x33 .\CortexM3\ARM_GCC_541\Debug\network.a(USBUART_Dp.o)
 .ARM.attributes
                0x0000042e       0x33 .\CortexM3\ARM_GCC_541\Debug\network.a(TX_PIN.o)
 .ARM.attributes
                0x00000461       0x33 .\CortexM3\ARM_GCC_541\Debug\network.a(RX_PIN.o)
 .ARM.attributes
                0x00000494       0x33 .\CortexM3\ARM_GCC_541\Debug\network.a(RX_TIMER.o)
 .ARM.attributes
                0x000004c7       0x33 .\CortexM3\ARM_GCC_541\Debug\network.a(RX_PIN_INTERRUPT.o)
 .ARM.attributes
                0x000004fa       0x33 .\CortexM3\ARM_GCC_541\Debug\network.a(RX_TIMER_INTERRUPT.o)
 .ARM.attributes
                0x0000052d       0x33 .\CortexM3\ARM_GCC_541\Debug\network.a(TX_TIMER.o)
 .ARM.attributes
                0x00000560       0x33 .\CortexM3\ARM_GCC_541\Debug\network.a(TX_TIMER_INTERRUPT.o)
 .ARM.attributes
                0x00000593       0x21 .\CortexM3\ARM_GCC_541\Debug\network.a(CyBootAsmGnu.o)
 .ARM.attributes
                0x000005b4       0x33 .\CortexM3\ARM_GCC_541\Debug\network.a(CyFlash.o)
 .ARM.attributes
                0x000005e7       0x33 .\CortexM3\ARM_GCC_541\Debug\network.a(CySpc.o)
 .ARM.attributes
                0x0000061a       0x33 .\CortexM3\ARM_GCC_541\Debug\network.a(USBUART_cls.o)
 .ARM.attributes
                0x0000064d       0x33 .\CortexM3\ARM_GCC_541\Debug\network.a(USBUART_descr.o)
 .ARM.attributes
                0x00000680       0x2d c:/program files (x86)/cypress/psoc creator/4.1/psoc creator/import/gnu/arm/5.4.1/bin/../lib/gcc/arm-none-eabi/5.4.1/../../../../arm-none-eabi/lib/armv7-m\libg_nano.a(lib_a-errno.o)
 .ARM.attributes
                0x000006ad       0x2d c:/program files (x86)/cypress/psoc creator/4.1/psoc creator/import/gnu/arm/5.4.1/bin/../lib/gcc/arm-none-eabi/5.4.1/../../../../arm-none-eabi/lib/armv7-m\libg_nano.a(lib_a-exit.o)
 .ARM.attributes
                0x000006da       0x2d c:/program files (x86)/cypress/psoc creator/4.1/psoc creator/import/gnu/arm/5.4.1/bin/../lib/gcc/arm-none-eabi/5.4.1/../../../../arm-none-eabi/lib/armv7-m\libg_nano.a(lib_a-impure.o)
 .ARM.attributes
                0x00000707       0x2d c:/program files (x86)/cypress/psoc creator/4.1/psoc creator/import/gnu/arm/5.4.1/bin/../lib/gcc/arm-none-eabi/5.4.1/../../../../arm-none-eabi/lib/armv7-m\libg_nano.a(lib_a-init.o)
 .ARM.attributes
                0x00000734       0x2d c:/program files (x86)/cypress/psoc creator/4.1/psoc creator/import/gnu/arm/5.4.1/bin/../lib/gcc/arm-none-eabi/5.4.1/../../../../arm-none-eabi/lib/armv7-m\libg_nano.a(lib_a-memcpy-stub.o)
 .ARM.attributes
                0x00000761       0x2d c:/program files (x86)/cypress/psoc creator/4.1/psoc creator/import/gnu/arm/5.4.1/bin/../lib/gcc/arm-none-eabi/5.4.1/../../../../arm-none-eabi/lib/armv7-m\libg_nano.a(lib_a-memset.o)
 .ARM.attributes
                0x0000078e       0x2d c:/program files (x86)/cypress/psoc creator/4.1/psoc creator/import/gnu/arm/5.4.1/bin/../lib/gcc/arm-none-eabi/5.4.1/../../../../arm-none-eabi/lib/armv7-m\libg_nano.a(lib_a-rand.o)
 .ARM.attributes
                0x000007bb       0x2d c:/program files (x86)/cypress/psoc creator/4.1/psoc creator/import/gnu/arm/5.4.1/bin/../lib/gcc/arm-none-eabi/5.4.1/../../../../arm-none-eabi/lib/armv7-m\libg_nano.a(lib_a-sprintf.o)
 .ARM.attributes
                0x000007e8       0x2d c:/program files (x86)/cypress/psoc creator/4.1/psoc creator/import/gnu/arm/5.4.1/bin/../lib/gcc/arm-none-eabi/5.4.1/../../../../arm-none-eabi/lib/armv7-m\libg_nano.a(lib_a-malloc.o)
 .ARM.attributes
                0x00000815       0x2d c:/program files (x86)/cypress/psoc creator/4.1/psoc creator/import/gnu/arm/5.4.1/bin/../lib/gcc/arm-none-eabi/5.4.1/../../../../arm-none-eabi/lib/armv7-m\libg_nano.a(lib_a-nano-freer.o)
 .ARM.attributes
                0x00000842       0x2d c:/program files (x86)/cypress/psoc creator/4.1/psoc creator/import/gnu/arm/5.4.1/bin/../lib/gcc/arm-none-eabi/5.4.1/../../../../arm-none-eabi/lib/armv7-m\libg_nano.a(lib_a-nano-mallocr.o)
 .ARM.attributes
                0x0000086f       0x2d c:/program files (x86)/cypress/psoc creator/4.1/psoc creator/import/gnu/arm/5.4.1/bin/../lib/gcc/arm-none-eabi/5.4.1/../../../../arm-none-eabi/lib/armv7-m\libg_nano.a(lib_a-nano-svfprintf.o)
 .ARM.attributes
                0x0000089c       0x2d c:/program files (x86)/cypress/psoc creator/4.1/psoc creator/import/gnu/arm/5.4.1/bin/../lib/gcc/arm-none-eabi/5.4.1/../../../../arm-none-eabi/lib/armv7-m\libg_nano.a(lib_a-nano-vfprintf_i.o)
 .ARM.attributes
                0x000008c9       0x2d c:/program files (x86)/cypress/psoc creator/4.1/psoc creator/import/gnu/arm/5.4.1/bin/../lib/gcc/arm-none-eabi/5.4.1/../../../../arm-none-eabi/lib/armv7-m\libg_nano.a(lib_a-sbrkr.o)
 .ARM.attributes
                0x000008f6       0x2d c:/program files (x86)/cypress/psoc creator/4.1/psoc creator/import/gnu/arm/5.4.1/bin/../lib/gcc/arm-none-eabi/5.4.1/../../../../arm-none-eabi/lib/armv7-m\libg_nano.a(lib_a-memchr-stub.o)
 .ARM.attributes
                0x00000923       0x2d c:/program files (x86)/cypress/psoc creator/4.1/psoc creator/import/gnu/arm/5.4.1/bin/../lib/gcc/arm-none-eabi/5.4.1/../../../../arm-none-eabi/lib/armv7-m\libg_nano.a(lib_a-memmove.o)
 .ARM.attributes
                0x00000950       0x2d c:/program files (x86)/cypress/psoc creator/4.1/psoc creator/import/gnu/arm/5.4.1/bin/../lib/gcc/arm-none-eabi/5.4.1/../../../../arm-none-eabi/lib/armv7-m\libg_nano.a(lib_a-mlock.o)
 .ARM.attributes
                0x0000097d       0x2d c:/program files (x86)/cypress/psoc creator/4.1/psoc creator/import/gnu/arm/5.4.1/bin/../lib/gcc/arm-none-eabi/5.4.1/../../../../arm-none-eabi/lib/armv7-m\libg_nano.a(lib_a-nano-reallocr.o)
 .ARM.attributes
                0x000009aa       0x2d c:/program files (x86)/cypress/psoc creator/4.1/psoc creator/import/gnu/arm/5.4.1/bin/../lib/gcc/arm-none-eabi/5.4.1/../../../../arm-none-eabi/lib/armv7-m\libg_nano.a(lib_a-reent.o)
 .ARM.attributes
                0x000009d7       0x2d c:/program files (x86)/cypress/psoc creator/4.1/psoc creator/import/gnu/arm/5.4.1/bin/../lib/gcc/arm-none-eabi/5.4.1/../../../../arm-none-eabi/lib/armv7-m\libg_nano.a(lib_a-nano-msizer.o)
 .ARM.attributes
                0x00000a04       0x2d c:/program files (x86)/cypress/psoc creator/4.1/psoc creator/import/gnu/arm/5.4.1/bin/../lib/gcc/arm-none-eabi/5.4.1/armv7-m/crtend.o
 .ARM.attributes
                0x00000a31       0x1d c:/program files (x86)/cypress/psoc creator/4.1/psoc creator/import/gnu/arm/5.4.1/bin/../lib/gcc/arm-none-eabi/5.4.1/armv7-m/crtn.o

/DISCARD/
 *(.note.GNU-stack)
OUTPUT(C:\Users\hallermans\Documents\Winter2017\CE4950\network.cydsn\CortexM3\ARM_GCC_541\Debug\network.elf elf32-littlearm)
