Archive member included to satisfy reference by file (symbol)

.\CortexM3\ARM_GCC_541\Debug\network.a(IDLE_PIN.o)
                              .\CortexM3\ARM_GCC_541\Debug\transmitter.o (IDLE_PIN_Write)
.\CortexM3\ARM_GCC_541\Debug\network.a(BUSY_PIN.o)
                              .\CortexM3\ARM_GCC_541\Debug\transmitter.o (BUSY_PIN_Write)
.\CortexM3\ARM_GCC_541\Debug\network.a(COLLISION_PIN.o)
                              .\CortexM3\ARM_GCC_541\Debug\transmitter.o (COLLISION_PIN_Write)
.\CortexM3\ARM_GCC_541\Debug\network.a(CyLib.o)
                              .\CortexM3\ARM_GCC_541\Debug\Cm3Start.o (CyHalt)
.\CortexM3\ARM_GCC_541\Debug\network.a(cyPm.o)
                              .\CortexM3\ARM_GCC_541\Debug\network.a(CyLib.o) (CyPmReadStatus)
.\CortexM3\ARM_GCC_541\Debug\network.a(USBUART.o)
                              .\CortexM3\ARM_GCC_541\Debug\main.o (USBUART_Start)
.\CortexM3\ARM_GCC_541\Debug\network.a(USBUART_cdc.o)
                              .\CortexM3\ARM_GCC_541\Debug\main.o (USBUART_CDC_Init)
.\CortexM3\ARM_GCC_541\Debug\network.a(USBUART_drv.o)
                              .\CortexM3\ARM_GCC_541\Debug\network.a(USBUART.o) (USBUART_lastPacketSize)
.\CortexM3\ARM_GCC_541\Debug\network.a(USBUART_episr.o)
                              .\CortexM3\ARM_GCC_541\Debug\network.a(USBUART.o) (USBUART_EP_1_ISR)
.\CortexM3\ARM_GCC_541\Debug\network.a(USBUART_pm.o)
                              .\CortexM3\ARM_GCC_541\Debug\network.a(USBUART.o) (USBUART_DP_ISR)
.\CortexM3\ARM_GCC_541\Debug\network.a(USBUART_std.o)
                              .\CortexM3\ARM_GCC_541\Debug\network.a(USBUART_pm.o) (USBUART_ConfigReg)
.\CortexM3\ARM_GCC_541\Debug\network.a(USBUART_vnd.o)
                              .\CortexM3\ARM_GCC_541\Debug\network.a(USBUART_drv.o) (USBUART_HandleVendorRqst)
.\CortexM3\ARM_GCC_541\Debug\network.a(USBUART_Dp.o)
                              .\CortexM3\ARM_GCC_541\Debug\network.a(USBUART.o) (USBUART_Dp_ClearInterrupt)
.\CortexM3\ARM_GCC_541\Debug\network.a(TX_PIN.o)
                              .\CortexM3\ARM_GCC_541\Debug\transmitter.o (TX_PIN_Write)
.\CortexM3\ARM_GCC_541\Debug\network.a(RX_PIN.o)
                              .\CortexM3\ARM_GCC_541\Debug\receiver.o (RX_PIN_Read)
.\CortexM3\ARM_GCC_541\Debug\network.a(RX_TIMER.o)
                              .\CortexM3\ARM_GCC_541\Debug\receiver.o (RX_TIMER_Stop)
.\CortexM3\ARM_GCC_541\Debug\network.a(RX_PIN_INTERRUPT.o)
                              .\CortexM3\ARM_GCC_541\Debug\main.o (RX_PIN_INTERRUPT_StartEx)
.\CortexM3\ARM_GCC_541\Debug\network.a(RX_TIMER_INTERRUPT.o)
                              .\CortexM3\ARM_GCC_541\Debug\main.o (RX_TIMER_INTERRUPT_StartEx)
.\CortexM3\ARM_GCC_541\Debug\network.a(TX_TIMER.o)
                              .\CortexM3\ARM_GCC_541\Debug\transmitter.o (TX_TIMER_Stop)
.\CortexM3\ARM_GCC_541\Debug\network.a(TX_TIMER_INTERRUPT.o)
                              .\CortexM3\ARM_GCC_541\Debug\main.o (TX_TIMER_INTERRUPT_StartEx)
.\CortexM3\ARM_GCC_541\Debug\network.a(CyBootAsmGnu.o)
                              .\CortexM3\ARM_GCC_541\Debug\cyfitter_cfg.o (CyDelayCycles)
.\CortexM3\ARM_GCC_541\Debug\network.a(CyFlash.o)
                              .\CortexM3\ARM_GCC_541\Debug\network.a(cyPm.o) (CyFlash_SetWaitCycles)
.\CortexM3\ARM_GCC_541\Debug\network.a(CySpc.o)
                              .\CortexM3\ARM_GCC_541\Debug\network.a(CyFlash.o) (CySpcStart)
.\CortexM3\ARM_GCC_541\Debug\network.a(USBUART_cls.o)
                              .\CortexM3\ARM_GCC_541\Debug\network.a(USBUART_drv.o) (USBUART_DispatchClassRqst)
.\CortexM3\ARM_GCC_541\Debug\network.a(USBUART_descr.o)
                              .\CortexM3\ARM_GCC_541\Debug\network.a(USBUART_std.o) (USBUART_idSerialNumberStringDescriptor)
c:/program files (x86)/cypress/psoc creator/4.1/psoc creator/import/gnu/arm/5.4.1/bin/../lib/gcc/arm-none-eabi/5.4.1/../../../../arm-none-eabi/lib/armv7-m\libg_nano.a(lib_a-errno.o)
                              .\CortexM3\ARM_GCC_541\Debug\Cm3Start.o (__errno)
c:/program files (x86)/cypress/psoc creator/4.1/psoc creator/import/gnu/arm/5.4.1/bin/../lib/gcc/arm-none-eabi/5.4.1/../../../../arm-none-eabi/lib/armv7-m\libg_nano.a(lib_a-exit.o)
                              c:/program files (x86)/cypress/psoc creator/4.1/psoc creator/import/gnu/arm/5.4.1/bin/../lib/gcc/arm-none-eabi/5.4.1/../../../../arm-none-eabi/lib/armv7-m/crt0.o (exit)
c:/program files (x86)/cypress/psoc creator/4.1/psoc creator/import/gnu/arm/5.4.1/bin/../lib/gcc/arm-none-eabi/5.4.1/../../../../arm-none-eabi/lib/armv7-m\libg_nano.a(lib_a-impure.o)
                              c:/program files (x86)/cypress/psoc creator/4.1/psoc creator/import/gnu/arm/5.4.1/bin/../lib/gcc/arm-none-eabi/5.4.1/../../../../arm-none-eabi/lib/armv7-m\libg_nano.a(lib_a-exit.o) (_global_impure_ptr)
[...]
Memory Configuration

Name             Origin             Length             Attributes
rom              0x00000000         0x00040000         xr
ram              0x1fff8000         0x00010000         xrw
*default*        0x00000000         0xffffffff

Linker script and memory map

LOAD c:/program files (x86)/cypress/psoc creator/4.1/psoc creator/import/gnu/arm/5.4.1/bin/../lib/gcc/arm-none-eabi/5.4.1/armv7-m/crti.o
LOAD c:/program files (x86)/cypress/psoc creator/4.1/psoc creator/import/gnu/arm/5.4.1/bin/../lib/gcc/arm-none-eabi/5.4.1/armv7-m/crtbegin.o
LOAD c:/program files (x86)/cypress/psoc creator/4.1/psoc creator/import/gnu/arm/5.4.1/bin/../lib/gcc/arm-none-eabi/5.4.1/../../../../arm-none-eabi/lib/armv7-m/crt0.o
START GROUP
LOAD .\CortexM3\ARM_GCC_541\Debug\main.o
LOAD .\CortexM3\ARM_GCC_541\Debug\receiver.o
LOAD .\CortexM3\ARM_GCC_541\Debug\transmitter.o
LOAD .\CortexM3\ARM_GCC_541\Debug\cyfitter_cfg.o
LOAD .\CortexM3\ARM_GCC_541\Debug\cymetadata.o
LOAD .\CortexM3\ARM_GCC_541\Debug\Cm3Start.o
LOAD .\CortexM3\ARM_GCC_541\Debug\network.a
LOAD C:\Program Files (x86)\Cypress\PSoC Creator\4.1\PSoC Creator\psoc\content\cycomponentlibrary\CyComponentLibrary.cylib\CortexM3\ARM_GCC_541\Debug\CyComponentLibrary.a
END GROUP
START GROUP
LOAD c:/program files (x86)/cypress/psoc creator/4.1/psoc creator/import/gnu/arm/5.4.1/bin/../lib/gcc/arm-none-eabi/5.4.1/armv7-m\libgcc.a
LOAD c:/program files (x86)/cypress/psoc creator/4.1/psoc creator/import/gnu/arm/5.4.1/bin/../lib/gcc/arm-none-eabi/5.4.1/../../../../arm-none-eabi/lib/armv7-m\libg_nano.a
LOAD c:/program files (x86)/cypress/psoc creator/4.1/psoc creator/import/gnu/arm/5.4.1/bin/../lib/gcc/arm-none-eabi/5.4.1/../../../../arm-none-eabi/lib/armv7-m\libc_nano.a
END GROUP
START GROUP
LOAD c:/program files (x86)/cypress/psoc creator/4.1/psoc creator/import/gnu/arm/5.4.1/bin/../lib/gcc/arm-none-eabi/5.4.1/armv7-m\libgcc.a
LOAD c:/program files (x86)/cypress/psoc creator/4.1/psoc creator/import/gnu/arm/5.4.1/bin/../lib/gcc/arm-none-eabi/5.4.1/../../../../arm-none-eabi/lib/armv7-m\libc_nano.a
END GROUP
LOAD c:/program files (x86)/cypress/psoc creator/4.1/psoc creator/import/gnu/arm/5.4.1/bin/../lib/gcc/arm-none-eabi/5.4.1/armv7-m/crtend.o
LOAD c:/program files (x86)/cypress/psoc creator/4.1/psoc creator/import/gnu/arm/5.4.1/bin/../lib/gcc/arm-none-eabi/5.4.1/armv7-m/crtn.o
START GROUP
LOAD c:/program files (x86)/cypress/psoc creator/4.1/psoc creator/import/gnu/arm/5.4.1/bin/../lib/gcc/arm-none-eabi/5.4.1/armv7-m\libgcc.a
LOAD c:/program files (x86)/cypress/psoc creator/4.1/psoc creator/import/gnu/arm/5.4.1/bin/../lib/gcc/arm-none-eabi/5.4.1/../../../../arm-none-eabi/lib/armv7-m\libc.a
LOAD c:/program files (x86)/cypress/psoc creator/4.1/psoc creator/import/gnu/arm/5.4.1/bin/../lib/gcc/arm-none-eabi/5.4.1/../../../../arm-none-eabi/lib/armv7-m\libnosys.a
END GROUP
                0x00000000                CY_APPL_ORIGIN = 0x0
                0x00000100                CY_FLASH_ROW_SIZE = 0x100
                0x00000020                CY_ECC_ROW_SIZE = 0x20
                0x00000000                CY_EE_IN_BTLDR = 0x0
                0x00000000                CY_APPL_LOADABLE = 0x0
                0x00000800                CY_EE_SIZE = 0x800
                0x00000001                CY_APPL_NUM = 0x1
                0x00000001                CY_APPL_MAX = 0x1
                0x00000040                CY_METADATA_SIZE = 0x40
                0x00000000                CY_APPL_LOADABLE = 0x0
                0x00000000                CY_CHECKSUM_EXCLUDE_SIZE = ALIGN (0x0, CY_FLASH_ROW_SIZE)
                [!provide]                PROVIDE (__cy_heap_start, _end)
                0x00000001                PROVIDE (__cy_region_num, ((__cy_regions_end - __cy_regions) / 0x10))
                0x20008000                PROVIDE (__cy_stack, (ORIGIN (ram) + LENGTH (ram)))
                [!provide]                PROVIDE (__cy_heap_end, (__cy_stack - 0x800))

.cybootloader   0x00000000        0x0
 *(.cybootloader)
                0x00000000                appl1_start = CY_APPL_ORIGIN?CY_APPL_ORIGIN:ALIGN (CY_FLASH_ROW_SIZE)
                0x0001ff00                appl2_start = (appl1_start + ALIGN ((((LENGTH (rom) - appl1_start) - (0x2 * CY_FLASH_ROW_SIZE)) / 0x2), CY_FLASH_ROW_SIZE))
                0x00000000                appl_start = (CY_APPL_NUM == 0x1)?appl1_start:appl2_start
                0x00000000                ecc_offset = ((appl_start / CY_FLASH_ROW_SIZE) * CY_ECC_ROW_SIZE)
                0x00000000                ee_offset = (CY_APPL_LOADABLE && ! (CY_EE_IN_BTLDR))?((CY_EE_SIZE / CY_APPL_MAX) * (CY_APPL_NUM - 0x1)):0x0
                0x00000800                ee_size = (CY_APPL_LOADABLE && ! (CY_EE_IN_BTLDR))?(CY_EE_SIZE / CY_APPL_MAX):CY_EE_SIZE
                [!provide]                PROVIDE (CY_ECC_OFFSET, ecc_offset)

.text           0x00000000     0x2a62
 CREATE_OBJECT_SYMBOLS
                0x00000000                PROVIDE (__cy_interrupt_vector, RomVectors)
 *(.romvectors)
 .romvectors    0x00000000       0x10 .\CortexM3\ARM_GCC_541\Debug\Cm3Start.o
                0x00000000                RomVectors
                0x00000001                ASSERT ((. != __cy_interrupt_vector), No interrupt vector)
                0x00000001                ASSERT (CY_APPL_ORIGIN?(SIZEOF (.cybootloader) <= CY_APPL_ORIGIN):0x1, Wrong image location)
                0x00000010                PROVIDE (__cy_reset, Reset)
 *(.text.Reset)
 .text.Reset    0x00000010       0x18 .\CortexM3\ARM_GCC_541\Debug\Cm3Start.o
                0x00000010                Reset
                0x00000001                ASSERT ((. != __cy_reset), No reset code)
 *(.dma_init)
                0x00000001                ASSERT ((((appl_start + .) <= 0x10000) || 0x1), DMA Init must be within the first 64k of flash)
 *(.text .text.* .gnu.linkonce.t.*)
 .text          0x00000028       0x5c c:/program files (x86)/cypress/psoc creator/4.1/psoc creator/import/gnu/arm/5.4.1/bin/../lib/gcc/arm-none-eabi/5.4.1/armv7-m/crtbegin.o
 .text.RX_PIN_HANDLER
                0x00000084       0x10 .\CortexM3\ARM_GCC_541\Debug\main.o
                0x00000084                RX_PIN_HANDLER
 .text.RX_TIMER_HANDLER
                0x00000094        0xc .\CortexM3\ARM_GCC_541\Debug\main.o
                0x00000094                RX_TIMER_HANDLER
 .text.TX_TIMER_HANDLER
                0x000000a0        0xc .\CortexM3\ARM_GCC_541\Debug\main.o
                0x000000a0                TX_TIMER_HANDLER
 .text.main     0x000000ac       0x5c .\CortexM3\ARM_GCC_541\Debug\main.o
                0x000000ac                main
 .text.printMessage
                0x00000108       0x20 .\CortexM3\ARM_GCC_541\Debug\receiver.o
                0x00000108                printMessage
 .text.receiveByte
                0x00000128       0xa0 .\CortexM3\ARM_GCC_541\Debug\receiver.o
                0x00000128                receiveByte
 .text.receiveBit
                0x000001c8       0x4c .\CortexM3\ARM_GCC_541\Debug\receiver.o
                0x000001c8                receiveBit
 .text.receiver_rx_handler
                0x00000214       0x20 .\CortexM3\ARM_GCC_541\Debug\receiver.o
                0x00000214                receiver_rx_handler
 .text.receiver_timer_handler
                0x00000234        0xc .\CortexM3\ARM_GCC_541\Debug\receiver.o
                0x00000234                receiver_timer_handler
 .text.changeState
                0x00000240       0x94 .\CortexM3\ARM_GCC_541\Debug\transmitter.o
                0x00000240                changeState
 .text.transmitter_rx_handler
                0x000002d4       0x5c .\CortexM3\ARM_GCC_541\Debug\transmitter.o
                0x000002d4                transmitter_rx_handler
 .text.transmitter_timer_handler
                0x00000330       0x24 .\CortexM3\ARM_GCC_541\Debug\transmitter.o
                0x00000330                transmitter_timer_handler
 .text.sendMessage
                0x00000354       0xb0 .\CortexM3\ARM_GCC_541\Debug\transmitter.o
                0x00000354                sendMessage
 .text.createAndSendMessage
                0x00000404       0x5c .\CortexM3\ARM_GCC_541\Debug\transmitter.o
                0x00000404                createAndSendMessage
 .text.transmitter_uart_handler
                0x00000460       0x3c .\CortexM3\ARM_GCC_541\Debug\transmitter.o
                0x00000460                transmitter_uart_handler
 .text.CyClockStartupError
                0x0000049c        0x4 .\CortexM3\ARM_GCC_541\Debug\cyfitter_cfg.o
 .text.cfg_write_bytes32
                0x000004a0       0x34 .\CortexM3\ARM_GCC_541\Debug\cyfitter_cfg.o
 .text.AnalogSetDefault
                0x000004d4       0x28 .\CortexM3\ARM_GCC_541\Debug\cyfitter_cfg.o
 .text.CYMEMZERO
                0x000004fc        0xc .\CortexM3\ARM_GCC_541\Debug\cyfitter_cfg.o
 .text.ClockSetup
                0x00000508       0xa0 .\CortexM3\ARM_GCC_541\Debug\cyfitter_cfg.o
 .text.CYCONFIGCPY
                0x000005a8        0x8 .\CortexM3\ARM_GCC_541\Debug\cyfitter_cfg.o
 .text.cyfitter_cfg
                0x000005b0       0xf8 .\CortexM3\ARM_GCC_541\Debug\cyfitter_cfg.o
                0x000005b0                cyfitter_cfg
 .text.IntDefaultHandler
                0x000006a8       0x10 .\CortexM3\ARM_GCC_541\Debug\Cm3Start.o
                0x000006a8                IntDefaultHandler
 .text._sbrk    0x000006b8       0x30 .\CortexM3\ARM_GCC_541\Debug\Cm3Start.o
                0x000006b8                _sbrk
 .text.Start_c  0x000006e8       0x4c .\CortexM3\ARM_GCC_541\Debug\Cm3Start.o
                0x000006e8                Start_c
 .text.initialize_psoc
                0x00000734       0x68 .\CortexM3\ARM_GCC_541\Debug\Cm3Start.o
                0x00000734                initialize_psoc
 .text.IDLE_PIN_Write
                0x0000079c       0x18 .\CortexM3\ARM_GCC_541\Debug\network.a(IDLE_PIN.o)
                0x0000079c                IDLE_PIN_Write
 .text.BUSY_PIN_Write
                0x000007b4       0x18 .\CortexM3\ARM_GCC_541\Debug\network.a(BUSY_PIN.o)
                0x000007b4                BUSY_PIN_Write
 .text.COLLISION_PIN_Write
                0x000007cc       0x18 .\CortexM3\ARM_GCC_541\Debug\network.a(COLLISION_PIN.o)
                0x000007cc                COLLISION_PIN_Write
 .text.CyHalt   0x000007e4        0x4 .\CortexM3\ARM_GCC_541\Debug\network.a(CyLib.o)
                0x000007e4                CyHalt
 .text.CyDelay  0x000007e8       0x2c .\CortexM3\ARM_GCC_541\Debug\network.a(CyLib.o)
                0x000007e8                CyDelay
 .text.CyDelayUs
                0x00000814       0x14 .\CortexM3\ARM_GCC_541\Debug\network.a(CyLib.o)
                0x00000814                CyDelayUs
 .text.CyIntSetVector
                0x00000828       0x28 .\CortexM3\ARM_GCC_541\Debug\network.a(CyLib.o)
                0x00000828                CyIntSetVector
 .text.CyIntSetPriority
                0x00000850       0x30 .\CortexM3\ARM_GCC_541\Debug\network.a(CyLib.o)
                0x00000850                CyIntSetPriority
 .text.CyGetUniqueId
                0x00000880       0x70 .\CortexM3\ARM_GCC_541\Debug\network.a(CyLib.o)
                0x00000880                CyGetUniqueId
 .text.USBUART_Init
                0x000008f0      0x140 .\CortexM3\ARM_GCC_541\Debug\network.a(USBUART.o)
                0x000008f0                USBUART_Init
 .text.USBUART_InitComponent
                0x00000a30       0xb8 .\CortexM3\ARM_GCC_541\Debug\network.a(USBUART.o)
                0x00000a30                USBUART_InitComponent
 .text.USBUART_Start
                0x00000ae8       0x24 .\CortexM3\ARM_GCC_541\Debug\network.a(USBUART.o)
                0x00000ae8                USBUART_Start
 .text.USBUART_ReInitComponent
                0x00000b0c       0x4c .\CortexM3\ARM_GCC_541\Debug\network.a(USBUART.o)
                0x00000b0c                USBUART_ReInitComponent
 .text.USBUART_GetConfiguration
                0x00000b58        0xc .\CortexM3\ARM_GCC_541\Debug\network.a(USBUART.o)
                0x00000b58                USBUART_GetConfiguration
 .text.USBUART_GetEPState
                0x00000b64       0x14 .\CortexM3\ARM_GCC_541\Debug\network.a(USBUART.o)
                0x00000b64                USBUART_GetEPState
 .text.USBUART_GetEPCount
                0x00000b78       0x28 .\CortexM3\ARM_GCC_541\Debug\network.a(USBUART.o)
                0x00000b78                USBUART_GetEPCount
 .text.USBUART_LoadInEP
                0x00000ba0       0x94 .\CortexM3\ARM_GCC_541\Debug\network.a(USBUART.o)
                0x00000ba0                USBUART_LoadInEP
 .text.USBUART_EnableOutEP
                0x00000c34       0x2c .\CortexM3\ARM_GCC_541\Debug\network.a(USBUART.o)
                0x00000c34                USBUART_EnableOutEP
 .text.USBUART_ReadOutEP
                0x00000c60       0x50 .\CortexM3\ARM_GCC_541\Debug\network.a(USBUART.o)
                0x00000c60                USBUART_ReadOutEP
 .text.USBUART_StrLen
                0x00000cb0       0x14 .\CortexM3\ARM_GCC_541\Debug\network.a(USBUART_cdc.o)
 .text.USBUART_GetInterfaceComPort
                0x00000cc4       0x38 .\CortexM3\ARM_GCC_541\Debug\network.a(USBUART_cdc.o)
                0x00000cc4                USBUART_GetInterfaceComPort
 .text.USBUART_DispatchCDCClassRqst
                0x00000cfc       0x98 .\CortexM3\ARM_GCC_541\Debug\network.a(USBUART_cdc.o)
                0x00000cfc                USBUART_DispatchCDCClassRqst
 .text.USBUART_CDC_Init
                0x00000d94       0x98 .\CortexM3\ARM_GCC_541\Debug\network.a(USBUART_cdc.o)
                0x00000d94                USBUART_CDC_Init
 .text.USBUART_PutString
                0x00000e2c       0xa0 .\CortexM3\ARM_GCC_541\Debug\network.a(USBUART_cdc.o)
                0x00000e2c                USBUART_PutString
 .text.USBUART_PutChar
                0x00000ecc       0x28 .\CortexM3\ARM_GCC_541\Debug\network.a(USBUART_cdc.o)
                0x00000ecc                USBUART_PutChar
 .text.USBUART_DataIsReady
                0x00000ef4       0x18 .\CortexM3\ARM_GCC_541\Debug\network.a(USBUART_cdc.o)
                0x00000ef4                USBUART_DataIsReady
 .text.USBUART_GetChar
                0x00000f0c       0x28 .\CortexM3\ARM_GCC_541\Debug\network.a(USBUART_cdc.o)
                0x00000f0c                USBUART_GetChar
 .text.USBUART_Cdc_EpInit
                0x00000f34       0x50 .\CortexM3\ARM_GCC_541\Debug\network.a(USBUART_cdc.o)
                0x00000f34                USBUART_Cdc_EpInit
 .text.USBUART_LoadEP0
                0x00000f84       0x98 .\CortexM3\ARM_GCC_541\Debug\network.a(USBUART_drv.o)
                0x00000f84                USBUART_LoadEP0
 .text.USBUART_InitZeroLengthControlTransfer
                0x0000101c       0x34 .\CortexM3\ARM_GCC_541\Debug\network.a(USBUART_drv.o)
                0x0000101c                USBUART_InitZeroLengthControlTransfer
 .text.USBUART_ControlReadDataStage
                0x00001050        0x8 .\CortexM3\ARM_GCC_541\Debug\network.a(USBUART_drv.o)
                0x00001050                USBUART_ControlReadDataStage
 .text.USBUART_ControlWriteDataStage
                0x00001058       0x84 .\CortexM3\ARM_GCC_541\Debug\network.a(USBUART_drv.o)
                0x00001058                USBUART_ControlWriteDataStage
 .text.USBUART_InitNoDataControlTransfer
                0x000010dc       0x2c .\CortexM3\ARM_GCC_541\Debug\network.a(USBUART_drv.o)
                0x000010dc                USBUART_InitNoDataControlTransfer
 .text.USBUART_UpdateStatusBlock
                0x00001108       0x24 .\CortexM3\ARM_GCC_541\Debug\network.a(USBUART_drv.o)
                0x00001108                USBUART_UpdateStatusBlock
 .text.USBUART_HandleSetup
                0x0000112c       0x5c .\CortexM3\ARM_GCC_541\Debug\network.a(USBUART_drv.o)
                0x0000112c                USBUART_HandleSetup
 .text.USBUART_ControlReadStatusStage
                0x00001188       0x38 .\CortexM3\ARM_GCC_541\Debug\network.a(USBUART_drv.o)
                0x00001188                USBUART_ControlReadStatusStage
 .text.USBUART_HandleOUT
                0x000011c0       0x38 .\CortexM3\ARM_GCC_541\Debug\network.a(USBUART_drv.o)
                0x000011c0                USBUART_HandleOUT
 .text.USBUART_ControlWriteStatusStage
                0x000011f8       0x20 .\CortexM3\ARM_GCC_541\Debug\network.a(USBUART_drv.o)
                0x000011f8                USBUART_ControlWriteStatusStage
 .text.USBUART_NoDataControlStatusStage
                0x00001218       0x40 .\CortexM3\ARM_GCC_541\Debug\network.a(USBUART_drv.o)
                0x00001218                USBUART_NoDataControlStatusStage
 .text.USBUART_HandleIN
                0x00001258       0x2c .\CortexM3\ARM_GCC_541\Debug\network.a(USBUART_drv.o)
                0x00001258                USBUART_HandleIN
 .text.USBUART_EP_0_ISR
                0x00001284       0xb8 .\CortexM3\ARM_GCC_541\Debug\network.a(USBUART_drv.o)
                0x00001284                USBUART_EP_0_ISR
 .text.USBUART_InitializeStatusBlock
                0x0000133c       0x24 .\CortexM3\ARM_GCC_541\Debug\network.a(USBUART_drv.o)
                0x0000133c                USBUART_InitializeStatusBlock
 .text.USBUART_InitControlRead
                0x00001360       0x50 .\CortexM3\ARM_GCC_541\Debug\network.a(USBUART_drv.o)
                0x00001360                USBUART_InitControlRead
 .text.USBUART_InitControlWrite
                0x000013b0       0x48 .\CortexM3\ARM_GCC_541\Debug\network.a(USBUART_drv.o)
                0x000013b0                USBUART_InitControlWrite
 .text.USBUART_EP_1_ISR
                0x000013f8       0x30 .\CortexM3\ARM_GCC_541\Debug\network.a(USBUART_episr.o)
                0x000013f8                USBUART_EP_1_ISR
 .text.USBUART_EP_2_ISR
                0x00001428       0x34 .\CortexM3\ARM_GCC_541\Debug\network.a(USBUART_episr.o)
                0x00001428                USBUART_EP_2_ISR
 .text.USBUART_EP_3_ISR
                0x0000145c       0x3c .\CortexM3\ARM_GCC_541\Debug\network.a(USBUART_episr.o)
                0x0000145c                USBUART_EP_3_ISR
 .text.USBUART_SOF_ISR
                0x00001498        0x4 .\CortexM3\ARM_GCC_541\Debug\network.a(USBUART_episr.o)
                0x00001498                USBUART_SOF_ISR
 .text.USBUART_BUS_RESET_ISR
                0x0000149c        0x8 .\CortexM3\ARM_GCC_541\Debug\network.a(USBUART_episr.o)
                0x0000149c                USBUART_BUS_RESET_ISR
 .text.USBUART_DP_ISR
                0x000014a4        0x8 .\CortexM3\ARM_GCC_541\Debug\network.a(USBUART_pm.o)
                0x000014a4                USBUART_DP_ISR
 .text.USBUART_ReadDieID
                0x000014ac       0x6c .\CortexM3\ARM_GCC_541\Debug\network.a(USBUART_std.o)
                0x000014ac                USBUART_ReadDieID
 .text.USBUART_ConfigReg
                0x00001518       0xa4 .\CortexM3\ARM_GCC_541\Debug\network.a(USBUART_std.o)
                0x00001518                USBUART_ConfigReg
 .text.USBUART_GetConfigTablePtr
                0x000015bc       0x28 .\CortexM3\ARM_GCC_541\Debug\network.a(USBUART_std.o)
                0x000015bc                USBUART_GetConfigTablePtr
 .text.USBUART_ConfigAltChanged
                0x000015e4      0x11c .\CortexM3\ARM_GCC_541\Debug\network.a(USBUART_std.o)
                0x000015e4                USBUART_ConfigAltChanged
 .text.USBUART_GetDeviceTablePtr
                0x00001700       0x18 .\CortexM3\ARM_GCC_541\Debug\network.a(USBUART_std.o)
                0x00001700                USBUART_GetDeviceTablePtr
 .text.USBUART_GetInterfaceClassTablePtr
                0x00001718       0x28 .\CortexM3\ARM_GCC_541\Debug\network.a(USBUART_std.o)
                0x00001718                USBUART_GetInterfaceClassTablePtr
 .text.USBUART_Config
                0x00001740      0x1ec .\CortexM3\ARM_GCC_541\Debug\network.a(USBUART_std.o)
                0x00001740                USBUART_Config
 .text.USBUART_SetEndpointHalt
                0x0000192c       0x64 .\CortexM3\ARM_GCC_541\Debug\network.a(USBUART_std.o)
                0x0000192c                USBUART_SetEndpointHalt
 .text.USBUART_ClearEndpointHalt
                0x00001990       0xa8 .\CortexM3\ARM_GCC_541\Debug\network.a(USBUART_std.o)
                0x00001990                USBUART_ClearEndpointHalt
 .text.USBUART_ValidateAlternateSetting
                0x00001a38       0x4c .\CortexM3\ARM_GCC_541\Debug\network.a(USBUART_std.o)
                0x00001a38                USBUART_ValidateAlternateSetting
 .text.USBUART_HandleStandardRqst
                0x00001a84      0x354 .\CortexM3\ARM_GCC_541\Debug\network.a(USBUART_std.o)
                0x00001a84                USBUART_HandleStandardRqst
 .text.USBUART_HandleVendorRqst
                0x00001dd8       0x18 .\CortexM3\ARM_GCC_541\Debug\network.a(USBUART_vnd.o)
                0x00001dd8                USBUART_HandleVendorRqst
 .text.USBUART_Dp_ClearInterrupt
                0x00001df0       0x10 .\CortexM3\ARM_GCC_541\Debug\network.a(USBUART_Dp.o)
                0x00001df0                USBUART_Dp_ClearInterrupt
 .text.TX_PIN_Write
                0x00001e00       0x18 .\CortexM3\ARM_GCC_541\Debug\network.a(TX_PIN.o)
                0x00001e00                TX_PIN_Write
 .text.RX_PIN_Read
                0x00001e18        0xc .\CortexM3\ARM_GCC_541\Debug\network.a(RX_PIN.o)
                0x00001e18                RX_PIN_Read
 .text.RX_PIN_ClearInterrupt
                0x00001e24        0xc .\CortexM3\ARM_GCC_541\Debug\network.a(RX_PIN.o)
                0x00001e24                RX_PIN_ClearInterrupt
 .text.RX_TIMER_Enable
                0x00001e30       0x10 .\CortexM3\ARM_GCC_541\Debug\network.a(RX_TIMER.o)
                0x00001e30                RX_TIMER_Enable
 .text.RX_TIMER_Stop
                0x00001e40       0x10 .\CortexM3\ARM_GCC_541\Debug\network.a(RX_TIMER.o)
                0x00001e40                RX_TIMER_Stop
 .text.RX_TIMER_SetInterruptMode
                0x00001e50        0xc .\CortexM3\ARM_GCC_541\Debug\network.a(RX_TIMER.o)
                0x00001e50                RX_TIMER_SetInterruptMode
 .text.RX_TIMER_ReadStatusRegister
                0x00001e5c        0xc .\CortexM3\ARM_GCC_541\Debug\network.a(RX_TIMER.o)
                0x00001e5c                RX_TIMER_ReadStatusRegister
 .text.RX_TIMER_WritePeriod
                0x00001e68        0xc .\CortexM3\ARM_GCC_541\Debug\network.a(RX_TIMER.o)
                0x00001e68                RX_TIMER_WritePeriod
 .text.RX_TIMER_ReadCapture
                0x00001e74        0xc .\CortexM3\ARM_GCC_541\Debug\network.a(RX_TIMER.o)
                0x00001e74                RX_TIMER_ReadCapture
 .text.RX_TIMER_WriteCounter
                0x00001e80        0xc .\CortexM3\ARM_GCC_541\Debug\network.a(RX_TIMER.o)
                0x00001e80                RX_TIMER_WriteCounter
 .text.RX_TIMER_ClearFIFO
                0x00001e8c       0x14 .\CortexM3\ARM_GCC_541\Debug\network.a(RX_TIMER.o)
                0x00001e8c                RX_TIMER_ClearFIFO
 .text.RX_TIMER_Init
                0x00001ea0       0x34 .\CortexM3\ARM_GCC_541\Debug\network.a(RX_TIMER.o)
                0x00001ea0                RX_TIMER_Init
 .text.RX_TIMER_Start
                0x00001ed4       0x1c .\CortexM3\ARM_GCC_541\Debug\network.a(RX_TIMER.o)
                0x00001ed4                RX_TIMER_Start
 .text.RX_PIN_INTERRUPT_SetVector
                0x00001ef0        0xc .\CortexM3\ARM_GCC_541\Debug\network.a(RX_PIN_INTERRUPT.o)
                0x00001ef0                RX_PIN_INTERRUPT_SetVector
 .text.RX_PIN_INTERRUPT_SetPriority
                0x00001efc       0x10 .\CortexM3\ARM_GCC_541\Debug\network.a(RX_PIN_INTERRUPT.o)
                0x00001efc                RX_PIN_INTERRUPT_SetPriority
 .text.RX_PIN_INTERRUPT_Enable
                0x00001f0c        0xc .\CortexM3\ARM_GCC_541\Debug\network.a(RX_PIN_INTERRUPT.o)
                0x00001f0c                RX_PIN_INTERRUPT_Enable
 .text.RX_PIN_INTERRUPT_Disable
                0x00001f18        0xc .\CortexM3\ARM_GCC_541\Debug\network.a(RX_PIN_INTERRUPT.o)
                0x00001f18                RX_PIN_INTERRUPT_Disable
 .text.RX_PIN_INTERRUPT_StartEx
                0x00001f24       0x1c .\CortexM3\ARM_GCC_541\Debug\network.a(RX_PIN_INTERRUPT.o)
                0x00001f24                RX_PIN_INTERRUPT_StartEx
 .text.RX_TIMER_INTERRUPT_SetVector
                0x00001f40        0xc .\CortexM3\ARM_GCC_541\Debug\network.a(RX_TIMER_INTERRUPT.o)
                0x00001f40                RX_TIMER_INTERRUPT_SetVector
 .text.RX_TIMER_INTERRUPT_SetPriority
                0x00001f4c       0x10 .\CortexM3\ARM_GCC_541\Debug\network.a(RX_TIMER_INTERRUPT.o)
                0x00001f4c                RX_TIMER_INTERRUPT_SetPriority
 .text.RX_TIMER_INTERRUPT_Enable
                0x00001f5c        0xc .\CortexM3\ARM_GCC_541\Debug\network.a(RX_TIMER_INTERRUPT.o)
                0x00001f5c                RX_TIMER_INTERRUPT_Enable
 .text.RX_TIMER_INTERRUPT_Disable
                0x00001f68        0xc .\CortexM3\ARM_GCC_541\Debug\network.a(RX_TIMER_INTERRUPT.o)
                0x00001f68                RX_TIMER_INTERRUPT_Disable
 .text.RX_TIMER_INTERRUPT_StartEx
                0x00001f74       0x1c .\CortexM3\ARM_GCC_541\Debug\network.a(RX_TIMER_INTERRUPT.o)
                0x00001f74                RX_TIMER_INTERRUPT_StartEx
 .text.TX_TIMER_Enable
                0x00001f90       0x10 .\CortexM3\ARM_GCC_541\Debug\network.a(TX_TIMER.o)
                0x00001f90                TX_TIMER_Enable
 .text.TX_TIMER_Stop
                0x00001fa0       0x10 .\CortexM3\ARM_GCC_541\Debug\network.a(TX_TIMER.o)
                0x00001fa0                TX_TIMER_Stop
 .text.TX_TIMER_SetInterruptMode
                0x00001fb0        0xc .\CortexM3\ARM_GCC_541\Debug\network.a(TX_TIMER.o)
                0x00001fb0                TX_TIMER_SetInterruptMode
 .text.TX_TIMER_ReadStatusRegister
                0x00001fbc        0xc .\CortexM3\ARM_GCC_541\Debug\network.a(TX_TIMER.o)
                0x00001fbc                TX_TIMER_ReadStatusRegister
 .text.TX_TIMER_WritePeriod
                0x00001fc8        0xc .\CortexM3\ARM_GCC_541\Debug\network.a(TX_TIMER.o)
                0x00001fc8                TX_TIMER_WritePeriod
 .text.TX_TIMER_ReadCapture
                0x00001fd4        0xc .\CortexM3\ARM_GCC_541\Debug\network.a(TX_TIMER.o)
                0x00001fd4                TX_TIMER_ReadCapture
 .text.TX_TIMER_WriteCounter
                0x00001fe0        0xc .\CortexM3\ARM_GCC_541\Debug\network.a(TX_TIMER.o)
                0x00001fe0                TX_TIMER_WriteCounter
 .text.TX_TIMER_ClearFIFO
                0x00001fec       0x14 .\CortexM3\ARM_GCC_541\Debug\network.a(TX_TIMER.o)
                0x00001fec                TX_TIMER_ClearFIFO
 .text.TX_TIMER_Init
                0x00002000       0x34 .\CortexM3\ARM_GCC_541\Debug\network.a(TX_TIMER.o)
                0x00002000                TX_TIMER_Init
 .text.TX_TIMER_Start
                0x00002034       0x1c .\CortexM3\ARM_GCC_541\Debug\network.a(TX_TIMER.o)
                0x00002034                TX_TIMER_Start
 .text.TX_TIMER_INTERRUPT_SetVector
                0x00002050        0xc .\CortexM3\ARM_GCC_541\Debug\network.a(TX_TIMER_INTERRUPT.o)
                0x00002050                TX_TIMER_INTERRUPT_SetVector
 .text.TX_TIMER_INTERRUPT_SetPriority
                0x0000205c       0x10 .\CortexM3\ARM_GCC_541\Debug\network.a(TX_TIMER_INTERRUPT.o)
                0x0000205c                TX_TIMER_INTERRUPT_SetPriority
 .text.TX_TIMER_INTERRUPT_Enable
                0x0000206c        0xc .\CortexM3\ARM_GCC_541\Debug\network.a(TX_TIMER_INTERRUPT.o)
                0x0000206c                TX_TIMER_INTERRUPT_Enable
 .text.TX_TIMER_INTERRUPT_Disable
                0x00002078        0xc .\CortexM3\ARM_GCC_541\Debug\network.a(TX_TIMER_INTERRUPT.o)
                0x00002078                TX_TIMER_INTERRUPT_Disable
 .text.TX_TIMER_INTERRUPT_StartEx
                0x00002084       0x1c .\CortexM3\ARM_GCC_541\Debug\network.a(TX_TIMER_INTERRUPT.o)
                0x00002084                TX_TIMER_INTERRUPT_StartEx
 .text          0x000020a0       0x20 .\CortexM3\ARM_GCC_541\Debug\network.a(CyBootAsmGnu.o)
                0x000020a0                CyDelayCycles
                0x000020b0                CyEnterCriticalSection
                0x000020b8                CyExitCriticalSection
 .text.USBUART_DispatchClassRqst
                0x000020c0       0x58 .\CortexM3\ARM_GCC_541\Debug\network.a(USBUART_cls.o)
                0x000020c0                USBUART_DispatchClassRqst
 .text.__errno  0x00002118        0xc c:/program files (x86)/cypress/psoc creator/4.1/psoc creator/import/gnu/arm/5.4.1/bin/../lib/gcc/arm-none-eabi/5.4.1/../../../../arm-none-eabi/lib/armv7-m\libg_nano.a(lib_a-errno.o)
                0x00002118                __errno
 .text.__libc_init_array
                0x00002124       0x4c c:/program files (x86)/cypress/psoc creator/4.1/psoc creator/import/gnu/arm/5.4.1/bin/../lib/gcc/arm-none-eabi/5.4.1/../../../../arm-none-eabi/lib/armv7-m\libg_nano.a(lib_a-init.o)
                0x00002124                __libc_init_array
 .text.memcpy   0x00002170       0x16 c:/program files (x86)/cypress/psoc creator/4.1/psoc creator/import/gnu/arm/5.4.1/bin/../lib/gcc/arm-none-eabi/5.4.1/../../../../arm-none-eabi/lib/armv7-m\libg_nano.a(lib_a-memcpy-stub.o)
                0x00002170                memcpy
 .text.memset   0x00002186       0x10 c:/program files (x86)/cypress/psoc creator/4.1/psoc creator/import/gnu/arm/5.4.1/bin/../lib/gcc/arm-none-eabi/5.4.1/../../../../arm-none-eabi/lib/armv7-m\libg_nano.a(lib_a-memset.o)
                0x00002186                memset
 *fill*         0x00002196        0x2 
 .text.rand     0x00002198       0x74 c:/program files (x86)/cypress/psoc creator/4.1/psoc creator/import/gnu/arm/5.4.1/bin/../lib/gcc/arm-none-eabi/5.4.1/../../../../arm-none-eabi/lib/armv7-m\libg_nano.a(lib_a-rand.o)
                0x00002198                rand
 .text.sprintf  0x0000220c       0x48 c:/program files (x86)/cypress/psoc creator/4.1/psoc creator/import/gnu/arm/5.4.1/bin/../lib/gcc/arm-none-eabi/5.4.1/../../../../arm-none-eabi/lib/armv7-m\libg_nano.a(lib_a-sprintf.o)
                0x0000220c                siprintf
                0x0000220c                sprintf
 .text.malloc   0x00002254       0x10 c:/program files (x86)/cypress/psoc creator/4.1/psoc creator/import/gnu/arm/5.4.1/bin/../lib/gcc/arm-none-eabi/5.4.1/../../../../arm-none-eabi/lib/armv7-m\libg_nano.a(lib_a-malloc.o)
                0x00002254                malloc
 .text._free_r  0x00002264       0x98 c:/program files (x86)/cypress/psoc creator/4.1/psoc creator/import/gnu/arm/5.4.1/bin/../lib/gcc/arm-none-eabi/5.4.1/../../../../arm-none-eabi/lib/armv7-m\libg_nano.a(lib_a-nano-freer.o)
                0x00002264                _free_r
 .text._malloc_r
                0x000022fc       0xbc c:/program files (x86)/cypress/psoc creator/4.1/psoc creator/import/gnu/arm/5.4.1/bin/../lib/gcc/arm-none-eabi/5.4.1/../../../../arm-none-eabi/lib/armv7-m\libg_nano.a(lib_a-nano-mallocr.o)
                0x000022fc                _malloc_r
 .text.__ssputs_r
                0x000023b8       0xb2 c:/program files (x86)/cypress/psoc creator/4.1/psoc creator/import/gnu/arm/5.4.1/bin/../lib/gcc/arm-none-eabi/5.4.1/../../../../arm-none-eabi/lib/armv7-m\libg_nano.a(lib_a-nano-svfprintf.o)
                0x000023b8                __ssputs_r
 *fill*         0x0000246a        0x2 
 .text._svfprintf_r
                0x0000246c      0x1e8 c:/program files (x86)/cypress/psoc creator/4.1/psoc creator/import/gnu/arm/5.4.1/bin/../lib/gcc/arm-none-eabi/5.4.1/../../../../arm-none-eabi/lib/armv7-m\libg_nano.a(lib_a-nano-svfprintf.o)
                0x0000246c                _svfiprintf_r
                0x0000246c                _svfprintf_r
 .text._printf_common
                0x00002654       0xec c:/program files (x86)/cypress/psoc creator/4.1/psoc creator/import/gnu/arm/5.4.1/bin/../lib/gcc/arm-none-eabi/5.4.1/../../../../arm-none-eabi/lib/armv7-m\libg_nano.a(lib_a-nano-vfprintf_i.o)
                0x00002654                _printf_common
 .text._printf_i
                0x00002740      0x24c c:/program files (x86)/cypress/psoc creator/4.1/psoc creator/import/gnu/arm/5.4.1/bin/../lib/gcc/arm-none-eabi/5.4.1/../../../../arm-none-eabi/lib/armv7-m\libg_nano.a(lib_a-nano-vfprintf_i.o)
                0x00002740                _printf_i
 .text._sbrk_r  0x0000298c       0x20 c:/program files (x86)/cypress/psoc creator/4.1/psoc creator/import/gnu/arm/5.4.1/bin/../lib/gcc/arm-none-eabi/5.4.1/../../../../arm-none-eabi/lib/armv7-m\libg_nano.a(lib_a-sbrkr.o)
                0x0000298c                _sbrk_r
 .text.memchr   0x000029ac       0x1c c:/program files (x86)/cypress/psoc creator/4.1/psoc creator/import/gnu/arm/5.4.1/bin/../lib/gcc/arm-none-eabi/5.4.1/../../../../arm-none-eabi/lib/armv7-m\libg_nano.a(lib_a-memchr-stub.o)
                0x000029ac                memchr
 .text.memmove  0x000029c8       0x36 c:/program files (x86)/cypress/psoc creator/4.1/psoc creator/import/gnu/arm/5.4.1/bin/../lib/gcc/arm-none-eabi/5.4.1/../../../../arm-none-eabi/lib/armv7-m\libg_nano.a(lib_a-memmove.o)
                0x000029c8                memmove
 .text.__malloc_lock
                0x000029fe        0x2 c:/program files (x86)/cypress/psoc creator/4.1/psoc creator/import/gnu/arm/5.4.1/bin/../lib/gcc/arm-none-eabi/5.4.1/../../../../arm-none-eabi/lib/armv7-m\libg_nano.a(lib_a-mlock.o)
                0x000029fe                __malloc_lock
 .text.__malloc_unlock
                0x00002a00        0x2 c:/program files (x86)/cypress/psoc creator/4.1/psoc creator/import/gnu/arm/5.4.1/bin/../lib/gcc/arm-none-eabi/5.4.1/../../../../arm-none-eabi/lib/armv7-m\libg_nano.a(lib_a-mlock.o)
                0x00002a00                __malloc_unlock
 .text._realloc_r
                0x00002a02       0x4c c:/program files (x86)/cypress/psoc creator/4.1/psoc creator/import/gnu/arm/5.4.1/bin/../lib/gcc/arm-none-eabi/5.4.1/../../../../arm-none-eabi/lib/armv7-m\libg_nano.a(lib_a-nano-reallocr.o)
                0x00002a02                _realloc_r
 .text._malloc_usable_size_r
                0x00002a4e       0x14 c:/program files (x86)/cypress/psoc creator/4.1/psoc creator/import/gnu/arm/5.4.1/bin/../lib/gcc/arm-none-eabi/5.4.1/../../../../arm-none-eabi/lib/armv7-m\libg_nano.a(lib_a-nano-msizer.o)
                0x00002a4e                _malloc_usable_size_r
 *(.plt)
 *(.gnu.warning)
 *(.glue_7t)
 .glue_7t       0x00002a62        0x0 linker stubs
 *(.glue_7)
 .glue_7        0x00002a62        0x0 linker stubs
 *(.vfp11_veneer)
 .vfp11_veneer  0x00002a62        0x0 linker stubs
 *(.bootloader)
 *(.ARM.extab* .gnu.linkonce.armextab.*)
 *(.gcc_except_table)

.v4_bx          0x00002a64        0x0
 .v4_bx         0x00002a64        0x0 linker stubs

.iplt           0x00002a64        0x0
 .iplt          0x00002a64        0x0 c:/program files (x86)/cypress/psoc creator/4.1/psoc creator/import/gnu/arm/5.4.1/bin/../lib/gcc/arm-none-eabi/5.4.1/armv7-m/crtbegin.o

.eh_frame_hdr
 *(.eh_frame_hdr)

.eh_frame       0x00002a64        0x4
 *(.eh_frame)
 .eh_frame      0x00002a64        0x0 c:/program files (x86)/cypress/psoc creator/4.1/psoc creator/import/gnu/arm/5.4.1/bin/../lib/gcc/arm-none-eabi/5.4.1/armv7-m/crtbegin.o
 .eh_frame      0x00002a64        0x4 c:/program files (x86)/cypress/psoc creator/4.1/psoc creator/import/gnu/arm/5.4.1/bin/../lib/gcc/arm-none-eabi/5.4.1/armv7-m/crtend.o
                [!provide]                PROVIDE (__exidx_start, .)

.ARM.exidx
 *(.ARM.exidx* .gnu.linkonce.armexidx.*)
                0x00002a68                __exidx_end = .

.rodata         0x00002a68      0x240
 *(.rodata .rodata.* .gnu.linkonce.r.*)
 .rodata.str1.4
                0x00002a68        0xe .\CortexM3\ARM_GCC_541\Debug\main.o
 *fill*         0x00002a76        0x2 
 .rodata.str1.4
                0x00002a78       0x23 .\CortexM3\ARM_GCC_541\Debug\receiver.o
 .rodata.str1.4
                0x00002a9b       0x23 .\CortexM3\ARM_GCC_541\Debug\transmitter.o
                                  0x3 (size before relaxing)
 *fill*         0x00002a9b        0x1 
 .rodata        0x00002a9c       0x30 .\CortexM3\ARM_GCC_541\Debug\cyfitter_cfg.o
 .rodata.str1.4
                0x00002acc       0x14 .\CortexM3\ARM_GCC_541\Debug\network.a(USBUART_std.o)
                                 0x11 (size before relaxing)
 .rodata        0x00002ae0      0x15e .\CortexM3\ARM_GCC_541\Debug\network.a(USBUART_descr.o)
                0x00002ae0                USBUART_TABLE
                0x00002ae8                USBUART_DEVICE0_TABLE
                0x00002b00                USBUART_DEVICE0_CONFIGURATION0_TABLE
                0x00002b28                USBUART_DEVICE0_CONFIGURATION0_INTERFACE_CLASS
                0x00002b2c                USBUART_DEVICE0_CONFIGURATION0_EP_SETTINGS_TABLE
                0x00002b44                USBUART_SN_STRING_DESCRIPTOR
                0x00002b48                USBUART_STRING_DESCRIPTORS
                0x00002be8                USBUART_DEVICE0_CONFIGURATION0_DESCR
                0x00002c2c                USBUART_DEVICE0_DESCR
 .rodata.str1.1
                0x00002c3e        0x2 c:/program files (x86)/cypress/psoc creator/4.1/psoc creator/import/gnu/arm/5.4.1/bin/../lib/gcc/arm-none-eabi/5.4.1/../../../../arm-none-eabi/lib/armv7-m\libg_nano.a(lib_a-impure.o)
 .rodata.str1.1
                0x00002c40       0x11 c:/program files (x86)/cypress/psoc creator/4.1/psoc creator/import/gnu/arm/5.4.1/bin/../lib/gcc/arm-none-eabi/5.4.1/../../../../arm-none-eabi/lib/armv7-m\libg_nano.a(lib_a-nano-svfprintf.o)
 .rodata.str1.1
                0x00002c51       0x22 c:/program files (x86)/cypress/psoc creator/4.1/psoc creator/import/gnu/arm/5.4.1/bin/../lib/gcc/arm-none-eabi/5.4.1/../../../../arm-none-eabi/lib/armv7-m\libg_nano.a(lib_a-nano-vfprintf_i.o)
                0x00002c74                . = ALIGN (0x4)
 *fill*         0x00002c73        0x1 
 *(.init)
 .init          0x00002c74        0x4 c:/program files (x86)/cypress/psoc creator/4.1/psoc creator/import/gnu/arm/5.4.1/bin/../lib/gcc/arm-none-eabi/5.4.1/armv7-m/crti.o
                0x00002c74                _init
 .init          0x00002c78        0x8 c:/program files (x86)/cypress/psoc creator/4.1/psoc creator/import/gnu/arm/5.4.1/bin/../lib/gcc/arm-none-eabi/5.4.1/armv7-m/crtn.o
                0x00002c80                . = ALIGN (0x4)
                0x00002c80                __preinit_array_start = .
 *(.preinit_array)
                0x00002c80                __preinit_array_end = .
                0x00002c80                . = ALIGN (0x4)
                0x00002c80                __init_array_start = .
 *(SORT(.init_array.*))
 *(.init_array)
 .init_array    0x00002c80        0x4 c:/program files (x86)/cypress/psoc creator/4.1/psoc creator/import/gnu/arm/5.4.1/bin/../lib/gcc/arm-none-eabi/5.4.1/armv7-m/crtbegin.o
 .init_array    0x00002c84        0x4 .\CortexM3\ARM_GCC_541\Debug\Cm3Start.o
                0x00002c88                __init_array_end = .
                0x00002c88                . = ALIGN (0x4)
 *(.fini)
 .fini          0x00002c88        0x4 c:/program files (x86)/cypress/psoc creator/4.1/psoc creator/import/gnu/arm/5.4.1/bin/../lib/gcc/arm-none-eabi/5.4.1/armv7-m/crti.o
                0x00002c88                _fini
 .fini          0x00002c8c        0x8 c:/program files (x86)/cypress/psoc creator/4.1/psoc creator/import/gnu/arm/5.4.1/bin/../lib/gcc/arm-none-eabi/5.4.1/armv7-m/crtn.o
                0x00002c94                . = ALIGN (0x4)
                0x00002c94                __fini_array_start = .
 *(.fini_array)
 .fini_array    0x00002c94        0x4 c:/program files (x86)/cypress/psoc creator/4.1/psoc creator/import/gnu/arm/5.4.1/bin/../lib/gcc/arm-none-eabi/5.4.1/armv7-m/crtbegin.o
 *(SORT(.fini_array.*))
                0x00002c98                __fini_array_end = .
                0x00002c98                . = ALIGN (0x4)
 *crtbegin.o(.ctors)
 *(EXCLUDE_FILE(*crtend.o) .ctors)
 *(SORT(.ctors.*))
 *crtend.o(.ctors)
                0x00002c98                . = ALIGN (0x4)
 *crtbegin.o(.dtors)
 *(EXCLUDE_FILE(*crtend.o) .dtors)
 *(SORT(.dtors.*))
 *crtend.o(.dtors)
                0x00002c98                . = ALIGN (0x4)
                0x00002c98                __cy_regions = .
                0x00002c98        0x4 LONG 0x2ca8 __cy_region_init_ram
                0x00002c9c        0x4 LONG 0x1fff80c8 __cy_region_start_data
                0x00002ca0        0x4 LONG 0xa0 __cy_region_init_size_ram
                0x00002ca4        0x4 LONG 0x180 __cy_region_zero_size_ram
                0x00002ca8                __cy_regions_end = .
                0x00002ca8                . = ALIGN (0x8)
                0x00002ca8                _etext = .

.cy_checksum_exclude
                0x00002ca8        0x0
 *(.cy_checksum_exclude)

.ramvectors     0x1fff8000       0xc0
                0x1fff8000                __cy_region_start_ram = .
 *(.ramvectors)
 .ramvectors    0x1fff8000       0xc0 .\CortexM3\ARM_GCC_541\Debug\Cm3Start.o
                0x1fff8000                CyRamVectors

.noinit         0x1fff80c0        0x1
 *(.noinit)
 .noinit        0x1fff80c0        0x1 .\CortexM3\ARM_GCC_541\Debug\network.a(CyLib.o)
                0x1fff80c0                CyResetStatus

.data           0x1fff80c8       0xa0 load address 0x00002ca8
                0x1fff80c8                __cy_region_start_data = .
 *(.jcr)
 .jcr           0x1fff80c8        0x0 c:/program files (x86)/cypress/psoc creator/4.1/psoc creator/import/gnu/arm/5.4.1/bin/../lib/gcc/arm-none-eabi/5.4.1/armv7-m/crtbegin.o
 .jcr           0x1fff80c8        0x4 c:/program files (x86)/cypress/psoc creator/4.1/psoc creator/import/gnu/arm/5.4.1/bin/../lib/gcc/arm-none-eabi/5.4.1/armv7-m/crtend.o
 *(.got.plt)
 *(.got)
 *(.shdata)
 *(.data .data.* .gnu.linkonce.d.*)
 .data          0x1fff80cc        0x1 .\CortexM3\ARM_GCC_541\Debug\main.o
                0x1fff80cc                myAddress
 *fill*         0x1fff80cd        0x3 
 .data          0x1fff80d0        0x4 .\CortexM3\ARM_GCC_541\Debug\receiver.o
 .data          0x1fff80d4        0x4 .\CortexM3\ARM_GCC_541\Debug\Cm3Start.o
 .data          0x1fff80d8       0x10 .\CortexM3\ARM_GCC_541\Debug\network.a(CyLib.o)
                0x1fff80d8                cydelay_32k_ms
                0x1fff80dc                cydelay_freq_khz
                0x1fff80e0                cydelay_freq_mhz
                0x1fff80e4                cydelay_freq_hz
 .data          0x1fff80e8       0x1a .\CortexM3\ARM_GCC_541\Debug\network.a(USBUART_cdc.o)
                0x1fff80e8                USBUART_linesCoding
 *fill*         0x1fff8102        0x2 
 .data.impure_data
                0x1fff8104       0x60 c:/program files (x86)/cypress/psoc creator/4.1/psoc creator/import/gnu/arm/5.4.1/bin/../lib/gcc/arm-none-eabi/5.4.1/../../../../arm-none-eabi/lib/armv7-m\libg_nano.a(lib_a-impure.o)
 .data._impure_ptr
                0x1fff8164        0x4 c:/program files (x86)/cypress/psoc creator/4.1/psoc creator/import/gnu/arm/5.4.1/bin/../lib/gcc/arm-none-eabi/5.4.1/../../../../arm-none-eabi/lib/armv7-m\libg_nano.a(lib_a-impure.o)
                0x1fff8164                _impure_ptr
                0x1fff8168                . = ALIGN (0x8)
 *(.ram)
                0x1fff8168                _edata = .

.igot.plt       0x1fff8168        0x0 load address 0x00002d48
 .igot.plt      0x1fff8168        0x0 c:/program files (x86)/cypress/psoc creator/4.1/psoc creator/import/gnu/arm/5.4.1/bin/../lib/gcc/arm-none-eabi/5.4.1/armv7-m/crtbegin.o

.bss            0x1fff8168      0x180 load address 0x00002d48
                0x1fff8168                PROVIDE (__bss_start__, .)
 *(.shbss)
 *(.bss .bss.* .gnu.linkonce.b.*)
 .bss           0x1fff8168       0x1c c:/program files (x86)/cypress/psoc creator/4.1/psoc creator/import/gnu/arm/5.4.1/bin/../lib/gcc/arm-none-eabi/5.4.1/armv7-m/crtbegin.o
 .bss           0x1fff8184        0x1 .\CortexM3\ARM_GCC_541\Debug\main.o
                0x1fff8184                transmitting
 *fill*         0x1fff8185        0x3 
 .bss           0x1fff8188       0x39 .\CortexM3\ARM_GCC_541\Debug\receiver.o
 *fill*         0x1fff81c1        0x3 
 .bss           0x1fff81c4       0x34 .\CortexM3\ARM_GCC_541\Debug\transmitter.o
                0x1fff81c4                collisionOccured
                0x1fff81c5                currentState
 .bss           0x1fff81f8        0x1 .\CortexM3\ARM_GCC_541\Debug\network.a(USBUART.o)
                0x1fff81f8                USBUART_initVar
 .bss           0x1fff81f9        0x1 .\CortexM3\ARM_GCC_541\Debug\network.a(USBUART_cdc.o)
 *fill*         0x1fff81fa        0x2 
 .bss           0x1fff81fc        0x2 .\CortexM3\ARM_GCC_541\Debug\network.a(USBUART_std.o)
 .bss           0x1fff81fe        0x1 .\CortexM3\ARM_GCC_541\Debug\network.a(RX_TIMER.o)
                0x1fff81fe                RX_TIMER_initVar
 .bss           0x1fff81ff        0x1 .\CortexM3\ARM_GCC_541\Debug\network.a(TX_TIMER.o)
                0x1fff81ff                TX_TIMER_initVar
 .bss.__malloc_sbrk_start
                0x1fff8200        0x4 c:/program files (x86)/cypress/psoc creator/4.1/psoc creator/import/gnu/arm/5.4.1/bin/../lib/gcc/arm-none-eabi/5.4.1/../../../../arm-none-eabi/lib/armv7-m\libg_nano.a(lib_a-nano-mallocr.o)
                0x1fff8200                __malloc_sbrk_start
 .bss.__malloc_free_list
                0x1fff8204        0x4 c:/program files (x86)/cypress/psoc creator/4.1/psoc creator/import/gnu/arm/5.4.1/bin/../lib/gcc/arm-none-eabi/5.4.1/../../../../arm-none-eabi/lib/armv7-m\libg_nano.a(lib_a-nano-mallocr.o)
                0x1fff8204                __malloc_free_list
 *(COMMON)
 COMMON         0x1fff8208       0x18 .\CortexM3\ARM_GCC_541\Debug\network.a(USBUART_cdc.o)
                0x1fff8208                USBUART_linesChanged
                0x1fff820c                USBUART_cdcDataInEp
                0x1fff8210                USBUART_cdcCommInInterruptEp
                0x1fff8214                USBUART_cdcDataOutEp
                0x1fff8218                USBUART_serialStateBitmap
                0x1fff821c                USBUART_linesControlBitmap
 COMMON         0x1fff8220       0x9a .\CortexM3\ARM_GCC_541\Debug\network.a(USBUART_drv.o)
                0x1fff8220                USBUART_lastPacketSize
                0x1fff8221                USBUART_device
                0x1fff8222                USBUART_transferByteCount
                0x1fff8224                USBUART_transferState
                0x1fff8228                USBUART_interfaceSettingLast
                0x1fff822c                USBUART_currentTD
                0x1fff8238                USBUART_interfaceNumber
                0x1fff823c                USBUART_interfaceClass
                0x1fff8240                USBUART_configurationChanged
                0x1fff8241                USBUART_ep0Mode
                0x1fff8242                USBUART_deviceAddress
                0x1fff8243                USBUART_configuration
                0x1fff8244                USBUART_ep0Count
                0x1fff8245                USBUART_deviceStatus
                0x1fff8248                USBUART_EP
                0x1fff82b4                USBUART_interfaceSetting
                0x1fff82b6                USBUART_ep0Toggle
                0x1fff82b8                USBUART_interfaceStatus
 *fill*         0x1fff82ba        0x2 
 COMMON         0x1fff82bc       0x22 .\CortexM3\ARM_GCC_541\Debug\network.a(USBUART_descr.o)
                0x1fff82bc                USBUART_idSerialNumberStringDescriptor
 *fill*         0x1fff82de        0x2 
 COMMON         0x1fff82e0        0x4 c:/program files (x86)/cypress/psoc creator/4.1/psoc creator/import/gnu/arm/5.4.1/bin/../lib/gcc/arm-none-eabi/5.4.1/../../../../arm-none-eabi/lib/armv7-m\libg_nano.a(lib_a-reent.o)
                0x1fff82e0                errno
                0x1fff82e8                . = ALIGN (0x8)
 *fill*         0x1fff82e4        0x4 
 *(.ram.b)
                0x1fff82e8                _end = .
                0x1fff82e8                __end = .
                0x1fff82e8                PROVIDE (end, .)
                0x1fff82e8                PROVIDE (__bss_end__, .)
                0x00002ca8                __cy_region_init_ram = LOADADDR (.data)
                0x000000a0                __cy_region_init_size_ram = (_edata - ADDR (.data))
                0x00000180                __cy_region_zero_size_ram = (_end - _edata)

.heap           0x1fff82e8       0x80 load address 0x00002d48
                0x1fff82e8                . = _end
                0x1fff8368                . = (. + 0x80)
 *fill*         0x1fff82e8       0x80 
                0x1fff8368                __cy_heap_limit = .

.stack          0x20007800      0x800
                0x20007800                __cy_stack_limit = .
                0x20008000                . = (. + 0x800)
 *fill*         0x20007800      0x800 
                0x00000001                ASSERT ((__cy_stack_limit >= __cy_heap_limit), region RAM overflowed with stack)
                0x00000000                cy_checksum_exclude_size = (CY_APPL_LOADABLE == 0x1)?SIZEOF (.cy_checksum_exclude):0x0
                0x00000001                ASSERT ((cy_checksum_exclude_size <= CY_CHECKSUM_EXCLUDE_SIZE), CY_BOOT: Section .cy_checksum_exclude size exceedes specified limit.)

.cyloadermeta
 *(.cyloadermeta)

.cyloadablemeta
 *(.cyloadablemeta)

.cyconfigecc    0x80000000      0x2d4
 *(.cyconfigecc)
 .cyconfigecc   0x80000000      0x2d4 .\CortexM3\ARM_GCC_541\Debug\cymetadata.o
                0x80000000                cy_meta_configecc

.cycustnvl      0x90000000        0x4
 *(.cycustnvl)
 .cycustnvl     0x90000000        0x4 .\CortexM3\ARM_GCC_541\Debug\cymetadata.o
                0x90000000                cy_meta_custnvl

.cywolatch      0x90100000        0x4
 *(.cywolatch)
 .cywolatch     0x90100000        0x4 .\CortexM3\ARM_GCC_541\Debug\cymetadata.o
                0x90100000                cy_meta_wonvl

.cyeeprom       0x90200000        0x0
 *(.cyeeprom)
                0x00000001                ASSERT ((. <= ((0x90200000 + ee_offset) + ee_size)), .cyeeprom data will not fit in EEPROM)

.cyflashprotect
                0x90400000      0x100
 *(.cyflashprotect)
 .cyflashprotect
                0x90400000      0x100 .\CortexM3\ARM_GCC_541\Debug\cymetadata.o
                0x90400000                cy_meta_flashprotect

.cymeta         0x90500000        0xc
 *(.cymeta)
 .cymeta        0x90500000        0xc .\CortexM3\ARM_GCC_541\Debug\cymetadata.o
                0x90500000                cy_metadata

.rel.dyn        0x00002d48        0x0 load address 0x9050000c
 .rel.iplt      0x00002d48        0x0 c:/program files (x86)/cypress/psoc creator/4.1/psoc creator/import/gnu/arm/5.4.1/bin/../lib/gcc/arm-none-eabi/5.4.1/armv7-m/crtbegin.o

.stab
 *(.stab)

.stabstr
 *(.stabstr)

.debug
 *(.debug)

.line
 *(.line)

.debug_srcinfo
 *(.debug_srcinfo)

.debug_sfnames
 *(.debug_sfnames)

.debug_aranges  0x00000000      0xd78
 *(.debug_aranges)
 .debug_aranges
                0x00000000       0x38 .\CortexM3\ARM_GCC_541\Debug\main.o
 .debug_aranges
                0x00000038       0x40 .\CortexM3\ARM_GCC_541\Debug\receiver.o
 .debug_aranges
                0x00000078       0x48 .\CortexM3\ARM_GCC_541\Debug\transmitter.o
 .debug_aranges
                0x000000c0       0x58 .\CortexM3\ARM_GCC_541\Debug\cyfitter_cfg.o
 .debug_aranges
                0x00000118       0x18 .\CortexM3\ARM_GCC_541\Debug\cymetadata.o
 .debug_aranges
                0x00000130       0x48 .\CortexM3\ARM_GCC_541\Debug\Cm3Start.o
 .debug_aranges
                0x00000178       0x38 .\CortexM3\ARM_GCC_541\Debug\network.a(IDLE_PIN.o)
 .debug_aranges
                0x000001b0       0x38 .\CortexM3\ARM_GCC_541\Debug\network.a(BUSY_PIN.o)
 .debug_aranges
                0x000001e8       0x38 .\CortexM3\ARM_GCC_541\Debug\network.a(COLLISION_PIN.o)
 .debug_aranges
                0x00000220      0x2a0 .\CortexM3\ARM_GCC_541\Debug\network.a(CyLib.o)
 .debug_aranges
                0x000004c0       0x98 .\CortexM3\ARM_GCC_541\Debug\network.a(cyPm.o)
 .debug_aranges
                0x00000558       0xc8 .\CortexM3\ARM_GCC_541\Debug\network.a(USBUART.o)
 .debug_aranges
                0x00000620       0xe8 .\CortexM3\ARM_GCC_541\Debug\network.a(USBUART_cdc.o)
 .debug_aranges
                0x00000708       0x98 .\CortexM3\ARM_GCC_541\Debug\network.a(USBUART_drv.o)
 .debug_aranges
                0x000007a0       0x40 .\CortexM3\ARM_GCC_541\Debug\network.a(USBUART_episr.o)
 .debug_aranges
                0x000007e0       0x40 .\CortexM3\ARM_GCC_541\Debug\network.a(USBUART_pm.o)
 .debug_aranges
                0x00000820       0x80 .\CortexM3\ARM_GCC_541\Debug\network.a(USBUART_std.o)
 .debug_aranges
                0x000008a0       0x20 .\CortexM3\ARM_GCC_541\Debug\network.a(USBUART_vnd.o)
 .debug_aranges
                0x000008c0       0x48 .\CortexM3\ARM_GCC_541\Debug\network.a(USBUART_Dp.o)
 .debug_aranges
                0x00000908       0x38 .\CortexM3\ARM_GCC_541\Debug\network.a(TX_PIN.o)
 .debug_aranges
                0x00000940       0x48 .\CortexM3\ARM_GCC_541\Debug\network.a(RX_PIN.o)
 .debug_aranges
                0x00000988       0x90 .\CortexM3\ARM_GCC_541\Debug\network.a(RX_TIMER.o)
 .debug_aranges
                0x00000a18       0x80 .\CortexM3\ARM_GCC_541\Debug\network.a(RX_PIN_INTERRUPT.o)
 .debug_aranges
                0x00000a98       0x80 .\CortexM3\ARM_GCC_541\Debug\network.a(RX_TIMER_INTERRUPT.o)
 .debug_aranges
                0x00000b18       0x90 .\CortexM3\ARM_GCC_541\Debug\network.a(TX_TIMER.o)
 .debug_aranges
                0x00000ba8       0x80 .\CortexM3\ARM_GCC_541\Debug\network.a(TX_TIMER_INTERRUPT.o)
 .debug_aranges
                0x00000c28       0x20 .\CortexM3\ARM_GCC_541\Debug\network.a(CyBootAsmGnu.o)
 .debug_aranges
                0x00000c48       0x80 .\CortexM3\ARM_GCC_541\Debug\network.a(CyFlash.o)
 .debug_aranges
                0x00000cc8       0x78 .\CortexM3\ARM_GCC_541\Debug\network.a(CySpc.o)
 .debug_aranges
                0x00000d40       0x20 .\CortexM3\ARM_GCC_541\Debug\network.a(USBUART_cls.o)
 .debug_aranges
                0x00000d60       0x18 .\CortexM3\ARM_GCC_541\Debug\network.a(USBUART_descr.o)

.debug_pubnames
 *(.debug_pubnames)

.debug_info     0x00000000     0x8599
 *(.debug_info .gnu.linkonce.wi.*)
 .debug_info    0x00000000      0x316 .\CortexM3\ARM_GCC_541\Debug\main.o
 .debug_info    0x00000316      0x389 .\CortexM3\ARM_GCC_541\Debug\receiver.o
 .debug_info    0x0000069f      0x5ee .\CortexM3\ARM_GCC_541\Debug\transmitter.o
 .debug_info    0x00000c8d      0x4ee .\CortexM3\ARM_GCC_541\Debug\cyfitter_cfg.o
 .debug_info    0x0000117b      0x135 .\CortexM3\ARM_GCC_541\Debug\cymetadata.o
 .debug_info    0x000012b0      0x3bb .\CortexM3\ARM_GCC_541\Debug\Cm3Start.o
 .debug_info    0x0000166b      0x11f .\CortexM3\ARM_GCC_541\Debug\network.a(IDLE_PIN.o)
 .debug_info    0x0000178a      0x11f .\CortexM3\ARM_GCC_541\Debug\network.a(BUSY_PIN.o)
 .debug_info    0x000018a9      0x11f .\CortexM3\ARM_GCC_541\Debug\network.a(COLLISION_PIN.o)
 .debug_info    0x000019c8     0x1374 .\CortexM3\ARM_GCC_541\Debug\network.a(CyLib.o)
 .debug_info    0x00002d3c      0xa2a .\CortexM3\ARM_GCC_541\Debug\network.a(cyPm.o)
 .debug_info    0x00003766      0x991 .\CortexM3\ARM_GCC_541\Debug\network.a(USBUART.o)
 .debug_info    0x000040f7      0xaf7 .\CortexM3\ARM_GCC_541\Debug\network.a(USBUART_cdc.o)
 .debug_info    0x00004bee      0x655 .\CortexM3\ARM_GCC_541\Debug\network.a(USBUART_drv.o)
 .debug_info    0x00005243      0x254 .\CortexM3\ARM_GCC_541\Debug\network.a(USBUART_episr.o)
 .debug_info    0x00005497      0x2e4 .\CortexM3\ARM_GCC_541\Debug\network.a(USBUART_pm.o)
 .debug_info    0x0000577b      0xb26 .\CortexM3\ARM_GCC_541\Debug\network.a(USBUART_std.o)
 .debug_info    0x000062a1       0xed .\CortexM3\ARM_GCC_541\Debug\network.a(USBUART_vnd.o)
 .debug_info    0x0000638e      0x174 .\CortexM3\ARM_GCC_541\Debug\network.a(USBUART_Dp.o)
 .debug_info    0x00006502      0x11f .\CortexM3\ARM_GCC_541\Debug\network.a(TX_PIN.o)
 .debug_info    0x00006621      0x174 .\CortexM3\ARM_GCC_541\Debug\network.a(RX_PIN.o)
 .debug_info    0x00006795      0x2f0 .\CortexM3\ARM_GCC_541\Debug\network.a(RX_TIMER.o)
 .debug_info    0x00006a85      0x2d2 .\CortexM3\ARM_GCC_541\Debug\network.a(RX_PIN_INTERRUPT.o)
 .debug_info    0x00006d57      0x2d2 .\CortexM3\ARM_GCC_541\Debug\network.a(RX_TIMER_INTERRUPT.o)
 .debug_info    0x00007029      0x2f0 .\CortexM3\ARM_GCC_541\Debug\network.a(TX_TIMER.o)
 .debug_info    0x00007319      0x2d2 .\CortexM3\ARM_GCC_541\Debug\network.a(TX_TIMER_INTERRUPT.o)
 .debug_info    0x000075eb       0x8c .\CortexM3\ARM_GCC_541\Debug\network.a(CyBootAsmGnu.o)
 .debug_info    0x00007677      0x5b8 .\CortexM3\ARM_GCC_541\Debug\network.a(CyFlash.o)
 .debug_info    0x00007c2f      0x4e9 .\CortexM3\ARM_GCC_541\Debug\network.a(CySpc.o)
 .debug_info    0x00008118      0x1de .\CortexM3\ARM_GCC_541\Debug\network.a(USBUART_cls.o)
 .debug_info    0x000082f6      0x2a3 .\CortexM3\ARM_GCC_541\Debug\network.a(USBUART_descr.o)

.debug_abbrev   0x00000000     0x25ad
 *(.debug_abbrev)
 .debug_abbrev  0x00000000       0xdf .\CortexM3\ARM_GCC_541\Debug\main.o
 .debug_abbrev  0x000000df      0x176 .\CortexM3\ARM_GCC_541\Debug\receiver.o
 .debug_abbrev  0x00000255      0x17e .\CortexM3\ARM_GCC_541\Debug\transmitter.o
 .debug_abbrev  0x000003d3      0x1fe .\CortexM3\ARM_GCC_541\Debug\cyfitter_cfg.o
 .debug_abbrev  0x000005d1       0x66 .\CortexM3\ARM_GCC_541\Debug\cymetadata.o
 .debug_abbrev  0x00000637      0x1e8 .\CortexM3\ARM_GCC_541\Debug\Cm3Start.o
 .debug_abbrev  0x0000081f       0x90 .\CortexM3\ARM_GCC_541\Debug\network.a(IDLE_PIN.o)
 .debug_abbrev  0x000008af       0x90 .\CortexM3\ARM_GCC_541\Debug\network.a(BUSY_PIN.o)
 .debug_abbrev  0x0000093f       0x90 .\CortexM3\ARM_GCC_541\Debug\network.a(COLLISION_PIN.o)
 .debug_abbrev  0x000009cf      0x254 .\CortexM3\ARM_GCC_541\Debug\network.a(CyLib.o)
 .debug_abbrev  0x00000c23      0x1ab .\CortexM3\ARM_GCC_541\Debug\network.a(cyPm.o)
 .debug_abbrev  0x00000dce      0x215 .\CortexM3\ARM_GCC_541\Debug\network.a(USBUART.o)
 .debug_abbrev  0x00000fe3      0x245 .\CortexM3\ARM_GCC_541\Debug\network.a(USBUART_cdc.o)
 .debug_abbrev  0x00001228      0x189 .\CortexM3\ARM_GCC_541\Debug\network.a(USBUART_drv.o)
 .debug_abbrev  0x000013b1      0x11b .\CortexM3\ARM_GCC_541\Debug\network.a(USBUART_episr.o)
 .debug_abbrev  0x000014cc      0x108 .\CortexM3\ARM_GCC_541\Debug\network.a(USBUART_pm.o)
 .debug_abbrev  0x000015d4      0x20a .\CortexM3\ARM_GCC_541\Debug\network.a(USBUART_std.o)
 .debug_abbrev  0x000017de       0x9b .\CortexM3\ARM_GCC_541\Debug\network.a(USBUART_vnd.o)
 .debug_abbrev  0x00001879       0x90 .\CortexM3\ARM_GCC_541\Debug\network.a(USBUART_Dp.o)
 .debug_abbrev  0x00001909       0x90 .\CortexM3\ARM_GCC_541\Debug\network.a(TX_PIN.o)
 .debug_abbrev  0x00001999       0x90 .\CortexM3\ARM_GCC_541\Debug\network.a(RX_PIN.o)
 .debug_abbrev  0x00001a29      0x12b .\CortexM3\ARM_GCC_541\Debug\network.a(RX_TIMER.o)
 .debug_abbrev  0x00001b54      0x173 .\CortexM3\ARM_GCC_541\Debug\network.a(RX_PIN_INTERRUPT.o)
 .debug_abbrev  0x00001cc7      0x173 .\CortexM3\ARM_GCC_541\Debug\network.a(RX_TIMER_INTERRUPT.o)
 .debug_abbrev  0x00001e3a      0x12b .\CortexM3\ARM_GCC_541\Debug\network.a(TX_TIMER.o)
 .debug_abbrev  0x00001f65      0x173 .\CortexM3\ARM_GCC_541\Debug\network.a(TX_TIMER_INTERRUPT.o)
 .debug_abbrev  0x000020d8       0x14 .\CortexM3\ARM_GCC_541\Debug\network.a(CyBootAsmGnu.o)
 .debug_abbrev  0x000020ec      0x198 .\CortexM3\ARM_GCC_541\Debug\network.a(CyFlash.o)
 .debug_abbrev  0x00002284      0x194 .\CortexM3\ARM_GCC_541\Debug\network.a(CySpc.o)
 .debug_abbrev  0x00002418       0xe1 .\CortexM3\ARM_GCC_541\Debug\network.a(USBUART_cls.o)
 .debug_abbrev  0x000024f9       0xb4 .\CortexM3\ARM_GCC_541\Debug\network.a(USBUART_descr.o)

.debug_line     0x00000000     0x3729
 *(.debug_line)
 .debug_line    0x00000000      0x24c .\CortexM3\ARM_GCC_541\Debug\main.o
 .debug_line    0x0000024c      0x29c .\CortexM3\ARM_GCC_541\Debug\receiver.o
 .debug_line    0x000004e8      0x35b .\CortexM3\ARM_GCC_541\Debug\transmitter.o
 .debug_line    0x00000843      0x1d4 .\CortexM3\ARM_GCC_541\Debug\cyfitter_cfg.o
 .debug_line    0x00000a17      0x141 .\CortexM3\ARM_GCC_541\Debug\cymetadata.o
 .debug_line    0x00000b58      0x234 .\CortexM3\ARM_GCC_541\Debug\Cm3Start.o
 .debug_line    0x00000d8c       0x95 .\CortexM3\ARM_GCC_541\Debug\network.a(IDLE_PIN.o)
 .debug_line    0x00000e21       0x95 .\CortexM3\ARM_GCC_541\Debug\network.a(BUSY_PIN.o)
 .debug_line    0x00000eb6       0x9a .\CortexM3\ARM_GCC_541\Debug\network.a(COLLISION_PIN.o)
 .debug_line    0x00000f50      0x816 .\CortexM3\ARM_GCC_541\Debug\network.a(CyLib.o)
 .debug_line    0x00001766      0x367 .\CortexM3\ARM_GCC_541\Debug\network.a(cyPm.o)
 .debug_line    0x00001acd      0x2dc .\CortexM3\ARM_GCC_541\Debug\network.a(USBUART.o)
 .debug_line    0x00001da9      0x2f2 .\CortexM3\ARM_GCC_541\Debug\network.a(USBUART_cdc.o)
 .debug_line    0x0000209b      0x221 .\CortexM3\ARM_GCC_541\Debug\network.a(USBUART_drv.o)
 .debug_line    0x000022bc       0xe6 .\CortexM3\ARM_GCC_541\Debug\network.a(USBUART_episr.o)
 .debug_line    0x000023a2      0x10e .\CortexM3\ARM_GCC_541\Debug\network.a(USBUART_pm.o)
 .debug_line    0x000024b0      0x3e2 .\CortexM3\ARM_GCC_541\Debug\network.a(USBUART_std.o)
 .debug_line    0x00002892       0x73 .\CortexM3\ARM_GCC_541\Debug\network.a(USBUART_vnd.o)
 .debug_line    0x00002905       0xbb .\CortexM3\ARM_GCC_541\Debug\network.a(USBUART_Dp.o)
 .debug_line    0x000029c0       0x93 .\CortexM3\ARM_GCC_541\Debug\network.a(TX_PIN.o)
 .debug_line    0x00002a53       0xb7 .\CortexM3\ARM_GCC_541\Debug\network.a(RX_PIN.o)
 .debug_line    0x00002b0a      0x173 .\CortexM3\ARM_GCC_541\Debug\network.a(RX_TIMER.o)
 .debug_line    0x00002c7d      0x13d .\CortexM3\ARM_GCC_541\Debug\network.a(RX_PIN_INTERRUPT.o)
 .debug_line    0x00002dba      0x13f .\CortexM3\ARM_GCC_541\Debug\network.a(RX_TIMER_INTERRUPT.o)
 .debug_line    0x00002ef9      0x173 .\CortexM3\ARM_GCC_541\Debug\network.a(TX_TIMER.o)
 .debug_line    0x0000306c      0x13f .\CortexM3\ARM_GCC_541\Debug\network.a(TX_TIMER_INTERRUPT.o)
 .debug_line    0x000031ab       0x66 .\CortexM3\ARM_GCC_541\Debug\network.a(CyBootAsmGnu.o)
 .debug_line    0x00003211      0x1e9 .\CortexM3\ARM_GCC_541\Debug\network.a(CyFlash.o)
 .debug_line    0x000033fa      0x23c .\CortexM3\ARM_GCC_541\Debug\network.a(CySpc.o)
 .debug_line    0x00003636       0x92 .\CortexM3\ARM_GCC_541\Debug\network.a(USBUART_cls.o)
 .debug_line    0x000036c8       0x61 .\CortexM3\ARM_GCC_541\Debug\network.a(USBUART_descr.o)

.debug_frame    0x00000000     0x2428
 *(.debug_frame)
 .debug_frame   0x00000000       0x80 .\CortexM3\ARM_GCC_541\Debug\main.o
 .debug_frame   0x00000080       0xb0 .\CortexM3\ARM_GCC_541\Debug\receiver.o
 .debug_frame   0x00000130       0xcc .\CortexM3\ARM_GCC_541\Debug\transmitter.o
 .debug_frame   0x000001fc       0xe4 .\CortexM3\ARM_GCC_541\Debug\cyfitter_cfg.o
 .debug_frame   0x000002e0       0xb8 .\CortexM3\ARM_GCC_541\Debug\Cm3Start.o
 .debug_frame   0x00000398       0x50 .\CortexM3\ARM_GCC_541\Debug\network.a(IDLE_PIN.o)
 .debug_frame   0x000003e8       0x50 .\CortexM3\ARM_GCC_541\Debug\network.a(BUSY_PIN.o)
 .debug_frame   0x00000438       0x50 .\CortexM3\ARM_GCC_541\Debug\network.a(COLLISION_PIN.o)
 .debug_frame   0x00000488      0x738 .\CortexM3\ARM_GCC_541\Debug\network.a(CyLib.o)
 .debug_frame   0x00000bc0      0x1f8 .\CortexM3\ARM_GCC_541\Debug\network.a(cyPm.o)
 .debug_frame   0x00000db8      0x1dc .\CortexM3\ARM_GCC_541\Debug\network.a(USBUART.o)
 .debug_frame   0x00000f94      0x27c .\CortexM3\ARM_GCC_541\Debug\network.a(USBUART_cdc.o)
 .debug_frame   0x00001210      0x194 .\CortexM3\ARM_GCC_541\Debug\network.a(USBUART_drv.o)
 .debug_frame   0x000013a4       0x6c .\CortexM3\ARM_GCC_541\Debug\network.a(USBUART_episr.o)
 .debug_frame   0x00001410       0xa0 .\CortexM3\ARM_GCC_541\Debug\network.a(USBUART_pm.o)
 .debug_frame   0x000014b0      0x17c .\CortexM3\ARM_GCC_541\Debug\network.a(USBUART_std.o)
 .debug_frame   0x0000162c       0x20 .\CortexM3\ARM_GCC_541\Debug\network.a(USBUART_vnd.o)
 .debug_frame   0x0000164c       0x70 .\CortexM3\ARM_GCC_541\Debug\network.a(USBUART_Dp.o)
 .debug_frame   0x000016bc       0x50 .\CortexM3\ARM_GCC_541\Debug\network.a(TX_PIN.o)
 .debug_frame   0x0000170c       0x70 .\CortexM3\ARM_GCC_541\Debug\network.a(RX_PIN.o)
 .debug_frame   0x0000177c      0x124 .\CortexM3\ARM_GCC_541\Debug\network.a(RX_TIMER.o)
 .debug_frame   0x000018a0      0x104 .\CortexM3\ARM_GCC_541\Debug\network.a(RX_PIN_INTERRUPT.o)
 .debug_frame   0x000019a4      0x104 .\CortexM3\ARM_GCC_541\Debug\network.a(RX_TIMER_INTERRUPT.o)
 .debug_frame   0x00001aa8      0x124 .\CortexM3\ARM_GCC_541\Debug\network.a(TX_TIMER.o)
 .debug_frame   0x00001bcc      0x104 .\CortexM3\ARM_GCC_541\Debug\network.a(TX_TIMER_INTERRUPT.o)
 .debug_frame   0x00001cd0      0x174 .\CortexM3\ARM_GCC_541\Debug\network.a(CyFlash.o)
 .debug_frame   0x00001e44      0x160 .\CortexM3\ARM_GCC_541\Debug\network.a(CySpc.o)
 .debug_frame   0x00001fa4       0x2c .\CortexM3\ARM_GCC_541\Debug\network.a(USBUART_cls.o)
 .debug_frame   0x00001fd0       0x20 c:/program files (x86)/cypress/psoc creator/4.1/psoc creator/import/gnu/arm/5.4.1/bin/../lib/gcc/arm-none-eabi/5.4.1/../../../../arm-none-eabi/lib/armv7-m\libg_nano.a(lib_a-errno.o)
 .debug_frame   0x00001ff0       0x28 c:/program files (x86)/cypress/psoc creator/4.1/psoc creator/import/gnu/arm/5.4.1/bin/../lib/gcc/arm-none-eabi/5.4.1/../../../../arm-none-eabi/lib/armv7-m\libg_nano.a(lib_a-exit.o)
 .debug_frame   0x00002018       0x2c c:/program files (x86)/cypress/psoc creator/4.1/psoc creator/import/gnu/arm/5.4.1/bin/../lib/gcc/arm-none-eabi/5.4.1/../../../../arm-none-eabi/lib/armv7-m\libg_nano.a(lib_a-init.o)
 .debug_frame   0x00002044       0x28 c:/program files (x86)/cypress/psoc creator/4.1/psoc creator/import/gnu/arm/5.4.1/bin/../lib/gcc/arm-none-eabi/5.4.1/../../../../arm-none-eabi/lib/armv7-m\libg_nano.a(lib_a-memcpy-stub.o)
 .debug_frame   0x0000206c       0x20 c:/program files (x86)/cypress/psoc creator/4.1/psoc creator/import/gnu/arm/5.4.1/bin/../lib/gcc/arm-none-eabi/5.4.1/../../../../arm-none-eabi/lib/armv7-m\libg_nano.a(lib_a-memset.o)
 .debug_frame   0x0000208c       0x44 c:/program files (x86)/cypress/psoc creator/4.1/psoc creator/import/gnu/arm/5.4.1/bin/../lib/gcc/arm-none-eabi/5.4.1/../../../../arm-none-eabi/lib/armv7-m\libg_nano.a(lib_a-rand.o)
 .debug_frame   0x000020d0       0x70 c:/program files (x86)/cypress/psoc creator/4.1/psoc creator/import/gnu/arm/5.4.1/bin/../lib/gcc/arm-none-eabi/5.4.1/../../../../arm-none-eabi/lib/armv7-m\libg_nano.a(lib_a-sprintf.o)
 .debug_frame   0x00002140       0x30 c:/program files (x86)/cypress/psoc creator/4.1/psoc creator/import/gnu/arm/5.4.1/bin/../lib/gcc/arm-none-eabi/5.4.1/../../../../arm-none-eabi/lib/armv7-m\libg_nano.a(lib_a-malloc.o)
 .debug_frame   0x00002170       0x38 c:/program files (x86)/cypress/psoc creator/4.1/psoc creator/import/gnu/arm/5.4.1/bin/../lib/gcc/arm-none-eabi/5.4.1/../../../../arm-none-eabi/lib/armv7-m\libg_nano.a(lib_a-nano-freer.o)
 .debug_frame   0x000021a8       0x2c c:/program files (x86)/cypress/psoc creator/4.1/psoc creator/import/gnu/arm/5.4.1/bin/../lib/gcc/arm-none-eabi/5.4.1/../../../../arm-none-eabi/lib/armv7-m\libg_nano.a(lib_a-nano-mallocr.o)
 .debug_frame   0x000021d4       0x90 c:/program files (x86)/cypress/psoc creator/4.1/psoc creator/import/gnu/arm/5.4.1/bin/../lib/gcc/arm-none-eabi/5.4.1/../../../../arm-none-eabi/lib/armv7-m\libg_nano.a(lib_a-nano-svfprintf.o)
 .debug_frame   0x00002264       0x60 c:/program files (x86)/cypress/psoc creator/4.1/psoc creator/import/gnu/arm/5.4.1/bin/../lib/gcc/arm-none-eabi/5.4.1/../../../../arm-none-eabi/lib/armv7-m\libg_nano.a(lib_a-nano-vfprintf_i.o)
 .debug_frame   0x000022c4       0x2c c:/program files (x86)/cypress/psoc creator/4.1/psoc creator/import/gnu/arm/5.4.1/bin/../lib/gcc/arm-none-eabi/5.4.1/../../../../arm-none-eabi/lib/armv7-m\libg_nano.a(lib_a-sbrkr.o)
 .debug_frame   0x000022f0       0x28 c:/program files (x86)/cypress/psoc creator/4.1/psoc creator/import/gnu/arm/5.4.1/bin/../lib/gcc/arm-none-eabi/5.4.1/../../../../arm-none-eabi/lib/armv7-m\libg_nano.a(lib_a-memchr-stub.o)
 .debug_frame   0x00002318       0x28 c:/program files (x86)/cypress/psoc creator/4.1/psoc creator/import/gnu/arm/5.4.1/bin/../lib/gcc/arm-none-eabi/5.4.1/../../../../arm-none-eabi/lib/armv7-m\libg_nano.a(lib_a-memmove.o)
 .debug_frame   0x00002340       0x30 c:/program files (x86)/cypress/psoc creator/4.1/psoc creator/import/gnu/arm/5.4.1/bin/../lib/gcc/arm-none-eabi/5.4.1/../../../../arm-none-eabi/lib/armv7-m\libg_nano.a(lib_a-mlock.o)
 .debug_frame   0x00002370       0x3c c:/program files (x86)/cypress/psoc creator/4.1/psoc creator/import/gnu/arm/5.4.1/bin/../lib/gcc/arm-none-eabi/5.4.1/../../../../arm-none-eabi/lib/armv7-m\libg_nano.a(lib_a-nano-reallocr.o)
 .debug_frame   0x000023ac       0x5c c:/program files (x86)/cypress/psoc creator/4.1/psoc creator/import/gnu/arm/5.4.1/bin/../lib/gcc/arm-none-eabi/5.4.1/../../../../arm-none-eabi/lib/armv7-m\libg_nano.a(lib_a-reent.o)
 .debug_frame   0x00002408       0x20 c:/program files (x86)/cypress/psoc creator/4.1/psoc creator/import/gnu/arm/5.4.1/bin/../lib/gcc/arm-none-eabi/5.4.1/../../../../arm-none-eabi/lib/armv7-m\libg_nano.a(lib_a-nano-msizer.o)

.debug_str      0x00000000     0x304a
 *(.debug_str)
 .debug_str     0x00000000      0x350 .\CortexM3\ARM_GCC_541\Debug\main.o
                                0x3a0 (size before relaxing)
 .debug_str     0x00000350       0xa7 .\CortexM3\ARM_GCC_541\Debug\receiver.o
                                0x2b8 (size before relaxing)
 .debug_str     0x000003f7      0x12f .\CortexM3\ARM_GCC_541\Debug\transmitter.o
                                0x386 (size before relaxing)
 .debug_str     0x00000526      0x181 .\CortexM3\ARM_GCC_541\Debug\cyfitter_cfg.o
                                0x30b (size before relaxing)
 .debug_str     0x000006a7       0x75 .\CortexM3\ARM_GCC_541\Debug\cymetadata.o
                                0x1e0 (size before relaxing)
 .debug_str     0x0000071c      0x144 .\CortexM3\ARM_GCC_541\Debug\Cm3Start.o
                                0x306 (size before relaxing)
 .debug_str     0x00000860       0x6b .\CortexM3\ARM_GCC_541\Debug\network.a(IDLE_PIN.o)
                                0x1ed (size before relaxing)
 .debug_str     0x000008cb       0x5b .\CortexM3\ARM_GCC_541\Debug\network.a(BUSY_PIN.o)
                                0x1ed (size before relaxing)
 .debug_str     0x00000926       0x6f .\CortexM3\ARM_GCC_541\Debug\network.a(COLLISION_PIN.o)
                                0x206 (size before relaxing)
 .debug_str     0x00000995      0x827 .\CortexM3\ARM_GCC_541\Debug\network.a(CyLib.o)
                                0xa43 (size before relaxing)
 .debug_str     0x000011bc      0x365 .\CortexM3\ARM_GCC_541\Debug\network.a(cyPm.o)
                                0x72f (size before relaxing)
 .debug_str     0x00001521      0x422 .\CortexM3\ARM_GCC_541\Debug\network.a(USBUART.o)
                                0x666 (size before relaxing)
 .debug_str     0x00001943      0x4d5 .\CortexM3\ARM_GCC_541\Debug\network.a(USBUART_cdc.o)
                                0x7cd (size before relaxing)
 .debug_str     0x00001e18      0x291 .\CortexM3\ARM_GCC_541\Debug\network.a(USBUART_drv.o)
                                0x644 (size before relaxing)
 .debug_str     0x000020a9       0x80 .\CortexM3\ARM_GCC_541\Debug\network.a(USBUART_episr.o)
                                0x2db (size before relaxing)
 .debug_str     0x00002129       0xd2 .\CortexM3\ARM_GCC_541\Debug\network.a(USBUART_pm.o)
                                0x2ec (size before relaxing)
 .debug_str     0x000021fb      0x259 .\CortexM3\ARM_GCC_541\Debug\network.a(USBUART_std.o)
                                0x7b3 (size before relaxing)
 .debug_str     0x00002454       0x25 .\CortexM3\ARM_GCC_541\Debug\network.a(USBUART_vnd.o)
                                0x1e9 (size before relaxing)
 .debug_str     0x00002479       0x99 .\CortexM3\ARM_GCC_541\Debug\network.a(USBUART_Dp.o)
                                0x23d (size before relaxing)
 .debug_str     0x00002512       0x53 .\CortexM3\ARM_GCC_541\Debug\network.a(TX_PIN.o)
                                0x1e3 (size before relaxing)
 .debug_str     0x00002565       0x6c .\CortexM3\ARM_GCC_541\Debug\network.a(RX_PIN.o)
                                0x221 (size before relaxing)
 .debug_str     0x000025d1      0x162 .\CortexM3\ARM_GCC_541\Debug\network.a(RX_TIMER.o)
                                0x36d (size before relaxing)
 .debug_str     0x00002733      0x167 .\CortexM3\ARM_GCC_541\Debug\network.a(RX_PIN_INTERRUPT.o)
                                0x33c (size before relaxing)
 .debug_str     0x0000289a      0x181 .\CortexM3\ARM_GCC_541\Debug\network.a(RX_TIMER_INTERRUPT.o)
                                0x358 (size before relaxing)
 .debug_str     0x00002a1b      0x13d .\CortexM3\ARM_GCC_541\Debug\network.a(TX_TIMER.o)
                                0x36d (size before relaxing)
 .debug_str     0x00002b58      0x181 .\CortexM3\ARM_GCC_541\Debug\network.a(TX_TIMER_INTERRUPT.o)
                                0x358 (size before relaxing)
 .debug_str     0x00002cd9      0x19c .\CortexM3\ARM_GCC_541\Debug\network.a(CyFlash.o)
                                0x39d (size before relaxing)
 .debug_str     0x00002e75       0xac .\CortexM3\ARM_GCC_541\Debug\network.a(CySpc.o)
                                0x326 (size before relaxing)
 .debug_str     0x00002f21       0x25 .\CortexM3\ARM_GCC_541\Debug\network.a(USBUART_cls.o)
                                0x2a8 (size before relaxing)
 .debug_str     0x00002f46      0x104 .\CortexM3\ARM_GCC_541\Debug\network.a(USBUART_descr.o)
                                0x355 (size before relaxing)

.debug_loc      0x00000000     0x33d9
 *(.debug_loc)
 .debug_loc     0x00000000      0x198 .\CortexM3\ARM_GCC_541\Debug\receiver.o
 .debug_loc     0x00000198      0x25f .\CortexM3\ARM_GCC_541\Debug\transmitter.o
 .debug_loc     0x000003f7      0x1d7 .\CortexM3\ARM_GCC_541\Debug\cyfitter_cfg.o
 .debug_loc     0x000005ce      0x144 .\CortexM3\ARM_GCC_541\Debug\Cm3Start.o
 .debug_loc     0x00000712       0x42 .\CortexM3\ARM_GCC_541\Debug\network.a(IDLE_PIN.o)
 .debug_loc     0x00000754       0x42 .\CortexM3\ARM_GCC_541\Debug\network.a(BUSY_PIN.o)
 .debug_loc     0x00000796       0x42 .\CortexM3\ARM_GCC_541\Debug\network.a(COLLISION_PIN.o)
 .debug_loc     0x000007d8      0xa11 .\CortexM3\ARM_GCC_541\Debug\network.a(CyLib.o)
 .debug_loc     0x000011e9      0x1e4 .\CortexM3\ARM_GCC_541\Debug\network.a(cyPm.o)
 .debug_loc     0x000013cd      0x3e1 .\CortexM3\ARM_GCC_541\Debug\network.a(USBUART.o)
 .debug_loc     0x000017ae      0x557 .\CortexM3\ARM_GCC_541\Debug\network.a(USBUART_cdc.o)
 .debug_loc     0x00001d05      0x171 .\CortexM3\ARM_GCC_541\Debug\network.a(USBUART_drv.o)
 .debug_loc     0x00001e76       0x26 .\CortexM3\ARM_GCC_541\Debug\network.a(USBUART_pm.o)
 .debug_loc     0x00001e9c      0x945 .\CortexM3\ARM_GCC_541\Debug\network.a(USBUART_std.o)
 .debug_loc     0x000027e1       0x84 .\CortexM3\ARM_GCC_541\Debug\network.a(USBUART_Dp.o)
 .debug_loc     0x00002865       0x42 .\CortexM3\ARM_GCC_541\Debug\network.a(TX_PIN.o)
 .debug_loc     0x000028a7       0x84 .\CortexM3\ARM_GCC_541\Debug\network.a(RX_PIN.o)
 .debug_loc     0x0000292b       0x13 .\CortexM3\ARM_GCC_541\Debug\network.a(RX_TIMER.o)
 .debug_loc     0x0000293e       0x56 .\CortexM3\ARM_GCC_541\Debug\network.a(RX_PIN_INTERRUPT.o)
 .debug_loc     0x00002994       0x56 .\CortexM3\ARM_GCC_541\Debug\network.a(RX_TIMER_INTERRUPT.o)
 .debug_loc     0x000029ea       0x13 .\CortexM3\ARM_GCC_541\Debug\network.a(TX_TIMER.o)
 .debug_loc     0x000029fd       0x56 .\CortexM3\ARM_GCC_541\Debug\network.a(TX_TIMER_INTERRUPT.o)
 .debug_loc     0x00002a53      0x2f2 .\CortexM3\ARM_GCC_541\Debug\network.a(CyFlash.o)
 .debug_loc     0x00002d45      0x64d .\CortexM3\ARM_GCC_541\Debug\network.a(CySpc.o)
 .debug_loc     0x00003392       0x47 .\CortexM3\ARM_GCC_541\Debug\network.a(USBUART_cls.o)

.debug_macinfo
 *(.debug_macinfo)

.debug_ranges   0x00000000      0xb98
 *(.debug_ranges)
 .debug_ranges  0x00000000       0x28 .\CortexM3\ARM_GCC_541\Debug\main.o
 .debug_ranges  0x00000028       0x30 .\CortexM3\ARM_GCC_541\Debug\receiver.o
 .debug_ranges  0x00000058       0x50 .\CortexM3\ARM_GCC_541\Debug\transmitter.o
 .debug_ranges  0x000000a8       0x48 .\CortexM3\ARM_GCC_541\Debug\cyfitter_cfg.o
 .debug_ranges  0x000000f0       0x38 .\CortexM3\ARM_GCC_541\Debug\Cm3Start.o
 .debug_ranges  0x00000128       0x28 .\CortexM3\ARM_GCC_541\Debug\network.a(IDLE_PIN.o)
 .debug_ranges  0x00000150       0x28 .\CortexM3\ARM_GCC_541\Debug\network.a(BUSY_PIN.o)
 .debug_ranges  0x00000178       0x28 .\CortexM3\ARM_GCC_541\Debug\network.a(COLLISION_PIN.o)
 .debug_ranges  0x000001a0      0x290 .\CortexM3\ARM_GCC_541\Debug\network.a(CyLib.o)
 .debug_ranges  0x00000430       0x88 .\CortexM3\ARM_GCC_541\Debug\network.a(cyPm.o)
 .debug_ranges  0x000004b8       0xd0 .\CortexM3\ARM_GCC_541\Debug\network.a(USBUART.o)
 .debug_ranges  0x00000588       0xd8 .\CortexM3\ARM_GCC_541\Debug\network.a(USBUART_cdc.o)
 .debug_ranges  0x00000660       0x88 .\CortexM3\ARM_GCC_541\Debug\network.a(USBUART_drv.o)
 .debug_ranges  0x000006e8       0x30 .\CortexM3\ARM_GCC_541\Debug\network.a(USBUART_episr.o)
 .debug_ranges  0x00000718       0x30 .\CortexM3\ARM_GCC_541\Debug\network.a(USBUART_pm.o)
 .debug_ranges  0x00000748       0x70 .\CortexM3\ARM_GCC_541\Debug\network.a(USBUART_std.o)
 .debug_ranges  0x000007b8       0x10 .\CortexM3\ARM_GCC_541\Debug\network.a(USBUART_vnd.o)
 .debug_ranges  0x000007c8       0x38 .\CortexM3\ARM_GCC_541\Debug\network.a(USBUART_Dp.o)
 .debug_ranges  0x00000800       0x28 .\CortexM3\ARM_GCC_541\Debug\network.a(TX_PIN.o)
 .debug_ranges  0x00000828       0x38 .\CortexM3\ARM_GCC_541\Debug\network.a(RX_PIN.o)
 .debug_ranges  0x00000860       0x80 .\CortexM3\ARM_GCC_541\Debug\network.a(RX_TIMER.o)
 .debug_ranges  0x000008e0       0x70 .\CortexM3\ARM_GCC_541\Debug\network.a(RX_PIN_INTERRUPT.o)
 .debug_ranges  0x00000950       0x70 .\CortexM3\ARM_GCC_541\Debug\network.a(RX_TIMER_INTERRUPT.o)
 .debug_ranges  0x000009c0       0x80 .\CortexM3\ARM_GCC_541\Debug\network.a(TX_TIMER.o)
 .debug_ranges  0x00000a40       0x70 .\CortexM3\ARM_GCC_541\Debug\network.a(TX_TIMER_INTERRUPT.o)
 .debug_ranges  0x00000ab0       0x70 .\CortexM3\ARM_GCC_541\Debug\network.a(CyFlash.o)
 .debug_ranges  0x00000b20       0x68 .\CortexM3\ARM_GCC_541\Debug\network.a(CySpc.o)
 .debug_ranges  0x00000b88       0x10 .\CortexM3\ARM_GCC_541\Debug\network.a(USBUART_cls.o)

.comment        0x00000000       0x6e
 .comment       0x00000000       0x6e .\CortexM3\ARM_GCC_541\Debug\main.o
                                 0x6f (size before relaxing)
 .comment       0x0000006e       0x6f .\CortexM3\ARM_GCC_541\Debug\receiver.o
 .comment       0x0000006e       0x6f .\CortexM3\ARM_GCC_541\Debug\transmitter.o
 .comment       0x0000006e       0x6f .\CortexM3\ARM_GCC_541\Debug\cyfitter_cfg.o
 .comment       0x0000006e       0x6f .\CortexM3\ARM_GCC_541\Debug\cymetadata.o
 .comment       0x0000006e       0x6f .\CortexM3\ARM_GCC_541\Debug\Cm3Start.o
 .comment       0x0000006e       0x6f .\CortexM3\ARM_GCC_541\Debug\network.a(IDLE_PIN.o)
 .comment       0x0000006e       0x6f .\CortexM3\ARM_GCC_541\Debug\network.a(BUSY_PIN.o)
 .comment       0x0000006e       0x6f .\CortexM3\ARM_GCC_541\Debug\network.a(COLLISION_PIN.o)
 .comment       0x0000006e       0x6f .\CortexM3\ARM_GCC_541\Debug\network.a(CyLib.o)
 .comment       0x0000006e       0x6f .\CortexM3\ARM_GCC_541\Debug\network.a(cyPm.o)
 .comment       0x0000006e       0x6f .\CortexM3\ARM_GCC_541\Debug\network.a(USBUART.o)
 .comment       0x0000006e       0x6f .\CortexM3\ARM_GCC_541\Debug\network.a(USBUART_cdc.o)
 .comment       0x0000006e       0x6f .\CortexM3\ARM_GCC_541\Debug\network.a(USBUART_drv.o)
 .comment       0x0000006e       0x6f .\CortexM3\ARM_GCC_541\Debug\network.a(USBUART_episr.o)
 .comment       0x0000006e       0x6f .\CortexM3\ARM_GCC_541\Debug\network.a(USBUART_pm.o)
 .comment       0x0000006e       0x6f .\CortexM3\ARM_GCC_541\Debug\network.a(USBUART_std.o)
 .comment       0x0000006e       0x6f .\CortexM3\ARM_GCC_541\Debug\network.a(USBUART_vnd.o)
 .comment       0x0000006e       0x6f .\CortexM3\ARM_GCC_541\Debug\network.a(USBUART_Dp.o)
 .comment       0x0000006e       0x6f .\CortexM3\ARM_GCC_541\Debug\network.a(TX_PIN.o)
 .comment       0x0000006e       0x6f .\CortexM3\ARM_GCC_541\Debug\network.a(RX_PIN.o)
 .comment       0x0000006e       0x6f .\CortexM3\ARM_GCC_541\Debug\network.a(RX_TIMER.o)
 .comment       0x0000006e       0x6f .\CortexM3\ARM_GCC_541\Debug\network.a(RX_PIN_INTERRUPT.o)
 .comment       0x0000006e       0x6f .\CortexM3\ARM_GCC_541\Debug\network.a(RX_TIMER_INTERRUPT.o)
 .comment       0x0000006e       0x6f .\CortexM3\ARM_GCC_541\Debug\network.a(TX_TIMER.o)
 .comment       0x0000006e       0x6f .\CortexM3\ARM_GCC_541\Debug\network.a(TX_TIMER_INTERRUPT.o)
 .comment       0x0000006e       0x6f .\CortexM3\ARM_GCC_541\Debug\network.a(CyFlash.o)
 .comment       0x0000006e       0x6f .\CortexM3\ARM_GCC_541\Debug\network.a(CySpc.o)
 .comment       0x0000006e       0x6f .\CortexM3\ARM_GCC_541\Debug\network.a(USBUART_cls.o)
 .comment       0x0000006e       0x6f .\CortexM3\ARM_GCC_541\Debug\network.a(USBUART_descr.o)

.debug_weaknames
 *(.debug_weaknames)

.debug_funcnames
 *(.debug_funcnames)

.debug_typenames
 *(.debug_typenames)

.debug_varnames
 *(.debug_varnames)

.note.gnu.arm.ident
 *(.note.gnu.arm.ident)

.ARM.attributes
                0x00000000       0x29
 *(.ARM.attributes)
 .ARM.attributes
                0x00000000       0x1d c:/program files (x86)/cypress/psoc creator/4.1/psoc creator/import/gnu/arm/5.4.1/bin/../lib/gcc/arm-none-eabi/5.4.1/armv7-m/crti.o
 .ARM.attributes
                0x0000001d       0x2d c:/program files (x86)/cypress/psoc creator/4.1/psoc creator/import/gnu/arm/5.4.1/bin/../lib/gcc/arm-none-eabi/5.4.1/armv7-m/crtbegin.o
 .ARM.attributes
                0x0000004a       0x1b c:/program files (x86)/cypress/psoc creator/4.1/psoc creator/import/gnu/arm/5.4.1/bin/../lib/gcc/arm-none-eabi/5.4.1/../../../../arm-none-eabi/lib/armv7-m/crt0.o
 .ARM.attributes
                0x00000065       0x33 .\CortexM3\ARM_GCC_541\Debug\main.o
 .ARM.attributes
                0x00000098       0x33 .\CortexM3\ARM_GCC_541\Debug\receiver.o
 .ARM.attributes
                0x000000cb       0x33 .\CortexM3\ARM_GCC_541\Debug\transmitter.o
 .ARM.attributes
                0x000000fe       0x33 .\CortexM3\ARM_GCC_541\Debug\cyfitter_cfg.o
 .ARM.attributes
                0x00000131       0x33 .\CortexM3\ARM_GCC_541\Debug\cymetadata.o
 .ARM.attributes
                0x00000164       0x33 .\CortexM3\ARM_GCC_541\Debug\Cm3Start.o
 .ARM.attributes
                0x00000197       0x33 .\CortexM3\ARM_GCC_541\Debug\network.a(IDLE_PIN.o)
 .ARM.attributes
                0x000001ca       0x33 .\CortexM3\ARM_GCC_541\Debug\network.a(BUSY_PIN.o)
 .ARM.attributes
                0x000001fd       0x33 .\CortexM3\ARM_GCC_541\Debug\network.a(COLLISION_PIN.o)
 .ARM.attributes
                0x00000230       0x33 .\CortexM3\ARM_GCC_541\Debug\network.a(CyLib.o)
 .ARM.attributes
                0x00000263       0x33 .\CortexM3\ARM_GCC_541\Debug\network.a(cyPm.o)
 .ARM.attributes
                0x00000296       0x33 .\CortexM3\ARM_GCC_541\Debug\network.a(USBUART.o)
 .ARM.attributes
                0x000002c9       0x33 .\CortexM3\ARM_GCC_541\Debug\network.a(USBUART_cdc.o)
 .ARM.attributes
                0x000002fc       0x33 .\CortexM3\ARM_GCC_541\Debug\network.a(USBUART_drv.o)
 .ARM.attributes
                0x0000032f       0x33 .\CortexM3\ARM_GCC_541\Debug\network.a(USBUART_episr.o)
 .ARM.attributes
                0x00000362       0x33 .\CortexM3\ARM_GCC_541\Debug\network.a(USBUART_pm.o)
 .ARM.attributes
                0x00000395       0x33 .\CortexM3\ARM_GCC_541\Debug\network.a(USBUART_std.o)
 .ARM.attributes
                0x000003c8       0x33 .\CortexM3\ARM_GCC_541\Debug\network.a(USBUART_vnd.o)
 .ARM.attributes
                0x000003fb       0x33 .\CortexM3\ARM_GCC_541\Debug\network.a(USBUART_Dp.o)
 .ARM.attributes
                0x0000042e       0x33 .\CortexM3\ARM_GCC_541\Debug\network.a(TX_PIN.o)
 .ARM.attributes
                0x00000461       0x33 .\CortexM3\ARM_GCC_541\Debug\network.a(RX_PIN.o)
 .ARM.attributes
                0x00000494       0x33 .\CortexM3\ARM_GCC_541\Debug\network.a(RX_TIMER.o)
 .ARM.attributes
                0x000004c7       0x33 .\CortexM3\ARM_GCC_541\Debug\network.a(RX_PIN_INTERRUPT.o)
 .ARM.attributes
                0x000004fa       0x33 .\CortexM3\ARM_GCC_541\Debug\network.a(RX_TIMER_INTERRUPT.o)
 .ARM.attributes
                0x0000052d       0x33 .\CortexM3\ARM_GCC_541\Debug\network.a(TX_TIMER.o)
 .ARM.attributes
                0x00000560       0x33 .\CortexM3\ARM_GCC_541\Debug\network.a(TX_TIMER_INTERRUPT.o)
 .ARM.attributes
                0x00000593       0x21 .\CortexM3\ARM_GCC_541\Debug\network.a(CyBootAsmGnu.o)
 .ARM.attributes
                0x000005b4       0x33 .\CortexM3\ARM_GCC_541\Debug\network.a(CyFlash.o)
 .ARM.attributes
                0x000005e7       0x33 .\CortexM3\ARM_GCC_541\Debug\network.a(CySpc.o)
 .ARM.attributes
                0x0000061a       0x33 .\CortexM3\ARM_GCC_541\Debug\network.a(USBUART_cls.o)
 .ARM.attributes
                0x0000064d       0x33 .\CortexM3\ARM_GCC_541\Debug\network.a(USBUART_descr.o)
 .ARM.attributes
                0x00000680       0x2d c:/program files (x86)/cypress/psoc creator/4.1/psoc creator/import/gnu/arm/5.4.1/bin/../lib/gcc/arm-none-eabi/5.4.1/../../../../arm-none-eabi/lib/armv7-m\libg_nano.a(lib_a-errno.o)
 .ARM.attributes
                0x000006ad       0x2d c:/program files (x86)/cypress/psoc creator/4.1/psoc creator/import/gnu/arm/5.4.1/bin/../lib/gcc/arm-none-eabi/5.4.1/../../../../arm-none-eabi/lib/armv7-m\libg_nano.a(lib_a-exit.o)
 .ARM.attributes
                0x000006da       0x2d c:/program files (x86)/cypress/psoc creator/4.1/psoc creator/import/gnu/arm/5.4.1/bin/../lib/gcc/arm-none-eabi/5.4.1/../../../../arm-none-eabi/lib/armv7-m\libg_nano.a(lib_a-impure.o)
 .ARM.attributes
                0x00000707       0x2d c:/program files (x86)/cypress/psoc creator/4.1/psoc creator/import/gnu/arm/5.4.1/bin/../lib/gcc/arm-none-eabi/5.4.1/../../../../arm-none-eabi/lib/armv7-m\libg_nano.a(lib_a-init.o)
 .ARM.attributes
                0x00000734       0x2d c:/program files (x86)/cypress/psoc creator/4.1/psoc creator/import/gnu/arm/5.4.1/bin/../lib/gcc/arm-none-eabi/5.4.1/../../../../arm-none-eabi/lib/armv7-m\libg_nano.a(lib_a-memcpy-stub.o)
 .ARM.attributes
                0x00000761       0x2d c:/program files (x86)/cypress/psoc creator/4.1/psoc creator/import/gnu/arm/5.4.1/bin/../lib/gcc/arm-none-eabi/5.4.1/../../../../arm-none-eabi/lib/armv7-m\libg_nano.a(lib_a-memset.o)
 .ARM.attributes
                0x0000078e       0x2d c:/program files (x86)/cypress/psoc creator/4.1/psoc creator/import/gnu/arm/5.4.1/bin/../lib/gcc/arm-none-eabi/5.4.1/../../../../arm-none-eabi/lib/armv7-m\libg_nano.a(lib_a-rand.o)
 .ARM.attributes
                0x000007bb       0x2d c:/program files (x86)/cypress/psoc creator/4.1/psoc creator/import/gnu/arm/5.4.1/bin/../lib/gcc/arm-none-eabi/5.4.1/../../../../arm-none-eabi/lib/armv7-m\libg_nano.a(lib_a-sprintf.o)
 .ARM.attributes
                0x000007e8       0x2d c:/program files (x86)/cypress/psoc creator/4.1/psoc creator/import/gnu/arm/5.4.1/bin/../lib/gcc/arm-none-eabi/5.4.1/../../../../arm-none-eabi/lib/armv7-m\libg_nano.a(lib_a-malloc.o)
 .ARM.attributes
                0x00000815       0x2d c:/program files (x86)/cypress/psoc creator/4.1/psoc creator/import/gnu/arm/5.4.1/bin/../lib/gcc/arm-none-eabi/5.4.1/../../../../arm-none-eabi/lib/armv7-m\libg_nano.a(lib_a-nano-freer.o)
 .ARM.attributes
                0x00000842       0x2d c:/program files (x86)/cypress/psoc creator/4.1/psoc creator/import/gnu/arm/5.4.1/bin/../lib/gcc/arm-none-eabi/5.4.1/../../../../arm-none-eabi/lib/armv7-m\libg_nano.a(lib_a-nano-mallocr.o)
 .ARM.attributes
                0x0000086f       0x2d c:/program files (x86)/cypress/psoc creator/4.1/psoc creator/import/gnu/arm/5.4.1/bin/../lib/gcc/arm-none-eabi/5.4.1/../../../../arm-none-eabi/lib/armv7-m\libg_nano.a(lib_a-nano-svfprintf.o)
 .ARM.attributes
                0x0000089c       0x2d c:/program files (x86)/cypress/psoc creator/4.1/psoc creator/import/gnu/arm/5.4.1/bin/../lib/gcc/arm-none-eabi/5.4.1/../../../../arm-none-eabi/lib/armv7-m\libg_nano.a(lib_a-nano-vfprintf_i.o)
 .ARM.attributes
                0x000008c9       0x2d c:/program files (x86)/cypress/psoc creator/4.1/psoc creator/import/gnu/arm/5.4.1/bin/../lib/gcc/arm-none-eabi/5.4.1/../../../../arm-none-eabi/lib/armv7-m\libg_nano.a(lib_a-sbrkr.o)
 .ARM.attributes
                0x000008f6       0x2d c:/program files (x86)/cypress/psoc creator/4.1/psoc creator/import/gnu/arm/5.4.1/bin/../lib/gcc/arm-none-eabi/5.4.1/../../../../arm-none-eabi/lib/armv7-m\libg_nano.a(lib_a-memchr-stub.o)
 .ARM.attributes
                0x00000923       0x2d c:/program files (x86)/cypress/psoc creator/4.1/psoc creator/import/gnu/arm/5.4.1/bin/../lib/gcc/arm-none-eabi/5.4.1/../../../../arm-none-eabi/lib/armv7-m\libg_nano.a(lib_a-memmove.o)
 .ARM.attributes
                0x00000950       0x2d c:/program files (x86)/cypress/psoc creator/4.1/psoc creator/import/gnu/arm/5.4.1/bin/../lib/gcc/arm-none-eabi/5.4.1/../../../../arm-none-eabi/lib/armv7-m\libg_nano.a(lib_a-mlock.o)
 .ARM.attributes
                0x0000097d       0x2d c:/program files (x86)/cypress/psoc creator/4.1/psoc creator/import/gnu/arm/5.4.1/bin/../lib/gcc/arm-none-eabi/5.4.1/../../../../arm-none-eabi/lib/armv7-m\libg_nano.a(lib_a-nano-reallocr.o)
 .ARM.attributes
                0x000009aa       0x2d c:/program files (x86)/cypress/psoc creator/4.1/psoc creator/import/gnu/arm/5.4.1/bin/../lib/gcc/arm-none-eabi/5.4.1/../../../../arm-none-eabi/lib/armv7-m\libg_nano.a(lib_a-reent.o)
 .ARM.attributes
                0x000009d7       0x2d c:/program files (x86)/cypress/psoc creator/4.1/psoc creator/import/gnu/arm/5.4.1/bin/../lib/gcc/arm-none-eabi/5.4.1/../../../../arm-none-eabi/lib/armv7-m\libg_nano.a(lib_a-nano-msizer.o)
 .ARM.attributes
                0x00000a04       0x2d c:/program files (x86)/cypress/psoc creator/4.1/psoc creator/import/gnu/arm/5.4.1/bin/../lib/gcc/arm-none-eabi/5.4.1/armv7-m/crtend.o
 .ARM.attributes
                0x00000a31       0x1d c:/program files (x86)/cypress/psoc creator/4.1/psoc creator/import/gnu/arm/5.4.1/bin/../lib/gcc/arm-none-eabi/5.4.1/armv7-m/crtn.o

/DISCARD/
 *(.note.GNU-stack)
OUTPUT(C:\Users\hallermans\Documents\Winter2017\CE4950\network.cydsn\CortexM3\ARM_GCC_541\Debug\network.elf elf32-littlearm)
