Archive member included to satisfy reference by file (symbol)

.\CortexM3\ARM_GCC_541\Debug\network.a(IDLE_PIN.o)
                              .\CortexM3\ARM_GCC_541\Debug\transmitter.o (IDLE_PIN_Write)
.\CortexM3\ARM_GCC_541\Debug\network.a(BUSY_PIN.o)
                              .\CortexM3\ARM_GCC_541\Debug\transmitter.o (BUSY_PIN_Write)
.\CortexM3\ARM_GCC_541\Debug\network.a(COLLISION_PIN.o)
                              .\CortexM3\ARM_GCC_541\Debug\transmitter.o (COLLISION_PIN_Write)
.\CortexM3\ARM_GCC_541\Debug\network.a(CyLib.o)
                              .\CortexM3\ARM_GCC_541\Debug\Cm3Start.o (CyHalt)
.\CortexM3\ARM_GCC_541\Debug\network.a(cyPm.o)
                              .\CortexM3\ARM_GCC_541\Debug\network.a(CyLib.o) (CyPmReadStatus)
.\CortexM3\ARM_GCC_541\Debug\network.a(USBUART.o)
                              .\CortexM3\ARM_GCC_541\Debug\main.o (USBUART_Start)
.\CortexM3\ARM_GCC_541\Debug\network.a(USBUART_cdc.o)
                              .\CortexM3\ARM_GCC_541\Debug\main.o (USBUART_CDC_Init)
.\CortexM3\ARM_GCC_541\Debug\network.a(USBUART_drv.o)
                              .\CortexM3\ARM_GCC_541\Debug\network.a(USBUART.o) (USBUART_lastPacketSize)
.\CortexM3\ARM_GCC_541\Debug\network.a(USBUART_episr.o)
                              .\CortexM3\ARM_GCC_541\Debug\network.a(USBUART.o) (USBUART_EP_1_ISR)
.\CortexM3\ARM_GCC_541\Debug\network.a(USBUART_pm.o)
                              .\CortexM3\ARM_GCC_541\Debug\network.a(USBUART.o) (USBUART_DP_ISR)
.\CortexM3\ARM_GCC_541\Debug\network.a(USBUART_std.o)
                              .\CortexM3\ARM_GCC_541\Debug\network.a(USBUART_pm.o) (USBUART_ConfigReg)
.\CortexM3\ARM_GCC_541\Debug\network.a(USBUART_vnd.o)
                              .\CortexM3\ARM_GCC_541\Debug\network.a(USBUART_drv.o) (USBUART_HandleVendorRqst)
.\CortexM3\ARM_GCC_541\Debug\network.a(USBUART_Dp.o)
                              .\CortexM3\ARM_GCC_541\Debug\network.a(USBUART.o) (USBUART_Dp_ClearInterrupt)
.\CortexM3\ARM_GCC_541\Debug\network.a(TX_PIN.o)
                              .\CortexM3\ARM_GCC_541\Debug\transmitter.o (TX_PIN_Write)
.\CortexM3\ARM_GCC_541\Debug\network.a(RX_PIN.o)
                              .\CortexM3\ARM_GCC_541\Debug\receiver.o (RX_PIN_Read)
.\CortexM3\ARM_GCC_541\Debug\network.a(RX_TIMER.o)
                              .\CortexM3\ARM_GCC_541\Debug\receiver.o (RX_TIMER_Stop)
.\CortexM3\ARM_GCC_541\Debug\network.a(RX_PIN_INTERRUPT.o)
                              .\CortexM3\ARM_GCC_541\Debug\main.o (RX_PIN_INTERRUPT_StartEx)
.\CortexM3\ARM_GCC_541\Debug\network.a(RX_TIMER_INTERRUPT.o)
                              .\CortexM3\ARM_GCC_541\Debug\main.o (RX_TIMER_INTERRUPT_StartEx)
.\CortexM3\ARM_GCC_541\Debug\network.a(TX_TIMER.o)
                              .\CortexM3\ARM_GCC_541\Debug\transmitter.o (TX_TIMER_Stop)
.\CortexM3\ARM_GCC_541\Debug\network.a(TX_TIMER_INTERRUPT.o)
                              .\CortexM3\ARM_GCC_541\Debug\main.o (TX_TIMER_INTERRUPT_StartEx)
.\CortexM3\ARM_GCC_541\Debug\network.a(CyBootAsmGnu.o)
                              .\CortexM3\ARM_GCC_541\Debug\cyfitter_cfg.o (CyDelayCycles)
.\CortexM3\ARM_GCC_541\Debug\network.a(CyFlash.o)
                              .\CortexM3\ARM_GCC_541\Debug\network.a(cyPm.o) (CyFlash_SetWaitCycles)
.\CortexM3\ARM_GCC_541\Debug\network.a(CySpc.o)
                              .\CortexM3\ARM_GCC_541\Debug\network.a(CyFlash.o) (CySpcStart)
.\CortexM3\ARM_GCC_541\Debug\network.a(USBUART_cls.o)
                              .\CortexM3\ARM_GCC_541\Debug\network.a(USBUART_drv.o) (USBUART_DispatchClassRqst)
.\CortexM3\ARM_GCC_541\Debug\network.a(USBUART_descr.o)
                              .\CortexM3\ARM_GCC_541\Debug\network.a(USBUART_std.o) (USBUART_idSerialNumberStringDescriptor)
c:/program files (x86)/cypress/psoc creator/4.1/psoc creator/import/gnu/arm/5.4.1/bin/../lib/gcc/arm-none-eabi/5.4.1/../../../../arm-none-eabi/lib/armv7-m\libg_nano.a(lib_a-errno.o)
                              .\CortexM3\ARM_GCC_541\Debug\Cm3Start.o (__errno)
c:/program files (x86)/cypress/psoc creator/4.1/psoc creator/import/gnu/arm/5.4.1/bin/../lib/gcc/arm-none-eabi/5.4.1/../../../../arm-none-eabi/lib/armv7-m\libg_nano.a(lib_a-exit.o)
                              c:/program files (x86)/cypress/psoc creator/4.1/psoc creator/import/gnu/arm/5.4.1/bin/../lib/gcc/arm-none-eabi/5.4.1/../../../../arm-none-eabi/lib/armv7-m/crt0.o (exit)
c:/program files (x86)/cypress/psoc creator/4.1/psoc creator/import/gnu/arm/5.4.1/bin/../lib/gcc/arm-none-eabi/5.4.1/../../../../arm-none-eabi/lib/armv7-m\libg_nano.a(lib_a-impure.o)
                              c:/program files (x86)/cypress/psoc creator/4.1/psoc creator/import/gnu/arm/5.4.1/bin/../lib/gcc/arm-none-eabi/5.4.1/../../../../arm-none-eabi/lib/armv7-m\libg_nano.a(lib_a-exit.o) (_global_impure_ptr)
[...]
Memory Configuration

Name             Origin             Length             Attributes
rom              0x00000000         0x00040000         xr
ram              0x1fff8000         0x00010000         xrw
*default*        0x00000000         0xffffffff

Linker script and memory map

LOAD c:/program files (x86)/cypress/psoc creator/4.1/psoc creator/import/gnu/arm/5.4.1/bin/../lib/gcc/arm-none-eabi/5.4.1/armv7-m/crti.o
LOAD c:/program files (x86)/cypress/psoc creator/4.1/psoc creator/import/gnu/arm/5.4.1/bin/../lib/gcc/arm-none-eabi/5.4.1/armv7-m/crtbegin.o
LOAD c:/program files (x86)/cypress/psoc creator/4.1/psoc creator/import/gnu/arm/5.4.1/bin/../lib/gcc/arm-none-eabi/5.4.1/../../../../arm-none-eabi/lib/armv7-m/crt0.o
START GROUP
LOAD .\CortexM3\ARM_GCC_541\Debug\main.o
LOAD .\CortexM3\ARM_GCC_541\Debug\receiver.o
LOAD .\CortexM3\ARM_GCC_541\Debug\transmitter.o
LOAD .\CortexM3\ARM_GCC_541\Debug\cyfitter_cfg.o
LOAD .\CortexM3\ARM_GCC_541\Debug\cymetadata.o
LOAD .\CortexM3\ARM_GCC_541\Debug\Cm3Start.o
LOAD .\CortexM3\ARM_GCC_541\Debug\network.a
LOAD C:\Program Files (x86)\Cypress\PSoC Creator\4.1\PSoC Creator\psoc\content\cycomponentlibrary\CyComponentLibrary.cylib\CortexM3\ARM_GCC_541\Debug\CyComponentLibrary.a
END GROUP
START GROUP
LOAD c:/program files (x86)/cypress/psoc creator/4.1/psoc creator/import/gnu/arm/5.4.1/bin/../lib/gcc/arm-none-eabi/5.4.1/armv7-m\libgcc.a
LOAD c:/program files (x86)/cypress/psoc creator/4.1/psoc creator/import/gnu/arm/5.4.1/bin/../lib/gcc/arm-none-eabi/5.4.1/../../../../arm-none-eabi/lib/armv7-m\libg_nano.a
LOAD c:/program files (x86)/cypress/psoc creator/4.1/psoc creator/import/gnu/arm/5.4.1/bin/../lib/gcc/arm-none-eabi/5.4.1/../../../../arm-none-eabi/lib/armv7-m\libc_nano.a
END GROUP
START GROUP
LOAD c:/program files (x86)/cypress/psoc creator/4.1/psoc creator/import/gnu/arm/5.4.1/bin/../lib/gcc/arm-none-eabi/5.4.1/armv7-m\libgcc.a
LOAD c:/program files (x86)/cypress/psoc creator/4.1/psoc creator/import/gnu/arm/5.4.1/bin/../lib/gcc/arm-none-eabi/5.4.1/../../../../arm-none-eabi/lib/armv7-m\libc_nano.a
END GROUP
LOAD c:/program files (x86)/cypress/psoc creator/4.1/psoc creator/import/gnu/arm/5.4.1/bin/../lib/gcc/arm-none-eabi/5.4.1/armv7-m/crtend.o
LOAD c:/program files (x86)/cypress/psoc creator/4.1/psoc creator/import/gnu/arm/5.4.1/bin/../lib/gcc/arm-none-eabi/5.4.1/armv7-m/crtn.o
START GROUP
LOAD c:/program files (x86)/cypress/psoc creator/4.1/psoc creator/import/gnu/arm/5.4.1/bin/../lib/gcc/arm-none-eabi/5.4.1/armv7-m\libgcc.a
LOAD c:/program files (x86)/cypress/psoc creator/4.1/psoc creator/import/gnu/arm/5.4.1/bin/../lib/gcc/arm-none-eabi/5.4.1/../../../../arm-none-eabi/lib/armv7-m\libc.a
LOAD c:/program files (x86)/cypress/psoc creator/4.1/psoc creator/import/gnu/arm/5.4.1/bin/../lib/gcc/arm-none-eabi/5.4.1/../../../../arm-none-eabi/lib/armv7-m\libnosys.a
END GROUP
                0x00000000                CY_APPL_ORIGIN = 0x0
                0x00000100                CY_FLASH_ROW_SIZE = 0x100
                0x00000020                CY_ECC_ROW_SIZE = 0x20
                0x00000000                CY_EE_IN_BTLDR = 0x0
                0x00000000                CY_APPL_LOADABLE = 0x0
                0x00000800                CY_EE_SIZE = 0x800
                0x00000001                CY_APPL_NUM = 0x1
                0x00000001                CY_APPL_MAX = 0x1
                0x00000040                CY_METADATA_SIZE = 0x40
                0x00000000                CY_APPL_LOADABLE = 0x0
                0x00000000                CY_CHECKSUM_EXCLUDE_SIZE = ALIGN (0x0, CY_FLASH_ROW_SIZE)
                [!provide]                PROVIDE (__cy_heap_start, _end)
                0x00000001                PROVIDE (__cy_region_num, ((__cy_regions_end - __cy_regions) / 0x10))
                0x20008000                PROVIDE (__cy_stack, (ORIGIN (ram) + LENGTH (ram)))
                [!provide]                PROVIDE (__cy_heap_end, (__cy_stack - 0x800))

.cybootloader   0x00000000        0x0
 *(.cybootloader)
                0x00000000                appl1_start = CY_APPL_ORIGIN?CY_APPL_ORIGIN:ALIGN (CY_FLASH_ROW_SIZE)
                0x0001ff00                appl2_start = (appl1_start + ALIGN ((((LENGTH (rom) - appl1_start) - (0x2 * CY_FLASH_ROW_SIZE)) / 0x2), CY_FLASH_ROW_SIZE))
                0x00000000                appl_start = (CY_APPL_NUM == 0x1)?appl1_start:appl2_start
                0x00000000                ecc_offset = ((appl_start / CY_FLASH_ROW_SIZE) * CY_ECC_ROW_SIZE)
                0x00000000                ee_offset = (CY_APPL_LOADABLE && ! (CY_EE_IN_BTLDR))?((CY_EE_SIZE / CY_APPL_MAX) * (CY_APPL_NUM - 0x1)):0x0
                0x00000800                ee_size = (CY_APPL_LOADABLE && ! (CY_EE_IN_BTLDR))?(CY_EE_SIZE / CY_APPL_MAX):CY_EE_SIZE
                [!provide]                PROVIDE (CY_ECC_OFFSET, ecc_offset)

.text           0x00000000     0x227c
 CREATE_OBJECT_SYMBOLS
                0x00000000                PROVIDE (__cy_interrupt_vector, RomVectors)
 *(.romvectors)
 .romvectors    0x00000000       0x10 .\CortexM3\ARM_GCC_541\Debug\Cm3Start.o
                0x00000000                RomVectors
                0x00000001                ASSERT ((. != __cy_interrupt_vector), No interrupt vector)
                0x00000001                ASSERT (CY_APPL_ORIGIN?(SIZEOF (.cybootloader) <= CY_APPL_ORIGIN):0x1, Wrong image location)
                0x00000010                PROVIDE (__cy_reset, Reset)
 *(.text.Reset)
 .text.Reset    0x00000010       0x18 .\CortexM3\ARM_GCC_541\Debug\Cm3Start.o
                0x00000010                Reset
                0x00000001                ASSERT ((. != __cy_reset), No reset code)
 *(.dma_init)
                0x00000001                ASSERT ((((appl_start + .) <= 0x10000) || 0x1), DMA Init must be within the first 64k of flash)
 *(.text .text.* .gnu.linkonce.t.*)
 .text          0x00000028       0x5c c:/program files (x86)/cypress/psoc creator/4.1/psoc creator/import/gnu/arm/5.4.1/bin/../lib/gcc/arm-none-eabi/5.4.1/armv7-m/crtbegin.o
 .text.RX_PIN_HANDLER
                0x00000084       0x10 .\CortexM3\ARM_GCC_541\Debug\main.o
                0x00000084                RX_PIN_HANDLER
 .text.RX_TIMER_HANDLER
                0x00000094        0xc .\CortexM3\ARM_GCC_541\Debug\main.o
                0x00000094                RX_TIMER_HANDLER
 .text.TX_TIMER_HANDLER
                0x000000a0        0xc .\CortexM3\ARM_GCC_541\Debug\main.o
                0x000000a0                TX_TIMER_HANDLER
 .text.main     0x000000ac       0x5c .\CortexM3\ARM_GCC_541\Debug\main.o
                0x000000ac                main
 .text.receiveByte
                0x00000108       0x78 .\CortexM3\ARM_GCC_541\Debug\receiver.o
                0x00000108                receiveByte
 .text.receiveBit
                0x00000180       0x4c .\CortexM3\ARM_GCC_541\Debug\receiver.o
                0x00000180                receiveBit
 .text.receiver_rx_handler
                0x000001cc       0x20 .\CortexM3\ARM_GCC_541\Debug\receiver.o
                0x000001cc                receiver_rx_handler
 .text.receiver_timer_handler
                0x000001ec        0xc .\CortexM3\ARM_GCC_541\Debug\receiver.o
                0x000001ec                receiver_timer_handler
 .text.changeState
                0x000001f8       0x94 .\CortexM3\ARM_GCC_541\Debug\transmitter.o
                0x000001f8                changeState
 .text.transmitter_rx_handler
                0x0000028c       0x5c .\CortexM3\ARM_GCC_541\Debug\transmitter.o
                0x0000028c                transmitter_rx_handler
 .text.transmitter_timer_handler
                0x000002e8       0x24 .\CortexM3\ARM_GCC_541\Debug\transmitter.o
                0x000002e8                transmitter_timer_handler
 .text.addHeaderAndCrc
                0x0000030c       0x2c .\CortexM3\ARM_GCC_541\Debug\transmitter.o
                0x0000030c                addHeaderAndCrc
 .text.writeMessage
                0x00000338       0x68 .\CortexM3\ARM_GCC_541\Debug\transmitter.o
                0x00000338                writeMessage
 .text.transmitter_uart_handler
                0x000003a0       0x7c .\CortexM3\ARM_GCC_541\Debug\transmitter.o
                0x000003a0                transmitter_uart_handler
 .text.CyClockStartupError
                0x0000041c        0x4 .\CortexM3\ARM_GCC_541\Debug\cyfitter_cfg.o
 .text.cfg_write_bytes32
                0x00000420       0x34 .\CortexM3\ARM_GCC_541\Debug\cyfitter_cfg.o
 .text.AnalogSetDefault
                0x00000454       0x28 .\CortexM3\ARM_GCC_541\Debug\cyfitter_cfg.o
 .text.CYMEMZERO
                0x0000047c        0xc .\CortexM3\ARM_GCC_541\Debug\cyfitter_cfg.o
 .text.ClockSetup
                0x00000488       0xa0 .\CortexM3\ARM_GCC_541\Debug\cyfitter_cfg.o
 .text.CYCONFIGCPY
                0x00000528        0x8 .\CortexM3\ARM_GCC_541\Debug\cyfitter_cfg.o
 .text.cyfitter_cfg
                0x00000530       0xf8 .\CortexM3\ARM_GCC_541\Debug\cyfitter_cfg.o
                0x00000530                cyfitter_cfg
 .text.IntDefaultHandler
                0x00000628       0x10 .\CortexM3\ARM_GCC_541\Debug\Cm3Start.o
                0x00000628                IntDefaultHandler
 .text._sbrk    0x00000638       0x30 .\CortexM3\ARM_GCC_541\Debug\Cm3Start.o
                0x00000638                _sbrk
 .text.Start_c  0x00000668       0x4c .\CortexM3\ARM_GCC_541\Debug\Cm3Start.o
                0x00000668                Start_c
 .text.initialize_psoc
                0x000006b4       0x68 .\CortexM3\ARM_GCC_541\Debug\Cm3Start.o
                0x000006b4                initialize_psoc
 .text.IDLE_PIN_Write
                0x0000071c       0x18 .\CortexM3\ARM_GCC_541\Debug\network.a(IDLE_PIN.o)
                0x0000071c                IDLE_PIN_Write
 .text.BUSY_PIN_Write
                0x00000734       0x18 .\CortexM3\ARM_GCC_541\Debug\network.a(BUSY_PIN.o)
                0x00000734                BUSY_PIN_Write
 .text.COLLISION_PIN_Write
                0x0000074c       0x18 .\CortexM3\ARM_GCC_541\Debug\network.a(COLLISION_PIN.o)
                0x0000074c                COLLISION_PIN_Write
 .text.CyHalt   0x00000764        0x4 .\CortexM3\ARM_GCC_541\Debug\network.a(CyLib.o)
                0x00000764                CyHalt
 .text.CyDelay  0x00000768       0x2c .\CortexM3\ARM_GCC_541\Debug\network.a(CyLib.o)
                0x00000768                CyDelay
 .text.CyDelayUs
                0x00000794       0x14 .\CortexM3\ARM_GCC_541\Debug\network.a(CyLib.o)
                0x00000794                CyDelayUs
 .text.CyIntSetVector
                0x000007a8       0x28 .\CortexM3\ARM_GCC_541\Debug\network.a(CyLib.o)
                0x000007a8                CyIntSetVector
 .text.CyIntSetPriority
                0x000007d0       0x30 .\CortexM3\ARM_GCC_541\Debug\network.a(CyLib.o)
                0x000007d0                CyIntSetPriority
 .text.CyGetUniqueId
                0x00000800       0x70 .\CortexM3\ARM_GCC_541\Debug\network.a(CyLib.o)
                0x00000800                CyGetUniqueId
 .text.USBUART_Init
                0x00000870      0x140 .\CortexM3\ARM_GCC_541\Debug\network.a(USBUART.o)
                0x00000870                USBUART_Init
 .text.USBUART_InitComponent
                0x000009b0       0xb8 .\CortexM3\ARM_GCC_541\Debug\network.a(USBUART.o)
                0x000009b0                USBUART_InitComponent
 .text.USBUART_Start
                0x00000a68       0x24 .\CortexM3\ARM_GCC_541\Debug\network.a(USBUART.o)
                0x00000a68                USBUART_Start
 .text.USBUART_ReInitComponent
                0x00000a8c       0x4c .\CortexM3\ARM_GCC_541\Debug\network.a(USBUART.o)
                0x00000a8c                USBUART_ReInitComponent
 .text.USBUART_GetConfiguration
                0x00000ad8        0xc .\CortexM3\ARM_GCC_541\Debug\network.a(USBUART.o)
                0x00000ad8                USBUART_GetConfiguration
 .text.USBUART_GetEPState
                0x00000ae4       0x14 .\CortexM3\ARM_GCC_541\Debug\network.a(USBUART.o)
                0x00000ae4                USBUART_GetEPState
 .text.USBUART_GetEPCount
                0x00000af8       0x28 .\CortexM3\ARM_GCC_541\Debug\network.a(USBUART.o)
                0x00000af8                USBUART_GetEPCount
 .text.USBUART_LoadInEP
                0x00000b20       0x94 .\CortexM3\ARM_GCC_541\Debug\network.a(USBUART.o)
                0x00000b20                USBUART_LoadInEP
 .text.USBUART_EnableOutEP
                0x00000bb4       0x2c .\CortexM3\ARM_GCC_541\Debug\network.a(USBUART.o)
                0x00000bb4                USBUART_EnableOutEP
 .text.USBUART_ReadOutEP
                0x00000be0       0x50 .\CortexM3\ARM_GCC_541\Debug\network.a(USBUART.o)
                0x00000be0                USBUART_ReadOutEP
 .text.USBUART_StrLen
                0x00000c30       0x14 .\CortexM3\ARM_GCC_541\Debug\network.a(USBUART_cdc.o)
 .text.USBUART_GetInterfaceComPort
                0x00000c44       0x38 .\CortexM3\ARM_GCC_541\Debug\network.a(USBUART_cdc.o)
                0x00000c44                USBUART_GetInterfaceComPort
 .text.USBUART_DispatchCDCClassRqst
                0x00000c7c       0x98 .\CortexM3\ARM_GCC_541\Debug\network.a(USBUART_cdc.o)
                0x00000c7c                USBUART_DispatchCDCClassRqst
 .text.USBUART_CDC_Init
                0x00000d14       0x98 .\CortexM3\ARM_GCC_541\Debug\network.a(USBUART_cdc.o)
                0x00000d14                USBUART_CDC_Init
 .text.USBUART_PutString
                0x00000dac       0xa0 .\CortexM3\ARM_GCC_541\Debug\network.a(USBUART_cdc.o)
                0x00000dac                USBUART_PutString
 .text.USBUART_PutChar
                0x00000e4c       0x28 .\CortexM3\ARM_GCC_541\Debug\network.a(USBUART_cdc.o)
                0x00000e4c                USBUART_PutChar
 .text.USBUART_DataIsReady
                0x00000e74       0x18 .\CortexM3\ARM_GCC_541\Debug\network.a(USBUART_cdc.o)
                0x00000e74                USBUART_DataIsReady
 .text.USBUART_GetChar
                0x00000e8c       0x28 .\CortexM3\ARM_GCC_541\Debug\network.a(USBUART_cdc.o)
                0x00000e8c                USBUART_GetChar
 .text.USBUART_Cdc_EpInit
                0x00000eb4       0x50 .\CortexM3\ARM_GCC_541\Debug\network.a(USBUART_cdc.o)
                0x00000eb4                USBUART_Cdc_EpInit
 .text.USBUART_LoadEP0
                0x00000f04       0x98 .\CortexM3\ARM_GCC_541\Debug\network.a(USBUART_drv.o)
                0x00000f04                USBUART_LoadEP0
 .text.USBUART_InitZeroLengthControlTransfer
                0x00000f9c       0x34 .\CortexM3\ARM_GCC_541\Debug\network.a(USBUART_drv.o)
                0x00000f9c                USBUART_InitZeroLengthControlTransfer
 .text.USBUART_ControlReadDataStage
                0x00000fd0        0x8 .\CortexM3\ARM_GCC_541\Debug\network.a(USBUART_drv.o)
                0x00000fd0                USBUART_ControlReadDataStage
 .text.USBUART_ControlWriteDataStage
                0x00000fd8       0x84 .\CortexM3\ARM_GCC_541\Debug\network.a(USBUART_drv.o)
                0x00000fd8                USBUART_ControlWriteDataStage
 .text.USBUART_InitNoDataControlTransfer
                0x0000105c       0x2c .\CortexM3\ARM_GCC_541\Debug\network.a(USBUART_drv.o)
                0x0000105c                USBUART_InitNoDataControlTransfer
 .text.USBUART_UpdateStatusBlock
                0x00001088       0x24 .\CortexM3\ARM_GCC_541\Debug\network.a(USBUART_drv.o)
                0x00001088                USBUART_UpdateStatusBlock
 .text.USBUART_HandleSetup
                0x000010ac       0x5c .\CortexM3\ARM_GCC_541\Debug\network.a(USBUART_drv.o)
                0x000010ac                USBUART_HandleSetup
 .text.USBUART_ControlReadStatusStage
                0x00001108       0x38 .\CortexM3\ARM_GCC_541\Debug\network.a(USBUART_drv.o)
                0x00001108                USBUART_ControlReadStatusStage
 .text.USBUART_HandleOUT
                0x00001140       0x38 .\CortexM3\ARM_GCC_541\Debug\network.a(USBUART_drv.o)
                0x00001140                USBUART_HandleOUT
 .text.USBUART_ControlWriteStatusStage
                0x00001178       0x20 .\CortexM3\ARM_GCC_541\Debug\network.a(USBUART_drv.o)
                0x00001178                USBUART_ControlWriteStatusStage
 .text.USBUART_NoDataControlStatusStage
                0x00001198       0x40 .\CortexM3\ARM_GCC_541\Debug\network.a(USBUART_drv.o)
                0x00001198                USBUART_NoDataControlStatusStage
 .text.USBUART_HandleIN
                0x000011d8       0x2c .\CortexM3\ARM_GCC_541\Debug\network.a(USBUART_drv.o)
                0x000011d8                USBUART_HandleIN
 .text.USBUART_EP_0_ISR
                0x00001204       0xb8 .\CortexM3\ARM_GCC_541\Debug\network.a(USBUART_drv.o)
                0x00001204                USBUART_EP_0_ISR
 .text.USBUART_InitializeStatusBlock
                0x000012bc       0x24 .\CortexM3\ARM_GCC_541\Debug\network.a(USBUART_drv.o)
                0x000012bc                USBUART_InitializeStatusBlock
 .text.USBUART_InitControlRead
                0x000012e0       0x50 .\CortexM3\ARM_GCC_541\Debug\network.a(USBUART_drv.o)
                0x000012e0                USBUART_InitControlRead
 .text.USBUART_InitControlWrite
                0x00001330       0x48 .\CortexM3\ARM_GCC_541\Debug\network.a(USBUART_drv.o)
                0x00001330                USBUART_InitControlWrite
 .text.USBUART_EP_1_ISR
                0x00001378       0x30 .\CortexM3\ARM_GCC_541\Debug\network.a(USBUART_episr.o)
                0x00001378                USBUART_EP_1_ISR
 .text.USBUART_EP_2_ISR
                0x000013a8       0x34 .\CortexM3\ARM_GCC_541\Debug\network.a(USBUART_episr.o)
                0x000013a8                USBUART_EP_2_ISR
 .text.USBUART_EP_3_ISR
                0x000013dc       0x3c .\CortexM3\ARM_GCC_541\Debug\network.a(USBUART_episr.o)
                0x000013dc                USBUART_EP_3_ISR
 .text.USBUART_SOF_ISR
                0x00001418        0x4 .\CortexM3\ARM_GCC_541\Debug\network.a(USBUART_episr.o)
                0x00001418                USBUART_SOF_ISR
 .text.USBUART_BUS_RESET_ISR
                0x0000141c        0x8 .\CortexM3\ARM_GCC_541\Debug\network.a(USBUART_episr.o)
                0x0000141c                USBUART_BUS_RESET_ISR
 .text.USBUART_DP_ISR
                0x00001424        0x8 .\CortexM3\ARM_GCC_541\Debug\network.a(USBUART_pm.o)
                0x00001424                USBUART_DP_ISR
 .text.USBUART_ReadDieID
                0x0000142c       0x6c .\CortexM3\ARM_GCC_541\Debug\network.a(USBUART_std.o)
                0x0000142c                USBUART_ReadDieID
 .text.USBUART_ConfigReg
                0x00001498       0xa4 .\CortexM3\ARM_GCC_541\Debug\network.a(USBUART_std.o)
                0x00001498                USBUART_ConfigReg
 .text.USBUART_GetConfigTablePtr
                0x0000153c       0x28 .\CortexM3\ARM_GCC_541\Debug\network.a(USBUART_std.o)
                0x0000153c                USBUART_GetConfigTablePtr
 .text.USBUART_ConfigAltChanged
                0x00001564      0x11c .\CortexM3\ARM_GCC_541\Debug\network.a(USBUART_std.o)
                0x00001564                USBUART_ConfigAltChanged
 .text.USBUART_GetDeviceTablePtr
                0x00001680       0x18 .\CortexM3\ARM_GCC_541\Debug\network.a(USBUART_std.o)
                0x00001680                USBUART_GetDeviceTablePtr
 .text.USBUART_GetInterfaceClassTablePtr
                0x00001698       0x28 .\CortexM3\ARM_GCC_541\Debug\network.a(USBUART_std.o)
                0x00001698                USBUART_GetInterfaceClassTablePtr
 .text.USBUART_Config
                0x000016c0      0x1ec .\CortexM3\ARM_GCC_541\Debug\network.a(USBUART_std.o)
                0x000016c0                USBUART_Config
 .text.USBUART_SetEndpointHalt
                0x000018ac       0x64 .\CortexM3\ARM_GCC_541\Debug\network.a(USBUART_std.o)
                0x000018ac                USBUART_SetEndpointHalt
 .text.USBUART_ClearEndpointHalt
                0x00001910       0xa8 .\CortexM3\ARM_GCC_541\Debug\network.a(USBUART_std.o)
                0x00001910                USBUART_ClearEndpointHalt
 .text.USBUART_ValidateAlternateSetting
                0x000019b8       0x4c .\CortexM3\ARM_GCC_541\Debug\network.a(USBUART_std.o)
                0x000019b8                USBUART_ValidateAlternateSetting
 .text.USBUART_HandleStandardRqst
                0x00001a04      0x354 .\CortexM3\ARM_GCC_541\Debug\network.a(USBUART_std.o)
                0x00001a04                USBUART_HandleStandardRqst
 .text.USBUART_HandleVendorRqst
                0x00001d58       0x18 .\CortexM3\ARM_GCC_541\Debug\network.a(USBUART_vnd.o)
                0x00001d58                USBUART_HandleVendorRqst
 .text.USBUART_Dp_ClearInterrupt
                0x00001d70       0x10 .\CortexM3\ARM_GCC_541\Debug\network.a(USBUART_Dp.o)
                0x00001d70                USBUART_Dp_ClearInterrupt
 .text.TX_PIN_Write
                0x00001d80       0x18 .\CortexM3\ARM_GCC_541\Debug\network.a(TX_PIN.o)
                0x00001d80                TX_PIN_Write
 .text.RX_PIN_Read
                0x00001d98        0xc .\CortexM3\ARM_GCC_541\Debug\network.a(RX_PIN.o)
                0x00001d98                RX_PIN_Read
 .text.RX_PIN_ClearInterrupt
                0x00001da4        0xc .\CortexM3\ARM_GCC_541\Debug\network.a(RX_PIN.o)
                0x00001da4                RX_PIN_ClearInterrupt
 .text.RX_TIMER_Enable
                0x00001db0       0x10 .\CortexM3\ARM_GCC_541\Debug\network.a(RX_TIMER.o)
                0x00001db0                RX_TIMER_Enable
 .text.RX_TIMER_Stop
                0x00001dc0       0x10 .\CortexM3\ARM_GCC_541\Debug\network.a(RX_TIMER.o)
                0x00001dc0                RX_TIMER_Stop
 .text.RX_TIMER_SetInterruptMode
                0x00001dd0        0xc .\CortexM3\ARM_GCC_541\Debug\network.a(RX_TIMER.o)
                0x00001dd0                RX_TIMER_SetInterruptMode
 .text.RX_TIMER_ReadStatusRegister
                0x00001ddc        0xc .\CortexM3\ARM_GCC_541\Debug\network.a(RX_TIMER.o)
                0x00001ddc                RX_TIMER_ReadStatusRegister
 .text.RX_TIMER_WritePeriod
                0x00001de8        0xc .\CortexM3\ARM_GCC_541\Debug\network.a(RX_TIMER.o)
                0x00001de8                RX_TIMER_WritePeriod
 .text.RX_TIMER_ReadCapture
                0x00001df4        0xc .\CortexM3\ARM_GCC_541\Debug\network.a(RX_TIMER.o)
                0x00001df4                RX_TIMER_ReadCapture
 .text.RX_TIMER_WriteCounter
                0x00001e00        0xc .\CortexM3\ARM_GCC_541\Debug\network.a(RX_TIMER.o)
                0x00001e00                RX_TIMER_WriteCounter
 .text.RX_TIMER_ClearFIFO
                0x00001e0c       0x14 .\CortexM3\ARM_GCC_541\Debug\network.a(RX_TIMER.o)
                0x00001e0c                RX_TIMER_ClearFIFO
 .text.RX_TIMER_Init
                0x00001e20       0x34 .\CortexM3\ARM_GCC_541\Debug\network.a(RX_TIMER.o)
                0x00001e20                RX_TIMER_Init
 .text.RX_TIMER_Start
                0x00001e54       0x1c .\CortexM3\ARM_GCC_541\Debug\network.a(RX_TIMER.o)
                0x00001e54                RX_TIMER_Start
 .text.RX_PIN_INTERRUPT_SetVector
                0x00001e70        0xc .\CortexM3\ARM_GCC_541\Debug\network.a(RX_PIN_INTERRUPT.o)
                0x00001e70                RX_PIN_INTERRUPT_SetVector
 .text.RX_PIN_INTERRUPT_SetPriority
                0x00001e7c       0x10 .\CortexM3\ARM_GCC_541\Debug\network.a(RX_PIN_INTERRUPT.o)
                0x00001e7c                RX_PIN_INTERRUPT_SetPriority
 .text.RX_PIN_INTERRUPT_Enable
                0x00001e8c        0xc .\CortexM3\ARM_GCC_541\Debug\network.a(RX_PIN_INTERRUPT.o)
                0x00001e8c                RX_PIN_INTERRUPT_Enable
 .text.RX_PIN_INTERRUPT_Disable
                0x00001e98        0xc .\CortexM3\ARM_GCC_541\Debug\network.a(RX_PIN_INTERRUPT.o)
                0x00001e98                RX_PIN_INTERRUPT_Disable
 .text.RX_PIN_INTERRUPT_StartEx
                0x00001ea4       0x1c .\CortexM3\ARM_GCC_541\Debug\network.a(RX_PIN_INTERRUPT.o)
                0x00001ea4                RX_PIN_INTERRUPT_StartEx
 .text.RX_TIMER_INTERRUPT_SetVector
                0x00001ec0        0xc .\CortexM3\ARM_GCC_541\Debug\network.a(RX_TIMER_INTERRUPT.o)
                0x00001ec0                RX_TIMER_INTERRUPT_SetVector
 .text.RX_TIMER_INTERRUPT_SetPriority
                0x00001ecc       0x10 .\CortexM3\ARM_GCC_541\Debug\network.a(RX_TIMER_INTERRUPT.o)
                0x00001ecc                RX_TIMER_INTERRUPT_SetPriority
 .text.RX_TIMER_INTERRUPT_Enable
                0x00001edc        0xc .\CortexM3\ARM_GCC_541\Debug\network.a(RX_TIMER_INTERRUPT.o)
                0x00001edc                RX_TIMER_INTERRUPT_Enable
 .text.RX_TIMER_INTERRUPT_Disable
                0x00001ee8        0xc .\CortexM3\ARM_GCC_541\Debug\network.a(RX_TIMER_INTERRUPT.o)
                0x00001ee8                RX_TIMER_INTERRUPT_Disable
 .text.RX_TIMER_INTERRUPT_StartEx
                0x00001ef4       0x1c .\CortexM3\ARM_GCC_541\Debug\network.a(RX_TIMER_INTERRUPT.o)
                0x00001ef4                RX_TIMER_INTERRUPT_StartEx
 .text.TX_TIMER_Enable
                0x00001f10       0x10 .\CortexM3\ARM_GCC_541\Debug\network.a(TX_TIMER.o)
                0x00001f10                TX_TIMER_Enable
 .text.TX_TIMER_Stop
                0x00001f20       0x10 .\CortexM3\ARM_GCC_541\Debug\network.a(TX_TIMER.o)
                0x00001f20                TX_TIMER_Stop
 .text.TX_TIMER_SetInterruptMode
                0x00001f30        0xc .\CortexM3\ARM_GCC_541\Debug\network.a(TX_TIMER.o)
                0x00001f30                TX_TIMER_SetInterruptMode
 .text.TX_TIMER_ReadStatusRegister
                0x00001f3c        0xc .\CortexM3\ARM_GCC_541\Debug\network.a(TX_TIMER.o)
                0x00001f3c                TX_TIMER_ReadStatusRegister
 .text.TX_TIMER_WritePeriod
                0x00001f48        0xc .\CortexM3\ARM_GCC_541\Debug\network.a(TX_TIMER.o)
                0x00001f48                TX_TIMER_WritePeriod
 .text.TX_TIMER_ReadCapture
                0x00001f54        0xc .\CortexM3\ARM_GCC_541\Debug\network.a(TX_TIMER.o)
                0x00001f54                TX_TIMER_ReadCapture
 .text.TX_TIMER_WriteCounter
                0x00001f60        0xc .\CortexM3\ARM_GCC_541\Debug\network.a(TX_TIMER.o)
                0x00001f60                TX_TIMER_WriteCounter
 .text.TX_TIMER_ClearFIFO
                0x00001f6c       0x14 .\CortexM3\ARM_GCC_541\Debug\network.a(TX_TIMER.o)
                0x00001f6c                TX_TIMER_ClearFIFO
 .text.TX_TIMER_Init
                0x00001f80       0x34 .\CortexM3\ARM_GCC_541\Debug\network.a(TX_TIMER.o)
                0x00001f80                TX_TIMER_Init
 .text.TX_TIMER_Start
                0x00001fb4       0x1c .\CortexM3\ARM_GCC_541\Debug\network.a(TX_TIMER.o)
                0x00001fb4                TX_TIMER_Start
 .text.TX_TIMER_INTERRUPT_SetVector
                0x00001fd0        0xc .\CortexM3\ARM_GCC_541\Debug\network.a(TX_TIMER_INTERRUPT.o)
                0x00001fd0                TX_TIMER_INTERRUPT_SetVector
 .text.TX_TIMER_INTERRUPT_SetPriority
                0x00001fdc       0x10 .\CortexM3\ARM_GCC_541\Debug\network.a(TX_TIMER_INTERRUPT.o)
                0x00001fdc                TX_TIMER_INTERRUPT_SetPriority
 .text.TX_TIMER_INTERRUPT_Enable
                0x00001fec        0xc .\CortexM3\ARM_GCC_541\Debug\network.a(TX_TIMER_INTERRUPT.o)
                0x00001fec                TX_TIMER_INTERRUPT_Enable
 .text.TX_TIMER_INTERRUPT_Disable
                0x00001ff8        0xc .\CortexM3\ARM_GCC_541\Debug\network.a(TX_TIMER_INTERRUPT.o)
                0x00001ff8                TX_TIMER_INTERRUPT_Disable
 .text.TX_TIMER_INTERRUPT_StartEx
                0x00002004       0x1c .\CortexM3\ARM_GCC_541\Debug\network.a(TX_TIMER_INTERRUPT.o)
                0x00002004                TX_TIMER_INTERRUPT_StartEx
 .text          0x00002020       0x20 .\CortexM3\ARM_GCC_541\Debug\network.a(CyBootAsmGnu.o)
                0x00002020                CyDelayCycles
                0x00002030                CyEnterCriticalSection
                0x00002038                CyExitCriticalSection
 .text.USBUART_DispatchClassRqst
                0x00002040       0x58 .\CortexM3\ARM_GCC_541\Debug\network.a(USBUART_cls.o)
                0x00002040                USBUART_DispatchClassRqst
 .text.__errno  0x00002098        0xc c:/program files (x86)/cypress/psoc creator/4.1/psoc creator/import/gnu/arm/5.4.1/bin/../lib/gcc/arm-none-eabi/5.4.1/../../../../arm-none-eabi/lib/armv7-m\libg_nano.a(lib_a-errno.o)
                0x00002098                __errno
 .text.__libc_init_array
                0x000020a4       0x4c c:/program files (x86)/cypress/psoc creator/4.1/psoc creator/import/gnu/arm/5.4.1/bin/../lib/gcc/arm-none-eabi/5.4.1/../../../../arm-none-eabi/lib/armv7-m\libg_nano.a(lib_a-init.o)
                0x000020a4                __libc_init_array
 .text.memcpy   0x000020f0       0x16 c:/program files (x86)/cypress/psoc creator/4.1/psoc creator/import/gnu/arm/5.4.1/bin/../lib/gcc/arm-none-eabi/5.4.1/../../../../arm-none-eabi/lib/armv7-m\libg_nano.a(lib_a-memcpy-stub.o)
                0x000020f0                memcpy
 .text.memset   0x00002106       0x10 c:/program files (x86)/cypress/psoc creator/4.1/psoc creator/import/gnu/arm/5.4.1/bin/../lib/gcc/arm-none-eabi/5.4.1/../../../../arm-none-eabi/lib/armv7-m\libg_nano.a(lib_a-memset.o)
                0x00002106                memset
 *fill*         0x00002116        0x2 
 .text.rand     0x00002118       0x74 c:/program files (x86)/cypress/psoc creator/4.1/psoc creator/import/gnu/arm/5.4.1/bin/../lib/gcc/arm-none-eabi/5.4.1/../../../../arm-none-eabi/lib/armv7-m\libg_nano.a(lib_a-rand.o)
                0x00002118                rand
 .text.malloc   0x0000218c       0x10 c:/program files (x86)/cypress/psoc creator/4.1/psoc creator/import/gnu/arm/5.4.1/bin/../lib/gcc/arm-none-eabi/5.4.1/../../../../arm-none-eabi/lib/armv7-m\libg_nano.a(lib_a-malloc.o)
                0x0000218c                malloc
 .text._malloc_r
                0x0000219c       0xbc c:/program files (x86)/cypress/psoc creator/4.1/psoc creator/import/gnu/arm/5.4.1/bin/../lib/gcc/arm-none-eabi/5.4.1/../../../../arm-none-eabi/lib/armv7-m\libg_nano.a(lib_a-nano-mallocr.o)
                0x0000219c                _malloc_r
 .text._sbrk_r  0x00002258       0x20 c:/program files (x86)/cypress/psoc creator/4.1/psoc creator/import/gnu/arm/5.4.1/bin/../lib/gcc/arm-none-eabi/5.4.1/../../../../arm-none-eabi/lib/armv7-m\libg_nano.a(lib_a-sbrkr.o)
                0x00002258                _sbrk_r
 .text.__malloc_lock
                0x00002278        0x2 c:/program files (x86)/cypress/psoc creator/4.1/psoc creator/import/gnu/arm/5.4.1/bin/../lib/gcc/arm-none-eabi/5.4.1/../../../../arm-none-eabi/lib/armv7-m\libg_nano.a(lib_a-mlock.o)
                0x00002278                __malloc_lock
 .text.__malloc_unlock
                0x0000227a        0x2 c:/program files (x86)/cypress/psoc creator/4.1/psoc creator/import/gnu/arm/5.4.1/bin/../lib/gcc/arm-none-eabi/5.4.1/../../../../arm-none-eabi/lib/armv7-m\libg_nano.a(lib_a-mlock.o)
                0x0000227a                __malloc_unlock
 *(.plt)
 *(.gnu.warning)
 *(.glue_7t)
 .glue_7t       0x0000227c        0x0 linker stubs
 *(.glue_7)
 .glue_7        0x0000227c        0x0 linker stubs
 *(.vfp11_veneer)
 .vfp11_veneer  0x0000227c        0x0 linker stubs
 *(.bootloader)
 *(.ARM.extab* .gnu.linkonce.armextab.*)
 *(.gcc_except_table)

.v4_bx          0x0000227c        0x0
 .v4_bx         0x0000227c        0x0 linker stubs

.iplt           0x0000227c        0x0
 .iplt          0x0000227c        0x0 c:/program files (x86)/cypress/psoc creator/4.1/psoc creator/import/gnu/arm/5.4.1/bin/../lib/gcc/arm-none-eabi/5.4.1/armv7-m/crtbegin.o

.eh_frame_hdr
 *(.eh_frame_hdr)

.eh_frame       0x0000227c        0x4
 *(.eh_frame)
 .eh_frame      0x0000227c        0x0 c:/program files (x86)/cypress/psoc creator/4.1/psoc creator/import/gnu/arm/5.4.1/bin/../lib/gcc/arm-none-eabi/5.4.1/armv7-m/crtbegin.o
 .eh_frame      0x0000227c        0x4 c:/program files (x86)/cypress/psoc creator/4.1/psoc creator/import/gnu/arm/5.4.1/bin/../lib/gcc/arm-none-eabi/5.4.1/armv7-m/crtend.o
                [!provide]                PROVIDE (__exidx_start, .)

.ARM.exidx
 *(.ARM.exidx* .gnu.linkonce.armexidx.*)
                0x00002280                __exidx_end = .

.rodata         0x00002280      0x1f0
 *(.rodata .rodata.* .gnu.linkonce.r.*)
 .rodata.str1.4
                0x00002280        0xe .\CortexM3\ARM_GCC_541\Debug\main.o
 *fill*         0x0000228e        0x2 
 .rodata.str1.4
                0x00002290        0x3 .\CortexM3\ARM_GCC_541\Debug\transmitter.o
 *fill*         0x00002293        0x1 
 .rodata        0x00002294       0x30 .\CortexM3\ARM_GCC_541\Debug\cyfitter_cfg.o
 .rodata.str1.4
                0x000022c4       0x14 .\CortexM3\ARM_GCC_541\Debug\network.a(USBUART_std.o)
                                 0x11 (size before relaxing)
 .rodata        0x000022d8      0x15e .\CortexM3\ARM_GCC_541\Debug\network.a(USBUART_descr.o)
                0x000022d8                USBUART_TABLE
                0x000022e0                USBUART_DEVICE0_TABLE
                0x000022f8                USBUART_DEVICE0_CONFIGURATION0_TABLE
                0x00002320                USBUART_DEVICE0_CONFIGURATION0_INTERFACE_CLASS
                0x00002324                USBUART_DEVICE0_CONFIGURATION0_EP_SETTINGS_TABLE
                0x0000233c                USBUART_SN_STRING_DESCRIPTOR
                0x00002340                USBUART_STRING_DESCRIPTORS
                0x000023e0                USBUART_DEVICE0_CONFIGURATION0_DESCR
                0x00002424                USBUART_DEVICE0_DESCR
 .rodata.str1.1
                0x00002436        0x2 c:/program files (x86)/cypress/psoc creator/4.1/psoc creator/import/gnu/arm/5.4.1/bin/../lib/gcc/arm-none-eabi/5.4.1/../../../../arm-none-eabi/lib/armv7-m\libg_nano.a(lib_a-impure.o)
                0x00002438                . = ALIGN (0x4)
 *(.init)
 .init          0x00002438        0x4 c:/program files (x86)/cypress/psoc creator/4.1/psoc creator/import/gnu/arm/5.4.1/bin/../lib/gcc/arm-none-eabi/5.4.1/armv7-m/crti.o
                0x00002438                _init
 .init          0x0000243c        0x8 c:/program files (x86)/cypress/psoc creator/4.1/psoc creator/import/gnu/arm/5.4.1/bin/../lib/gcc/arm-none-eabi/5.4.1/armv7-m/crtn.o
                0x00002444                . = ALIGN (0x4)
                0x00002444                __preinit_array_start = .
 *(.preinit_array)
                0x00002444                __preinit_array_end = .
                0x00002444                . = ALIGN (0x4)
                0x00002444                __init_array_start = .
 *(SORT(.init_array.*))
 *(.init_array)
 .init_array    0x00002444        0x4 c:/program files (x86)/cypress/psoc creator/4.1/psoc creator/import/gnu/arm/5.4.1/bin/../lib/gcc/arm-none-eabi/5.4.1/armv7-m/crtbegin.o
 .init_array    0x00002448        0x4 .\CortexM3\ARM_GCC_541\Debug\Cm3Start.o
                0x0000244c                __init_array_end = .
                0x0000244c                . = ALIGN (0x4)
 *(.fini)
 .fini          0x0000244c        0x4 c:/program files (x86)/cypress/psoc creator/4.1/psoc creator/import/gnu/arm/5.4.1/bin/../lib/gcc/arm-none-eabi/5.4.1/armv7-m/crti.o
                0x0000244c                _fini
 .fini          0x00002450        0x8 c:/program files (x86)/cypress/psoc creator/4.1/psoc creator/import/gnu/arm/5.4.1/bin/../lib/gcc/arm-none-eabi/5.4.1/armv7-m/crtn.o
                0x00002458                . = ALIGN (0x4)
                0x00002458                __fini_array_start = .
 *(.fini_array)
 .fini_array    0x00002458        0x4 c:/program files (x86)/cypress/psoc creator/4.1/psoc creator/import/gnu/arm/5.4.1/bin/../lib/gcc/arm-none-eabi/5.4.1/armv7-m/crtbegin.o
 *(SORT(.fini_array.*))
                0x0000245c                __fini_array_end = .
                0x0000245c                . = ALIGN (0x4)
 *crtbegin.o(.ctors)
 *(EXCLUDE_FILE(*crtend.o) .ctors)
 *(SORT(.ctors.*))
 *crtend.o(.ctors)
                0x0000245c                . = ALIGN (0x4)
 *crtbegin.o(.dtors)
 *(EXCLUDE_FILE(*crtend.o) .dtors)
 *(SORT(.dtors.*))
 *crtend.o(.dtors)
                0x0000245c                . = ALIGN (0x4)
                0x0000245c                __cy_regions = .
                0x0000245c        0x4 LONG 0x2470 __cy_region_init_ram
                0x00002460        0x4 LONG 0x1fff80c8 __cy_region_start_data
                0x00002464        0x4 LONG 0xa0 __cy_region_init_size_ram
                0x00002468        0x4 LONG 0x188 __cy_region_zero_size_ram
                0x0000246c                __cy_regions_end = .
                0x00002470                . = ALIGN (0x8)
 *fill*         0x0000246c        0x4 
                0x00002470                _etext = .

.cy_checksum_exclude
                0x00002470        0x0
 *(.cy_checksum_exclude)

.ramvectors     0x1fff8000       0xc0
                0x1fff8000                __cy_region_start_ram = .
 *(.ramvectors)
 .ramvectors    0x1fff8000       0xc0 .\CortexM3\ARM_GCC_541\Debug\Cm3Start.o
                0x1fff8000                CyRamVectors

.noinit         0x1fff80c0        0x1
 *(.noinit)
 .noinit        0x1fff80c0        0x1 .\CortexM3\ARM_GCC_541\Debug\network.a(CyLib.o)
                0x1fff80c0                CyResetStatus

.data           0x1fff80c8       0xa0 load address 0x00002470
                0x1fff80c8                __cy_region_start_data = .
 *(.jcr)
 .jcr           0x1fff80c8        0x0 c:/program files (x86)/cypress/psoc creator/4.1/psoc creator/import/gnu/arm/5.4.1/bin/../lib/gcc/arm-none-eabi/5.4.1/armv7-m/crtbegin.o
 .jcr           0x1fff80c8        0x4 c:/program files (x86)/cypress/psoc creator/4.1/psoc creator/import/gnu/arm/5.4.1/bin/../lib/gcc/arm-none-eabi/5.4.1/armv7-m/crtend.o
 *(.got.plt)
 *(.got)
 *(.shdata)
 *(.data .data.* .gnu.linkonce.d.*)
 .data          0x1fff80cc        0x2 .\CortexM3\ARM_GCC_541\Debug\main.o
                0x1fff80cc                destinationAddress
                0x1fff80cd                sourceAddress
 *fill*         0x1fff80ce        0x2 
 .data          0x1fff80d0        0x4 .\CortexM3\ARM_GCC_541\Debug\receiver.o
 .data          0x1fff80d4        0x4 .\CortexM3\ARM_GCC_541\Debug\Cm3Start.o
 .data          0x1fff80d8       0x10 .\CortexM3\ARM_GCC_541\Debug\network.a(CyLib.o)
                0x1fff80d8                cydelay_32k_ms
                0x1fff80dc                cydelay_freq_khz
                0x1fff80e0                cydelay_freq_mhz
                0x1fff80e4                cydelay_freq_hz
 .data          0x1fff80e8       0x1a .\CortexM3\ARM_GCC_541\Debug\network.a(USBUART_cdc.o)
                0x1fff80e8                USBUART_linesCoding
 *fill*         0x1fff8102        0x2 
 .data.impure_data
                0x1fff8104       0x60 c:/program files (x86)/cypress/psoc creator/4.1/psoc creator/import/gnu/arm/5.4.1/bin/../lib/gcc/arm-none-eabi/5.4.1/../../../../arm-none-eabi/lib/armv7-m\libg_nano.a(lib_a-impure.o)
 .data._impure_ptr
                0x1fff8164        0x4 c:/program files (x86)/cypress/psoc creator/4.1/psoc creator/import/gnu/arm/5.4.1/bin/../lib/gcc/arm-none-eabi/5.4.1/../../../../arm-none-eabi/lib/armv7-m\libg_nano.a(lib_a-impure.o)
                0x1fff8164                _impure_ptr
                0x1fff8168                . = ALIGN (0x8)
 *(.ram)
                0x1fff8168                _edata = .

.igot.plt       0x1fff8168        0x0 load address 0x00002510
 .igot.plt      0x1fff8168        0x0 c:/program files (x86)/cypress/psoc creator/4.1/psoc creator/import/gnu/arm/5.4.1/bin/../lib/gcc/arm-none-eabi/5.4.1/armv7-m/crtbegin.o

.bss            0x1fff8168      0x188 load address 0x00002510
                0x1fff8168                PROVIDE (__bss_start__, .)
 *(.shbss)
 *(.bss .bss.* .gnu.linkonce.b.*)
 .bss           0x1fff8168       0x1c c:/program files (x86)/cypress/psoc creator/4.1/psoc creator/import/gnu/arm/5.4.1/bin/../lib/gcc/arm-none-eabi/5.4.1/armv7-m/crtbegin.o
 .bss           0x1fff8184        0x1 .\CortexM3\ARM_GCC_541\Debug\main.o
                0x1fff8184                transmitting
 *fill*         0x1fff8185        0x3 
 .bss           0x1fff8188       0x39 .\CortexM3\ARM_GCC_541\Debug\receiver.o
 *fill*         0x1fff81c1        0x3 
 .bss           0x1fff81c4       0x3c .\CortexM3\ARM_GCC_541\Debug\transmitter.o
                0x1fff81c4                collisionOccured
                0x1fff81c5                currentState
 .bss           0x1fff8200        0x1 .\CortexM3\ARM_GCC_541\Debug\network.a(USBUART.o)
                0x1fff8200                USBUART_initVar
 .bss           0x1fff8201        0x1 .\CortexM3\ARM_GCC_541\Debug\network.a(USBUART_cdc.o)
 *fill*         0x1fff8202        0x2 
 .bss           0x1fff8204        0x2 .\CortexM3\ARM_GCC_541\Debug\network.a(USBUART_std.o)
 .bss           0x1fff8206        0x1 .\CortexM3\ARM_GCC_541\Debug\network.a(RX_TIMER.o)
                0x1fff8206                RX_TIMER_initVar
 .bss           0x1fff8207        0x1 .\CortexM3\ARM_GCC_541\Debug\network.a(TX_TIMER.o)
                0x1fff8207                TX_TIMER_initVar
 .bss.__malloc_sbrk_start
                0x1fff8208        0x4 c:/program files (x86)/cypress/psoc creator/4.1/psoc creator/import/gnu/arm/5.4.1/bin/../lib/gcc/arm-none-eabi/5.4.1/../../../../arm-none-eabi/lib/armv7-m\libg_nano.a(lib_a-nano-mallocr.o)
                0x1fff8208                __malloc_sbrk_start
 .bss.__malloc_free_list
                0x1fff820c        0x4 c:/program files (x86)/cypress/psoc creator/4.1/psoc creator/import/gnu/arm/5.4.1/bin/../lib/gcc/arm-none-eabi/5.4.1/../../../../arm-none-eabi/lib/armv7-m\libg_nano.a(lib_a-nano-mallocr.o)
                0x1fff820c                __malloc_free_list
 *(COMMON)
 COMMON         0x1fff8210       0x18 .\CortexM3\ARM_GCC_541\Debug\network.a(USBUART_cdc.o)
                0x1fff8210                USBUART_linesChanged
                0x1fff8214                USBUART_cdcDataInEp
                0x1fff8218                USBUART_cdcCommInInterruptEp
                0x1fff821c                USBUART_cdcDataOutEp
                0x1fff8220                USBUART_serialStateBitmap
                0x1fff8224                USBUART_linesControlBitmap
 COMMON         0x1fff8228       0x9a .\CortexM3\ARM_GCC_541\Debug\network.a(USBUART_drv.o)
                0x1fff8228                USBUART_lastPacketSize
                0x1fff8229                USBUART_device
                0x1fff822a                USBUART_transferByteCount
                0x1fff822c                USBUART_transferState
                0x1fff8230                USBUART_interfaceSettingLast
                0x1fff8234                USBUART_currentTD
                0x1fff8240                USBUART_interfaceNumber
                0x1fff8244                USBUART_interfaceClass
                0x1fff8248                USBUART_configurationChanged
                0x1fff8249                USBUART_ep0Mode
                0x1fff824a                USBUART_deviceAddress
                0x1fff824b                USBUART_configuration
                0x1fff824c                USBUART_ep0Count
                0x1fff824d                USBUART_deviceStatus
                0x1fff8250                USBUART_EP
                0x1fff82bc                USBUART_interfaceSetting
                0x1fff82be                USBUART_ep0Toggle
                0x1fff82c0                USBUART_interfaceStatus
 *fill*         0x1fff82c2        0x2 
 COMMON         0x1fff82c4       0x22 .\CortexM3\ARM_GCC_541\Debug\network.a(USBUART_descr.o)
                0x1fff82c4                USBUART_idSerialNumberStringDescriptor
 *fill*         0x1fff82e6        0x2 
 COMMON         0x1fff82e8        0x4 c:/program files (x86)/cypress/psoc creator/4.1/psoc creator/import/gnu/arm/5.4.1/bin/../lib/gcc/arm-none-eabi/5.4.1/../../../../arm-none-eabi/lib/armv7-m\libg_nano.a(lib_a-reent.o)
                0x1fff82e8                errno
                0x1fff82f0                . = ALIGN (0x8)
 *fill*         0x1fff82ec        0x4 
 *(.ram.b)
                0x1fff82f0                _end = .
                0x1fff82f0                __end = .
                0x1fff82f0                PROVIDE (end, .)
                0x1fff82f0                PROVIDE (__bss_end__, .)
                0x00002470                __cy_region_init_ram = LOADADDR (.data)
                0x000000a0                __cy_region_init_size_ram = (_edata - ADDR (.data))
                0x00000188                __cy_region_zero_size_ram = (_end - _edata)

.heap           0x1fff82f0       0x80 load address 0x00002510
                0x1fff82f0                . = _end
                0x1fff8370                . = (. + 0x80)
 *fill*         0x1fff82f0       0x80 
                0x1fff8370                __cy_heap_limit = .

.stack          0x20007800      0x800
                0x20007800                __cy_stack_limit = .
                0x20008000                . = (. + 0x800)
 *fill*         0x20007800      0x800 
                0x00000001                ASSERT ((__cy_stack_limit >= __cy_heap_limit), region RAM overflowed with stack)
                0x00000000                cy_checksum_exclude_size = (CY_APPL_LOADABLE == 0x1)?SIZEOF (.cy_checksum_exclude):0x0
                0x00000001                ASSERT ((cy_checksum_exclude_size <= CY_CHECKSUM_EXCLUDE_SIZE), CY_BOOT: Section .cy_checksum_exclude size exceedes specified limit.)

.cyloadermeta
 *(.cyloadermeta)

.cyloadablemeta
 *(.cyloadablemeta)

.cyconfigecc    0x80000000      0x2d4
 *(.cyconfigecc)
 .cyconfigecc   0x80000000      0x2d4 .\CortexM3\ARM_GCC_541\Debug\cymetadata.o
                0x80000000                cy_meta_configecc

.cycustnvl      0x90000000        0x4
 *(.cycustnvl)
 .cycustnvl     0x90000000        0x4 .\CortexM3\ARM_GCC_541\Debug\cymetadata.o
                0x90000000                cy_meta_custnvl

.cywolatch      0x90100000        0x4
 *(.cywolatch)
 .cywolatch     0x90100000        0x4 .\CortexM3\ARM_GCC_541\Debug\cymetadata.o
                0x90100000                cy_meta_wonvl

.cyeeprom       0x90200000        0x0
 *(.cyeeprom)
                0x00000001                ASSERT ((. <= ((0x90200000 + ee_offset) + ee_size)), .cyeeprom data will not fit in EEPROM)

.cyflashprotect
                0x90400000      0x100
 *(.cyflashprotect)
 .cyflashprotect
                0x90400000      0x100 .\CortexM3\ARM_GCC_541\Debug\cymetadata.o
                0x90400000                cy_meta_flashprotect

.cymeta         0x90500000        0xc
 *(.cymeta)
 .cymeta        0x90500000        0xc .\CortexM3\ARM_GCC_541\Debug\cymetadata.o
                0x90500000                cy_metadata

.rel.dyn        0x00002510        0x0 load address 0x9050000c
 .rel.iplt      0x00002510        0x0 c:/program files (x86)/cypress/psoc creator/4.1/psoc creator/import/gnu/arm/5.4.1/bin/../lib/gcc/arm-none-eabi/5.4.1/armv7-m/crtbegin.o

.stab
 *(.stab)

.stabstr
 *(.stabstr)

.debug
 *(.debug)

.line
 *(.line)

.debug_srcinfo
 *(.debug_srcinfo)

.debug_sfnames
 *(.debug_sfnames)

.debug_aranges  0x00000000      0xd70
 *(.debug_aranges)
 .debug_aranges
                0x00000000       0x38 .\CortexM3\ARM_GCC_541\Debug\main.o
 .debug_aranges
                0x00000038       0x38 .\CortexM3\ARM_GCC_541\Debug\receiver.o
 .debug_aranges
                0x00000070       0x48 .\CortexM3\ARM_GCC_541\Debug\transmitter.o
 .debug_aranges
                0x000000b8       0x58 .\CortexM3\ARM_GCC_541\Debug\cyfitter_cfg.o
 .debug_aranges
                0x00000110       0x18 .\CortexM3\ARM_GCC_541\Debug\cymetadata.o
 .debug_aranges
                0x00000128       0x48 .\CortexM3\ARM_GCC_541\Debug\Cm3Start.o
 .debug_aranges
                0x00000170       0x38 .\CortexM3\ARM_GCC_541\Debug\network.a(IDLE_PIN.o)
 .debug_aranges
                0x000001a8       0x38 .\CortexM3\ARM_GCC_541\Debug\network.a(BUSY_PIN.o)
 .debug_aranges
                0x000001e0       0x38 .\CortexM3\ARM_GCC_541\Debug\network.a(COLLISION_PIN.o)
 .debug_aranges
                0x00000218      0x2a0 .\CortexM3\ARM_GCC_541\Debug\network.a(CyLib.o)
 .debug_aranges
                0x000004b8       0x98 .\CortexM3\ARM_GCC_541\Debug\network.a(cyPm.o)
 .debug_aranges
                0x00000550       0xc8 .\CortexM3\ARM_GCC_541\Debug\network.a(USBUART.o)
 .debug_aranges
                0x00000618       0xe8 .\CortexM3\ARM_GCC_541\Debug\network.a(USBUART_cdc.o)
 .debug_aranges
                0x00000700       0x98 .\CortexM3\ARM_GCC_541\Debug\network.a(USBUART_drv.o)
 .debug_aranges
                0x00000798       0x40 .\CortexM3\ARM_GCC_541\Debug\network.a(USBUART_episr.o)
 .debug_aranges
                0x000007d8       0x40 .\CortexM3\ARM_GCC_541\Debug\network.a(USBUART_pm.o)
 .debug_aranges
                0x00000818       0x80 .\CortexM3\ARM_GCC_541\Debug\network.a(USBUART_std.o)
 .debug_aranges
                0x00000898       0x20 .\CortexM3\ARM_GCC_541\Debug\network.a(USBUART_vnd.o)
 .debug_aranges
                0x000008b8       0x48 .\CortexM3\ARM_GCC_541\Debug\network.a(USBUART_Dp.o)
 .debug_aranges
                0x00000900       0x38 .\CortexM3\ARM_GCC_541\Debug\network.a(TX_PIN.o)
 .debug_aranges
                0x00000938       0x48 .\CortexM3\ARM_GCC_541\Debug\network.a(RX_PIN.o)
 .debug_aranges
                0x00000980       0x90 .\CortexM3\ARM_GCC_541\Debug\network.a(RX_TIMER.o)
 .debug_aranges
                0x00000a10       0x80 .\CortexM3\ARM_GCC_541\Debug\network.a(RX_PIN_INTERRUPT.o)
 .debug_aranges
                0x00000a90       0x80 .\CortexM3\ARM_GCC_541\Debug\network.a(RX_TIMER_INTERRUPT.o)
 .debug_aranges
                0x00000b10       0x90 .\CortexM3\ARM_GCC_541\Debug\network.a(TX_TIMER.o)
 .debug_aranges
                0x00000ba0       0x80 .\CortexM3\ARM_GCC_541\Debug\network.a(TX_TIMER_INTERRUPT.o)
 .debug_aranges
                0x00000c20       0x20 .\CortexM3\ARM_GCC_541\Debug\network.a(CyBootAsmGnu.o)
 .debug_aranges
                0x00000c40       0x80 .\CortexM3\ARM_GCC_541\Debug\network.a(CyFlash.o)
 .debug_aranges
                0x00000cc0       0x78 .\CortexM3\ARM_GCC_541\Debug\network.a(CySpc.o)
 .debug_aranges
                0x00000d38       0x20 .\CortexM3\ARM_GCC_541\Debug\network.a(USBUART_cls.o)
 .debug_aranges
                0x00000d58       0x18 .\CortexM3\ARM_GCC_541\Debug\network.a(USBUART_descr.o)

.debug_pubnames
 *(.debug_pubnames)

.debug_info     0x00000000     0x8468
 *(.debug_info .gnu.linkonce.wi.*)
 .debug_info    0x00000000      0x327 .\CortexM3\ARM_GCC_541\Debug\main.o
 .debug_info    0x00000327      0x27d .\CortexM3\ARM_GCC_541\Debug\receiver.o
 .debug_info    0x000005a4      0x5b8 .\CortexM3\ARM_GCC_541\Debug\transmitter.o
 .debug_info    0x00000b5c      0x4ee .\CortexM3\ARM_GCC_541\Debug\cyfitter_cfg.o
 .debug_info    0x0000104a      0x135 .\CortexM3\ARM_GCC_541\Debug\cymetadata.o
 .debug_info    0x0000117f      0x3bb .\CortexM3\ARM_GCC_541\Debug\Cm3Start.o
 .debug_info    0x0000153a      0x11f .\CortexM3\ARM_GCC_541\Debug\network.a(IDLE_PIN.o)
 .debug_info    0x00001659      0x11f .\CortexM3\ARM_GCC_541\Debug\network.a(BUSY_PIN.o)
 .debug_info    0x00001778      0x11f .\CortexM3\ARM_GCC_541\Debug\network.a(COLLISION_PIN.o)
 .debug_info    0x00001897     0x1374 .\CortexM3\ARM_GCC_541\Debug\network.a(CyLib.o)
 .debug_info    0x00002c0b      0xa2a .\CortexM3\ARM_GCC_541\Debug\network.a(cyPm.o)
 .debug_info    0x00003635      0x991 .\CortexM3\ARM_GCC_541\Debug\network.a(USBUART.o)
 .debug_info    0x00003fc6      0xaf7 .\CortexM3\ARM_GCC_541\Debug\network.a(USBUART_cdc.o)
 .debug_info    0x00004abd      0x655 .\CortexM3\ARM_GCC_541\Debug\network.a(USBUART_drv.o)
 .debug_info    0x00005112      0x254 .\CortexM3\ARM_GCC_541\Debug\network.a(USBUART_episr.o)
 .debug_info    0x00005366      0x2e4 .\CortexM3\ARM_GCC_541\Debug\network.a(USBUART_pm.o)
 .debug_info    0x0000564a      0xb26 .\CortexM3\ARM_GCC_541\Debug\network.a(USBUART_std.o)
 .debug_info    0x00006170       0xed .\CortexM3\ARM_GCC_541\Debug\network.a(USBUART_vnd.o)
 .debug_info    0x0000625d      0x174 .\CortexM3\ARM_GCC_541\Debug\network.a(USBUART_Dp.o)
 .debug_info    0x000063d1      0x11f .\CortexM3\ARM_GCC_541\Debug\network.a(TX_PIN.o)
 .debug_info    0x000064f0      0x174 .\CortexM3\ARM_GCC_541\Debug\network.a(RX_PIN.o)
 .debug_info    0x00006664      0x2f0 .\CortexM3\ARM_GCC_541\Debug\network.a(RX_TIMER.o)
 .debug_info    0x00006954      0x2d2 .\CortexM3\ARM_GCC_541\Debug\network.a(RX_PIN_INTERRUPT.o)
 .debug_info    0x00006c26      0x2d2 .\CortexM3\ARM_GCC_541\Debug\network.a(RX_TIMER_INTERRUPT.o)
 .debug_info    0x00006ef8      0x2f0 .\CortexM3\ARM_GCC_541\Debug\network.a(TX_TIMER.o)
 .debug_info    0x000071e8      0x2d2 .\CortexM3\ARM_GCC_541\Debug\network.a(TX_TIMER_INTERRUPT.o)
 .debug_info    0x000074ba       0x8c .\CortexM3\ARM_GCC_541\Debug\network.a(CyBootAsmGnu.o)
 .debug_info    0x00007546      0x5b8 .\CortexM3\ARM_GCC_541\Debug\network.a(CyFlash.o)
 .debug_info    0x00007afe      0x4e9 .\CortexM3\ARM_GCC_541\Debug\network.a(CySpc.o)
 .debug_info    0x00007fe7      0x1de .\CortexM3\ARM_GCC_541\Debug\network.a(USBUART_cls.o)
 .debug_info    0x000081c5      0x2a3 .\CortexM3\ARM_GCC_541\Debug\network.a(USBUART_descr.o)

.debug_abbrev   0x00000000     0x25a3
 *(.debug_abbrev)
 .debug_abbrev  0x00000000       0xdf .\CortexM3\ARM_GCC_541\Debug\main.o
 .debug_abbrev  0x000000df      0x150 .\CortexM3\ARM_GCC_541\Debug\receiver.o
 .debug_abbrev  0x0000022f      0x19a .\CortexM3\ARM_GCC_541\Debug\transmitter.o
 .debug_abbrev  0x000003c9      0x1fe .\CortexM3\ARM_GCC_541\Debug\cyfitter_cfg.o
 .debug_abbrev  0x000005c7       0x66 .\CortexM3\ARM_GCC_541\Debug\cymetadata.o
 .debug_abbrev  0x0000062d      0x1e8 .\CortexM3\ARM_GCC_541\Debug\Cm3Start.o
 .debug_abbrev  0x00000815       0x90 .\CortexM3\ARM_GCC_541\Debug\network.a(IDLE_PIN.o)
 .debug_abbrev  0x000008a5       0x90 .\CortexM3\ARM_GCC_541\Debug\network.a(BUSY_PIN.o)
 .debug_abbrev  0x00000935       0x90 .\CortexM3\ARM_GCC_541\Debug\network.a(COLLISION_PIN.o)
 .debug_abbrev  0x000009c5      0x254 .\CortexM3\ARM_GCC_541\Debug\network.a(CyLib.o)
 .debug_abbrev  0x00000c19      0x1ab .\CortexM3\ARM_GCC_541\Debug\network.a(cyPm.o)
 .debug_abbrev  0x00000dc4      0x215 .\CortexM3\ARM_GCC_541\Debug\network.a(USBUART.o)
 .debug_abbrev  0x00000fd9      0x245 .\CortexM3\ARM_GCC_541\Debug\network.a(USBUART_cdc.o)
 .debug_abbrev  0x0000121e      0x189 .\CortexM3\ARM_GCC_541\Debug\network.a(USBUART_drv.o)
 .debug_abbrev  0x000013a7      0x11b .\CortexM3\ARM_GCC_541\Debug\network.a(USBUART_episr.o)
 .debug_abbrev  0x000014c2      0x108 .\CortexM3\ARM_GCC_541\Debug\network.a(USBUART_pm.o)
 .debug_abbrev  0x000015ca      0x20a .\CortexM3\ARM_GCC_541\Debug\network.a(USBUART_std.o)
 .debug_abbrev  0x000017d4       0x9b .\CortexM3\ARM_GCC_541\Debug\network.a(USBUART_vnd.o)
 .debug_abbrev  0x0000186f       0x90 .\CortexM3\ARM_GCC_541\Debug\network.a(USBUART_Dp.o)
 .debug_abbrev  0x000018ff       0x90 .\CortexM3\ARM_GCC_541\Debug\network.a(TX_PIN.o)
 .debug_abbrev  0x0000198f       0x90 .\CortexM3\ARM_GCC_541\Debug\network.a(RX_PIN.o)
 .debug_abbrev  0x00001a1f      0x12b .\CortexM3\ARM_GCC_541\Debug\network.a(RX_TIMER.o)
 .debug_abbrev  0x00001b4a      0x173 .\CortexM3\ARM_GCC_541\Debug\network.a(RX_PIN_INTERRUPT.o)
 .debug_abbrev  0x00001cbd      0x173 .\CortexM3\ARM_GCC_541\Debug\network.a(RX_TIMER_INTERRUPT.o)
 .debug_abbrev  0x00001e30      0x12b .\CortexM3\ARM_GCC_541\Debug\network.a(TX_TIMER.o)
 .debug_abbrev  0x00001f5b      0x173 .\CortexM3\ARM_GCC_541\Debug\network.a(TX_TIMER_INTERRUPT.o)
 .debug_abbrev  0x000020ce       0x14 .\CortexM3\ARM_GCC_541\Debug\network.a(CyBootAsmGnu.o)
 .debug_abbrev  0x000020e2      0x198 .\CortexM3\ARM_GCC_541\Debug\network.a(CyFlash.o)
 .debug_abbrev  0x0000227a      0x194 .\CortexM3\ARM_GCC_541\Debug\network.a(CySpc.o)
 .debug_abbrev  0x0000240e       0xe1 .\CortexM3\ARM_GCC_541\Debug\network.a(USBUART_cls.o)
 .debug_abbrev  0x000024ef       0xb4 .\CortexM3\ARM_GCC_541\Debug\network.a(USBUART_descr.o)

.debug_line     0x00000000     0x368e
 *(.debug_line)
 .debug_line    0x00000000      0x24c .\CortexM3\ARM_GCC_541\Debug\main.o
 .debug_line    0x0000024c      0x1fb .\CortexM3\ARM_GCC_541\Debug\receiver.o
 .debug_line    0x00000447      0x361 .\CortexM3\ARM_GCC_541\Debug\transmitter.o
 .debug_line    0x000007a8      0x1d4 .\CortexM3\ARM_GCC_541\Debug\cyfitter_cfg.o
 .debug_line    0x0000097c      0x141 .\CortexM3\ARM_GCC_541\Debug\cymetadata.o
 .debug_line    0x00000abd      0x234 .\CortexM3\ARM_GCC_541\Debug\Cm3Start.o
 .debug_line    0x00000cf1       0x95 .\CortexM3\ARM_GCC_541\Debug\network.a(IDLE_PIN.o)
 .debug_line    0x00000d86       0x95 .\CortexM3\ARM_GCC_541\Debug\network.a(BUSY_PIN.o)
 .debug_line    0x00000e1b       0x9a .\CortexM3\ARM_GCC_541\Debug\network.a(COLLISION_PIN.o)
 .debug_line    0x00000eb5      0x816 .\CortexM3\ARM_GCC_541\Debug\network.a(CyLib.o)
 .debug_line    0x000016cb      0x367 .\CortexM3\ARM_GCC_541\Debug\network.a(cyPm.o)
 .debug_line    0x00001a32      0x2dc .\CortexM3\ARM_GCC_541\Debug\network.a(USBUART.o)
 .debug_line    0x00001d0e      0x2f2 .\CortexM3\ARM_GCC_541\Debug\network.a(USBUART_cdc.o)
 .debug_line    0x00002000      0x221 .\CortexM3\ARM_GCC_541\Debug\network.a(USBUART_drv.o)
 .debug_line    0x00002221       0xe6 .\CortexM3\ARM_GCC_541\Debug\network.a(USBUART_episr.o)
 .debug_line    0x00002307      0x10e .\CortexM3\ARM_GCC_541\Debug\network.a(USBUART_pm.o)
 .debug_line    0x00002415      0x3e2 .\CortexM3\ARM_GCC_541\Debug\network.a(USBUART_std.o)
 .debug_line    0x000027f7       0x73 .\CortexM3\ARM_GCC_541\Debug\network.a(USBUART_vnd.o)
 .debug_line    0x0000286a       0xbb .\CortexM3\ARM_GCC_541\Debug\network.a(USBUART_Dp.o)
 .debug_line    0x00002925       0x93 .\CortexM3\ARM_GCC_541\Debug\network.a(TX_PIN.o)
 .debug_line    0x000029b8       0xb7 .\CortexM3\ARM_GCC_541\Debug\network.a(RX_PIN.o)
 .debug_line    0x00002a6f      0x173 .\CortexM3\ARM_GCC_541\Debug\network.a(RX_TIMER.o)
 .debug_line    0x00002be2      0x13d .\CortexM3\ARM_GCC_541\Debug\network.a(RX_PIN_INTERRUPT.o)
 .debug_line    0x00002d1f      0x13f .\CortexM3\ARM_GCC_541\Debug\network.a(RX_TIMER_INTERRUPT.o)
 .debug_line    0x00002e5e      0x173 .\CortexM3\ARM_GCC_541\Debug\network.a(TX_TIMER.o)
 .debug_line    0x00002fd1      0x13f .\CortexM3\ARM_GCC_541\Debug\network.a(TX_TIMER_INTERRUPT.o)
 .debug_line    0x00003110       0x66 .\CortexM3\ARM_GCC_541\Debug\network.a(CyBootAsmGnu.o)
 .debug_line    0x00003176      0x1e9 .\CortexM3\ARM_GCC_541\Debug\network.a(CyFlash.o)
 .debug_line    0x0000335f      0x23c .\CortexM3\ARM_GCC_541\Debug\network.a(CySpc.o)
 .debug_line    0x0000359b       0x92 .\CortexM3\ARM_GCC_541\Debug\network.a(USBUART_cls.o)
 .debug_line    0x0000362d       0x61 .\CortexM3\ARM_GCC_541\Debug\network.a(USBUART_descr.o)

.debug_frame    0x00000000     0x21e0
 *(.debug_frame)
 .debug_frame   0x00000000       0x80 .\CortexM3\ARM_GCC_541\Debug\main.o
 .debug_frame   0x00000080       0x88 .\CortexM3\ARM_GCC_541\Debug\receiver.o
 .debug_frame   0x00000108       0xb8 .\CortexM3\ARM_GCC_541\Debug\transmitter.o
 .debug_frame   0x000001c0       0xe4 .\CortexM3\ARM_GCC_541\Debug\cyfitter_cfg.o
 .debug_frame   0x000002a4       0xb8 .\CortexM3\ARM_GCC_541\Debug\Cm3Start.o
 .debug_frame   0x0000035c       0x50 .\CortexM3\ARM_GCC_541\Debug\network.a(IDLE_PIN.o)
 .debug_frame   0x000003ac       0x50 .\CortexM3\ARM_GCC_541\Debug\network.a(BUSY_PIN.o)
 .debug_frame   0x000003fc       0x50 .\CortexM3\ARM_GCC_541\Debug\network.a(COLLISION_PIN.o)
 .debug_frame   0x0000044c      0x738 .\CortexM3\ARM_GCC_541\Debug\network.a(CyLib.o)
 .debug_frame   0x00000b84      0x1f8 .\CortexM3\ARM_GCC_541\Debug\network.a(cyPm.o)
 .debug_frame   0x00000d7c      0x1dc .\CortexM3\ARM_GCC_541\Debug\network.a(USBUART.o)
 .debug_frame   0x00000f58      0x27c .\CortexM3\ARM_GCC_541\Debug\network.a(USBUART_cdc.o)
 .debug_frame   0x000011d4      0x194 .\CortexM3\ARM_GCC_541\Debug\network.a(USBUART_drv.o)
 .debug_frame   0x00001368       0x6c .\CortexM3\ARM_GCC_541\Debug\network.a(USBUART_episr.o)
 .debug_frame   0x000013d4       0xa0 .\CortexM3\ARM_GCC_541\Debug\network.a(USBUART_pm.o)
 .debug_frame   0x00001474      0x17c .\CortexM3\ARM_GCC_541\Debug\network.a(USBUART_std.o)
 .debug_frame   0x000015f0       0x20 .\CortexM3\ARM_GCC_541\Debug\network.a(USBUART_vnd.o)
 .debug_frame   0x00001610       0x70 .\CortexM3\ARM_GCC_541\Debug\network.a(USBUART_Dp.o)
 .debug_frame   0x00001680       0x50 .\CortexM3\ARM_GCC_541\Debug\network.a(TX_PIN.o)
 .debug_frame   0x000016d0       0x70 .\CortexM3\ARM_GCC_541\Debug\network.a(RX_PIN.o)
 .debug_frame   0x00001740      0x124 .\CortexM3\ARM_GCC_541\Debug\network.a(RX_TIMER.o)
 .debug_frame   0x00001864      0x104 .\CortexM3\ARM_GCC_541\Debug\network.a(RX_PIN_INTERRUPT.o)
 .debug_frame   0x00001968      0x104 .\CortexM3\ARM_GCC_541\Debug\network.a(RX_TIMER_INTERRUPT.o)
 .debug_frame   0x00001a6c      0x124 .\CortexM3\ARM_GCC_541\Debug\network.a(TX_TIMER.o)
 .debug_frame   0x00001b90      0x104 .\CortexM3\ARM_GCC_541\Debug\network.a(TX_TIMER_INTERRUPT.o)
 .debug_frame   0x00001c94      0x174 .\CortexM3\ARM_GCC_541\Debug\network.a(CyFlash.o)
 .debug_frame   0x00001e08      0x160 .\CortexM3\ARM_GCC_541\Debug\network.a(CySpc.o)
 .debug_frame   0x00001f68       0x2c .\CortexM3\ARM_GCC_541\Debug\network.a(USBUART_cls.o)
 .debug_frame   0x00001f94       0x20 c:/program files (x86)/cypress/psoc creator/4.1/psoc creator/import/gnu/arm/5.4.1/bin/../lib/gcc/arm-none-eabi/5.4.1/../../../../arm-none-eabi/lib/armv7-m\libg_nano.a(lib_a-errno.o)
 .debug_frame   0x00001fb4       0x28 c:/program files (x86)/cypress/psoc creator/4.1/psoc creator/import/gnu/arm/5.4.1/bin/../lib/gcc/arm-none-eabi/5.4.1/../../../../arm-none-eabi/lib/armv7-m\libg_nano.a(lib_a-exit.o)
 .debug_frame   0x00001fdc       0x2c c:/program files (x86)/cypress/psoc creator/4.1/psoc creator/import/gnu/arm/5.4.1/bin/../lib/gcc/arm-none-eabi/5.4.1/../../../../arm-none-eabi/lib/armv7-m\libg_nano.a(lib_a-init.o)
 .debug_frame   0x00002008       0x28 c:/program files (x86)/cypress/psoc creator/4.1/psoc creator/import/gnu/arm/5.4.1/bin/../lib/gcc/arm-none-eabi/5.4.1/../../../../arm-none-eabi/lib/armv7-m\libg_nano.a(lib_a-memcpy-stub.o)
 .debug_frame   0x00002030       0x20 c:/program files (x86)/cypress/psoc creator/4.1/psoc creator/import/gnu/arm/5.4.1/bin/../lib/gcc/arm-none-eabi/5.4.1/../../../../arm-none-eabi/lib/armv7-m\libg_nano.a(lib_a-memset.o)
 .debug_frame   0x00002050       0x44 c:/program files (x86)/cypress/psoc creator/4.1/psoc creator/import/gnu/arm/5.4.1/bin/../lib/gcc/arm-none-eabi/5.4.1/../../../../arm-none-eabi/lib/armv7-m\libg_nano.a(lib_a-rand.o)
 .debug_frame   0x00002094       0x30 c:/program files (x86)/cypress/psoc creator/4.1/psoc creator/import/gnu/arm/5.4.1/bin/../lib/gcc/arm-none-eabi/5.4.1/../../../../arm-none-eabi/lib/armv7-m\libg_nano.a(lib_a-malloc.o)
 .debug_frame   0x000020c4       0x38 c:/program files (x86)/cypress/psoc creator/4.1/psoc creator/import/gnu/arm/5.4.1/bin/../lib/gcc/arm-none-eabi/5.4.1/../../../../arm-none-eabi/lib/armv7-m\libg_nano.a(lib_a-nano-freer.o)
 .debug_frame   0x000020fc       0x2c c:/program files (x86)/cypress/psoc creator/4.1/psoc creator/import/gnu/arm/5.4.1/bin/../lib/gcc/arm-none-eabi/5.4.1/../../../../arm-none-eabi/lib/armv7-m\libg_nano.a(lib_a-nano-mallocr.o)
 .debug_frame   0x00002128       0x2c c:/program files (x86)/cypress/psoc creator/4.1/psoc creator/import/gnu/arm/5.4.1/bin/../lib/gcc/arm-none-eabi/5.4.1/../../../../arm-none-eabi/lib/armv7-m\libg_nano.a(lib_a-sbrkr.o)
 .debug_frame   0x00002154       0x30 c:/program files (x86)/cypress/psoc creator/4.1/psoc creator/import/gnu/arm/5.4.1/bin/../lib/gcc/arm-none-eabi/5.4.1/../../../../arm-none-eabi/lib/armv7-m\libg_nano.a(lib_a-mlock.o)
 .debug_frame   0x00002184       0x5c c:/program files (x86)/cypress/psoc creator/4.1/psoc creator/import/gnu/arm/5.4.1/bin/../lib/gcc/arm-none-eabi/5.4.1/../../../../arm-none-eabi/lib/armv7-m\libg_nano.a(lib_a-reent.o)

.debug_str      0x00000000     0x3022
 *(.debug_str)
 .debug_str     0x00000000      0x367 .\CortexM3\ARM_GCC_541\Debug\main.o
                                0x3b7 (size before relaxing)
 .debug_str     0x00000367       0x73 .\CortexM3\ARM_GCC_541\Debug\receiver.o
                                0x27a (size before relaxing)
 .debug_str     0x000003da      0x11d .\CortexM3\ARM_GCC_541\Debug\transmitter.o
                                0x386 (size before relaxing)
 .debug_str     0x000004f7      0x181 .\CortexM3\ARM_GCC_541\Debug\cyfitter_cfg.o
                                0x30b (size before relaxing)
 .debug_str     0x00000678       0x75 .\CortexM3\ARM_GCC_541\Debug\cymetadata.o
                                0x1e0 (size before relaxing)
 .debug_str     0x000006ed      0x144 .\CortexM3\ARM_GCC_541\Debug\Cm3Start.o
                                0x306 (size before relaxing)
 .debug_str     0x00000831       0x6b .\CortexM3\ARM_GCC_541\Debug\network.a(IDLE_PIN.o)
                                0x1ed (size before relaxing)
 .debug_str     0x0000089c       0x5b .\CortexM3\ARM_GCC_541\Debug\network.a(BUSY_PIN.o)
                                0x1ed (size before relaxing)
 .debug_str     0x000008f7       0x6f .\CortexM3\ARM_GCC_541\Debug\network.a(COLLISION_PIN.o)
                                0x206 (size before relaxing)
 .debug_str     0x00000966      0x82e .\CortexM3\ARM_GCC_541\Debug\network.a(CyLib.o)
                                0xa43 (size before relaxing)
 .debug_str     0x00001194      0x365 .\CortexM3\ARM_GCC_541\Debug\network.a(cyPm.o)
                                0x72f (size before relaxing)
 .debug_str     0x000014f9      0x422 .\CortexM3\ARM_GCC_541\Debug\network.a(USBUART.o)
                                0x666 (size before relaxing)
 .debug_str     0x0000191b      0x4d5 .\CortexM3\ARM_GCC_541\Debug\network.a(USBUART_cdc.o)
                                0x7cd (size before relaxing)
 .debug_str     0x00001df0      0x291 .\CortexM3\ARM_GCC_541\Debug\network.a(USBUART_drv.o)
                                0x644 (size before relaxing)
 .debug_str     0x00002081       0x80 .\CortexM3\ARM_GCC_541\Debug\network.a(USBUART_episr.o)
                                0x2db (size before relaxing)
 .debug_str     0x00002101       0xd2 .\CortexM3\ARM_GCC_541\Debug\network.a(USBUART_pm.o)
                                0x2ec (size before relaxing)
 .debug_str     0x000021d3      0x259 .\CortexM3\ARM_GCC_541\Debug\network.a(USBUART_std.o)
                                0x7b3 (size before relaxing)
 .debug_str     0x0000242c       0x25 .\CortexM3\ARM_GCC_541\Debug\network.a(USBUART_vnd.o)
                                0x1e9 (size before relaxing)
 .debug_str     0x00002451       0x99 .\CortexM3\ARM_GCC_541\Debug\network.a(USBUART_Dp.o)
                                0x23d (size before relaxing)
 .debug_str     0x000024ea       0x53 .\CortexM3\ARM_GCC_541\Debug\network.a(TX_PIN.o)
                                0x1e3 (size before relaxing)
 .debug_str     0x0000253d       0x6c .\CortexM3\ARM_GCC_541\Debug\network.a(RX_PIN.o)
                                0x221 (size before relaxing)
 .debug_str     0x000025a9      0x162 .\CortexM3\ARM_GCC_541\Debug\network.a(RX_TIMER.o)
                                0x36d (size before relaxing)
 .debug_str     0x0000270b      0x167 .\CortexM3\ARM_GCC_541\Debug\network.a(RX_PIN_INTERRUPT.o)
                                0x33c (size before relaxing)
 .debug_str     0x00002872      0x181 .\CortexM3\ARM_GCC_541\Debug\network.a(RX_TIMER_INTERRUPT.o)
                                0x358 (size before relaxing)
 .debug_str     0x000029f3      0x13d .\CortexM3\ARM_GCC_541\Debug\network.a(TX_TIMER.o)
                                0x36d (size before relaxing)
 .debug_str     0x00002b30      0x181 .\CortexM3\ARM_GCC_541\Debug\network.a(TX_TIMER_INTERRUPT.o)
                                0x358 (size before relaxing)
 .debug_str     0x00002cb1      0x19c .\CortexM3\ARM_GCC_541\Debug\network.a(CyFlash.o)
                                0x39d (size before relaxing)
 .debug_str     0x00002e4d       0xac .\CortexM3\ARM_GCC_541\Debug\network.a(CySpc.o)
                                0x326 (size before relaxing)
 .debug_str     0x00002ef9       0x25 .\CortexM3\ARM_GCC_541\Debug\network.a(USBUART_cls.o)
                                0x2a8 (size before relaxing)
 .debug_str     0x00002f1e      0x104 .\CortexM3\ARM_GCC_541\Debug\network.a(USBUART_descr.o)
                                0x355 (size before relaxing)

.debug_loc      0x00000000     0x3299
 *(.debug_loc)
 .debug_loc     0x00000000       0xc9 .\CortexM3\ARM_GCC_541\Debug\receiver.o
 .debug_loc     0x000000c9      0x1ee .\CortexM3\ARM_GCC_541\Debug\transmitter.o
 .debug_loc     0x000002b7      0x1d7 .\CortexM3\ARM_GCC_541\Debug\cyfitter_cfg.o
 .debug_loc     0x0000048e      0x144 .\CortexM3\ARM_GCC_541\Debug\Cm3Start.o
 .debug_loc     0x000005d2       0x42 .\CortexM3\ARM_GCC_541\Debug\network.a(IDLE_PIN.o)
 .debug_loc     0x00000614       0x42 .\CortexM3\ARM_GCC_541\Debug\network.a(BUSY_PIN.o)
 .debug_loc     0x00000656       0x42 .\CortexM3\ARM_GCC_541\Debug\network.a(COLLISION_PIN.o)
 .debug_loc     0x00000698      0xa11 .\CortexM3\ARM_GCC_541\Debug\network.a(CyLib.o)
 .debug_loc     0x000010a9      0x1e4 .\CortexM3\ARM_GCC_541\Debug\network.a(cyPm.o)
 .debug_loc     0x0000128d      0x3e1 .\CortexM3\ARM_GCC_541\Debug\network.a(USBUART.o)
 .debug_loc     0x0000166e      0x557 .\CortexM3\ARM_GCC_541\Debug\network.a(USBUART_cdc.o)
 .debug_loc     0x00001bc5      0x171 .\CortexM3\ARM_GCC_541\Debug\network.a(USBUART_drv.o)
 .debug_loc     0x00001d36       0x26 .\CortexM3\ARM_GCC_541\Debug\network.a(USBUART_pm.o)
 .debug_loc     0x00001d5c      0x945 .\CortexM3\ARM_GCC_541\Debug\network.a(USBUART_std.o)
 .debug_loc     0x000026a1       0x84 .\CortexM3\ARM_GCC_541\Debug\network.a(USBUART_Dp.o)
 .debug_loc     0x00002725       0x42 .\CortexM3\ARM_GCC_541\Debug\network.a(TX_PIN.o)
 .debug_loc     0x00002767       0x84 .\CortexM3\ARM_GCC_541\Debug\network.a(RX_PIN.o)
 .debug_loc     0x000027eb       0x13 .\CortexM3\ARM_GCC_541\Debug\network.a(RX_TIMER.o)
 .debug_loc     0x000027fe       0x56 .\CortexM3\ARM_GCC_541\Debug\network.a(RX_PIN_INTERRUPT.o)
 .debug_loc     0x00002854       0x56 .\CortexM3\ARM_GCC_541\Debug\network.a(RX_TIMER_INTERRUPT.o)
 .debug_loc     0x000028aa       0x13 .\CortexM3\ARM_GCC_541\Debug\network.a(TX_TIMER.o)
 .debug_loc     0x000028bd       0x56 .\CortexM3\ARM_GCC_541\Debug\network.a(TX_TIMER_INTERRUPT.o)
 .debug_loc     0x00002913      0x2f2 .\CortexM3\ARM_GCC_541\Debug\network.a(CyFlash.o)
 .debug_loc     0x00002c05      0x64d .\CortexM3\ARM_GCC_541\Debug\network.a(CySpc.o)
 .debug_loc     0x00003252       0x47 .\CortexM3\ARM_GCC_541\Debug\network.a(USBUART_cls.o)

.debug_macinfo
 *(.debug_macinfo)

.debug_ranges   0x00000000      0xbd8
 *(.debug_ranges)
 .debug_ranges  0x00000000       0x28 .\CortexM3\ARM_GCC_541\Debug\main.o
 .debug_ranges  0x00000028       0x40 .\CortexM3\ARM_GCC_541\Debug\receiver.o
 .debug_ranges  0x00000068       0x80 .\CortexM3\ARM_GCC_541\Debug\transmitter.o
 .debug_ranges  0x000000e8       0x48 .\CortexM3\ARM_GCC_541\Debug\cyfitter_cfg.o
 .debug_ranges  0x00000130       0x38 .\CortexM3\ARM_GCC_541\Debug\Cm3Start.o
 .debug_ranges  0x00000168       0x28 .\CortexM3\ARM_GCC_541\Debug\network.a(IDLE_PIN.o)
 .debug_ranges  0x00000190       0x28 .\CortexM3\ARM_GCC_541\Debug\network.a(BUSY_PIN.o)
 .debug_ranges  0x000001b8       0x28 .\CortexM3\ARM_GCC_541\Debug\network.a(COLLISION_PIN.o)
 .debug_ranges  0x000001e0      0x290 .\CortexM3\ARM_GCC_541\Debug\network.a(CyLib.o)
 .debug_ranges  0x00000470       0x88 .\CortexM3\ARM_GCC_541\Debug\network.a(cyPm.o)
 .debug_ranges  0x000004f8       0xd0 .\CortexM3\ARM_GCC_541\Debug\network.a(USBUART.o)
 .debug_ranges  0x000005c8       0xd8 .\CortexM3\ARM_GCC_541\Debug\network.a(USBUART_cdc.o)
 .debug_ranges  0x000006a0       0x88 .\CortexM3\ARM_GCC_541\Debug\network.a(USBUART_drv.o)
 .debug_ranges  0x00000728       0x30 .\CortexM3\ARM_GCC_541\Debug\network.a(USBUART_episr.o)
 .debug_ranges  0x00000758       0x30 .\CortexM3\ARM_GCC_541\Debug\network.a(USBUART_pm.o)
 .debug_ranges  0x00000788       0x70 .\CortexM3\ARM_GCC_541\Debug\network.a(USBUART_std.o)
 .debug_ranges  0x000007f8       0x10 .\CortexM3\ARM_GCC_541\Debug\network.a(USBUART_vnd.o)
 .debug_ranges  0x00000808       0x38 .\CortexM3\ARM_GCC_541\Debug\network.a(USBUART_Dp.o)
 .debug_ranges  0x00000840       0x28 .\CortexM3\ARM_GCC_541\Debug\network.a(TX_PIN.o)
 .debug_ranges  0x00000868       0x38 .\CortexM3\ARM_GCC_541\Debug\network.a(RX_PIN.o)
 .debug_ranges  0x000008a0       0x80 .\CortexM3\ARM_GCC_541\Debug\network.a(RX_TIMER.o)
 .debug_ranges  0x00000920       0x70 .\CortexM3\ARM_GCC_541\Debug\network.a(RX_PIN_INTERRUPT.o)
 .debug_ranges  0x00000990       0x70 .\CortexM3\ARM_GCC_541\Debug\network.a(RX_TIMER_INTERRUPT.o)
 .debug_ranges  0x00000a00       0x80 .\CortexM3\ARM_GCC_541\Debug\network.a(TX_TIMER.o)
 .debug_ranges  0x00000a80       0x70 .\CortexM3\ARM_GCC_541\Debug\network.a(TX_TIMER_INTERRUPT.o)
 .debug_ranges  0x00000af0       0x70 .\CortexM3\ARM_GCC_541\Debug\network.a(CyFlash.o)
 .debug_ranges  0x00000b60       0x68 .\CortexM3\ARM_GCC_541\Debug\network.a(CySpc.o)
 .debug_ranges  0x00000bc8       0x10 .\CortexM3\ARM_GCC_541\Debug\network.a(USBUART_cls.o)

.comment        0x00000000       0x6e
 .comment       0x00000000       0x6e .\CortexM3\ARM_GCC_541\Debug\main.o
                                 0x6f (size before relaxing)
 .comment       0x0000006e       0x6f .\CortexM3\ARM_GCC_541\Debug\receiver.o
 .comment       0x0000006e       0x6f .\CortexM3\ARM_GCC_541\Debug\transmitter.o
 .comment       0x0000006e       0x6f .\CortexM3\ARM_GCC_541\Debug\cyfitter_cfg.o
 .comment       0x0000006e       0x6f .\CortexM3\ARM_GCC_541\Debug\cymetadata.o
 .comment       0x0000006e       0x6f .\CortexM3\ARM_GCC_541\Debug\Cm3Start.o
 .comment       0x0000006e       0x6f .\CortexM3\ARM_GCC_541\Debug\network.a(IDLE_PIN.o)
 .comment       0x0000006e       0x6f .\CortexM3\ARM_GCC_541\Debug\network.a(BUSY_PIN.o)
 .comment       0x0000006e       0x6f .\CortexM3\ARM_GCC_541\Debug\network.a(COLLISION_PIN.o)
 .comment       0x0000006e       0x6f .\CortexM3\ARM_GCC_541\Debug\network.a(CyLib.o)
 .comment       0x0000006e       0x6f .\CortexM3\ARM_GCC_541\Debug\network.a(cyPm.o)
 .comment       0x0000006e       0x6f .\CortexM3\ARM_GCC_541\Debug\network.a(USBUART.o)
 .comment       0x0000006e       0x6f .\CortexM3\ARM_GCC_541\Debug\network.a(USBUART_cdc.o)
 .comment       0x0000006e       0x6f .\CortexM3\ARM_GCC_541\Debug\network.a(USBUART_drv.o)
 .comment       0x0000006e       0x6f .\CortexM3\ARM_GCC_541\Debug\network.a(USBUART_episr.o)
 .comment       0x0000006e       0x6f .\CortexM3\ARM_GCC_541\Debug\network.a(USBUART_pm.o)
 .comment       0x0000006e       0x6f .\CortexM3\ARM_GCC_541\Debug\network.a(USBUART_std.o)
 .comment       0x0000006e       0x6f .\CortexM3\ARM_GCC_541\Debug\network.a(USBUART_vnd.o)
 .comment       0x0000006e       0x6f .\CortexM3\ARM_GCC_541\Debug\network.a(USBUART_Dp.o)
 .comment       0x0000006e       0x6f .\CortexM3\ARM_GCC_541\Debug\network.a(TX_PIN.o)
 .comment       0x0000006e       0x6f .\CortexM3\ARM_GCC_541\Debug\network.a(RX_PIN.o)
 .comment       0x0000006e       0x6f .\CortexM3\ARM_GCC_541\Debug\network.a(RX_TIMER.o)
 .comment       0x0000006e       0x6f .\CortexM3\ARM_GCC_541\Debug\network.a(RX_PIN_INTERRUPT.o)
 .comment       0x0000006e       0x6f .\CortexM3\ARM_GCC_541\Debug\network.a(RX_TIMER_INTERRUPT.o)
 .comment       0x0000006e       0x6f .\CortexM3\ARM_GCC_541\Debug\network.a(TX_TIMER.o)
 .comment       0x0000006e       0x6f .\CortexM3\ARM_GCC_541\Debug\network.a(TX_TIMER_INTERRUPT.o)
 .comment       0x0000006e       0x6f .\CortexM3\ARM_GCC_541\Debug\network.a(CyFlash.o)
 .comment       0x0000006e       0x6f .\CortexM3\ARM_GCC_541\Debug\network.a(CySpc.o)
 .comment       0x0000006e       0x6f .\CortexM3\ARM_GCC_541\Debug\network.a(USBUART_cls.o)
 .comment       0x0000006e       0x6f .\CortexM3\ARM_GCC_541\Debug\network.a(USBUART_descr.o)

.debug_weaknames
 *(.debug_weaknames)

.debug_funcnames
 *(.debug_funcnames)

.debug_typenames
 *(.debug_typenames)

.debug_varnames
 *(.debug_varnames)

.note.gnu.arm.ident
 *(.note.gnu.arm.ident)

.ARM.attributes
                0x00000000       0x29
 *(.ARM.attributes)
 .ARM.attributes
                0x00000000       0x1d c:/program files (x86)/cypress/psoc creator/4.1/psoc creator/import/gnu/arm/5.4.1/bin/../lib/gcc/arm-none-eabi/5.4.1/armv7-m/crti.o
 .ARM.attributes
                0x0000001d       0x2d c:/program files (x86)/cypress/psoc creator/4.1/psoc creator/import/gnu/arm/5.4.1/bin/../lib/gcc/arm-none-eabi/5.4.1/armv7-m/crtbegin.o
 .ARM.attributes
                0x0000004a       0x1b c:/program files (x86)/cypress/psoc creator/4.1/psoc creator/import/gnu/arm/5.4.1/bin/../lib/gcc/arm-none-eabi/5.4.1/../../../../arm-none-eabi/lib/armv7-m/crt0.o
 .ARM.attributes
                0x00000065       0x33 .\CortexM3\ARM_GCC_541\Debug\main.o
 .ARM.attributes
                0x00000098       0x33 .\CortexM3\ARM_GCC_541\Debug\receiver.o
 .ARM.attributes
                0x000000cb       0x33 .\CortexM3\ARM_GCC_541\Debug\transmitter.o
 .ARM.attributes
                0x000000fe       0x33 .\CortexM3\ARM_GCC_541\Debug\cyfitter_cfg.o
 .ARM.attributes
                0x00000131       0x33 .\CortexM3\ARM_GCC_541\Debug\cymetadata.o
 .ARM.attributes
                0x00000164       0x33 .\CortexM3\ARM_GCC_541\Debug\Cm3Start.o
 .ARM.attributes
                0x00000197       0x33 .\CortexM3\ARM_GCC_541\Debug\network.a(IDLE_PIN.o)
 .ARM.attributes
                0x000001ca       0x33 .\CortexM3\ARM_GCC_541\Debug\network.a(BUSY_PIN.o)
 .ARM.attributes
                0x000001fd       0x33 .\CortexM3\ARM_GCC_541\Debug\network.a(COLLISION_PIN.o)
 .ARM.attributes
                0x00000230       0x33 .\CortexM3\ARM_GCC_541\Debug\network.a(CyLib.o)
 .ARM.attributes
                0x00000263       0x33 .\CortexM3\ARM_GCC_541\Debug\network.a(cyPm.o)
 .ARM.attributes
                0x00000296       0x33 .\CortexM3\ARM_GCC_541\Debug\network.a(USBUART.o)
 .ARM.attributes
                0x000002c9       0x33 .\CortexM3\ARM_GCC_541\Debug\network.a(USBUART_cdc.o)
 .ARM.attributes
                0x000002fc       0x33 .\CortexM3\ARM_GCC_541\Debug\network.a(USBUART_drv.o)
 .ARM.attributes
                0x0000032f       0x33 .\CortexM3\ARM_GCC_541\Debug\network.a(USBUART_episr.o)
 .ARM.attributes
                0x00000362       0x33 .\CortexM3\ARM_GCC_541\Debug\network.a(USBUART_pm.o)
 .ARM.attributes
                0x00000395       0x33 .\CortexM3\ARM_GCC_541\Debug\network.a(USBUART_std.o)
 .ARM.attributes
                0x000003c8       0x33 .\CortexM3\ARM_GCC_541\Debug\network.a(USBUART_vnd.o)
 .ARM.attributes
                0x000003fb       0x33 .\CortexM3\ARM_GCC_541\Debug\network.a(USBUART_Dp.o)
 .ARM.attributes
                0x0000042e       0x33 .\CortexM3\ARM_GCC_541\Debug\network.a(TX_PIN.o)
 .ARM.attributes
                0x00000461       0x33 .\CortexM3\ARM_GCC_541\Debug\network.a(RX_PIN.o)
 .ARM.attributes
                0x00000494       0x33 .\CortexM3\ARM_GCC_541\Debug\network.a(RX_TIMER.o)
 .ARM.attributes
                0x000004c7       0x33 .\CortexM3\ARM_GCC_541\Debug\network.a(RX_PIN_INTERRUPT.o)
 .ARM.attributes
                0x000004fa       0x33 .\CortexM3\ARM_GCC_541\Debug\network.a(RX_TIMER_INTERRUPT.o)
 .ARM.attributes
                0x0000052d       0x33 .\CortexM3\ARM_GCC_541\Debug\network.a(TX_TIMER.o)
 .ARM.attributes
                0x00000560       0x33 .\CortexM3\ARM_GCC_541\Debug\network.a(TX_TIMER_INTERRUPT.o)
 .ARM.attributes
                0x00000593       0x21 .\CortexM3\ARM_GCC_541\Debug\network.a(CyBootAsmGnu.o)
 .ARM.attributes
                0x000005b4       0x33 .\CortexM3\ARM_GCC_541\Debug\network.a(CyFlash.o)
 .ARM.attributes
                0x000005e7       0x33 .\CortexM3\ARM_GCC_541\Debug\network.a(CySpc.o)
 .ARM.attributes
                0x0000061a       0x33 .\CortexM3\ARM_GCC_541\Debug\network.a(USBUART_cls.o)
 .ARM.attributes
                0x0000064d       0x33 .\CortexM3\ARM_GCC_541\Debug\network.a(USBUART_descr.o)
 .ARM.attributes
                0x00000680       0x2d c:/program files (x86)/cypress/psoc creator/4.1/psoc creator/import/gnu/arm/5.4.1/bin/../lib/gcc/arm-none-eabi/5.4.1/../../../../arm-none-eabi/lib/armv7-m\libg_nano.a(lib_a-errno.o)
 .ARM.attributes
                0x000006ad       0x2d c:/program files (x86)/cypress/psoc creator/4.1/psoc creator/import/gnu/arm/5.4.1/bin/../lib/gcc/arm-none-eabi/5.4.1/../../../../arm-none-eabi/lib/armv7-m\libg_nano.a(lib_a-exit.o)
 .ARM.attributes
                0x000006da       0x2d c:/program files (x86)/cypress/psoc creator/4.1/psoc creator/import/gnu/arm/5.4.1/bin/../lib/gcc/arm-none-eabi/5.4.1/../../../../arm-none-eabi/lib/armv7-m\libg_nano.a(lib_a-impure.o)
 .ARM.attributes
                0x00000707       0x2d c:/program files (x86)/cypress/psoc creator/4.1/psoc creator/import/gnu/arm/5.4.1/bin/../lib/gcc/arm-none-eabi/5.4.1/../../../../arm-none-eabi/lib/armv7-m\libg_nano.a(lib_a-init.o)
 .ARM.attributes
                0x00000734       0x2d c:/program files (x86)/cypress/psoc creator/4.1/psoc creator/import/gnu/arm/5.4.1/bin/../lib/gcc/arm-none-eabi/5.4.1/../../../../arm-none-eabi/lib/armv7-m\libg_nano.a(lib_a-memcpy-stub.o)
 .ARM.attributes
                0x00000761       0x2d c:/program files (x86)/cypress/psoc creator/4.1/psoc creator/import/gnu/arm/5.4.1/bin/../lib/gcc/arm-none-eabi/5.4.1/../../../../arm-none-eabi/lib/armv7-m\libg_nano.a(lib_a-memset.o)
 .ARM.attributes
                0x0000078e       0x2d c:/program files (x86)/cypress/psoc creator/4.1/psoc creator/import/gnu/arm/5.4.1/bin/../lib/gcc/arm-none-eabi/5.4.1/../../../../arm-none-eabi/lib/armv7-m\libg_nano.a(lib_a-rand.o)
 .ARM.attributes
                0x000007bb       0x2d c:/program files (x86)/cypress/psoc creator/4.1/psoc creator/import/gnu/arm/5.4.1/bin/../lib/gcc/arm-none-eabi/5.4.1/../../../../arm-none-eabi/lib/armv7-m\libg_nano.a(lib_a-malloc.o)
 .ARM.attributes
                0x000007e8       0x2d c:/program files (x86)/cypress/psoc creator/4.1/psoc creator/import/gnu/arm/5.4.1/bin/../lib/gcc/arm-none-eabi/5.4.1/../../../../arm-none-eabi/lib/armv7-m\libg_nano.a(lib_a-nano-freer.o)
 .ARM.attributes
                0x00000815       0x2d c:/program files (x86)/cypress/psoc creator/4.1/psoc creator/import/gnu/arm/5.4.1/bin/../lib/gcc/arm-none-eabi/5.4.1/../../../../arm-none-eabi/lib/armv7-m\libg_nano.a(lib_a-nano-mallocr.o)
 .ARM.attributes
                0x00000842       0x2d c:/program files (x86)/cypress/psoc creator/4.1/psoc creator/import/gnu/arm/5.4.1/bin/../lib/gcc/arm-none-eabi/5.4.1/../../../../arm-none-eabi/lib/armv7-m\libg_nano.a(lib_a-sbrkr.o)
 .ARM.attributes
                0x0000086f       0x2d c:/program files (x86)/cypress/psoc creator/4.1/psoc creator/import/gnu/arm/5.4.1/bin/../lib/gcc/arm-none-eabi/5.4.1/../../../../arm-none-eabi/lib/armv7-m\libg_nano.a(lib_a-mlock.o)
 .ARM.attributes
                0x0000089c       0x2d c:/program files (x86)/cypress/psoc creator/4.1/psoc creator/import/gnu/arm/5.4.1/bin/../lib/gcc/arm-none-eabi/5.4.1/../../../../arm-none-eabi/lib/armv7-m\libg_nano.a(lib_a-reent.o)
 .ARM.attributes
                0x000008c9       0x2d c:/program files (x86)/cypress/psoc creator/4.1/psoc creator/import/gnu/arm/5.4.1/bin/../lib/gcc/arm-none-eabi/5.4.1/armv7-m/crtend.o
 .ARM.attributes
                0x000008f6       0x1d c:/program files (x86)/cypress/psoc creator/4.1/psoc creator/import/gnu/arm/5.4.1/bin/../lib/gcc/arm-none-eabi/5.4.1/armv7-m/crtn.o

/DISCARD/
 *(.note.GNU-stack)
OUTPUT(C:\Users\hallermans\Documents\Winter2017\CE4950\network.cydsn\CortexM3\ARM_GCC_541\Debug\network.elf elf32-littlearm)
