Archive member included to satisfy reference by file (symbol)

.\CortexM3\ARM_GCC_541\Debug\network.a(IDLE_PIN.o)
                              .\CortexM3\ARM_GCC_541\Debug\transmitter.o (IDLE_PIN_Write)
.\CortexM3\ARM_GCC_541\Debug\network.a(BUSY_PIN.o)
                              .\CortexM3\ARM_GCC_541\Debug\transmitter.o (BUSY_PIN_Write)
.\CortexM3\ARM_GCC_541\Debug\network.a(COLLISION_PIN.o)
                              .\CortexM3\ARM_GCC_541\Debug\transmitter.o (COLLISION_PIN_Write)
.\CortexM3\ARM_GCC_541\Debug\network.a(CyLib.o)
                              .\CortexM3\ARM_GCC_541\Debug\Cm3Start.o (CyHalt)
.\CortexM3\ARM_GCC_541\Debug\network.a(cyPm.o)
                              .\CortexM3\ARM_GCC_541\Debug\network.a(CyLib.o) (CyPmReadStatus)
.\CortexM3\ARM_GCC_541\Debug\network.a(USBUART.o)
                              .\CortexM3\ARM_GCC_541\Debug\main.o (USBUART_Start)
.\CortexM3\ARM_GCC_541\Debug\network.a(USBUART_cdc.o)
                              .\CortexM3\ARM_GCC_541\Debug\main.o (USBUART_CDC_Init)
.\CortexM3\ARM_GCC_541\Debug\network.a(USBUART_drv.o)
                              .\CortexM3\ARM_GCC_541\Debug\network.a(USBUART.o) (USBUART_lastPacketSize)
.\CortexM3\ARM_GCC_541\Debug\network.a(USBUART_episr.o)
                              .\CortexM3\ARM_GCC_541\Debug\network.a(USBUART.o) (USBUART_EP_1_ISR)
.\CortexM3\ARM_GCC_541\Debug\network.a(USBUART_pm.o)
                              .\CortexM3\ARM_GCC_541\Debug\network.a(USBUART.o) (USBUART_DP_ISR)
.\CortexM3\ARM_GCC_541\Debug\network.a(USBUART_std.o)
                              .\CortexM3\ARM_GCC_541\Debug\network.a(USBUART_pm.o) (USBUART_ConfigReg)
.\CortexM3\ARM_GCC_541\Debug\network.a(USBUART_vnd.o)
                              .\CortexM3\ARM_GCC_541\Debug\network.a(USBUART_drv.o) (USBUART_HandleVendorRqst)
.\CortexM3\ARM_GCC_541\Debug\network.a(USBUART_Dp.o)
                              .\CortexM3\ARM_GCC_541\Debug\network.a(USBUART.o) (USBUART_Dp_ClearInterrupt)
.\CortexM3\ARM_GCC_541\Debug\network.a(TX_PIN.o)
                              .\CortexM3\ARM_GCC_541\Debug\transmitter.o (TX_PIN_Write)
.\CortexM3\ARM_GCC_541\Debug\network.a(RX_PIN.o)
                              .\CortexM3\ARM_GCC_541\Debug\receiver.o (RX_PIN_Read)
.\CortexM3\ARM_GCC_541\Debug\network.a(RX_TIMER.o)
                              .\CortexM3\ARM_GCC_541\Debug\receiver.o (RX_TIMER_Stop)
.\CortexM3\ARM_GCC_541\Debug\network.a(RX_PIN_INTERRUPT.o)
                              .\CortexM3\ARM_GCC_541\Debug\main.o (RX_PIN_INTERRUPT_StartEx)
.\CortexM3\ARM_GCC_541\Debug\network.a(RX_TIMER_INTERRUPT.o)
                              .\CortexM3\ARM_GCC_541\Debug\main.o (RX_TIMER_INTERRUPT_StartEx)
.\CortexM3\ARM_GCC_541\Debug\network.a(TX_TIMER.o)
                              .\CortexM3\ARM_GCC_541\Debug\transmitter.o (TX_TIMER_Stop)
.\CortexM3\ARM_GCC_541\Debug\network.a(TX_TIMER_INTERRUPT.o)
                              .\CortexM3\ARM_GCC_541\Debug\main.o (TX_TIMER_INTERRUPT_StartEx)
.\CortexM3\ARM_GCC_541\Debug\network.a(CyBootAsmGnu.o)
                              .\CortexM3\ARM_GCC_541\Debug\cyfitter_cfg.o (CyDelayCycles)
.\CortexM3\ARM_GCC_541\Debug\network.a(CyFlash.o)
                              .\CortexM3\ARM_GCC_541\Debug\network.a(cyPm.o) (CyFlash_SetWaitCycles)
.\CortexM3\ARM_GCC_541\Debug\network.a(CySpc.o)
                              .\CortexM3\ARM_GCC_541\Debug\network.a(CyFlash.o) (CySpcStart)
.\CortexM3\ARM_GCC_541\Debug\network.a(USBUART_cls.o)
                              .\CortexM3\ARM_GCC_541\Debug\network.a(USBUART_drv.o) (USBUART_DispatchClassRqst)
.\CortexM3\ARM_GCC_541\Debug\network.a(USBUART_descr.o)
                              .\CortexM3\ARM_GCC_541\Debug\network.a(USBUART_std.o) (USBUART_idSerialNumberStringDescriptor)
c:/program files (x86)/cypress/psoc creator/4.1/psoc creator/import/gnu/arm/5.4.1/bin/../lib/gcc/arm-none-eabi/5.4.1/../../../../arm-none-eabi/lib/armv7-m\libg_nano.a(lib_a-errno.o)
                              .\CortexM3\ARM_GCC_541\Debug\Cm3Start.o (__errno)
c:/program files (x86)/cypress/psoc creator/4.1/psoc creator/import/gnu/arm/5.4.1/bin/../lib/gcc/arm-none-eabi/5.4.1/../../../../arm-none-eabi/lib/armv7-m\libg_nano.a(lib_a-exit.o)
                              c:/program files (x86)/cypress/psoc creator/4.1/psoc creator/import/gnu/arm/5.4.1/bin/../lib/gcc/arm-none-eabi/5.4.1/../../../../arm-none-eabi/lib/armv7-m/crt0.o (exit)
c:/program files (x86)/cypress/psoc creator/4.1/psoc creator/import/gnu/arm/5.4.1/bin/../lib/gcc/arm-none-eabi/5.4.1/../../../../arm-none-eabi/lib/armv7-m\libg_nano.a(lib_a-impure.o)
                              c:/program files (x86)/cypress/psoc creator/4.1/psoc creator/import/gnu/arm/5.4.1/bin/../lib/gcc/arm-none-eabi/5.4.1/../../../../arm-none-eabi/lib/armv7-m\libg_nano.a(lib_a-exit.o) (_global_impure_ptr)
[...]
Memory Configuration

Name             Origin             Length             Attributes
rom              0x00000000         0x00040000         xr
ram              0x1fff8000         0x00010000         xrw
*default*        0x00000000         0xffffffff

Linker script and memory map

LOAD c:/program files (x86)/cypress/psoc creator/4.1/psoc creator/import/gnu/arm/5.4.1/bin/../lib/gcc/arm-none-eabi/5.4.1/armv7-m/crti.o
LOAD c:/program files (x86)/cypress/psoc creator/4.1/psoc creator/import/gnu/arm/5.4.1/bin/../lib/gcc/arm-none-eabi/5.4.1/armv7-m/crtbegin.o
LOAD c:/program files (x86)/cypress/psoc creator/4.1/psoc creator/import/gnu/arm/5.4.1/bin/../lib/gcc/arm-none-eabi/5.4.1/../../../../arm-none-eabi/lib/armv7-m/crt0.o
START GROUP
LOAD .\CortexM3\ARM_GCC_541\Debug\main.o
LOAD .\CortexM3\ARM_GCC_541\Debug\receiver.o
LOAD .\CortexM3\ARM_GCC_541\Debug\transmitter.o
LOAD .\CortexM3\ARM_GCC_541\Debug\cyfitter_cfg.o
LOAD .\CortexM3\ARM_GCC_541\Debug\cymetadata.o
LOAD .\CortexM3\ARM_GCC_541\Debug\Cm3Start.o
LOAD .\CortexM3\ARM_GCC_541\Debug\network.a
LOAD C:\Program Files (x86)\Cypress\PSoC Creator\4.1\PSoC Creator\psoc\content\cycomponentlibrary\CyComponentLibrary.cylib\CortexM3\ARM_GCC_541\Debug\CyComponentLibrary.a
END GROUP
START GROUP
LOAD c:/program files (x86)/cypress/psoc creator/4.1/psoc creator/import/gnu/arm/5.4.1/bin/../lib/gcc/arm-none-eabi/5.4.1/armv7-m\libgcc.a
LOAD c:/program files (x86)/cypress/psoc creator/4.1/psoc creator/import/gnu/arm/5.4.1/bin/../lib/gcc/arm-none-eabi/5.4.1/../../../../arm-none-eabi/lib/armv7-m\libg_nano.a
LOAD c:/program files (x86)/cypress/psoc creator/4.1/psoc creator/import/gnu/arm/5.4.1/bin/../lib/gcc/arm-none-eabi/5.4.1/../../../../arm-none-eabi/lib/armv7-m\libc_nano.a
END GROUP
START GROUP
LOAD c:/program files (x86)/cypress/psoc creator/4.1/psoc creator/import/gnu/arm/5.4.1/bin/../lib/gcc/arm-none-eabi/5.4.1/armv7-m\libgcc.a
LOAD c:/program files (x86)/cypress/psoc creator/4.1/psoc creator/import/gnu/arm/5.4.1/bin/../lib/gcc/arm-none-eabi/5.4.1/../../../../arm-none-eabi/lib/armv7-m\libc_nano.a
END GROUP
LOAD c:/program files (x86)/cypress/psoc creator/4.1/psoc creator/import/gnu/arm/5.4.1/bin/../lib/gcc/arm-none-eabi/5.4.1/armv7-m/crtend.o
LOAD c:/program files (x86)/cypress/psoc creator/4.1/psoc creator/import/gnu/arm/5.4.1/bin/../lib/gcc/arm-none-eabi/5.4.1/armv7-m/crtn.o
START GROUP
LOAD c:/program files (x86)/cypress/psoc creator/4.1/psoc creator/import/gnu/arm/5.4.1/bin/../lib/gcc/arm-none-eabi/5.4.1/armv7-m\libgcc.a
LOAD c:/program files (x86)/cypress/psoc creator/4.1/psoc creator/import/gnu/arm/5.4.1/bin/../lib/gcc/arm-none-eabi/5.4.1/../../../../arm-none-eabi/lib/armv7-m\libc.a
LOAD c:/program files (x86)/cypress/psoc creator/4.1/psoc creator/import/gnu/arm/5.4.1/bin/../lib/gcc/arm-none-eabi/5.4.1/../../../../arm-none-eabi/lib/armv7-m\libnosys.a
END GROUP
                0x00000000                CY_APPL_ORIGIN = 0x0
                0x00000100                CY_FLASH_ROW_SIZE = 0x100
                0x00000020                CY_ECC_ROW_SIZE = 0x20
                0x00000000                CY_EE_IN_BTLDR = 0x0
                0x00000000                CY_APPL_LOADABLE = 0x0
                0x00000800                CY_EE_SIZE = 0x800
                0x00000001                CY_APPL_NUM = 0x1
                0x00000001                CY_APPL_MAX = 0x1
                0x00000040                CY_METADATA_SIZE = 0x40
                0x00000000                CY_APPL_LOADABLE = 0x0
                0x00000000                CY_CHECKSUM_EXCLUDE_SIZE = ALIGN (0x0, CY_FLASH_ROW_SIZE)
                [!provide]                PROVIDE (__cy_heap_start, _end)
                0x00000001                PROVIDE (__cy_region_num, ((__cy_regions_end - __cy_regions) / 0x10))
                0x20008000                PROVIDE (__cy_stack, (ORIGIN (ram) + LENGTH (ram)))
                [!provide]                PROVIDE (__cy_heap_end, (__cy_stack - 0x800))

.cybootloader   0x00000000        0x0
 *(.cybootloader)
                0x00000000                appl1_start = CY_APPL_ORIGIN?CY_APPL_ORIGIN:ALIGN (CY_FLASH_ROW_SIZE)
                0x0001ff00                appl2_start = (appl1_start + ALIGN ((((LENGTH (rom) - appl1_start) - (0x2 * CY_FLASH_ROW_SIZE)) / 0x2), CY_FLASH_ROW_SIZE))
                0x00000000                appl_start = (CY_APPL_NUM == 0x1)?appl1_start:appl2_start
                0x00000000                ecc_offset = ((appl_start / CY_FLASH_ROW_SIZE) * CY_ECC_ROW_SIZE)
                0x00000000                ee_offset = (CY_APPL_LOADABLE && ! (CY_EE_IN_BTLDR))?((CY_EE_SIZE / CY_APPL_MAX) * (CY_APPL_NUM - 0x1)):0x0
                0x00000800                ee_size = (CY_APPL_LOADABLE && ! (CY_EE_IN_BTLDR))?(CY_EE_SIZE / CY_APPL_MAX):CY_EE_SIZE
                [!provide]                PROVIDE (CY_ECC_OFFSET, ecc_offset)

.text           0x00000000     0x21cc
 CREATE_OBJECT_SYMBOLS
                0x00000000                PROVIDE (__cy_interrupt_vector, RomVectors)
 *(.romvectors)
 .romvectors    0x00000000       0x10 .\CortexM3\ARM_GCC_541\Debug\Cm3Start.o
                0x00000000                RomVectors
                0x00000001                ASSERT ((. != __cy_interrupt_vector), No interrupt vector)
                0x00000001                ASSERT (CY_APPL_ORIGIN?(SIZEOF (.cybootloader) <= CY_APPL_ORIGIN):0x1, Wrong image location)
                0x00000010                PROVIDE (__cy_reset, Reset)
 *(.text.Reset)
 .text.Reset    0x00000010       0x18 .\CortexM3\ARM_GCC_541\Debug\Cm3Start.o
                0x00000010                Reset
                0x00000001                ASSERT ((. != __cy_reset), No reset code)
 *(.dma_init)
                0x00000001                ASSERT ((((appl_start + .) <= 0x10000) || 0x1), DMA Init must be within the first 64k of flash)
 *(.text .text.* .gnu.linkonce.t.*)
 .text          0x00000028       0x5c c:/program files (x86)/cypress/psoc creator/4.1/psoc creator/import/gnu/arm/5.4.1/bin/../lib/gcc/arm-none-eabi/5.4.1/armv7-m/crtbegin.o
 .text.RX_PIN_HANDLER
                0x00000084       0x10 .\CortexM3\ARM_GCC_541\Debug\main.o
                0x00000084                RX_PIN_HANDLER
 .text.RX_TIMER_HANDLER
                0x00000094        0xc .\CortexM3\ARM_GCC_541\Debug\main.o
                0x00000094                RX_TIMER_HANDLER
 .text.TX_TIMER_HANDLER
                0x000000a0        0xc .\CortexM3\ARM_GCC_541\Debug\main.o
                0x000000a0                TX_TIMER_HANDLER
 .text.main     0x000000ac       0x5c .\CortexM3\ARM_GCC_541\Debug\main.o
                0x000000ac                main
 .text.receiveBit
                0x00000108       0x48 .\CortexM3\ARM_GCC_541\Debug\receiver.o
                0x00000108                receiveBit
 .text.receiver_rx_handler
                0x00000150       0x20 .\CortexM3\ARM_GCC_541\Debug\receiver.o
                0x00000150                receiver_rx_handler
 .text.receiver_timer_handler
                0x00000170        0xc .\CortexM3\ARM_GCC_541\Debug\receiver.o
                0x00000170                receiver_timer_handler
 .text.changeState
                0x0000017c       0x94 .\CortexM3\ARM_GCC_541\Debug\transmitter.o
                0x0000017c                changeState
 .text.transmitter_rx_handler
                0x00000210       0x5c .\CortexM3\ARM_GCC_541\Debug\transmitter.o
                0x00000210                transmitter_rx_handler
 .text.transmitter_timer_handler
                0x0000026c       0x24 .\CortexM3\ARM_GCC_541\Debug\transmitter.o
                0x0000026c                transmitter_timer_handler
 .text.writeMessage
                0x00000290       0x68 .\CortexM3\ARM_GCC_541\Debug\transmitter.o
                0x00000290                writeMessage
 .text.transmitter_uart_handler
                0x000002f8       0x70 .\CortexM3\ARM_GCC_541\Debug\transmitter.o
                0x000002f8                transmitter_uart_handler
 .text.CyClockStartupError
                0x00000368        0x4 .\CortexM3\ARM_GCC_541\Debug\cyfitter_cfg.o
 .text.cfg_write_bytes32
                0x0000036c       0x34 .\CortexM3\ARM_GCC_541\Debug\cyfitter_cfg.o
 .text.AnalogSetDefault
                0x000003a0       0x28 .\CortexM3\ARM_GCC_541\Debug\cyfitter_cfg.o
 .text.CYMEMZERO
                0x000003c8        0xc .\CortexM3\ARM_GCC_541\Debug\cyfitter_cfg.o
 .text.ClockSetup
                0x000003d4       0xa0 .\CortexM3\ARM_GCC_541\Debug\cyfitter_cfg.o
 .text.CYCONFIGCPY
                0x00000474        0x8 .\CortexM3\ARM_GCC_541\Debug\cyfitter_cfg.o
 .text.cyfitter_cfg
                0x0000047c       0xf8 .\CortexM3\ARM_GCC_541\Debug\cyfitter_cfg.o
                0x0000047c                cyfitter_cfg
 .text.IntDefaultHandler
                0x00000574       0x10 .\CortexM3\ARM_GCC_541\Debug\Cm3Start.o
                0x00000574                IntDefaultHandler
 .text._sbrk    0x00000584       0x30 .\CortexM3\ARM_GCC_541\Debug\Cm3Start.o
                0x00000584                _sbrk
 .text.Start_c  0x000005b4       0x4c .\CortexM3\ARM_GCC_541\Debug\Cm3Start.o
                0x000005b4                Start_c
 .text.initialize_psoc
                0x00000600       0x68 .\CortexM3\ARM_GCC_541\Debug\Cm3Start.o
                0x00000600                initialize_psoc
 .text.IDLE_PIN_Write
                0x00000668       0x18 .\CortexM3\ARM_GCC_541\Debug\network.a(IDLE_PIN.o)
                0x00000668                IDLE_PIN_Write
 .text.BUSY_PIN_Write
                0x00000680       0x18 .\CortexM3\ARM_GCC_541\Debug\network.a(BUSY_PIN.o)
                0x00000680                BUSY_PIN_Write
 .text.COLLISION_PIN_Write
                0x00000698       0x18 .\CortexM3\ARM_GCC_541\Debug\network.a(COLLISION_PIN.o)
                0x00000698                COLLISION_PIN_Write
 .text.CyHalt   0x000006b0        0x4 .\CortexM3\ARM_GCC_541\Debug\network.a(CyLib.o)
                0x000006b0                CyHalt
 .text.CyDelay  0x000006b4       0x2c .\CortexM3\ARM_GCC_541\Debug\network.a(CyLib.o)
                0x000006b4                CyDelay
 .text.CyDelayUs
                0x000006e0       0x14 .\CortexM3\ARM_GCC_541\Debug\network.a(CyLib.o)
                0x000006e0                CyDelayUs
 .text.CyIntSetVector
                0x000006f4       0x28 .\CortexM3\ARM_GCC_541\Debug\network.a(CyLib.o)
                0x000006f4                CyIntSetVector
 .text.CyIntSetPriority
                0x0000071c       0x30 .\CortexM3\ARM_GCC_541\Debug\network.a(CyLib.o)
                0x0000071c                CyIntSetPriority
 .text.CyGetUniqueId
                0x0000074c       0x70 .\CortexM3\ARM_GCC_541\Debug\network.a(CyLib.o)
                0x0000074c                CyGetUniqueId
 .text.USBUART_Init
                0x000007bc      0x140 .\CortexM3\ARM_GCC_541\Debug\network.a(USBUART.o)
                0x000007bc                USBUART_Init
 .text.USBUART_InitComponent
                0x000008fc       0xb8 .\CortexM3\ARM_GCC_541\Debug\network.a(USBUART.o)
                0x000008fc                USBUART_InitComponent
 .text.USBUART_Start
                0x000009b4       0x24 .\CortexM3\ARM_GCC_541\Debug\network.a(USBUART.o)
                0x000009b4                USBUART_Start
 .text.USBUART_ReInitComponent
                0x000009d8       0x4c .\CortexM3\ARM_GCC_541\Debug\network.a(USBUART.o)
                0x000009d8                USBUART_ReInitComponent
 .text.USBUART_GetConfiguration
                0x00000a24        0xc .\CortexM3\ARM_GCC_541\Debug\network.a(USBUART.o)
                0x00000a24                USBUART_GetConfiguration
 .text.USBUART_GetEPState
                0x00000a30       0x14 .\CortexM3\ARM_GCC_541\Debug\network.a(USBUART.o)
                0x00000a30                USBUART_GetEPState
 .text.USBUART_GetEPCount
                0x00000a44       0x28 .\CortexM3\ARM_GCC_541\Debug\network.a(USBUART.o)
                0x00000a44                USBUART_GetEPCount
 .text.USBUART_LoadInEP
                0x00000a6c       0x94 .\CortexM3\ARM_GCC_541\Debug\network.a(USBUART.o)
                0x00000a6c                USBUART_LoadInEP
 .text.USBUART_EnableOutEP
                0x00000b00       0x2c .\CortexM3\ARM_GCC_541\Debug\network.a(USBUART.o)
                0x00000b00                USBUART_EnableOutEP
 .text.USBUART_ReadOutEP
                0x00000b2c       0x50 .\CortexM3\ARM_GCC_541\Debug\network.a(USBUART.o)
                0x00000b2c                USBUART_ReadOutEP
 .text.USBUART_StrLen
                0x00000b7c       0x14 .\CortexM3\ARM_GCC_541\Debug\network.a(USBUART_cdc.o)
 .text.USBUART_GetInterfaceComPort
                0x00000b90       0x38 .\CortexM3\ARM_GCC_541\Debug\network.a(USBUART_cdc.o)
                0x00000b90                USBUART_GetInterfaceComPort
 .text.USBUART_DispatchCDCClassRqst
                0x00000bc8       0x98 .\CortexM3\ARM_GCC_541\Debug\network.a(USBUART_cdc.o)
                0x00000bc8                USBUART_DispatchCDCClassRqst
 .text.USBUART_CDC_Init
                0x00000c60       0x98 .\CortexM3\ARM_GCC_541\Debug\network.a(USBUART_cdc.o)
                0x00000c60                USBUART_CDC_Init
 .text.USBUART_PutString
                0x00000cf8       0xa0 .\CortexM3\ARM_GCC_541\Debug\network.a(USBUART_cdc.o)
                0x00000cf8                USBUART_PutString
 .text.USBUART_PutChar
                0x00000d98       0x28 .\CortexM3\ARM_GCC_541\Debug\network.a(USBUART_cdc.o)
                0x00000d98                USBUART_PutChar
 .text.USBUART_DataIsReady
                0x00000dc0       0x18 .\CortexM3\ARM_GCC_541\Debug\network.a(USBUART_cdc.o)
                0x00000dc0                USBUART_DataIsReady
 .text.USBUART_GetChar
                0x00000dd8       0x28 .\CortexM3\ARM_GCC_541\Debug\network.a(USBUART_cdc.o)
                0x00000dd8                USBUART_GetChar
 .text.USBUART_Cdc_EpInit
                0x00000e00       0x50 .\CortexM3\ARM_GCC_541\Debug\network.a(USBUART_cdc.o)
                0x00000e00                USBUART_Cdc_EpInit
 .text.USBUART_LoadEP0
                0x00000e50       0x98 .\CortexM3\ARM_GCC_541\Debug\network.a(USBUART_drv.o)
                0x00000e50                USBUART_LoadEP0
 .text.USBUART_InitZeroLengthControlTransfer
                0x00000ee8       0x34 .\CortexM3\ARM_GCC_541\Debug\network.a(USBUART_drv.o)
                0x00000ee8                USBUART_InitZeroLengthControlTransfer
 .text.USBUART_ControlReadDataStage
                0x00000f1c        0x8 .\CortexM3\ARM_GCC_541\Debug\network.a(USBUART_drv.o)
                0x00000f1c                USBUART_ControlReadDataStage
 .text.USBUART_ControlWriteDataStage
                0x00000f24       0x84 .\CortexM3\ARM_GCC_541\Debug\network.a(USBUART_drv.o)
                0x00000f24                USBUART_ControlWriteDataStage
 .text.USBUART_InitNoDataControlTransfer
                0x00000fa8       0x2c .\CortexM3\ARM_GCC_541\Debug\network.a(USBUART_drv.o)
                0x00000fa8                USBUART_InitNoDataControlTransfer
 .text.USBUART_UpdateStatusBlock
                0x00000fd4       0x24 .\CortexM3\ARM_GCC_541\Debug\network.a(USBUART_drv.o)
                0x00000fd4                USBUART_UpdateStatusBlock
 .text.USBUART_HandleSetup
                0x00000ff8       0x5c .\CortexM3\ARM_GCC_541\Debug\network.a(USBUART_drv.o)
                0x00000ff8                USBUART_HandleSetup
 .text.USBUART_ControlReadStatusStage
                0x00001054       0x38 .\CortexM3\ARM_GCC_541\Debug\network.a(USBUART_drv.o)
                0x00001054                USBUART_ControlReadStatusStage
 .text.USBUART_HandleOUT
                0x0000108c       0x38 .\CortexM3\ARM_GCC_541\Debug\network.a(USBUART_drv.o)
                0x0000108c                USBUART_HandleOUT
 .text.USBUART_ControlWriteStatusStage
                0x000010c4       0x20 .\CortexM3\ARM_GCC_541\Debug\network.a(USBUART_drv.o)
                0x000010c4                USBUART_ControlWriteStatusStage
 .text.USBUART_NoDataControlStatusStage
                0x000010e4       0x40 .\CortexM3\ARM_GCC_541\Debug\network.a(USBUART_drv.o)
                0x000010e4                USBUART_NoDataControlStatusStage
 .text.USBUART_HandleIN
                0x00001124       0x2c .\CortexM3\ARM_GCC_541\Debug\network.a(USBUART_drv.o)
                0x00001124                USBUART_HandleIN
 .text.USBUART_EP_0_ISR
                0x00001150       0xb8 .\CortexM3\ARM_GCC_541\Debug\network.a(USBUART_drv.o)
                0x00001150                USBUART_EP_0_ISR
 .text.USBUART_InitializeStatusBlock
                0x00001208       0x24 .\CortexM3\ARM_GCC_541\Debug\network.a(USBUART_drv.o)
                0x00001208                USBUART_InitializeStatusBlock
 .text.USBUART_InitControlRead
                0x0000122c       0x50 .\CortexM3\ARM_GCC_541\Debug\network.a(USBUART_drv.o)
                0x0000122c                USBUART_InitControlRead
 .text.USBUART_InitControlWrite
                0x0000127c       0x48 .\CortexM3\ARM_GCC_541\Debug\network.a(USBUART_drv.o)
                0x0000127c                USBUART_InitControlWrite
 .text.USBUART_EP_1_ISR
                0x000012c4       0x30 .\CortexM3\ARM_GCC_541\Debug\network.a(USBUART_episr.o)
                0x000012c4                USBUART_EP_1_ISR
 .text.USBUART_EP_2_ISR
                0x000012f4       0x34 .\CortexM3\ARM_GCC_541\Debug\network.a(USBUART_episr.o)
                0x000012f4                USBUART_EP_2_ISR
 .text.USBUART_EP_3_ISR
                0x00001328       0x3c .\CortexM3\ARM_GCC_541\Debug\network.a(USBUART_episr.o)
                0x00001328                USBUART_EP_3_ISR
 .text.USBUART_SOF_ISR
                0x00001364        0x4 .\CortexM3\ARM_GCC_541\Debug\network.a(USBUART_episr.o)
                0x00001364                USBUART_SOF_ISR
 .text.USBUART_BUS_RESET_ISR
                0x00001368        0x8 .\CortexM3\ARM_GCC_541\Debug\network.a(USBUART_episr.o)
                0x00001368                USBUART_BUS_RESET_ISR
 .text.USBUART_DP_ISR
                0x00001370        0x8 .\CortexM3\ARM_GCC_541\Debug\network.a(USBUART_pm.o)
                0x00001370                USBUART_DP_ISR
 .text.USBUART_ReadDieID
                0x00001378       0x6c .\CortexM3\ARM_GCC_541\Debug\network.a(USBUART_std.o)
                0x00001378                USBUART_ReadDieID
 .text.USBUART_ConfigReg
                0x000013e4       0xa4 .\CortexM3\ARM_GCC_541\Debug\network.a(USBUART_std.o)
                0x000013e4                USBUART_ConfigReg
 .text.USBUART_GetConfigTablePtr
                0x00001488       0x28 .\CortexM3\ARM_GCC_541\Debug\network.a(USBUART_std.o)
                0x00001488                USBUART_GetConfigTablePtr
 .text.USBUART_ConfigAltChanged
                0x000014b0      0x11c .\CortexM3\ARM_GCC_541\Debug\network.a(USBUART_std.o)
                0x000014b0                USBUART_ConfigAltChanged
 .text.USBUART_GetDeviceTablePtr
                0x000015cc       0x18 .\CortexM3\ARM_GCC_541\Debug\network.a(USBUART_std.o)
                0x000015cc                USBUART_GetDeviceTablePtr
 .text.USBUART_GetInterfaceClassTablePtr
                0x000015e4       0x28 .\CortexM3\ARM_GCC_541\Debug\network.a(USBUART_std.o)
                0x000015e4                USBUART_GetInterfaceClassTablePtr
 .text.USBUART_Config
                0x0000160c      0x1ec .\CortexM3\ARM_GCC_541\Debug\network.a(USBUART_std.o)
                0x0000160c                USBUART_Config
 .text.USBUART_SetEndpointHalt
                0x000017f8       0x64 .\CortexM3\ARM_GCC_541\Debug\network.a(USBUART_std.o)
                0x000017f8                USBUART_SetEndpointHalt
 .text.USBUART_ClearEndpointHalt
                0x0000185c       0xa8 .\CortexM3\ARM_GCC_541\Debug\network.a(USBUART_std.o)
                0x0000185c                USBUART_ClearEndpointHalt
 .text.USBUART_ValidateAlternateSetting
                0x00001904       0x4c .\CortexM3\ARM_GCC_541\Debug\network.a(USBUART_std.o)
                0x00001904                USBUART_ValidateAlternateSetting
 .text.USBUART_HandleStandardRqst
                0x00001950      0x354 .\CortexM3\ARM_GCC_541\Debug\network.a(USBUART_std.o)
                0x00001950                USBUART_HandleStandardRqst
 .text.USBUART_HandleVendorRqst
                0x00001ca4       0x18 .\CortexM3\ARM_GCC_541\Debug\network.a(USBUART_vnd.o)
                0x00001ca4                USBUART_HandleVendorRqst
 .text.USBUART_Dp_ClearInterrupt
                0x00001cbc       0x10 .\CortexM3\ARM_GCC_541\Debug\network.a(USBUART_Dp.o)
                0x00001cbc                USBUART_Dp_ClearInterrupt
 .text.TX_PIN_Write
                0x00001ccc       0x18 .\CortexM3\ARM_GCC_541\Debug\network.a(TX_PIN.o)
                0x00001ccc                TX_PIN_Write
 .text.RX_PIN_Read
                0x00001ce4        0xc .\CortexM3\ARM_GCC_541\Debug\network.a(RX_PIN.o)
                0x00001ce4                RX_PIN_Read
 .text.RX_PIN_ClearInterrupt
                0x00001cf0        0xc .\CortexM3\ARM_GCC_541\Debug\network.a(RX_PIN.o)
                0x00001cf0                RX_PIN_ClearInterrupt
 .text.RX_TIMER_Enable
                0x00001cfc       0x10 .\CortexM3\ARM_GCC_541\Debug\network.a(RX_TIMER.o)
                0x00001cfc                RX_TIMER_Enable
 .text.RX_TIMER_Stop
                0x00001d0c       0x10 .\CortexM3\ARM_GCC_541\Debug\network.a(RX_TIMER.o)
                0x00001d0c                RX_TIMER_Stop
 .text.RX_TIMER_SetInterruptMode
                0x00001d1c        0xc .\CortexM3\ARM_GCC_541\Debug\network.a(RX_TIMER.o)
                0x00001d1c                RX_TIMER_SetInterruptMode
 .text.RX_TIMER_ReadStatusRegister
                0x00001d28        0xc .\CortexM3\ARM_GCC_541\Debug\network.a(RX_TIMER.o)
                0x00001d28                RX_TIMER_ReadStatusRegister
 .text.RX_TIMER_WritePeriod
                0x00001d34        0xc .\CortexM3\ARM_GCC_541\Debug\network.a(RX_TIMER.o)
                0x00001d34                RX_TIMER_WritePeriod
 .text.RX_TIMER_ReadCapture
                0x00001d40        0xc .\CortexM3\ARM_GCC_541\Debug\network.a(RX_TIMER.o)
                0x00001d40                RX_TIMER_ReadCapture
 .text.RX_TIMER_WriteCounter
                0x00001d4c        0xc .\CortexM3\ARM_GCC_541\Debug\network.a(RX_TIMER.o)
                0x00001d4c                RX_TIMER_WriteCounter
 .text.RX_TIMER_ClearFIFO
                0x00001d58       0x14 .\CortexM3\ARM_GCC_541\Debug\network.a(RX_TIMER.o)
                0x00001d58                RX_TIMER_ClearFIFO
 .text.RX_TIMER_Init
                0x00001d6c       0x34 .\CortexM3\ARM_GCC_541\Debug\network.a(RX_TIMER.o)
                0x00001d6c                RX_TIMER_Init
 .text.RX_TIMER_Start
                0x00001da0       0x1c .\CortexM3\ARM_GCC_541\Debug\network.a(RX_TIMER.o)
                0x00001da0                RX_TIMER_Start
 .text.RX_PIN_INTERRUPT_SetVector
                0x00001dbc        0xc .\CortexM3\ARM_GCC_541\Debug\network.a(RX_PIN_INTERRUPT.o)
                0x00001dbc                RX_PIN_INTERRUPT_SetVector
 .text.RX_PIN_INTERRUPT_SetPriority
                0x00001dc8       0x10 .\CortexM3\ARM_GCC_541\Debug\network.a(RX_PIN_INTERRUPT.o)
                0x00001dc8                RX_PIN_INTERRUPT_SetPriority
 .text.RX_PIN_INTERRUPT_Enable
                0x00001dd8        0xc .\CortexM3\ARM_GCC_541\Debug\network.a(RX_PIN_INTERRUPT.o)
                0x00001dd8                RX_PIN_INTERRUPT_Enable
 .text.RX_PIN_INTERRUPT_Disable
                0x00001de4        0xc .\CortexM3\ARM_GCC_541\Debug\network.a(RX_PIN_INTERRUPT.o)
                0x00001de4                RX_PIN_INTERRUPT_Disable
 .text.RX_PIN_INTERRUPT_StartEx
                0x00001df0       0x1c .\CortexM3\ARM_GCC_541\Debug\network.a(RX_PIN_INTERRUPT.o)
                0x00001df0                RX_PIN_INTERRUPT_StartEx
 .text.RX_TIMER_INTERRUPT_SetVector
                0x00001e0c        0xc .\CortexM3\ARM_GCC_541\Debug\network.a(RX_TIMER_INTERRUPT.o)
                0x00001e0c                RX_TIMER_INTERRUPT_SetVector
 .text.RX_TIMER_INTERRUPT_SetPriority
                0x00001e18       0x10 .\CortexM3\ARM_GCC_541\Debug\network.a(RX_TIMER_INTERRUPT.o)
                0x00001e18                RX_TIMER_INTERRUPT_SetPriority
 .text.RX_TIMER_INTERRUPT_Enable
                0x00001e28        0xc .\CortexM3\ARM_GCC_541\Debug\network.a(RX_TIMER_INTERRUPT.o)
                0x00001e28                RX_TIMER_INTERRUPT_Enable
 .text.RX_TIMER_INTERRUPT_Disable
                0x00001e34        0xc .\CortexM3\ARM_GCC_541\Debug\network.a(RX_TIMER_INTERRUPT.o)
                0x00001e34                RX_TIMER_INTERRUPT_Disable
 .text.RX_TIMER_INTERRUPT_StartEx
                0x00001e40       0x1c .\CortexM3\ARM_GCC_541\Debug\network.a(RX_TIMER_INTERRUPT.o)
                0x00001e40                RX_TIMER_INTERRUPT_StartEx
 .text.TX_TIMER_Enable
                0x00001e5c       0x10 .\CortexM3\ARM_GCC_541\Debug\network.a(TX_TIMER.o)
                0x00001e5c                TX_TIMER_Enable
 .text.TX_TIMER_Stop
                0x00001e6c       0x10 .\CortexM3\ARM_GCC_541\Debug\network.a(TX_TIMER.o)
                0x00001e6c                TX_TIMER_Stop
 .text.TX_TIMER_SetInterruptMode
                0x00001e7c        0xc .\CortexM3\ARM_GCC_541\Debug\network.a(TX_TIMER.o)
                0x00001e7c                TX_TIMER_SetInterruptMode
 .text.TX_TIMER_ReadStatusRegister
                0x00001e88        0xc .\CortexM3\ARM_GCC_541\Debug\network.a(TX_TIMER.o)
                0x00001e88                TX_TIMER_ReadStatusRegister
 .text.TX_TIMER_WritePeriod
                0x00001e94        0xc .\CortexM3\ARM_GCC_541\Debug\network.a(TX_TIMER.o)
                0x00001e94                TX_TIMER_WritePeriod
 .text.TX_TIMER_ReadCapture
                0x00001ea0        0xc .\CortexM3\ARM_GCC_541\Debug\network.a(TX_TIMER.o)
                0x00001ea0                TX_TIMER_ReadCapture
 .text.TX_TIMER_WriteCounter
                0x00001eac        0xc .\CortexM3\ARM_GCC_541\Debug\network.a(TX_TIMER.o)
                0x00001eac                TX_TIMER_WriteCounter
 .text.TX_TIMER_ClearFIFO
                0x00001eb8       0x14 .\CortexM3\ARM_GCC_541\Debug\network.a(TX_TIMER.o)
                0x00001eb8                TX_TIMER_ClearFIFO
 .text.TX_TIMER_Init
                0x00001ecc       0x34 .\CortexM3\ARM_GCC_541\Debug\network.a(TX_TIMER.o)
                0x00001ecc                TX_TIMER_Init
 .text.TX_TIMER_Start
                0x00001f00       0x1c .\CortexM3\ARM_GCC_541\Debug\network.a(TX_TIMER.o)
                0x00001f00                TX_TIMER_Start
 .text.TX_TIMER_INTERRUPT_SetVector
                0x00001f1c        0xc .\CortexM3\ARM_GCC_541\Debug\network.a(TX_TIMER_INTERRUPT.o)
                0x00001f1c                TX_TIMER_INTERRUPT_SetVector
 .text.TX_TIMER_INTERRUPT_SetPriority
                0x00001f28       0x10 .\CortexM3\ARM_GCC_541\Debug\network.a(TX_TIMER_INTERRUPT.o)
                0x00001f28                TX_TIMER_INTERRUPT_SetPriority
 .text.TX_TIMER_INTERRUPT_Enable
                0x00001f38        0xc .\CortexM3\ARM_GCC_541\Debug\network.a(TX_TIMER_INTERRUPT.o)
                0x00001f38                TX_TIMER_INTERRUPT_Enable
 .text.TX_TIMER_INTERRUPT_Disable
                0x00001f44        0xc .\CortexM3\ARM_GCC_541\Debug\network.a(TX_TIMER_INTERRUPT.o)
                0x00001f44                TX_TIMER_INTERRUPT_Disable
 .text.TX_TIMER_INTERRUPT_StartEx
                0x00001f50       0x1c .\CortexM3\ARM_GCC_541\Debug\network.a(TX_TIMER_INTERRUPT.o)
                0x00001f50                TX_TIMER_INTERRUPT_StartEx
 *fill*         0x00001f6c        0x4 
 .text          0x00001f70       0x20 .\CortexM3\ARM_GCC_541\Debug\network.a(CyBootAsmGnu.o)
                0x00001f70                CyDelayCycles
                0x00001f80                CyEnterCriticalSection
                0x00001f88                CyExitCriticalSection
 .text.USBUART_DispatchClassRqst
                0x00001f90       0x58 .\CortexM3\ARM_GCC_541\Debug\network.a(USBUART_cls.o)
                0x00001f90                USBUART_DispatchClassRqst
 .text.__errno  0x00001fe8        0xc c:/program files (x86)/cypress/psoc creator/4.1/psoc creator/import/gnu/arm/5.4.1/bin/../lib/gcc/arm-none-eabi/5.4.1/../../../../arm-none-eabi/lib/armv7-m\libg_nano.a(lib_a-errno.o)
                0x00001fe8                __errno
 .text.__libc_init_array
                0x00001ff4       0x4c c:/program files (x86)/cypress/psoc creator/4.1/psoc creator/import/gnu/arm/5.4.1/bin/../lib/gcc/arm-none-eabi/5.4.1/../../../../arm-none-eabi/lib/armv7-m\libg_nano.a(lib_a-init.o)
                0x00001ff4                __libc_init_array
 .text.memcpy   0x00002040       0x16 c:/program files (x86)/cypress/psoc creator/4.1/psoc creator/import/gnu/arm/5.4.1/bin/../lib/gcc/arm-none-eabi/5.4.1/../../../../arm-none-eabi/lib/armv7-m\libg_nano.a(lib_a-memcpy-stub.o)
                0x00002040                memcpy
 .text.memset   0x00002056       0x10 c:/program files (x86)/cypress/psoc creator/4.1/psoc creator/import/gnu/arm/5.4.1/bin/../lib/gcc/arm-none-eabi/5.4.1/../../../../arm-none-eabi/lib/armv7-m\libg_nano.a(lib_a-memset.o)
                0x00002056                memset
 *fill*         0x00002066        0x2 
 .text.rand     0x00002068       0x74 c:/program files (x86)/cypress/psoc creator/4.1/psoc creator/import/gnu/arm/5.4.1/bin/../lib/gcc/arm-none-eabi/5.4.1/../../../../arm-none-eabi/lib/armv7-m\libg_nano.a(lib_a-rand.o)
                0x00002068                rand
 .text.malloc   0x000020dc       0x10 c:/program files (x86)/cypress/psoc creator/4.1/psoc creator/import/gnu/arm/5.4.1/bin/../lib/gcc/arm-none-eabi/5.4.1/../../../../arm-none-eabi/lib/armv7-m\libg_nano.a(lib_a-malloc.o)
                0x000020dc                malloc
 .text._malloc_r
                0x000020ec       0xbc c:/program files (x86)/cypress/psoc creator/4.1/psoc creator/import/gnu/arm/5.4.1/bin/../lib/gcc/arm-none-eabi/5.4.1/../../../../arm-none-eabi/lib/armv7-m\libg_nano.a(lib_a-nano-mallocr.o)
                0x000020ec                _malloc_r
 .text._sbrk_r  0x000021a8       0x20 c:/program files (x86)/cypress/psoc creator/4.1/psoc creator/import/gnu/arm/5.4.1/bin/../lib/gcc/arm-none-eabi/5.4.1/../../../../arm-none-eabi/lib/armv7-m\libg_nano.a(lib_a-sbrkr.o)
                0x000021a8                _sbrk_r
 .text.__malloc_lock
                0x000021c8        0x2 c:/program files (x86)/cypress/psoc creator/4.1/psoc creator/import/gnu/arm/5.4.1/bin/../lib/gcc/arm-none-eabi/5.4.1/../../../../arm-none-eabi/lib/armv7-m\libg_nano.a(lib_a-mlock.o)
                0x000021c8                __malloc_lock
 .text.__malloc_unlock
                0x000021ca        0x2 c:/program files (x86)/cypress/psoc creator/4.1/psoc creator/import/gnu/arm/5.4.1/bin/../lib/gcc/arm-none-eabi/5.4.1/../../../../arm-none-eabi/lib/armv7-m\libg_nano.a(lib_a-mlock.o)
                0x000021ca                __malloc_unlock
 *(.plt)
 *(.gnu.warning)
 *(.glue_7t)
 .glue_7t       0x000021cc        0x0 linker stubs
 *(.glue_7)
 .glue_7        0x000021cc        0x0 linker stubs
 *(.vfp11_veneer)
 .vfp11_veneer  0x000021cc        0x0 linker stubs
 *(.bootloader)
 *(.ARM.extab* .gnu.linkonce.armextab.*)
 *(.gcc_except_table)

.v4_bx          0x000021cc        0x0
 .v4_bx         0x000021cc        0x0 linker stubs

.iplt           0x000021cc        0x0
 .iplt          0x000021cc        0x0 c:/program files (x86)/cypress/psoc creator/4.1/psoc creator/import/gnu/arm/5.4.1/bin/../lib/gcc/arm-none-eabi/5.4.1/armv7-m/crtbegin.o

.eh_frame_hdr
 *(.eh_frame_hdr)

.eh_frame       0x000021cc        0x4
 *(.eh_frame)
 .eh_frame      0x000021cc        0x0 c:/program files (x86)/cypress/psoc creator/4.1/psoc creator/import/gnu/arm/5.4.1/bin/../lib/gcc/arm-none-eabi/5.4.1/armv7-m/crtbegin.o
 .eh_frame      0x000021cc        0x4 c:/program files (x86)/cypress/psoc creator/4.1/psoc creator/import/gnu/arm/5.4.1/bin/../lib/gcc/arm-none-eabi/5.4.1/armv7-m/crtend.o
                [!provide]                PROVIDE (__exidx_start, .)

.ARM.exidx
 *(.ARM.exidx* .gnu.linkonce.armexidx.*)
                0x000021d0                __exidx_end = .

.rodata         0x000021d0      0x1f0
 *(.rodata .rodata.* .gnu.linkonce.r.*)
 .rodata.str1.4
                0x000021d0        0xe .\CortexM3\ARM_GCC_541\Debug\main.o
 *fill*         0x000021de        0x2 
 .rodata.str1.4
                0x000021e0        0x3 .\CortexM3\ARM_GCC_541\Debug\transmitter.o
 *fill*         0x000021e3        0x1 
 .rodata        0x000021e4       0x30 .\CortexM3\ARM_GCC_541\Debug\cyfitter_cfg.o
 .rodata.str1.4
                0x00002214       0x14 .\CortexM3\ARM_GCC_541\Debug\network.a(USBUART_std.o)
                                 0x11 (size before relaxing)
 .rodata        0x00002228      0x15e .\CortexM3\ARM_GCC_541\Debug\network.a(USBUART_descr.o)
                0x00002228                USBUART_TABLE
                0x00002230                USBUART_DEVICE0_TABLE
                0x00002248                USBUART_DEVICE0_CONFIGURATION0_TABLE
                0x00002270                USBUART_DEVICE0_CONFIGURATION0_INTERFACE_CLASS
                0x00002274                USBUART_DEVICE0_CONFIGURATION0_EP_SETTINGS_TABLE
                0x0000228c                USBUART_SN_STRING_DESCRIPTOR
                0x00002290                USBUART_STRING_DESCRIPTORS
                0x00002330                USBUART_DEVICE0_CONFIGURATION0_DESCR
                0x00002374                USBUART_DEVICE0_DESCR
 .rodata.str1.1
                0x00002386        0x2 c:/program files (x86)/cypress/psoc creator/4.1/psoc creator/import/gnu/arm/5.4.1/bin/../lib/gcc/arm-none-eabi/5.4.1/../../../../arm-none-eabi/lib/armv7-m\libg_nano.a(lib_a-impure.o)
                0x00002388                . = ALIGN (0x4)
 *(.init)
 .init          0x00002388        0x4 c:/program files (x86)/cypress/psoc creator/4.1/psoc creator/import/gnu/arm/5.4.1/bin/../lib/gcc/arm-none-eabi/5.4.1/armv7-m/crti.o
                0x00002388                _init
 .init          0x0000238c        0x8 c:/program files (x86)/cypress/psoc creator/4.1/psoc creator/import/gnu/arm/5.4.1/bin/../lib/gcc/arm-none-eabi/5.4.1/armv7-m/crtn.o
                0x00002394                . = ALIGN (0x4)
                0x00002394                __preinit_array_start = .
 *(.preinit_array)
                0x00002394                __preinit_array_end = .
                0x00002394                . = ALIGN (0x4)
                0x00002394                __init_array_start = .
 *(SORT(.init_array.*))
 *(.init_array)
 .init_array    0x00002394        0x4 c:/program files (x86)/cypress/psoc creator/4.1/psoc creator/import/gnu/arm/5.4.1/bin/../lib/gcc/arm-none-eabi/5.4.1/armv7-m/crtbegin.o
 .init_array    0x00002398        0x4 .\CortexM3\ARM_GCC_541\Debug\Cm3Start.o
                0x0000239c                __init_array_end = .
                0x0000239c                . = ALIGN (0x4)
 *(.fini)
 .fini          0x0000239c        0x4 c:/program files (x86)/cypress/psoc creator/4.1/psoc creator/import/gnu/arm/5.4.1/bin/../lib/gcc/arm-none-eabi/5.4.1/armv7-m/crti.o
                0x0000239c                _fini
 .fini          0x000023a0        0x8 c:/program files (x86)/cypress/psoc creator/4.1/psoc creator/import/gnu/arm/5.4.1/bin/../lib/gcc/arm-none-eabi/5.4.1/armv7-m/crtn.o
                0x000023a8                . = ALIGN (0x4)
                0x000023a8                __fini_array_start = .
 *(.fini_array)
 .fini_array    0x000023a8        0x4 c:/program files (x86)/cypress/psoc creator/4.1/psoc creator/import/gnu/arm/5.4.1/bin/../lib/gcc/arm-none-eabi/5.4.1/armv7-m/crtbegin.o
 *(SORT(.fini_array.*))
                0x000023ac                __fini_array_end = .
                0x000023ac                . = ALIGN (0x4)
 *crtbegin.o(.ctors)
 *(EXCLUDE_FILE(*crtend.o) .ctors)
 *(SORT(.ctors.*))
 *crtend.o(.ctors)
                0x000023ac                . = ALIGN (0x4)
 *crtbegin.o(.dtors)
 *(EXCLUDE_FILE(*crtend.o) .dtors)
 *(SORT(.dtors.*))
 *crtend.o(.dtors)
                0x000023ac                . = ALIGN (0x4)
                0x000023ac                __cy_regions = .
                0x000023ac        0x4 LONG 0x23c0 __cy_region_init_ram
                0x000023b0        0x4 LONG 0x1fff80c8 __cy_region_start_data
                0x000023b4        0x4 LONG 0xa0 __cy_region_init_size_ram
                0x000023b8        0x4 LONG 0x178 __cy_region_zero_size_ram
                0x000023bc                __cy_regions_end = .
                0x000023c0                . = ALIGN (0x8)
 *fill*         0x000023bc        0x4 
                0x000023c0                _etext = .

.cy_checksum_exclude
                0x000023c0        0x0
 *(.cy_checksum_exclude)

.ramvectors     0x1fff8000       0xc0
                0x1fff8000                __cy_region_start_ram = .
 *(.ramvectors)
 .ramvectors    0x1fff8000       0xc0 .\CortexM3\ARM_GCC_541\Debug\Cm3Start.o
                0x1fff8000                CyRamVectors

.noinit         0x1fff80c0        0x1
 *(.noinit)
 .noinit        0x1fff80c0        0x1 .\CortexM3\ARM_GCC_541\Debug\network.a(CyLib.o)
                0x1fff80c0                CyResetStatus

.data           0x1fff80c8       0xa0 load address 0x000023c0
                0x1fff80c8                __cy_region_start_data = .
 *(.jcr)
 .jcr           0x1fff80c8        0x0 c:/program files (x86)/cypress/psoc creator/4.1/psoc creator/import/gnu/arm/5.4.1/bin/../lib/gcc/arm-none-eabi/5.4.1/armv7-m/crtbegin.o
 .jcr           0x1fff80c8        0x4 c:/program files (x86)/cypress/psoc creator/4.1/psoc creator/import/gnu/arm/5.4.1/bin/../lib/gcc/arm-none-eabi/5.4.1/armv7-m/crtend.o
 *(.got.plt)
 *(.got)
 *(.shdata)
 *(.data .data.* .gnu.linkonce.d.*)
 .data          0x1fff80cc        0x4 .\CortexM3\ARM_GCC_541\Debug\receiver.o
 .data          0x1fff80d0        0x4 .\CortexM3\ARM_GCC_541\Debug\Cm3Start.o
 .data          0x1fff80d4       0x10 .\CortexM3\ARM_GCC_541\Debug\network.a(CyLib.o)
                0x1fff80d4                cydelay_32k_ms
                0x1fff80d8                cydelay_freq_khz
                0x1fff80dc                cydelay_freq_mhz
                0x1fff80e0                cydelay_freq_hz
 .data          0x1fff80e4       0x1a .\CortexM3\ARM_GCC_541\Debug\network.a(USBUART_cdc.o)
                0x1fff80e4                USBUART_linesCoding
 *fill*         0x1fff80fe        0x2 
 .data.impure_data
                0x1fff8100       0x60 c:/program files (x86)/cypress/psoc creator/4.1/psoc creator/import/gnu/arm/5.4.1/bin/../lib/gcc/arm-none-eabi/5.4.1/../../../../arm-none-eabi/lib/armv7-m\libg_nano.a(lib_a-impure.o)
 .data._impure_ptr
                0x1fff8160        0x4 c:/program files (x86)/cypress/psoc creator/4.1/psoc creator/import/gnu/arm/5.4.1/bin/../lib/gcc/arm-none-eabi/5.4.1/../../../../arm-none-eabi/lib/armv7-m\libg_nano.a(lib_a-impure.o)
                0x1fff8160                _impure_ptr
                0x1fff8168                . = ALIGN (0x8)
 *fill*         0x1fff8164        0x4 
 *(.ram)
                0x1fff8168                _edata = .

.igot.plt       0x1fff8168        0x0 load address 0x00002460
 .igot.plt      0x1fff8168        0x0 c:/program files (x86)/cypress/psoc creator/4.1/psoc creator/import/gnu/arm/5.4.1/bin/../lib/gcc/arm-none-eabi/5.4.1/armv7-m/crtbegin.o

.bss            0x1fff8168      0x178 load address 0x00002460
                0x1fff8168                PROVIDE (__bss_start__, .)
 *(.shbss)
 *(.bss .bss.* .gnu.linkonce.b.*)
 .bss           0x1fff8168       0x1c c:/program files (x86)/cypress/psoc creator/4.1/psoc creator/import/gnu/arm/5.4.1/bin/../lib/gcc/arm-none-eabi/5.4.1/armv7-m/crtbegin.o
 .bss           0x1fff8184        0x1 .\CortexM3\ARM_GCC_541\Debug\main.o
                0x1fff8184                transmitting
 .bss           0x1fff8185        0x1 .\CortexM3\ARM_GCC_541\Debug\receiver.o
 *fill*         0x1fff8186        0x2 
 .bss           0x1fff8188       0x6c .\CortexM3\ARM_GCC_541\Debug\transmitter.o
                0x1fff8188                collisionOccured
                0x1fff8189                currentState
 .bss           0x1fff81f4        0x1 .\CortexM3\ARM_GCC_541\Debug\network.a(USBUART.o)
                0x1fff81f4                USBUART_initVar
 .bss           0x1fff81f5        0x1 .\CortexM3\ARM_GCC_541\Debug\network.a(USBUART_cdc.o)
 *fill*         0x1fff81f6        0x2 
 .bss           0x1fff81f8        0x2 .\CortexM3\ARM_GCC_541\Debug\network.a(USBUART_std.o)
 .bss           0x1fff81fa        0x1 .\CortexM3\ARM_GCC_541\Debug\network.a(RX_TIMER.o)
                0x1fff81fa                RX_TIMER_initVar
 .bss           0x1fff81fb        0x1 .\CortexM3\ARM_GCC_541\Debug\network.a(TX_TIMER.o)
                0x1fff81fb                TX_TIMER_initVar
 .bss.__malloc_sbrk_start
                0x1fff81fc        0x4 c:/program files (x86)/cypress/psoc creator/4.1/psoc creator/import/gnu/arm/5.4.1/bin/../lib/gcc/arm-none-eabi/5.4.1/../../../../arm-none-eabi/lib/armv7-m\libg_nano.a(lib_a-nano-mallocr.o)
                0x1fff81fc                __malloc_sbrk_start
 .bss.__malloc_free_list
                0x1fff8200        0x4 c:/program files (x86)/cypress/psoc creator/4.1/psoc creator/import/gnu/arm/5.4.1/bin/../lib/gcc/arm-none-eabi/5.4.1/../../../../arm-none-eabi/lib/armv7-m\libg_nano.a(lib_a-nano-mallocr.o)
                0x1fff8200                __malloc_free_list
 *(COMMON)
 COMMON         0x1fff8204       0x18 .\CortexM3\ARM_GCC_541\Debug\network.a(USBUART_cdc.o)
                0x1fff8204                USBUART_linesChanged
                0x1fff8208                USBUART_cdcDataInEp
                0x1fff820c                USBUART_cdcCommInInterruptEp
                0x1fff8210                USBUART_cdcDataOutEp
                0x1fff8214                USBUART_serialStateBitmap
                0x1fff8218                USBUART_linesControlBitmap
 COMMON         0x1fff821c       0x9a .\CortexM3\ARM_GCC_541\Debug\network.a(USBUART_drv.o)
                0x1fff821c                USBUART_lastPacketSize
                0x1fff821d                USBUART_device
                0x1fff821e                USBUART_transferByteCount
                0x1fff8220                USBUART_transferState
                0x1fff8224                USBUART_interfaceSettingLast
                0x1fff8228                USBUART_currentTD
                0x1fff8234                USBUART_interfaceNumber
                0x1fff8238                USBUART_interfaceClass
                0x1fff823c                USBUART_configurationChanged
                0x1fff823d                USBUART_ep0Mode
                0x1fff823e                USBUART_deviceAddress
                0x1fff823f                USBUART_configuration
                0x1fff8240                USBUART_ep0Count
                0x1fff8241                USBUART_deviceStatus
                0x1fff8244                USBUART_EP
                0x1fff82b0                USBUART_interfaceSetting
                0x1fff82b2                USBUART_ep0Toggle
                0x1fff82b4                USBUART_interfaceStatus
 *fill*         0x1fff82b6        0x2 
 COMMON         0x1fff82b8       0x22 .\CortexM3\ARM_GCC_541\Debug\network.a(USBUART_descr.o)
                0x1fff82b8                USBUART_idSerialNumberStringDescriptor
 *fill*         0x1fff82da        0x2 
 COMMON         0x1fff82dc        0x4 c:/program files (x86)/cypress/psoc creator/4.1/psoc creator/import/gnu/arm/5.4.1/bin/../lib/gcc/arm-none-eabi/5.4.1/../../../../arm-none-eabi/lib/armv7-m\libg_nano.a(lib_a-reent.o)
                0x1fff82dc                errno
                0x1fff82e0                . = ALIGN (0x8)
 *(.ram.b)
                0x1fff82e0                _end = .
                0x1fff82e0                __end = .
                0x1fff82e0                PROVIDE (end, .)
                0x1fff82e0                PROVIDE (__bss_end__, .)
                0x000023c0                __cy_region_init_ram = LOADADDR (.data)
                0x000000a0                __cy_region_init_size_ram = (_edata - ADDR (.data))
                0x00000178                __cy_region_zero_size_ram = (_end - _edata)

.heap           0x1fff82e0       0x80 load address 0x00002460
                0x1fff82e0                . = _end
                0x1fff8360                . = (. + 0x80)
 *fill*         0x1fff82e0       0x80 
                0x1fff8360                __cy_heap_limit = .

.stack          0x20007800      0x800
                0x20007800                __cy_stack_limit = .
                0x20008000                . = (. + 0x800)
 *fill*         0x20007800      0x800 
                0x00000001                ASSERT ((__cy_stack_limit >= __cy_heap_limit), region RAM overflowed with stack)
                0x00000000                cy_checksum_exclude_size = (CY_APPL_LOADABLE == 0x1)?SIZEOF (.cy_checksum_exclude):0x0
                0x00000001                ASSERT ((cy_checksum_exclude_size <= CY_CHECKSUM_EXCLUDE_SIZE), CY_BOOT: Section .cy_checksum_exclude size exceedes specified limit.)

.cyloadermeta
 *(.cyloadermeta)

.cyloadablemeta
 *(.cyloadablemeta)

.cyconfigecc    0x80000000      0x2d4
 *(.cyconfigecc)
 .cyconfigecc   0x80000000      0x2d4 .\CortexM3\ARM_GCC_541\Debug\cymetadata.o
                0x80000000                cy_meta_configecc

.cycustnvl      0x90000000        0x4
 *(.cycustnvl)
 .cycustnvl     0x90000000        0x4 .\CortexM3\ARM_GCC_541\Debug\cymetadata.o
                0x90000000                cy_meta_custnvl

.cywolatch      0x90100000        0x4
 *(.cywolatch)
 .cywolatch     0x90100000        0x4 .\CortexM3\ARM_GCC_541\Debug\cymetadata.o
                0x90100000                cy_meta_wonvl

.cyeeprom       0x90200000        0x0
 *(.cyeeprom)
                0x00000001                ASSERT ((. <= ((0x90200000 + ee_offset) + ee_size)), .cyeeprom data will not fit in EEPROM)

.cyflashprotect
                0x90400000      0x100
 *(.cyflashprotect)
 .cyflashprotect
                0x90400000      0x100 .\CortexM3\ARM_GCC_541\Debug\cymetadata.o
                0x90400000                cy_meta_flashprotect

.cymeta         0x90500000        0xc
 *(.cymeta)
 .cymeta        0x90500000        0xc .\CortexM3\ARM_GCC_541\Debug\cymetadata.o
                0x90500000                cy_metadata

.rel.dyn        0x00002460        0x0 load address 0x9050000c
 .rel.iplt      0x00002460        0x0 c:/program files (x86)/cypress/psoc creator/4.1/psoc creator/import/gnu/arm/5.4.1/bin/../lib/gcc/arm-none-eabi/5.4.1/armv7-m/crtbegin.o

.stab
 *(.stab)

.stabstr
 *(.stabstr)

.debug
 *(.debug)

.line
 *(.line)

.debug_srcinfo
 *(.debug_srcinfo)

.debug_sfnames
 *(.debug_sfnames)

.debug_aranges  0x00000000      0xd60
 *(.debug_aranges)
 .debug_aranges
                0x00000000       0x38 .\CortexM3\ARM_GCC_541\Debug\main.o
 .debug_aranges
                0x00000038       0x30 .\CortexM3\ARM_GCC_541\Debug\receiver.o
 .debug_aranges
                0x00000068       0x40 .\CortexM3\ARM_GCC_541\Debug\transmitter.o
 .debug_aranges
                0x000000a8       0x58 .\CortexM3\ARM_GCC_541\Debug\cyfitter_cfg.o
 .debug_aranges
                0x00000100       0x18 .\CortexM3\ARM_GCC_541\Debug\cymetadata.o
 .debug_aranges
                0x00000118       0x48 .\CortexM3\ARM_GCC_541\Debug\Cm3Start.o
 .debug_aranges
                0x00000160       0x38 .\CortexM3\ARM_GCC_541\Debug\network.a(IDLE_PIN.o)
 .debug_aranges
                0x00000198       0x38 .\CortexM3\ARM_GCC_541\Debug\network.a(BUSY_PIN.o)
 .debug_aranges
                0x000001d0       0x38 .\CortexM3\ARM_GCC_541\Debug\network.a(COLLISION_PIN.o)
 .debug_aranges
                0x00000208      0x2a0 .\CortexM3\ARM_GCC_541\Debug\network.a(CyLib.o)
 .debug_aranges
                0x000004a8       0x98 .\CortexM3\ARM_GCC_541\Debug\network.a(cyPm.o)
 .debug_aranges
                0x00000540       0xc8 .\CortexM3\ARM_GCC_541\Debug\network.a(USBUART.o)
 .debug_aranges
                0x00000608       0xe8 .\CortexM3\ARM_GCC_541\Debug\network.a(USBUART_cdc.o)
 .debug_aranges
                0x000006f0       0x98 .\CortexM3\ARM_GCC_541\Debug\network.a(USBUART_drv.o)
 .debug_aranges
                0x00000788       0x40 .\CortexM3\ARM_GCC_541\Debug\network.a(USBUART_episr.o)
 .debug_aranges
                0x000007c8       0x40 .\CortexM3\ARM_GCC_541\Debug\network.a(USBUART_pm.o)
 .debug_aranges
                0x00000808       0x80 .\CortexM3\ARM_GCC_541\Debug\network.a(USBUART_std.o)
 .debug_aranges
                0x00000888       0x20 .\CortexM3\ARM_GCC_541\Debug\network.a(USBUART_vnd.o)
 .debug_aranges
                0x000008a8       0x48 .\CortexM3\ARM_GCC_541\Debug\network.a(USBUART_Dp.o)
 .debug_aranges
                0x000008f0       0x38 .\CortexM3\ARM_GCC_541\Debug\network.a(TX_PIN.o)
 .debug_aranges
                0x00000928       0x48 .\CortexM3\ARM_GCC_541\Debug\network.a(RX_PIN.o)
 .debug_aranges
                0x00000970       0x90 .\CortexM3\ARM_GCC_541\Debug\network.a(RX_TIMER.o)
 .debug_aranges
                0x00000a00       0x80 .\CortexM3\ARM_GCC_541\Debug\network.a(RX_PIN_INTERRUPT.o)
 .debug_aranges
                0x00000a80       0x80 .\CortexM3\ARM_GCC_541\Debug\network.a(RX_TIMER_INTERRUPT.o)
 .debug_aranges
                0x00000b00       0x90 .\CortexM3\ARM_GCC_541\Debug\network.a(TX_TIMER.o)
 .debug_aranges
                0x00000b90       0x80 .\CortexM3\ARM_GCC_541\Debug\network.a(TX_TIMER_INTERRUPT.o)
 .debug_aranges
                0x00000c10       0x20 .\CortexM3\ARM_GCC_541\Debug\network.a(CyBootAsmGnu.o)
 .debug_aranges
                0x00000c30       0x80 .\CortexM3\ARM_GCC_541\Debug\network.a(CyFlash.o)
 .debug_aranges
                0x00000cb0       0x78 .\CortexM3\ARM_GCC_541\Debug\network.a(CySpc.o)
 .debug_aranges
                0x00000d28       0x20 .\CortexM3\ARM_GCC_541\Debug\network.a(USBUART_cls.o)
 .debug_aranges
                0x00000d48       0x18 .\CortexM3\ARM_GCC_541\Debug\network.a(USBUART_descr.o)

.debug_pubnames
 *(.debug_pubnames)

.debug_info     0x00000000     0x82e2
 *(.debug_info .gnu.linkonce.wi.*)
 .debug_info    0x00000000      0x2ef .\CortexM3\ARM_GCC_541\Debug\main.o
 .debug_info    0x000002ef      0x1d0 .\CortexM3\ARM_GCC_541\Debug\receiver.o
 .debug_info    0x000004bf      0x517 .\CortexM3\ARM_GCC_541\Debug\transmitter.o
 .debug_info    0x000009d6      0x4ee .\CortexM3\ARM_GCC_541\Debug\cyfitter_cfg.o
 .debug_info    0x00000ec4      0x135 .\CortexM3\ARM_GCC_541\Debug\cymetadata.o
 .debug_info    0x00000ff9      0x3bb .\CortexM3\ARM_GCC_541\Debug\Cm3Start.o
 .debug_info    0x000013b4      0x11f .\CortexM3\ARM_GCC_541\Debug\network.a(IDLE_PIN.o)
 .debug_info    0x000014d3      0x11f .\CortexM3\ARM_GCC_541\Debug\network.a(BUSY_PIN.o)
 .debug_info    0x000015f2      0x11f .\CortexM3\ARM_GCC_541\Debug\network.a(COLLISION_PIN.o)
 .debug_info    0x00001711     0x1374 .\CortexM3\ARM_GCC_541\Debug\network.a(CyLib.o)
 .debug_info    0x00002a85      0xa2a .\CortexM3\ARM_GCC_541\Debug\network.a(cyPm.o)
 .debug_info    0x000034af      0x991 .\CortexM3\ARM_GCC_541\Debug\network.a(USBUART.o)
 .debug_info    0x00003e40      0xaf7 .\CortexM3\ARM_GCC_541\Debug\network.a(USBUART_cdc.o)
 .debug_info    0x00004937      0x655 .\CortexM3\ARM_GCC_541\Debug\network.a(USBUART_drv.o)
 .debug_info    0x00004f8c      0x254 .\CortexM3\ARM_GCC_541\Debug\network.a(USBUART_episr.o)
 .debug_info    0x000051e0      0x2e4 .\CortexM3\ARM_GCC_541\Debug\network.a(USBUART_pm.o)
 .debug_info    0x000054c4      0xb26 .\CortexM3\ARM_GCC_541\Debug\network.a(USBUART_std.o)
 .debug_info    0x00005fea       0xed .\CortexM3\ARM_GCC_541\Debug\network.a(USBUART_vnd.o)
 .debug_info    0x000060d7      0x174 .\CortexM3\ARM_GCC_541\Debug\network.a(USBUART_Dp.o)
 .debug_info    0x0000624b      0x11f .\CortexM3\ARM_GCC_541\Debug\network.a(TX_PIN.o)
 .debug_info    0x0000636a      0x174 .\CortexM3\ARM_GCC_541\Debug\network.a(RX_PIN.o)
 .debug_info    0x000064de      0x2f0 .\CortexM3\ARM_GCC_541\Debug\network.a(RX_TIMER.o)
 .debug_info    0x000067ce      0x2d2 .\CortexM3\ARM_GCC_541\Debug\network.a(RX_PIN_INTERRUPT.o)
 .debug_info    0x00006aa0      0x2d2 .\CortexM3\ARM_GCC_541\Debug\network.a(RX_TIMER_INTERRUPT.o)
 .debug_info    0x00006d72      0x2f0 .\CortexM3\ARM_GCC_541\Debug\network.a(TX_TIMER.o)
 .debug_info    0x00007062      0x2d2 .\CortexM3\ARM_GCC_541\Debug\network.a(TX_TIMER_INTERRUPT.o)
 .debug_info    0x00007334       0x8c .\CortexM3\ARM_GCC_541\Debug\network.a(CyBootAsmGnu.o)
 .debug_info    0x000073c0      0x5b8 .\CortexM3\ARM_GCC_541\Debug\network.a(CyFlash.o)
 .debug_info    0x00007978      0x4e9 .\CortexM3\ARM_GCC_541\Debug\network.a(CySpc.o)
 .debug_info    0x00007e61      0x1de .\CortexM3\ARM_GCC_541\Debug\network.a(USBUART_cls.o)
 .debug_info    0x0000803f      0x2a3 .\CortexM3\ARM_GCC_541\Debug\network.a(USBUART_descr.o)

.debug_abbrev   0x00000000     0x253c
 *(.debug_abbrev)
 .debug_abbrev  0x00000000       0xdf .\CortexM3\ARM_GCC_541\Debug\main.o
 .debug_abbrev  0x000000df       0xff .\CortexM3\ARM_GCC_541\Debug\receiver.o
 .debug_abbrev  0x000001de      0x184 .\CortexM3\ARM_GCC_541\Debug\transmitter.o
 .debug_abbrev  0x00000362      0x1fe .\CortexM3\ARM_GCC_541\Debug\cyfitter_cfg.o
 .debug_abbrev  0x00000560       0x66 .\CortexM3\ARM_GCC_541\Debug\cymetadata.o
 .debug_abbrev  0x000005c6      0x1e8 .\CortexM3\ARM_GCC_541\Debug\Cm3Start.o
 .debug_abbrev  0x000007ae       0x90 .\CortexM3\ARM_GCC_541\Debug\network.a(IDLE_PIN.o)
 .debug_abbrev  0x0000083e       0x90 .\CortexM3\ARM_GCC_541\Debug\network.a(BUSY_PIN.o)
 .debug_abbrev  0x000008ce       0x90 .\CortexM3\ARM_GCC_541\Debug\network.a(COLLISION_PIN.o)
 .debug_abbrev  0x0000095e      0x254 .\CortexM3\ARM_GCC_541\Debug\network.a(CyLib.o)
 .debug_abbrev  0x00000bb2      0x1ab .\CortexM3\ARM_GCC_541\Debug\network.a(cyPm.o)
 .debug_abbrev  0x00000d5d      0x215 .\CortexM3\ARM_GCC_541\Debug\network.a(USBUART.o)
 .debug_abbrev  0x00000f72      0x245 .\CortexM3\ARM_GCC_541\Debug\network.a(USBUART_cdc.o)
 .debug_abbrev  0x000011b7      0x189 .\CortexM3\ARM_GCC_541\Debug\network.a(USBUART_drv.o)
 .debug_abbrev  0x00001340      0x11b .\CortexM3\ARM_GCC_541\Debug\network.a(USBUART_episr.o)
 .debug_abbrev  0x0000145b      0x108 .\CortexM3\ARM_GCC_541\Debug\network.a(USBUART_pm.o)
 .debug_abbrev  0x00001563      0x20a .\CortexM3\ARM_GCC_541\Debug\network.a(USBUART_std.o)
 .debug_abbrev  0x0000176d       0x9b .\CortexM3\ARM_GCC_541\Debug\network.a(USBUART_vnd.o)
 .debug_abbrev  0x00001808       0x90 .\CortexM3\ARM_GCC_541\Debug\network.a(USBUART_Dp.o)
 .debug_abbrev  0x00001898       0x90 .\CortexM3\ARM_GCC_541\Debug\network.a(TX_PIN.o)
 .debug_abbrev  0x00001928       0x90 .\CortexM3\ARM_GCC_541\Debug\network.a(RX_PIN.o)
 .debug_abbrev  0x000019b8      0x12b .\CortexM3\ARM_GCC_541\Debug\network.a(RX_TIMER.o)
 .debug_abbrev  0x00001ae3      0x173 .\CortexM3\ARM_GCC_541\Debug\network.a(RX_PIN_INTERRUPT.o)
 .debug_abbrev  0x00001c56      0x173 .\CortexM3\ARM_GCC_541\Debug\network.a(RX_TIMER_INTERRUPT.o)
 .debug_abbrev  0x00001dc9      0x12b .\CortexM3\ARM_GCC_541\Debug\network.a(TX_TIMER.o)
 .debug_abbrev  0x00001ef4      0x173 .\CortexM3\ARM_GCC_541\Debug\network.a(TX_TIMER_INTERRUPT.o)
 .debug_abbrev  0x00002067       0x14 .\CortexM3\ARM_GCC_541\Debug\network.a(CyBootAsmGnu.o)
 .debug_abbrev  0x0000207b      0x198 .\CortexM3\ARM_GCC_541\Debug\network.a(CyFlash.o)
 .debug_abbrev  0x00002213      0x194 .\CortexM3\ARM_GCC_541\Debug\network.a(CySpc.o)
 .debug_abbrev  0x000023a7       0xe1 .\CortexM3\ARM_GCC_541\Debug\network.a(USBUART_cls.o)
 .debug_abbrev  0x00002488       0xb4 .\CortexM3\ARM_GCC_541\Debug\network.a(USBUART_descr.o)

.debug_line     0x00000000     0x3638
 *(.debug_line)
 .debug_line    0x00000000      0x24c .\CortexM3\ARM_GCC_541\Debug\main.o
 .debug_line    0x0000024c      0x1bf .\CortexM3\ARM_GCC_541\Debug\receiver.o
 .debug_line    0x0000040b      0x347 .\CortexM3\ARM_GCC_541\Debug\transmitter.o
 .debug_line    0x00000752      0x1d4 .\CortexM3\ARM_GCC_541\Debug\cyfitter_cfg.o
 .debug_line    0x00000926      0x141 .\CortexM3\ARM_GCC_541\Debug\cymetadata.o
 .debug_line    0x00000a67      0x234 .\CortexM3\ARM_GCC_541\Debug\Cm3Start.o
 .debug_line    0x00000c9b       0x95 .\CortexM3\ARM_GCC_541\Debug\network.a(IDLE_PIN.o)
 .debug_line    0x00000d30       0x95 .\CortexM3\ARM_GCC_541\Debug\network.a(BUSY_PIN.o)
 .debug_line    0x00000dc5       0x9a .\CortexM3\ARM_GCC_541\Debug\network.a(COLLISION_PIN.o)
 .debug_line    0x00000e5f      0x816 .\CortexM3\ARM_GCC_541\Debug\network.a(CyLib.o)
 .debug_line    0x00001675      0x367 .\CortexM3\ARM_GCC_541\Debug\network.a(cyPm.o)
 .debug_line    0x000019dc      0x2dc .\CortexM3\ARM_GCC_541\Debug\network.a(USBUART.o)
 .debug_line    0x00001cb8      0x2f2 .\CortexM3\ARM_GCC_541\Debug\network.a(USBUART_cdc.o)
 .debug_line    0x00001faa      0x221 .\CortexM3\ARM_GCC_541\Debug\network.a(USBUART_drv.o)
 .debug_line    0x000021cb       0xe6 .\CortexM3\ARM_GCC_541\Debug\network.a(USBUART_episr.o)
 .debug_line    0x000022b1      0x10e .\CortexM3\ARM_GCC_541\Debug\network.a(USBUART_pm.o)
 .debug_line    0x000023bf      0x3e2 .\CortexM3\ARM_GCC_541\Debug\network.a(USBUART_std.o)
 .debug_line    0x000027a1       0x73 .\CortexM3\ARM_GCC_541\Debug\network.a(USBUART_vnd.o)
 .debug_line    0x00002814       0xbb .\CortexM3\ARM_GCC_541\Debug\network.a(USBUART_Dp.o)
 .debug_line    0x000028cf       0x93 .\CortexM3\ARM_GCC_541\Debug\network.a(TX_PIN.o)
 .debug_line    0x00002962       0xb7 .\CortexM3\ARM_GCC_541\Debug\network.a(RX_PIN.o)
 .debug_line    0x00002a19      0x173 .\CortexM3\ARM_GCC_541\Debug\network.a(RX_TIMER.o)
 .debug_line    0x00002b8c      0x13d .\CortexM3\ARM_GCC_541\Debug\network.a(RX_PIN_INTERRUPT.o)
 .debug_line    0x00002cc9      0x13f .\CortexM3\ARM_GCC_541\Debug\network.a(RX_TIMER_INTERRUPT.o)
 .debug_line    0x00002e08      0x173 .\CortexM3\ARM_GCC_541\Debug\network.a(TX_TIMER.o)
 .debug_line    0x00002f7b      0x13f .\CortexM3\ARM_GCC_541\Debug\network.a(TX_TIMER_INTERRUPT.o)
 .debug_line    0x000030ba       0x66 .\CortexM3\ARM_GCC_541\Debug\network.a(CyBootAsmGnu.o)
 .debug_line    0x00003120      0x1e9 .\CortexM3\ARM_GCC_541\Debug\network.a(CyFlash.o)
 .debug_line    0x00003309      0x23c .\CortexM3\ARM_GCC_541\Debug\network.a(CySpc.o)
 .debug_line    0x00003545       0x92 .\CortexM3\ARM_GCC_541\Debug\network.a(USBUART_cls.o)
 .debug_line    0x000035d7       0x61 .\CortexM3\ARM_GCC_541\Debug\network.a(USBUART_descr.o)

.debug_frame    0x00000000     0x21b0
 *(.debug_frame)
 .debug_frame   0x00000000       0x80 .\CortexM3\ARM_GCC_541\Debug\main.o
 .debug_frame   0x00000080       0x68 .\CortexM3\ARM_GCC_541\Debug\receiver.o
 .debug_frame   0x000000e8       0xa8 .\CortexM3\ARM_GCC_541\Debug\transmitter.o
 .debug_frame   0x00000190       0xe4 .\CortexM3\ARM_GCC_541\Debug\cyfitter_cfg.o
 .debug_frame   0x00000274       0xb8 .\CortexM3\ARM_GCC_541\Debug\Cm3Start.o
 .debug_frame   0x0000032c       0x50 .\CortexM3\ARM_GCC_541\Debug\network.a(IDLE_PIN.o)
 .debug_frame   0x0000037c       0x50 .\CortexM3\ARM_GCC_541\Debug\network.a(BUSY_PIN.o)
 .debug_frame   0x000003cc       0x50 .\CortexM3\ARM_GCC_541\Debug\network.a(COLLISION_PIN.o)
 .debug_frame   0x0000041c      0x738 .\CortexM3\ARM_GCC_541\Debug\network.a(CyLib.o)
 .debug_frame   0x00000b54      0x1f8 .\CortexM3\ARM_GCC_541\Debug\network.a(cyPm.o)
 .debug_frame   0x00000d4c      0x1dc .\CortexM3\ARM_GCC_541\Debug\network.a(USBUART.o)
 .debug_frame   0x00000f28      0x27c .\CortexM3\ARM_GCC_541\Debug\network.a(USBUART_cdc.o)
 .debug_frame   0x000011a4      0x194 .\CortexM3\ARM_GCC_541\Debug\network.a(USBUART_drv.o)
 .debug_frame   0x00001338       0x6c .\CortexM3\ARM_GCC_541\Debug\network.a(USBUART_episr.o)
 .debug_frame   0x000013a4       0xa0 .\CortexM3\ARM_GCC_541\Debug\network.a(USBUART_pm.o)
 .debug_frame   0x00001444      0x17c .\CortexM3\ARM_GCC_541\Debug\network.a(USBUART_std.o)
 .debug_frame   0x000015c0       0x20 .\CortexM3\ARM_GCC_541\Debug\network.a(USBUART_vnd.o)
 .debug_frame   0x000015e0       0x70 .\CortexM3\ARM_GCC_541\Debug\network.a(USBUART_Dp.o)
 .debug_frame   0x00001650       0x50 .\CortexM3\ARM_GCC_541\Debug\network.a(TX_PIN.o)
 .debug_frame   0x000016a0       0x70 .\CortexM3\ARM_GCC_541\Debug\network.a(RX_PIN.o)
 .debug_frame   0x00001710      0x124 .\CortexM3\ARM_GCC_541\Debug\network.a(RX_TIMER.o)
 .debug_frame   0x00001834      0x104 .\CortexM3\ARM_GCC_541\Debug\network.a(RX_PIN_INTERRUPT.o)
 .debug_frame   0x00001938      0x104 .\CortexM3\ARM_GCC_541\Debug\network.a(RX_TIMER_INTERRUPT.o)
 .debug_frame   0x00001a3c      0x124 .\CortexM3\ARM_GCC_541\Debug\network.a(TX_TIMER.o)
 .debug_frame   0x00001b60      0x104 .\CortexM3\ARM_GCC_541\Debug\network.a(TX_TIMER_INTERRUPT.o)
 .debug_frame   0x00001c64      0x174 .\CortexM3\ARM_GCC_541\Debug\network.a(CyFlash.o)
 .debug_frame   0x00001dd8      0x160 .\CortexM3\ARM_GCC_541\Debug\network.a(CySpc.o)
 .debug_frame   0x00001f38       0x2c .\CortexM3\ARM_GCC_541\Debug\network.a(USBUART_cls.o)
 .debug_frame   0x00001f64       0x20 c:/program files (x86)/cypress/psoc creator/4.1/psoc creator/import/gnu/arm/5.4.1/bin/../lib/gcc/arm-none-eabi/5.4.1/../../../../arm-none-eabi/lib/armv7-m\libg_nano.a(lib_a-errno.o)
 .debug_frame   0x00001f84       0x28 c:/program files (x86)/cypress/psoc creator/4.1/psoc creator/import/gnu/arm/5.4.1/bin/../lib/gcc/arm-none-eabi/5.4.1/../../../../arm-none-eabi/lib/armv7-m\libg_nano.a(lib_a-exit.o)
 .debug_frame   0x00001fac       0x2c c:/program files (x86)/cypress/psoc creator/4.1/psoc creator/import/gnu/arm/5.4.1/bin/../lib/gcc/arm-none-eabi/5.4.1/../../../../arm-none-eabi/lib/armv7-m\libg_nano.a(lib_a-init.o)
 .debug_frame   0x00001fd8       0x28 c:/program files (x86)/cypress/psoc creator/4.1/psoc creator/import/gnu/arm/5.4.1/bin/../lib/gcc/arm-none-eabi/5.4.1/../../../../arm-none-eabi/lib/armv7-m\libg_nano.a(lib_a-memcpy-stub.o)
 .debug_frame   0x00002000       0x20 c:/program files (x86)/cypress/psoc creator/4.1/psoc creator/import/gnu/arm/5.4.1/bin/../lib/gcc/arm-none-eabi/5.4.1/../../../../arm-none-eabi/lib/armv7-m\libg_nano.a(lib_a-memset.o)
 .debug_frame   0x00002020       0x44 c:/program files (x86)/cypress/psoc creator/4.1/psoc creator/import/gnu/arm/5.4.1/bin/../lib/gcc/arm-none-eabi/5.4.1/../../../../arm-none-eabi/lib/armv7-m\libg_nano.a(lib_a-rand.o)
 .debug_frame   0x00002064       0x30 c:/program files (x86)/cypress/psoc creator/4.1/psoc creator/import/gnu/arm/5.4.1/bin/../lib/gcc/arm-none-eabi/5.4.1/../../../../arm-none-eabi/lib/armv7-m\libg_nano.a(lib_a-malloc.o)
 .debug_frame   0x00002094       0x38 c:/program files (x86)/cypress/psoc creator/4.1/psoc creator/import/gnu/arm/5.4.1/bin/../lib/gcc/arm-none-eabi/5.4.1/../../../../arm-none-eabi/lib/armv7-m\libg_nano.a(lib_a-nano-freer.o)
 .debug_frame   0x000020cc       0x2c c:/program files (x86)/cypress/psoc creator/4.1/psoc creator/import/gnu/arm/5.4.1/bin/../lib/gcc/arm-none-eabi/5.4.1/../../../../arm-none-eabi/lib/armv7-m\libg_nano.a(lib_a-nano-mallocr.o)
 .debug_frame   0x000020f8       0x2c c:/program files (x86)/cypress/psoc creator/4.1/psoc creator/import/gnu/arm/5.4.1/bin/../lib/gcc/arm-none-eabi/5.4.1/../../../../arm-none-eabi/lib/armv7-m\libg_nano.a(lib_a-sbrkr.o)
 .debug_frame   0x00002124       0x30 c:/program files (x86)/cypress/psoc creator/4.1/psoc creator/import/gnu/arm/5.4.1/bin/../lib/gcc/arm-none-eabi/5.4.1/../../../../arm-none-eabi/lib/armv7-m\libg_nano.a(lib_a-mlock.o)
 .debug_frame   0x00002154       0x5c c:/program files (x86)/cypress/psoc creator/4.1/psoc creator/import/gnu/arm/5.4.1/bin/../lib/gcc/arm-none-eabi/5.4.1/../../../../arm-none-eabi/lib/armv7-m\libg_nano.a(lib_a-reent.o)

.debug_str      0x00000000     0x2fd2
 *(.debug_str)
 .debug_str     0x00000000      0x33c .\CortexM3\ARM_GCC_541\Debug\main.o
                                0x384 (size before relaxing)
 .debug_str     0x0000033c       0x61 .\CortexM3\ARM_GCC_541\Debug\receiver.o
                                0x244 (size before relaxing)
 .debug_str     0x0000039d      0x100 .\CortexM3\ARM_GCC_541\Debug\transmitter.o
                                0x335 (size before relaxing)
 .debug_str     0x0000049d      0x181 .\CortexM3\ARM_GCC_541\Debug\cyfitter_cfg.o
                                0x30b (size before relaxing)
 .debug_str     0x0000061e       0x7f .\CortexM3\ARM_GCC_541\Debug\cymetadata.o
                                0x1e0 (size before relaxing)
 .debug_str     0x0000069d      0x144 .\CortexM3\ARM_GCC_541\Debug\Cm3Start.o
                                0x306 (size before relaxing)
 .debug_str     0x000007e1       0x6b .\CortexM3\ARM_GCC_541\Debug\network.a(IDLE_PIN.o)
                                0x1ed (size before relaxing)
 .debug_str     0x0000084c       0x5b .\CortexM3\ARM_GCC_541\Debug\network.a(BUSY_PIN.o)
                                0x1ed (size before relaxing)
 .debug_str     0x000008a7       0x6f .\CortexM3\ARM_GCC_541\Debug\network.a(COLLISION_PIN.o)
                                0x206 (size before relaxing)
 .debug_str     0x00000916      0x82e .\CortexM3\ARM_GCC_541\Debug\network.a(CyLib.o)
                                0xa43 (size before relaxing)
 .debug_str     0x00001144      0x365 .\CortexM3\ARM_GCC_541\Debug\network.a(cyPm.o)
                                0x72f (size before relaxing)
 .debug_str     0x000014a9      0x422 .\CortexM3\ARM_GCC_541\Debug\network.a(USBUART.o)
                                0x666 (size before relaxing)
 .debug_str     0x000018cb      0x4d5 .\CortexM3\ARM_GCC_541\Debug\network.a(USBUART_cdc.o)
                                0x7cd (size before relaxing)
 .debug_str     0x00001da0      0x291 .\CortexM3\ARM_GCC_541\Debug\network.a(USBUART_drv.o)
                                0x644 (size before relaxing)
 .debug_str     0x00002031       0x80 .\CortexM3\ARM_GCC_541\Debug\network.a(USBUART_episr.o)
                                0x2db (size before relaxing)
 .debug_str     0x000020b1       0xd2 .\CortexM3\ARM_GCC_541\Debug\network.a(USBUART_pm.o)
                                0x2ec (size before relaxing)
 .debug_str     0x00002183      0x259 .\CortexM3\ARM_GCC_541\Debug\network.a(USBUART_std.o)
                                0x7b3 (size before relaxing)
 .debug_str     0x000023dc       0x25 .\CortexM3\ARM_GCC_541\Debug\network.a(USBUART_vnd.o)
                                0x1e9 (size before relaxing)
 .debug_str     0x00002401       0x99 .\CortexM3\ARM_GCC_541\Debug\network.a(USBUART_Dp.o)
                                0x23d (size before relaxing)
 .debug_str     0x0000249a       0x53 .\CortexM3\ARM_GCC_541\Debug\network.a(TX_PIN.o)
                                0x1e3 (size before relaxing)
 .debug_str     0x000024ed       0x6c .\CortexM3\ARM_GCC_541\Debug\network.a(RX_PIN.o)
                                0x221 (size before relaxing)
 .debug_str     0x00002559      0x162 .\CortexM3\ARM_GCC_541\Debug\network.a(RX_TIMER.o)
                                0x36d (size before relaxing)
 .debug_str     0x000026bb      0x167 .\CortexM3\ARM_GCC_541\Debug\network.a(RX_PIN_INTERRUPT.o)
                                0x33c (size before relaxing)
 .debug_str     0x00002822      0x181 .\CortexM3\ARM_GCC_541\Debug\network.a(RX_TIMER_INTERRUPT.o)
                                0x358 (size before relaxing)
 .debug_str     0x000029a3      0x13d .\CortexM3\ARM_GCC_541\Debug\network.a(TX_TIMER.o)
                                0x36d (size before relaxing)
 .debug_str     0x00002ae0      0x181 .\CortexM3\ARM_GCC_541\Debug\network.a(TX_TIMER_INTERRUPT.o)
                                0x358 (size before relaxing)
 .debug_str     0x00002c61      0x19c .\CortexM3\ARM_GCC_541\Debug\network.a(CyFlash.o)
                                0x39d (size before relaxing)
 .debug_str     0x00002dfd       0xac .\CortexM3\ARM_GCC_541\Debug\network.a(CySpc.o)
                                0x326 (size before relaxing)
 .debug_str     0x00002ea9       0x25 .\CortexM3\ARM_GCC_541\Debug\network.a(USBUART_cls.o)
                                0x2a8 (size before relaxing)
 .debug_str     0x00002ece      0x104 .\CortexM3\ARM_GCC_541\Debug\network.a(USBUART_descr.o)
                                0x355 (size before relaxing)

.debug_loc      0x00000000     0x3173
 *(.debug_loc)
 .debug_loc     0x00000000       0x2c .\CortexM3\ARM_GCC_541\Debug\receiver.o
 .debug_loc     0x0000002c      0x165 .\CortexM3\ARM_GCC_541\Debug\transmitter.o
 .debug_loc     0x00000191      0x1d7 .\CortexM3\ARM_GCC_541\Debug\cyfitter_cfg.o
 .debug_loc     0x00000368      0x144 .\CortexM3\ARM_GCC_541\Debug\Cm3Start.o
 .debug_loc     0x000004ac       0x42 .\CortexM3\ARM_GCC_541\Debug\network.a(IDLE_PIN.o)
 .debug_loc     0x000004ee       0x42 .\CortexM3\ARM_GCC_541\Debug\network.a(BUSY_PIN.o)
 .debug_loc     0x00000530       0x42 .\CortexM3\ARM_GCC_541\Debug\network.a(COLLISION_PIN.o)
 .debug_loc     0x00000572      0xa11 .\CortexM3\ARM_GCC_541\Debug\network.a(CyLib.o)
 .debug_loc     0x00000f83      0x1e4 .\CortexM3\ARM_GCC_541\Debug\network.a(cyPm.o)
 .debug_loc     0x00001167      0x3e1 .\CortexM3\ARM_GCC_541\Debug\network.a(USBUART.o)
 .debug_loc     0x00001548      0x557 .\CortexM3\ARM_GCC_541\Debug\network.a(USBUART_cdc.o)
 .debug_loc     0x00001a9f      0x171 .\CortexM3\ARM_GCC_541\Debug\network.a(USBUART_drv.o)
 .debug_loc     0x00001c10       0x26 .\CortexM3\ARM_GCC_541\Debug\network.a(USBUART_pm.o)
 .debug_loc     0x00001c36      0x945 .\CortexM3\ARM_GCC_541\Debug\network.a(USBUART_std.o)
 .debug_loc     0x0000257b       0x84 .\CortexM3\ARM_GCC_541\Debug\network.a(USBUART_Dp.o)
 .debug_loc     0x000025ff       0x42 .\CortexM3\ARM_GCC_541\Debug\network.a(TX_PIN.o)
 .debug_loc     0x00002641       0x84 .\CortexM3\ARM_GCC_541\Debug\network.a(RX_PIN.o)
 .debug_loc     0x000026c5       0x13 .\CortexM3\ARM_GCC_541\Debug\network.a(RX_TIMER.o)
 .debug_loc     0x000026d8       0x56 .\CortexM3\ARM_GCC_541\Debug\network.a(RX_PIN_INTERRUPT.o)
 .debug_loc     0x0000272e       0x56 .\CortexM3\ARM_GCC_541\Debug\network.a(RX_TIMER_INTERRUPT.o)
 .debug_loc     0x00002784       0x13 .\CortexM3\ARM_GCC_541\Debug\network.a(TX_TIMER.o)
 .debug_loc     0x00002797       0x56 .\CortexM3\ARM_GCC_541\Debug\network.a(TX_TIMER_INTERRUPT.o)
 .debug_loc     0x000027ed      0x2f2 .\CortexM3\ARM_GCC_541\Debug\network.a(CyFlash.o)
 .debug_loc     0x00002adf      0x64d .\CortexM3\ARM_GCC_541\Debug\network.a(CySpc.o)
 .debug_loc     0x0000312c       0x47 .\CortexM3\ARM_GCC_541\Debug\network.a(USBUART_cls.o)

.debug_macinfo
 *(.debug_macinfo)

.debug_ranges   0x00000000      0xbb0
 *(.debug_ranges)
 .debug_ranges  0x00000000       0x28 .\CortexM3\ARM_GCC_541\Debug\main.o
 .debug_ranges  0x00000028       0x20 .\CortexM3\ARM_GCC_541\Debug\receiver.o
 .debug_ranges  0x00000048       0x78 .\CortexM3\ARM_GCC_541\Debug\transmitter.o
 .debug_ranges  0x000000c0       0x48 .\CortexM3\ARM_GCC_541\Debug\cyfitter_cfg.o
 .debug_ranges  0x00000108       0x38 .\CortexM3\ARM_GCC_541\Debug\Cm3Start.o
 .debug_ranges  0x00000140       0x28 .\CortexM3\ARM_GCC_541\Debug\network.a(IDLE_PIN.o)
 .debug_ranges  0x00000168       0x28 .\CortexM3\ARM_GCC_541\Debug\network.a(BUSY_PIN.o)
 .debug_ranges  0x00000190       0x28 .\CortexM3\ARM_GCC_541\Debug\network.a(COLLISION_PIN.o)
 .debug_ranges  0x000001b8      0x290 .\CortexM3\ARM_GCC_541\Debug\network.a(CyLib.o)
 .debug_ranges  0x00000448       0x88 .\CortexM3\ARM_GCC_541\Debug\network.a(cyPm.o)
 .debug_ranges  0x000004d0       0xd0 .\CortexM3\ARM_GCC_541\Debug\network.a(USBUART.o)
 .debug_ranges  0x000005a0       0xd8 .\CortexM3\ARM_GCC_541\Debug\network.a(USBUART_cdc.o)
 .debug_ranges  0x00000678       0x88 .\CortexM3\ARM_GCC_541\Debug\network.a(USBUART_drv.o)
 .debug_ranges  0x00000700       0x30 .\CortexM3\ARM_GCC_541\Debug\network.a(USBUART_episr.o)
 .debug_ranges  0x00000730       0x30 .\CortexM3\ARM_GCC_541\Debug\network.a(USBUART_pm.o)
 .debug_ranges  0x00000760       0x70 .\CortexM3\ARM_GCC_541\Debug\network.a(USBUART_std.o)
 .debug_ranges  0x000007d0       0x10 .\CortexM3\ARM_GCC_541\Debug\network.a(USBUART_vnd.o)
 .debug_ranges  0x000007e0       0x38 .\CortexM3\ARM_GCC_541\Debug\network.a(USBUART_Dp.o)
 .debug_ranges  0x00000818       0x28 .\CortexM3\ARM_GCC_541\Debug\network.a(TX_PIN.o)
 .debug_ranges  0x00000840       0x38 .\CortexM3\ARM_GCC_541\Debug\network.a(RX_PIN.o)
 .debug_ranges  0x00000878       0x80 .\CortexM3\ARM_GCC_541\Debug\network.a(RX_TIMER.o)
 .debug_ranges  0x000008f8       0x70 .\CortexM3\ARM_GCC_541\Debug\network.a(RX_PIN_INTERRUPT.o)
 .debug_ranges  0x00000968       0x70 .\CortexM3\ARM_GCC_541\Debug\network.a(RX_TIMER_INTERRUPT.o)
 .debug_ranges  0x000009d8       0x80 .\CortexM3\ARM_GCC_541\Debug\network.a(TX_TIMER.o)
 .debug_ranges  0x00000a58       0x70 .\CortexM3\ARM_GCC_541\Debug\network.a(TX_TIMER_INTERRUPT.o)
 .debug_ranges  0x00000ac8       0x70 .\CortexM3\ARM_GCC_541\Debug\network.a(CyFlash.o)
 .debug_ranges  0x00000b38       0x68 .\CortexM3\ARM_GCC_541\Debug\network.a(CySpc.o)
 .debug_ranges  0x00000ba0       0x10 .\CortexM3\ARM_GCC_541\Debug\network.a(USBUART_cls.o)

.comment        0x00000000       0x6e
 .comment       0x00000000       0x6e .\CortexM3\ARM_GCC_541\Debug\main.o
                                 0x6f (size before relaxing)
 .comment       0x0000006e       0x6f .\CortexM3\ARM_GCC_541\Debug\receiver.o
 .comment       0x0000006e       0x6f .\CortexM3\ARM_GCC_541\Debug\transmitter.o
 .comment       0x0000006e       0x6f .\CortexM3\ARM_GCC_541\Debug\cyfitter_cfg.o
 .comment       0x0000006e       0x6f .\CortexM3\ARM_GCC_541\Debug\cymetadata.o
 .comment       0x0000006e       0x6f .\CortexM3\ARM_GCC_541\Debug\Cm3Start.o
 .comment       0x0000006e       0x6f .\CortexM3\ARM_GCC_541\Debug\network.a(IDLE_PIN.o)
 .comment       0x0000006e       0x6f .\CortexM3\ARM_GCC_541\Debug\network.a(BUSY_PIN.o)
 .comment       0x0000006e       0x6f .\CortexM3\ARM_GCC_541\Debug\network.a(COLLISION_PIN.o)
 .comment       0x0000006e       0x6f .\CortexM3\ARM_GCC_541\Debug\network.a(CyLib.o)
 .comment       0x0000006e       0x6f .\CortexM3\ARM_GCC_541\Debug\network.a(cyPm.o)
 .comment       0x0000006e       0x6f .\CortexM3\ARM_GCC_541\Debug\network.a(USBUART.o)
 .comment       0x0000006e       0x6f .\CortexM3\ARM_GCC_541\Debug\network.a(USBUART_cdc.o)
 .comment       0x0000006e       0x6f .\CortexM3\ARM_GCC_541\Debug\network.a(USBUART_drv.o)
 .comment       0x0000006e       0x6f .\CortexM3\ARM_GCC_541\Debug\network.a(USBUART_episr.o)
 .comment       0x0000006e       0x6f .\CortexM3\ARM_GCC_541\Debug\network.a(USBUART_pm.o)
 .comment       0x0000006e       0x6f .\CortexM3\ARM_GCC_541\Debug\network.a(USBUART_std.o)
 .comment       0x0000006e       0x6f .\CortexM3\ARM_GCC_541\Debug\network.a(USBUART_vnd.o)
 .comment       0x0000006e       0x6f .\CortexM3\ARM_GCC_541\Debug\network.a(USBUART_Dp.o)
 .comment       0x0000006e       0x6f .\CortexM3\ARM_GCC_541\Debug\network.a(TX_PIN.o)
 .comment       0x0000006e       0x6f .\CortexM3\ARM_GCC_541\Debug\network.a(RX_PIN.o)
 .comment       0x0000006e       0x6f .\CortexM3\ARM_GCC_541\Debug\network.a(RX_TIMER.o)
 .comment       0x0000006e       0x6f .\CortexM3\ARM_GCC_541\Debug\network.a(RX_PIN_INTERRUPT.o)
 .comment       0x0000006e       0x6f .\CortexM3\ARM_GCC_541\Debug\network.a(RX_TIMER_INTERRUPT.o)
 .comment       0x0000006e       0x6f .\CortexM3\ARM_GCC_541\Debug\network.a(TX_TIMER.o)
 .comment       0x0000006e       0x6f .\CortexM3\ARM_GCC_541\Debug\network.a(TX_TIMER_INTERRUPT.o)
 .comment       0x0000006e       0x6f .\CortexM3\ARM_GCC_541\Debug\network.a(CyFlash.o)
 .comment       0x0000006e       0x6f .\CortexM3\ARM_GCC_541\Debug\network.a(CySpc.o)
 .comment       0x0000006e       0x6f .\CortexM3\ARM_GCC_541\Debug\network.a(USBUART_cls.o)
 .comment       0x0000006e       0x6f .\CortexM3\ARM_GCC_541\Debug\network.a(USBUART_descr.o)

.debug_weaknames
 *(.debug_weaknames)

.debug_funcnames
 *(.debug_funcnames)

.debug_typenames
 *(.debug_typenames)

.debug_varnames
 *(.debug_varnames)

.note.gnu.arm.ident
 *(.note.gnu.arm.ident)

.ARM.attributes
                0x00000000       0x29
 *(.ARM.attributes)
 .ARM.attributes
                0x00000000       0x1d c:/program files (x86)/cypress/psoc creator/4.1/psoc creator/import/gnu/arm/5.4.1/bin/../lib/gcc/arm-none-eabi/5.4.1/armv7-m/crti.o
 .ARM.attributes
                0x0000001d       0x2d c:/program files (x86)/cypress/psoc creator/4.1/psoc creator/import/gnu/arm/5.4.1/bin/../lib/gcc/arm-none-eabi/5.4.1/armv7-m/crtbegin.o
 .ARM.attributes
                0x0000004a       0x1b c:/program files (x86)/cypress/psoc creator/4.1/psoc creator/import/gnu/arm/5.4.1/bin/../lib/gcc/arm-none-eabi/5.4.1/../../../../arm-none-eabi/lib/armv7-m/crt0.o
 .ARM.attributes
                0x00000065       0x33 .\CortexM3\ARM_GCC_541\Debug\main.o
 .ARM.attributes
                0x00000098       0x33 .\CortexM3\ARM_GCC_541\Debug\receiver.o
 .ARM.attributes
                0x000000cb       0x33 .\CortexM3\ARM_GCC_541\Debug\transmitter.o
 .ARM.attributes
                0x000000fe       0x33 .\CortexM3\ARM_GCC_541\Debug\cyfitter_cfg.o
 .ARM.attributes
                0x00000131       0x33 .\CortexM3\ARM_GCC_541\Debug\cymetadata.o
 .ARM.attributes
                0x00000164       0x33 .\CortexM3\ARM_GCC_541\Debug\Cm3Start.o
 .ARM.attributes
                0x00000197       0x33 .\CortexM3\ARM_GCC_541\Debug\network.a(IDLE_PIN.o)
 .ARM.attributes
                0x000001ca       0x33 .\CortexM3\ARM_GCC_541\Debug\network.a(BUSY_PIN.o)
 .ARM.attributes
                0x000001fd       0x33 .\CortexM3\ARM_GCC_541\Debug\network.a(COLLISION_PIN.o)
 .ARM.attributes
                0x00000230       0x33 .\CortexM3\ARM_GCC_541\Debug\network.a(CyLib.o)
 .ARM.attributes
                0x00000263       0x33 .\CortexM3\ARM_GCC_541\Debug\network.a(cyPm.o)
 .ARM.attributes
                0x00000296       0x33 .\CortexM3\ARM_GCC_541\Debug\network.a(USBUART.o)
 .ARM.attributes
                0x000002c9       0x33 .\CortexM3\ARM_GCC_541\Debug\network.a(USBUART_cdc.o)
 .ARM.attributes
                0x000002fc       0x33 .\CortexM3\ARM_GCC_541\Debug\network.a(USBUART_drv.o)
 .ARM.attributes
                0x0000032f       0x33 .\CortexM3\ARM_GCC_541\Debug\network.a(USBUART_episr.o)
 .ARM.attributes
                0x00000362       0x33 .\CortexM3\ARM_GCC_541\Debug\network.a(USBUART_pm.o)
 .ARM.attributes
                0x00000395       0x33 .\CortexM3\ARM_GCC_541\Debug\network.a(USBUART_std.o)
 .ARM.attributes
                0x000003c8       0x33 .\CortexM3\ARM_GCC_541\Debug\network.a(USBUART_vnd.o)
 .ARM.attributes
                0x000003fb       0x33 .\CortexM3\ARM_GCC_541\Debug\network.a(USBUART_Dp.o)
 .ARM.attributes
                0x0000042e       0x33 .\CortexM3\ARM_GCC_541\Debug\network.a(TX_PIN.o)
 .ARM.attributes
                0x00000461       0x33 .\CortexM3\ARM_GCC_541\Debug\network.a(RX_PIN.o)
 .ARM.attributes
                0x00000494       0x33 .\CortexM3\ARM_GCC_541\Debug\network.a(RX_TIMER.o)
 .ARM.attributes
                0x000004c7       0x33 .\CortexM3\ARM_GCC_541\Debug\network.a(RX_PIN_INTERRUPT.o)
 .ARM.attributes
                0x000004fa       0x33 .\CortexM3\ARM_GCC_541\Debug\network.a(RX_TIMER_INTERRUPT.o)
 .ARM.attributes
                0x0000052d       0x33 .\CortexM3\ARM_GCC_541\Debug\network.a(TX_TIMER.o)
 .ARM.attributes
                0x00000560       0x33 .\CortexM3\ARM_GCC_541\Debug\network.a(TX_TIMER_INTERRUPT.o)
 .ARM.attributes
                0x00000593       0x21 .\CortexM3\ARM_GCC_541\Debug\network.a(CyBootAsmGnu.o)
 .ARM.attributes
                0x000005b4       0x33 .\CortexM3\ARM_GCC_541\Debug\network.a(CyFlash.o)
 .ARM.attributes
                0x000005e7       0x33 .\CortexM3\ARM_GCC_541\Debug\network.a(CySpc.o)
 .ARM.attributes
                0x0000061a       0x33 .\CortexM3\ARM_GCC_541\Debug\network.a(USBUART_cls.o)
 .ARM.attributes
                0x0000064d       0x33 .\CortexM3\ARM_GCC_541\Debug\network.a(USBUART_descr.o)
 .ARM.attributes
                0x00000680       0x2d c:/program files (x86)/cypress/psoc creator/4.1/psoc creator/import/gnu/arm/5.4.1/bin/../lib/gcc/arm-none-eabi/5.4.1/../../../../arm-none-eabi/lib/armv7-m\libg_nano.a(lib_a-errno.o)
 .ARM.attributes
                0x000006ad       0x2d c:/program files (x86)/cypress/psoc creator/4.1/psoc creator/import/gnu/arm/5.4.1/bin/../lib/gcc/arm-none-eabi/5.4.1/../../../../arm-none-eabi/lib/armv7-m\libg_nano.a(lib_a-exit.o)
 .ARM.attributes
                0x000006da       0x2d c:/program files (x86)/cypress/psoc creator/4.1/psoc creator/import/gnu/arm/5.4.1/bin/../lib/gcc/arm-none-eabi/5.4.1/../../../../arm-none-eabi/lib/armv7-m\libg_nano.a(lib_a-impure.o)
 .ARM.attributes
                0x00000707       0x2d c:/program files (x86)/cypress/psoc creator/4.1/psoc creator/import/gnu/arm/5.4.1/bin/../lib/gcc/arm-none-eabi/5.4.1/../../../../arm-none-eabi/lib/armv7-m\libg_nano.a(lib_a-init.o)
 .ARM.attributes
                0x00000734       0x2d c:/program files (x86)/cypress/psoc creator/4.1/psoc creator/import/gnu/arm/5.4.1/bin/../lib/gcc/arm-none-eabi/5.4.1/../../../../arm-none-eabi/lib/armv7-m\libg_nano.a(lib_a-memcpy-stub.o)
 .ARM.attributes
                0x00000761       0x2d c:/program files (x86)/cypress/psoc creator/4.1/psoc creator/import/gnu/arm/5.4.1/bin/../lib/gcc/arm-none-eabi/5.4.1/../../../../arm-none-eabi/lib/armv7-m\libg_nano.a(lib_a-memset.o)
 .ARM.attributes
                0x0000078e       0x2d c:/program files (x86)/cypress/psoc creator/4.1/psoc creator/import/gnu/arm/5.4.1/bin/../lib/gcc/arm-none-eabi/5.4.1/../../../../arm-none-eabi/lib/armv7-m\libg_nano.a(lib_a-rand.o)
 .ARM.attributes
                0x000007bb       0x2d c:/program files (x86)/cypress/psoc creator/4.1/psoc creator/import/gnu/arm/5.4.1/bin/../lib/gcc/arm-none-eabi/5.4.1/../../../../arm-none-eabi/lib/armv7-m\libg_nano.a(lib_a-malloc.o)
 .ARM.attributes
                0x000007e8       0x2d c:/program files (x86)/cypress/psoc creator/4.1/psoc creator/import/gnu/arm/5.4.1/bin/../lib/gcc/arm-none-eabi/5.4.1/../../../../arm-none-eabi/lib/armv7-m\libg_nano.a(lib_a-nano-freer.o)
 .ARM.attributes
                0x00000815       0x2d c:/program files (x86)/cypress/psoc creator/4.1/psoc creator/import/gnu/arm/5.4.1/bin/../lib/gcc/arm-none-eabi/5.4.1/../../../../arm-none-eabi/lib/armv7-m\libg_nano.a(lib_a-nano-mallocr.o)
 .ARM.attributes
                0x00000842       0x2d c:/program files (x86)/cypress/psoc creator/4.1/psoc creator/import/gnu/arm/5.4.1/bin/../lib/gcc/arm-none-eabi/5.4.1/../../../../arm-none-eabi/lib/armv7-m\libg_nano.a(lib_a-sbrkr.o)
 .ARM.attributes
                0x0000086f       0x2d c:/program files (x86)/cypress/psoc creator/4.1/psoc creator/import/gnu/arm/5.4.1/bin/../lib/gcc/arm-none-eabi/5.4.1/../../../../arm-none-eabi/lib/armv7-m\libg_nano.a(lib_a-mlock.o)
 .ARM.attributes
                0x0000089c       0x2d c:/program files (x86)/cypress/psoc creator/4.1/psoc creator/import/gnu/arm/5.4.1/bin/../lib/gcc/arm-none-eabi/5.4.1/../../../../arm-none-eabi/lib/armv7-m\libg_nano.a(lib_a-reent.o)
 .ARM.attributes
                0x000008c9       0x2d c:/program files (x86)/cypress/psoc creator/4.1/psoc creator/import/gnu/arm/5.4.1/bin/../lib/gcc/arm-none-eabi/5.4.1/armv7-m/crtend.o
 .ARM.attributes
                0x000008f6       0x1d c:/program files (x86)/cypress/psoc creator/4.1/psoc creator/import/gnu/arm/5.4.1/bin/../lib/gcc/arm-none-eabi/5.4.1/armv7-m/crtn.o

/DISCARD/
 *(.note.GNU-stack)
OUTPUT(C:\Users\hallermans\Documents\Winter2017\CE4950\network.cydsn\CortexM3\ARM_GCC_541\Debug\network.elf elf32-littlearm)
