Archive member included to satisfy reference by file (symbol)

.\CortexM3\ARM_GCC_541\Debug\network.a(IDLE_PIN.o)
                              .\CortexM3\ARM_GCC_541\Debug\transmitter.o (IDLE_PIN_Write)
.\CortexM3\ARM_GCC_541\Debug\network.a(BUSY_PIN.o)
                              .\CortexM3\ARM_GCC_541\Debug\transmitter.o (BUSY_PIN_Write)
.\CortexM3\ARM_GCC_541\Debug\network.a(COLLISION_PIN.o)
                              .\CortexM3\ARM_GCC_541\Debug\transmitter.o (COLLISION_PIN_Write)
.\CortexM3\ARM_GCC_541\Debug\network.a(CyLib.o)
                              .\CortexM3\ARM_GCC_541\Debug\Cm3Start.o (CyHalt)
.\CortexM3\ARM_GCC_541\Debug\network.a(cyPm.o)
                              .\CortexM3\ARM_GCC_541\Debug\network.a(CyLib.o) (CyPmReadStatus)
.\CortexM3\ARM_GCC_541\Debug\network.a(USBUART.o)
                              .\CortexM3\ARM_GCC_541\Debug\main.o (USBUART_Start)
.\CortexM3\ARM_GCC_541\Debug\network.a(USBUART_cdc.o)
                              .\CortexM3\ARM_GCC_541\Debug\main.o (USBUART_CDC_Init)
.\CortexM3\ARM_GCC_541\Debug\network.a(USBUART_drv.o)
                              .\CortexM3\ARM_GCC_541\Debug\network.a(USBUART.o) (USBUART_lastPacketSize)
.\CortexM3\ARM_GCC_541\Debug\network.a(USBUART_episr.o)
                              .\CortexM3\ARM_GCC_541\Debug\network.a(USBUART.o) (USBUART_EP_1_ISR)
.\CortexM3\ARM_GCC_541\Debug\network.a(USBUART_pm.o)
                              .\CortexM3\ARM_GCC_541\Debug\network.a(USBUART.o) (USBUART_DP_ISR)
.\CortexM3\ARM_GCC_541\Debug\network.a(USBUART_std.o)
                              .\CortexM3\ARM_GCC_541\Debug\network.a(USBUART_pm.o) (USBUART_ConfigReg)
.\CortexM3\ARM_GCC_541\Debug\network.a(USBUART_vnd.o)
                              .\CortexM3\ARM_GCC_541\Debug\network.a(USBUART_drv.o) (USBUART_HandleVendorRqst)
.\CortexM3\ARM_GCC_541\Debug\network.a(USBUART_Dp.o)
                              .\CortexM3\ARM_GCC_541\Debug\network.a(USBUART.o) (USBUART_Dp_ClearInterrupt)
.\CortexM3\ARM_GCC_541\Debug\network.a(TX_PIN.o)
                              .\CortexM3\ARM_GCC_541\Debug\transmitter.o (TX_PIN_Write)
.\CortexM3\ARM_GCC_541\Debug\network.a(RX_PIN.o)
                              .\CortexM3\ARM_GCC_541\Debug\receiver.o (RX_PIN_Read)
.\CortexM3\ARM_GCC_541\Debug\network.a(RX_TIMER.o)
                              .\CortexM3\ARM_GCC_541\Debug\receiver.o (RX_TIMER_Stop)
.\CortexM3\ARM_GCC_541\Debug\network.a(RX_PIN_INTERRUPT.o)
                              .\CortexM3\ARM_GCC_541\Debug\main.o (RX_PIN_INTERRUPT_StartEx)
.\CortexM3\ARM_GCC_541\Debug\network.a(RX_TIMER_INTERRUPT.o)
                              .\CortexM3\ARM_GCC_541\Debug\main.o (RX_TIMER_INTERRUPT_StartEx)
.\CortexM3\ARM_GCC_541\Debug\network.a(TX_TIMER.o)
                              .\CortexM3\ARM_GCC_541\Debug\transmitter.o (TX_TIMER_Stop)
.\CortexM3\ARM_GCC_541\Debug\network.a(TX_TIMER_INTERRUPT.o)
                              .\CortexM3\ARM_GCC_541\Debug\main.o (TX_TIMER_INTERRUPT_StartEx)
.\CortexM3\ARM_GCC_541\Debug\network.a(CyBootAsmGnu.o)
                              .\CortexM3\ARM_GCC_541\Debug\cyfitter_cfg.o (CyDelayCycles)
.\CortexM3\ARM_GCC_541\Debug\network.a(CyFlash.o)
                              .\CortexM3\ARM_GCC_541\Debug\network.a(cyPm.o) (CyFlash_SetWaitCycles)
.\CortexM3\ARM_GCC_541\Debug\network.a(CySpc.o)
                              .\CortexM3\ARM_GCC_541\Debug\network.a(CyFlash.o) (CySpcStart)
.\CortexM3\ARM_GCC_541\Debug\network.a(USBUART_cls.o)
                              .\CortexM3\ARM_GCC_541\Debug\network.a(USBUART_drv.o) (USBUART_DispatchClassRqst)
.\CortexM3\ARM_GCC_541\Debug\network.a(USBUART_descr.o)
                              .\CortexM3\ARM_GCC_541\Debug\network.a(USBUART_std.o) (USBUART_idSerialNumberStringDescriptor)
c:/program files (x86)/cypress/psoc creator/4.1/psoc creator/import/gnu/arm/5.4.1/bin/../lib/gcc/arm-none-eabi/5.4.1/../../../../arm-none-eabi/lib/armv7-m\libg_nano.a(lib_a-errno.o)
                              .\CortexM3\ARM_GCC_541\Debug\Cm3Start.o (__errno)
c:/program files (x86)/cypress/psoc creator/4.1/psoc creator/import/gnu/arm/5.4.1/bin/../lib/gcc/arm-none-eabi/5.4.1/../../../../arm-none-eabi/lib/armv7-m\libg_nano.a(lib_a-exit.o)
                              c:/program files (x86)/cypress/psoc creator/4.1/psoc creator/import/gnu/arm/5.4.1/bin/../lib/gcc/arm-none-eabi/5.4.1/../../../../arm-none-eabi/lib/armv7-m/crt0.o (exit)
c:/program files (x86)/cypress/psoc creator/4.1/psoc creator/import/gnu/arm/5.4.1/bin/../lib/gcc/arm-none-eabi/5.4.1/../../../../arm-none-eabi/lib/armv7-m\libg_nano.a(lib_a-impure.o)
                              c:/program files (x86)/cypress/psoc creator/4.1/psoc creator/import/gnu/arm/5.4.1/bin/../lib/gcc/arm-none-eabi/5.4.1/../../../../arm-none-eabi/lib/armv7-m\libg_nano.a(lib_a-exit.o) (_global_impure_ptr)
[...]
Memory Configuration

Name             Origin             Length             Attributes
rom              0x00000000         0x00040000         xr
ram              0x1fff8000         0x00010000         xrw
*default*        0x00000000         0xffffffff

Linker script and memory map

LOAD c:/program files (x86)/cypress/psoc creator/4.1/psoc creator/import/gnu/arm/5.4.1/bin/../lib/gcc/arm-none-eabi/5.4.1/armv7-m/crti.o
LOAD c:/program files (x86)/cypress/psoc creator/4.1/psoc creator/import/gnu/arm/5.4.1/bin/../lib/gcc/arm-none-eabi/5.4.1/armv7-m/crtbegin.o
LOAD c:/program files (x86)/cypress/psoc creator/4.1/psoc creator/import/gnu/arm/5.4.1/bin/../lib/gcc/arm-none-eabi/5.4.1/../../../../arm-none-eabi/lib/armv7-m/crt0.o
START GROUP
LOAD .\CortexM3\ARM_GCC_541\Debug\main.o
LOAD .\CortexM3\ARM_GCC_541\Debug\receiver.o
LOAD .\CortexM3\ARM_GCC_541\Debug\transmitter.o
LOAD .\CortexM3\ARM_GCC_541\Debug\cyfitter_cfg.o
LOAD .\CortexM3\ARM_GCC_541\Debug\cymetadata.o
LOAD .\CortexM3\ARM_GCC_541\Debug\Cm3Start.o
LOAD .\CortexM3\ARM_GCC_541\Debug\network.a
LOAD C:\Program Files (x86)\Cypress\PSoC Creator\4.1\PSoC Creator\psoc\content\cycomponentlibrary\CyComponentLibrary.cylib\CortexM3\ARM_GCC_541\Debug\CyComponentLibrary.a
END GROUP
START GROUP
LOAD c:/program files (x86)/cypress/psoc creator/4.1/psoc creator/import/gnu/arm/5.4.1/bin/../lib/gcc/arm-none-eabi/5.4.1/armv7-m\libgcc.a
LOAD c:/program files (x86)/cypress/psoc creator/4.1/psoc creator/import/gnu/arm/5.4.1/bin/../lib/gcc/arm-none-eabi/5.4.1/../../../../arm-none-eabi/lib/armv7-m\libg_nano.a
LOAD c:/program files (x86)/cypress/psoc creator/4.1/psoc creator/import/gnu/arm/5.4.1/bin/../lib/gcc/arm-none-eabi/5.4.1/../../../../arm-none-eabi/lib/armv7-m\libc_nano.a
END GROUP
START GROUP
LOAD c:/program files (x86)/cypress/psoc creator/4.1/psoc creator/import/gnu/arm/5.4.1/bin/../lib/gcc/arm-none-eabi/5.4.1/armv7-m\libgcc.a
LOAD c:/program files (x86)/cypress/psoc creator/4.1/psoc creator/import/gnu/arm/5.4.1/bin/../lib/gcc/arm-none-eabi/5.4.1/../../../../arm-none-eabi/lib/armv7-m\libc_nano.a
END GROUP
LOAD c:/program files (x86)/cypress/psoc creator/4.1/psoc creator/import/gnu/arm/5.4.1/bin/../lib/gcc/arm-none-eabi/5.4.1/armv7-m/crtend.o
LOAD c:/program files (x86)/cypress/psoc creator/4.1/psoc creator/import/gnu/arm/5.4.1/bin/../lib/gcc/arm-none-eabi/5.4.1/armv7-m/crtn.o
START GROUP
LOAD c:/program files (x86)/cypress/psoc creator/4.1/psoc creator/import/gnu/arm/5.4.1/bin/../lib/gcc/arm-none-eabi/5.4.1/armv7-m\libgcc.a
LOAD c:/program files (x86)/cypress/psoc creator/4.1/psoc creator/import/gnu/arm/5.4.1/bin/../lib/gcc/arm-none-eabi/5.4.1/../../../../arm-none-eabi/lib/armv7-m\libc.a
LOAD c:/program files (x86)/cypress/psoc creator/4.1/psoc creator/import/gnu/arm/5.4.1/bin/../lib/gcc/arm-none-eabi/5.4.1/../../../../arm-none-eabi/lib/armv7-m\libnosys.a
END GROUP
                0x00000000                CY_APPL_ORIGIN = 0x0
                0x00000100                CY_FLASH_ROW_SIZE = 0x100
                0x00000020                CY_ECC_ROW_SIZE = 0x20
                0x00000000                CY_EE_IN_BTLDR = 0x0
                0x00000000                CY_APPL_LOADABLE = 0x0
                0x00000800                CY_EE_SIZE = 0x800
                0x00000001                CY_APPL_NUM = 0x1
                0x00000001                CY_APPL_MAX = 0x1
                0x00000040                CY_METADATA_SIZE = 0x40
                0x00000000                CY_APPL_LOADABLE = 0x0
                0x00000000                CY_CHECKSUM_EXCLUDE_SIZE = ALIGN (0x0, CY_FLASH_ROW_SIZE)
                [!provide]                PROVIDE (__cy_heap_start, _end)
                0x00000001                PROVIDE (__cy_region_num, ((__cy_regions_end - __cy_regions) / 0x10))
                0x20008000                PROVIDE (__cy_stack, (ORIGIN (ram) + LENGTH (ram)))
                [!provide]                PROVIDE (__cy_heap_end, (__cy_stack - 0x800))

.cybootloader   0x00000000        0x0
 *(.cybootloader)
                0x00000000                appl1_start = CY_APPL_ORIGIN?CY_APPL_ORIGIN:ALIGN (CY_FLASH_ROW_SIZE)
                0x0001ff00                appl2_start = (appl1_start + ALIGN ((((LENGTH (rom) - appl1_start) - (0x2 * CY_FLASH_ROW_SIZE)) / 0x2), CY_FLASH_ROW_SIZE))
                0x00000000                appl_start = (CY_APPL_NUM == 0x1)?appl1_start:appl2_start
                0x00000000                ecc_offset = ((appl_start / CY_FLASH_ROW_SIZE) * CY_ECC_ROW_SIZE)
                0x00000000                ee_offset = (CY_APPL_LOADABLE && ! (CY_EE_IN_BTLDR))?((CY_EE_SIZE / CY_APPL_MAX) * (CY_APPL_NUM - 0x1)):0x0
                0x00000800                ee_size = (CY_APPL_LOADABLE && ! (CY_EE_IN_BTLDR))?(CY_EE_SIZE / CY_APPL_MAX):CY_EE_SIZE
                [!provide]                PROVIDE (CY_ECC_OFFSET, ecc_offset)

.text           0x00000000     0x220c
 CREATE_OBJECT_SYMBOLS
                0x00000000                PROVIDE (__cy_interrupt_vector, RomVectors)
 *(.romvectors)
 .romvectors    0x00000000       0x10 .\CortexM3\ARM_GCC_541\Debug\Cm3Start.o
                0x00000000                RomVectors
                0x00000001                ASSERT ((. != __cy_interrupt_vector), No interrupt vector)
                0x00000001                ASSERT (CY_APPL_ORIGIN?(SIZEOF (.cybootloader) <= CY_APPL_ORIGIN):0x1, Wrong image location)
                0x00000010                PROVIDE (__cy_reset, Reset)
 *(.text.Reset)
 .text.Reset    0x00000010       0x18 .\CortexM3\ARM_GCC_541\Debug\Cm3Start.o
                0x00000010                Reset
                0x00000001                ASSERT ((. != __cy_reset), No reset code)
 *(.dma_init)
                0x00000001                ASSERT ((((appl_start + .) <= 0x10000) || 0x1), DMA Init must be within the first 64k of flash)
 *(.text .text.* .gnu.linkonce.t.*)
 .text          0x00000028       0x5c c:/program files (x86)/cypress/psoc creator/4.1/psoc creator/import/gnu/arm/5.4.1/bin/../lib/gcc/arm-none-eabi/5.4.1/armv7-m/crtbegin.o
 .text.RX_PIN_HANDLER
                0x00000084       0x10 .\CortexM3\ARM_GCC_541\Debug\main.o
                0x00000084                RX_PIN_HANDLER
 .text.RX_TIMER_HANDLER
                0x00000094        0xc .\CortexM3\ARM_GCC_541\Debug\main.o
                0x00000094                RX_TIMER_HANDLER
 .text.TX_TIMER_HANDLER
                0x000000a0        0xc .\CortexM3\ARM_GCC_541\Debug\main.o
                0x000000a0                TX_TIMER_HANDLER
 .text.main     0x000000ac       0x5c .\CortexM3\ARM_GCC_541\Debug\main.o
                0x000000ac                main
 .text.receiveBit
                0x00000108       0x48 .\CortexM3\ARM_GCC_541\Debug\receiver.o
                0x00000108                receiveBit
 .text.receiver_rx_handler
                0x00000150       0x20 .\CortexM3\ARM_GCC_541\Debug\receiver.o
                0x00000150                receiver_rx_handler
 .text.receiver_timer_handler
                0x00000170        0xc .\CortexM3\ARM_GCC_541\Debug\receiver.o
                0x00000170                receiver_timer_handler
 .text.changeState
                0x0000017c       0x94 .\CortexM3\ARM_GCC_541\Debug\transmitter.o
                0x0000017c                changeState
 .text.transmitter_rx_handler
                0x00000210       0x5c .\CortexM3\ARM_GCC_541\Debug\transmitter.o
                0x00000210                transmitter_rx_handler
 .text.transmitter_timer_handler
                0x0000026c       0x24 .\CortexM3\ARM_GCC_541\Debug\transmitter.o
                0x0000026c                transmitter_timer_handler
 .text.addHeaderAndCrc
                0x00000290       0x2c .\CortexM3\ARM_GCC_541\Debug\transmitter.o
                0x00000290                addHeaderAndCrc
 .text.writeMessage
                0x000002bc       0x6c .\CortexM3\ARM_GCC_541\Debug\transmitter.o
                0x000002bc                writeMessage
 .text.transmitter_uart_handler
                0x00000328       0x80 .\CortexM3\ARM_GCC_541\Debug\transmitter.o
                0x00000328                transmitter_uart_handler
 .text.CyClockStartupError
                0x000003a8        0x4 .\CortexM3\ARM_GCC_541\Debug\cyfitter_cfg.o
 .text.cfg_write_bytes32
                0x000003ac       0x34 .\CortexM3\ARM_GCC_541\Debug\cyfitter_cfg.o
 .text.AnalogSetDefault
                0x000003e0       0x28 .\CortexM3\ARM_GCC_541\Debug\cyfitter_cfg.o
 .text.CYMEMZERO
                0x00000408        0xc .\CortexM3\ARM_GCC_541\Debug\cyfitter_cfg.o
 .text.ClockSetup
                0x00000414       0xa0 .\CortexM3\ARM_GCC_541\Debug\cyfitter_cfg.o
 .text.CYCONFIGCPY
                0x000004b4        0x8 .\CortexM3\ARM_GCC_541\Debug\cyfitter_cfg.o
 .text.cyfitter_cfg
                0x000004bc       0xf8 .\CortexM3\ARM_GCC_541\Debug\cyfitter_cfg.o
                0x000004bc                cyfitter_cfg
 .text.IntDefaultHandler
                0x000005b4       0x10 .\CortexM3\ARM_GCC_541\Debug\Cm3Start.o
                0x000005b4                IntDefaultHandler
 .text._sbrk    0x000005c4       0x30 .\CortexM3\ARM_GCC_541\Debug\Cm3Start.o
                0x000005c4                _sbrk
 .text.Start_c  0x000005f4       0x4c .\CortexM3\ARM_GCC_541\Debug\Cm3Start.o
                0x000005f4                Start_c
 .text.initialize_psoc
                0x00000640       0x68 .\CortexM3\ARM_GCC_541\Debug\Cm3Start.o
                0x00000640                initialize_psoc
 .text.IDLE_PIN_Write
                0x000006a8       0x18 .\CortexM3\ARM_GCC_541\Debug\network.a(IDLE_PIN.o)
                0x000006a8                IDLE_PIN_Write
 .text.BUSY_PIN_Write
                0x000006c0       0x18 .\CortexM3\ARM_GCC_541\Debug\network.a(BUSY_PIN.o)
                0x000006c0                BUSY_PIN_Write
 .text.COLLISION_PIN_Write
                0x000006d8       0x18 .\CortexM3\ARM_GCC_541\Debug\network.a(COLLISION_PIN.o)
                0x000006d8                COLLISION_PIN_Write
 .text.CyHalt   0x000006f0        0x4 .\CortexM3\ARM_GCC_541\Debug\network.a(CyLib.o)
                0x000006f0                CyHalt
 .text.CyDelay  0x000006f4       0x2c .\CortexM3\ARM_GCC_541\Debug\network.a(CyLib.o)
                0x000006f4                CyDelay
 .text.CyDelayUs
                0x00000720       0x14 .\CortexM3\ARM_GCC_541\Debug\network.a(CyLib.o)
                0x00000720                CyDelayUs
 .text.CyIntSetVector
                0x00000734       0x28 .\CortexM3\ARM_GCC_541\Debug\network.a(CyLib.o)
                0x00000734                CyIntSetVector
 .text.CyIntSetPriority
                0x0000075c       0x30 .\CortexM3\ARM_GCC_541\Debug\network.a(CyLib.o)
                0x0000075c                CyIntSetPriority
 .text.CyGetUniqueId
                0x0000078c       0x70 .\CortexM3\ARM_GCC_541\Debug\network.a(CyLib.o)
                0x0000078c                CyGetUniqueId
 .text.USBUART_Init
                0x000007fc      0x140 .\CortexM3\ARM_GCC_541\Debug\network.a(USBUART.o)
                0x000007fc                USBUART_Init
 .text.USBUART_InitComponent
                0x0000093c       0xb8 .\CortexM3\ARM_GCC_541\Debug\network.a(USBUART.o)
                0x0000093c                USBUART_InitComponent
 .text.USBUART_Start
                0x000009f4       0x24 .\CortexM3\ARM_GCC_541\Debug\network.a(USBUART.o)
                0x000009f4                USBUART_Start
 .text.USBUART_ReInitComponent
                0x00000a18       0x4c .\CortexM3\ARM_GCC_541\Debug\network.a(USBUART.o)
                0x00000a18                USBUART_ReInitComponent
 .text.USBUART_GetConfiguration
                0x00000a64        0xc .\CortexM3\ARM_GCC_541\Debug\network.a(USBUART.o)
                0x00000a64                USBUART_GetConfiguration
 .text.USBUART_GetEPState
                0x00000a70       0x14 .\CortexM3\ARM_GCC_541\Debug\network.a(USBUART.o)
                0x00000a70                USBUART_GetEPState
 .text.USBUART_GetEPCount
                0x00000a84       0x28 .\CortexM3\ARM_GCC_541\Debug\network.a(USBUART.o)
                0x00000a84                USBUART_GetEPCount
 .text.USBUART_LoadInEP
                0x00000aac       0x94 .\CortexM3\ARM_GCC_541\Debug\network.a(USBUART.o)
                0x00000aac                USBUART_LoadInEP
 .text.USBUART_EnableOutEP
                0x00000b40       0x2c .\CortexM3\ARM_GCC_541\Debug\network.a(USBUART.o)
                0x00000b40                USBUART_EnableOutEP
 .text.USBUART_ReadOutEP
                0x00000b6c       0x50 .\CortexM3\ARM_GCC_541\Debug\network.a(USBUART.o)
                0x00000b6c                USBUART_ReadOutEP
 .text.USBUART_StrLen
                0x00000bbc       0x14 .\CortexM3\ARM_GCC_541\Debug\network.a(USBUART_cdc.o)
 .text.USBUART_GetInterfaceComPort
                0x00000bd0       0x38 .\CortexM3\ARM_GCC_541\Debug\network.a(USBUART_cdc.o)
                0x00000bd0                USBUART_GetInterfaceComPort
 .text.USBUART_DispatchCDCClassRqst
                0x00000c08       0x98 .\CortexM3\ARM_GCC_541\Debug\network.a(USBUART_cdc.o)
                0x00000c08                USBUART_DispatchCDCClassRqst
 .text.USBUART_CDC_Init
                0x00000ca0       0x98 .\CortexM3\ARM_GCC_541\Debug\network.a(USBUART_cdc.o)
                0x00000ca0                USBUART_CDC_Init
 .text.USBUART_PutString
                0x00000d38       0xa0 .\CortexM3\ARM_GCC_541\Debug\network.a(USBUART_cdc.o)
                0x00000d38                USBUART_PutString
 .text.USBUART_PutChar
                0x00000dd8       0x28 .\CortexM3\ARM_GCC_541\Debug\network.a(USBUART_cdc.o)
                0x00000dd8                USBUART_PutChar
 .text.USBUART_DataIsReady
                0x00000e00       0x18 .\CortexM3\ARM_GCC_541\Debug\network.a(USBUART_cdc.o)
                0x00000e00                USBUART_DataIsReady
 .text.USBUART_GetChar
                0x00000e18       0x28 .\CortexM3\ARM_GCC_541\Debug\network.a(USBUART_cdc.o)
                0x00000e18                USBUART_GetChar
 .text.USBUART_Cdc_EpInit
                0x00000e40       0x50 .\CortexM3\ARM_GCC_541\Debug\network.a(USBUART_cdc.o)
                0x00000e40                USBUART_Cdc_EpInit
 .text.USBUART_LoadEP0
                0x00000e90       0x98 .\CortexM3\ARM_GCC_541\Debug\network.a(USBUART_drv.o)
                0x00000e90                USBUART_LoadEP0
 .text.USBUART_InitZeroLengthControlTransfer
                0x00000f28       0x34 .\CortexM3\ARM_GCC_541\Debug\network.a(USBUART_drv.o)
                0x00000f28                USBUART_InitZeroLengthControlTransfer
 .text.USBUART_ControlReadDataStage
                0x00000f5c        0x8 .\CortexM3\ARM_GCC_541\Debug\network.a(USBUART_drv.o)
                0x00000f5c                USBUART_ControlReadDataStage
 .text.USBUART_ControlWriteDataStage
                0x00000f64       0x84 .\CortexM3\ARM_GCC_541\Debug\network.a(USBUART_drv.o)
                0x00000f64                USBUART_ControlWriteDataStage
 .text.USBUART_InitNoDataControlTransfer
                0x00000fe8       0x2c .\CortexM3\ARM_GCC_541\Debug\network.a(USBUART_drv.o)
                0x00000fe8                USBUART_InitNoDataControlTransfer
 .text.USBUART_UpdateStatusBlock
                0x00001014       0x24 .\CortexM3\ARM_GCC_541\Debug\network.a(USBUART_drv.o)
                0x00001014                USBUART_UpdateStatusBlock
 .text.USBUART_HandleSetup
                0x00001038       0x5c .\CortexM3\ARM_GCC_541\Debug\network.a(USBUART_drv.o)
                0x00001038                USBUART_HandleSetup
 .text.USBUART_ControlReadStatusStage
                0x00001094       0x38 .\CortexM3\ARM_GCC_541\Debug\network.a(USBUART_drv.o)
                0x00001094                USBUART_ControlReadStatusStage
 .text.USBUART_HandleOUT
                0x000010cc       0x38 .\CortexM3\ARM_GCC_541\Debug\network.a(USBUART_drv.o)
                0x000010cc                USBUART_HandleOUT
 .text.USBUART_ControlWriteStatusStage
                0x00001104       0x20 .\CortexM3\ARM_GCC_541\Debug\network.a(USBUART_drv.o)
                0x00001104                USBUART_ControlWriteStatusStage
 .text.USBUART_NoDataControlStatusStage
                0x00001124       0x40 .\CortexM3\ARM_GCC_541\Debug\network.a(USBUART_drv.o)
                0x00001124                USBUART_NoDataControlStatusStage
 .text.USBUART_HandleIN
                0x00001164       0x2c .\CortexM3\ARM_GCC_541\Debug\network.a(USBUART_drv.o)
                0x00001164                USBUART_HandleIN
 .text.USBUART_EP_0_ISR
                0x00001190       0xb8 .\CortexM3\ARM_GCC_541\Debug\network.a(USBUART_drv.o)
                0x00001190                USBUART_EP_0_ISR
 .text.USBUART_InitializeStatusBlock
                0x00001248       0x24 .\CortexM3\ARM_GCC_541\Debug\network.a(USBUART_drv.o)
                0x00001248                USBUART_InitializeStatusBlock
 .text.USBUART_InitControlRead
                0x0000126c       0x50 .\CortexM3\ARM_GCC_541\Debug\network.a(USBUART_drv.o)
                0x0000126c                USBUART_InitControlRead
 .text.USBUART_InitControlWrite
                0x000012bc       0x48 .\CortexM3\ARM_GCC_541\Debug\network.a(USBUART_drv.o)
                0x000012bc                USBUART_InitControlWrite
 .text.USBUART_EP_1_ISR
                0x00001304       0x30 .\CortexM3\ARM_GCC_541\Debug\network.a(USBUART_episr.o)
                0x00001304                USBUART_EP_1_ISR
 .text.USBUART_EP_2_ISR
                0x00001334       0x34 .\CortexM3\ARM_GCC_541\Debug\network.a(USBUART_episr.o)
                0x00001334                USBUART_EP_2_ISR
 .text.USBUART_EP_3_ISR
                0x00001368       0x3c .\CortexM3\ARM_GCC_541\Debug\network.a(USBUART_episr.o)
                0x00001368                USBUART_EP_3_ISR
 .text.USBUART_SOF_ISR
                0x000013a4        0x4 .\CortexM3\ARM_GCC_541\Debug\network.a(USBUART_episr.o)
                0x000013a4                USBUART_SOF_ISR
 .text.USBUART_BUS_RESET_ISR
                0x000013a8        0x8 .\CortexM3\ARM_GCC_541\Debug\network.a(USBUART_episr.o)
                0x000013a8                USBUART_BUS_RESET_ISR
 .text.USBUART_DP_ISR
                0x000013b0        0x8 .\CortexM3\ARM_GCC_541\Debug\network.a(USBUART_pm.o)
                0x000013b0                USBUART_DP_ISR
 .text.USBUART_ReadDieID
                0x000013b8       0x6c .\CortexM3\ARM_GCC_541\Debug\network.a(USBUART_std.o)
                0x000013b8                USBUART_ReadDieID
 .text.USBUART_ConfigReg
                0x00001424       0xa4 .\CortexM3\ARM_GCC_541\Debug\network.a(USBUART_std.o)
                0x00001424                USBUART_ConfigReg
 .text.USBUART_GetConfigTablePtr
                0x000014c8       0x28 .\CortexM3\ARM_GCC_541\Debug\network.a(USBUART_std.o)
                0x000014c8                USBUART_GetConfigTablePtr
 .text.USBUART_ConfigAltChanged
                0x000014f0      0x11c .\CortexM3\ARM_GCC_541\Debug\network.a(USBUART_std.o)
                0x000014f0                USBUART_ConfigAltChanged
 .text.USBUART_GetDeviceTablePtr
                0x0000160c       0x18 .\CortexM3\ARM_GCC_541\Debug\network.a(USBUART_std.o)
                0x0000160c                USBUART_GetDeviceTablePtr
 .text.USBUART_GetInterfaceClassTablePtr
                0x00001624       0x28 .\CortexM3\ARM_GCC_541\Debug\network.a(USBUART_std.o)
                0x00001624                USBUART_GetInterfaceClassTablePtr
 .text.USBUART_Config
                0x0000164c      0x1ec .\CortexM3\ARM_GCC_541\Debug\network.a(USBUART_std.o)
                0x0000164c                USBUART_Config
 .text.USBUART_SetEndpointHalt
                0x00001838       0x64 .\CortexM3\ARM_GCC_541\Debug\network.a(USBUART_std.o)
                0x00001838                USBUART_SetEndpointHalt
 .text.USBUART_ClearEndpointHalt
                0x0000189c       0xa8 .\CortexM3\ARM_GCC_541\Debug\network.a(USBUART_std.o)
                0x0000189c                USBUART_ClearEndpointHalt
 .text.USBUART_ValidateAlternateSetting
                0x00001944       0x4c .\CortexM3\ARM_GCC_541\Debug\network.a(USBUART_std.o)
                0x00001944                USBUART_ValidateAlternateSetting
 .text.USBUART_HandleStandardRqst
                0x00001990      0x354 .\CortexM3\ARM_GCC_541\Debug\network.a(USBUART_std.o)
                0x00001990                USBUART_HandleStandardRqst
 .text.USBUART_HandleVendorRqst
                0x00001ce4       0x18 .\CortexM3\ARM_GCC_541\Debug\network.a(USBUART_vnd.o)
                0x00001ce4                USBUART_HandleVendorRqst
 .text.USBUART_Dp_ClearInterrupt
                0x00001cfc       0x10 .\CortexM3\ARM_GCC_541\Debug\network.a(USBUART_Dp.o)
                0x00001cfc                USBUART_Dp_ClearInterrupt
 .text.TX_PIN_Write
                0x00001d0c       0x18 .\CortexM3\ARM_GCC_541\Debug\network.a(TX_PIN.o)
                0x00001d0c                TX_PIN_Write
 .text.RX_PIN_Read
                0x00001d24        0xc .\CortexM3\ARM_GCC_541\Debug\network.a(RX_PIN.o)
                0x00001d24                RX_PIN_Read
 .text.RX_PIN_ClearInterrupt
                0x00001d30        0xc .\CortexM3\ARM_GCC_541\Debug\network.a(RX_PIN.o)
                0x00001d30                RX_PIN_ClearInterrupt
 .text.RX_TIMER_Enable
                0x00001d3c       0x10 .\CortexM3\ARM_GCC_541\Debug\network.a(RX_TIMER.o)
                0x00001d3c                RX_TIMER_Enable
 .text.RX_TIMER_Stop
                0x00001d4c       0x10 .\CortexM3\ARM_GCC_541\Debug\network.a(RX_TIMER.o)
                0x00001d4c                RX_TIMER_Stop
 .text.RX_TIMER_SetInterruptMode
                0x00001d5c        0xc .\CortexM3\ARM_GCC_541\Debug\network.a(RX_TIMER.o)
                0x00001d5c                RX_TIMER_SetInterruptMode
 .text.RX_TIMER_ReadStatusRegister
                0x00001d68        0xc .\CortexM3\ARM_GCC_541\Debug\network.a(RX_TIMER.o)
                0x00001d68                RX_TIMER_ReadStatusRegister
 .text.RX_TIMER_WritePeriod
                0x00001d74        0xc .\CortexM3\ARM_GCC_541\Debug\network.a(RX_TIMER.o)
                0x00001d74                RX_TIMER_WritePeriod
 .text.RX_TIMER_ReadCapture
                0x00001d80        0xc .\CortexM3\ARM_GCC_541\Debug\network.a(RX_TIMER.o)
                0x00001d80                RX_TIMER_ReadCapture
 .text.RX_TIMER_WriteCounter
                0x00001d8c        0xc .\CortexM3\ARM_GCC_541\Debug\network.a(RX_TIMER.o)
                0x00001d8c                RX_TIMER_WriteCounter
 .text.RX_TIMER_ClearFIFO
                0x00001d98       0x14 .\CortexM3\ARM_GCC_541\Debug\network.a(RX_TIMER.o)
                0x00001d98                RX_TIMER_ClearFIFO
 .text.RX_TIMER_Init
                0x00001dac       0x34 .\CortexM3\ARM_GCC_541\Debug\network.a(RX_TIMER.o)
                0x00001dac                RX_TIMER_Init
 .text.RX_TIMER_Start
                0x00001de0       0x1c .\CortexM3\ARM_GCC_541\Debug\network.a(RX_TIMER.o)
                0x00001de0                RX_TIMER_Start
 .text.RX_PIN_INTERRUPT_SetVector
                0x00001dfc        0xc .\CortexM3\ARM_GCC_541\Debug\network.a(RX_PIN_INTERRUPT.o)
                0x00001dfc                RX_PIN_INTERRUPT_SetVector
 .text.RX_PIN_INTERRUPT_SetPriority
                0x00001e08       0x10 .\CortexM3\ARM_GCC_541\Debug\network.a(RX_PIN_INTERRUPT.o)
                0x00001e08                RX_PIN_INTERRUPT_SetPriority
 .text.RX_PIN_INTERRUPT_Enable
                0x00001e18        0xc .\CortexM3\ARM_GCC_541\Debug\network.a(RX_PIN_INTERRUPT.o)
                0x00001e18                RX_PIN_INTERRUPT_Enable
 .text.RX_PIN_INTERRUPT_Disable
                0x00001e24        0xc .\CortexM3\ARM_GCC_541\Debug\network.a(RX_PIN_INTERRUPT.o)
                0x00001e24                RX_PIN_INTERRUPT_Disable
 .text.RX_PIN_INTERRUPT_StartEx
                0x00001e30       0x1c .\CortexM3\ARM_GCC_541\Debug\network.a(RX_PIN_INTERRUPT.o)
                0x00001e30                RX_PIN_INTERRUPT_StartEx
 .text.RX_TIMER_INTERRUPT_SetVector
                0x00001e4c        0xc .\CortexM3\ARM_GCC_541\Debug\network.a(RX_TIMER_INTERRUPT.o)
                0x00001e4c                RX_TIMER_INTERRUPT_SetVector
 .text.RX_TIMER_INTERRUPT_SetPriority
                0x00001e58       0x10 .\CortexM3\ARM_GCC_541\Debug\network.a(RX_TIMER_INTERRUPT.o)
                0x00001e58                RX_TIMER_INTERRUPT_SetPriority
 .text.RX_TIMER_INTERRUPT_Enable
                0x00001e68        0xc .\CortexM3\ARM_GCC_541\Debug\network.a(RX_TIMER_INTERRUPT.o)
                0x00001e68                RX_TIMER_INTERRUPT_Enable
 .text.RX_TIMER_INTERRUPT_Disable
                0x00001e74        0xc .\CortexM3\ARM_GCC_541\Debug\network.a(RX_TIMER_INTERRUPT.o)
                0x00001e74                RX_TIMER_INTERRUPT_Disable
 .text.RX_TIMER_INTERRUPT_StartEx
                0x00001e80       0x1c .\CortexM3\ARM_GCC_541\Debug\network.a(RX_TIMER_INTERRUPT.o)
                0x00001e80                RX_TIMER_INTERRUPT_StartEx
 .text.TX_TIMER_Enable
                0x00001e9c       0x10 .\CortexM3\ARM_GCC_541\Debug\network.a(TX_TIMER.o)
                0x00001e9c                TX_TIMER_Enable
 .text.TX_TIMER_Stop
                0x00001eac       0x10 .\CortexM3\ARM_GCC_541\Debug\network.a(TX_TIMER.o)
                0x00001eac                TX_TIMER_Stop
 .text.TX_TIMER_SetInterruptMode
                0x00001ebc        0xc .\CortexM3\ARM_GCC_541\Debug\network.a(TX_TIMER.o)
                0x00001ebc                TX_TIMER_SetInterruptMode
 .text.TX_TIMER_ReadStatusRegister
                0x00001ec8        0xc .\CortexM3\ARM_GCC_541\Debug\network.a(TX_TIMER.o)
                0x00001ec8                TX_TIMER_ReadStatusRegister
 .text.TX_TIMER_WritePeriod
                0x00001ed4        0xc .\CortexM3\ARM_GCC_541\Debug\network.a(TX_TIMER.o)
                0x00001ed4                TX_TIMER_WritePeriod
 .text.TX_TIMER_ReadCapture
                0x00001ee0        0xc .\CortexM3\ARM_GCC_541\Debug\network.a(TX_TIMER.o)
                0x00001ee0                TX_TIMER_ReadCapture
 .text.TX_TIMER_WriteCounter
                0x00001eec        0xc .\CortexM3\ARM_GCC_541\Debug\network.a(TX_TIMER.o)
                0x00001eec                TX_TIMER_WriteCounter
 .text.TX_TIMER_ClearFIFO
                0x00001ef8       0x14 .\CortexM3\ARM_GCC_541\Debug\network.a(TX_TIMER.o)
                0x00001ef8                TX_TIMER_ClearFIFO
 .text.TX_TIMER_Init
                0x00001f0c       0x34 .\CortexM3\ARM_GCC_541\Debug\network.a(TX_TIMER.o)
                0x00001f0c                TX_TIMER_Init
 .text.TX_TIMER_Start
                0x00001f40       0x1c .\CortexM3\ARM_GCC_541\Debug\network.a(TX_TIMER.o)
                0x00001f40                TX_TIMER_Start
 .text.TX_TIMER_INTERRUPT_SetVector
                0x00001f5c        0xc .\CortexM3\ARM_GCC_541\Debug\network.a(TX_TIMER_INTERRUPT.o)
                0x00001f5c                TX_TIMER_INTERRUPT_SetVector
 .text.TX_TIMER_INTERRUPT_SetPriority
                0x00001f68       0x10 .\CortexM3\ARM_GCC_541\Debug\network.a(TX_TIMER_INTERRUPT.o)
                0x00001f68                TX_TIMER_INTERRUPT_SetPriority
 .text.TX_TIMER_INTERRUPT_Enable
                0x00001f78        0xc .\CortexM3\ARM_GCC_541\Debug\network.a(TX_TIMER_INTERRUPT.o)
                0x00001f78                TX_TIMER_INTERRUPT_Enable
 .text.TX_TIMER_INTERRUPT_Disable
                0x00001f84        0xc .\CortexM3\ARM_GCC_541\Debug\network.a(TX_TIMER_INTERRUPT.o)
                0x00001f84                TX_TIMER_INTERRUPT_Disable
 .text.TX_TIMER_INTERRUPT_StartEx
                0x00001f90       0x1c .\CortexM3\ARM_GCC_541\Debug\network.a(TX_TIMER_INTERRUPT.o)
                0x00001f90                TX_TIMER_INTERRUPT_StartEx
 *fill*         0x00001fac        0x4 
 .text          0x00001fb0       0x20 .\CortexM3\ARM_GCC_541\Debug\network.a(CyBootAsmGnu.o)
                0x00001fb0                CyDelayCycles
                0x00001fc0                CyEnterCriticalSection
                0x00001fc8                CyExitCriticalSection
 .text.USBUART_DispatchClassRqst
                0x00001fd0       0x58 .\CortexM3\ARM_GCC_541\Debug\network.a(USBUART_cls.o)
                0x00001fd0                USBUART_DispatchClassRqst
 .text.__errno  0x00002028        0xc c:/program files (x86)/cypress/psoc creator/4.1/psoc creator/import/gnu/arm/5.4.1/bin/../lib/gcc/arm-none-eabi/5.4.1/../../../../arm-none-eabi/lib/armv7-m\libg_nano.a(lib_a-errno.o)
                0x00002028                __errno
 .text.__libc_init_array
                0x00002034       0x4c c:/program files (x86)/cypress/psoc creator/4.1/psoc creator/import/gnu/arm/5.4.1/bin/../lib/gcc/arm-none-eabi/5.4.1/../../../../arm-none-eabi/lib/armv7-m\libg_nano.a(lib_a-init.o)
                0x00002034                __libc_init_array
 .text.memcpy   0x00002080       0x16 c:/program files (x86)/cypress/psoc creator/4.1/psoc creator/import/gnu/arm/5.4.1/bin/../lib/gcc/arm-none-eabi/5.4.1/../../../../arm-none-eabi/lib/armv7-m\libg_nano.a(lib_a-memcpy-stub.o)
                0x00002080                memcpy
 .text.memset   0x00002096       0x10 c:/program files (x86)/cypress/psoc creator/4.1/psoc creator/import/gnu/arm/5.4.1/bin/../lib/gcc/arm-none-eabi/5.4.1/../../../../arm-none-eabi/lib/armv7-m\libg_nano.a(lib_a-memset.o)
                0x00002096                memset
 *fill*         0x000020a6        0x2 
 .text.rand     0x000020a8       0x74 c:/program files (x86)/cypress/psoc creator/4.1/psoc creator/import/gnu/arm/5.4.1/bin/../lib/gcc/arm-none-eabi/5.4.1/../../../../arm-none-eabi/lib/armv7-m\libg_nano.a(lib_a-rand.o)
                0x000020a8                rand
 .text.malloc   0x0000211c       0x10 c:/program files (x86)/cypress/psoc creator/4.1/psoc creator/import/gnu/arm/5.4.1/bin/../lib/gcc/arm-none-eabi/5.4.1/../../../../arm-none-eabi/lib/armv7-m\libg_nano.a(lib_a-malloc.o)
                0x0000211c                malloc
 .text._malloc_r
                0x0000212c       0xbc c:/program files (x86)/cypress/psoc creator/4.1/psoc creator/import/gnu/arm/5.4.1/bin/../lib/gcc/arm-none-eabi/5.4.1/../../../../arm-none-eabi/lib/armv7-m\libg_nano.a(lib_a-nano-mallocr.o)
                0x0000212c                _malloc_r
 .text._sbrk_r  0x000021e8       0x20 c:/program files (x86)/cypress/psoc creator/4.1/psoc creator/import/gnu/arm/5.4.1/bin/../lib/gcc/arm-none-eabi/5.4.1/../../../../arm-none-eabi/lib/armv7-m\libg_nano.a(lib_a-sbrkr.o)
                0x000021e8                _sbrk_r
 .text.__malloc_lock
                0x00002208        0x2 c:/program files (x86)/cypress/psoc creator/4.1/psoc creator/import/gnu/arm/5.4.1/bin/../lib/gcc/arm-none-eabi/5.4.1/../../../../arm-none-eabi/lib/armv7-m\libg_nano.a(lib_a-mlock.o)
                0x00002208                __malloc_lock
 .text.__malloc_unlock
                0x0000220a        0x2 c:/program files (x86)/cypress/psoc creator/4.1/psoc creator/import/gnu/arm/5.4.1/bin/../lib/gcc/arm-none-eabi/5.4.1/../../../../arm-none-eabi/lib/armv7-m\libg_nano.a(lib_a-mlock.o)
                0x0000220a                __malloc_unlock
 *(.plt)
 *(.gnu.warning)
 *(.glue_7t)
 .glue_7t       0x0000220c        0x0 linker stubs
 *(.glue_7)
 .glue_7        0x0000220c        0x0 linker stubs
 *(.vfp11_veneer)
 .vfp11_veneer  0x0000220c        0x0 linker stubs
 *(.bootloader)
 *(.ARM.extab* .gnu.linkonce.armextab.*)
 *(.gcc_except_table)

.v4_bx          0x0000220c        0x0
 .v4_bx         0x0000220c        0x0 linker stubs

.iplt           0x0000220c        0x0
 .iplt          0x0000220c        0x0 c:/program files (x86)/cypress/psoc creator/4.1/psoc creator/import/gnu/arm/5.4.1/bin/../lib/gcc/arm-none-eabi/5.4.1/armv7-m/crtbegin.o

.eh_frame_hdr
 *(.eh_frame_hdr)

.eh_frame       0x0000220c        0x4
 *(.eh_frame)
 .eh_frame      0x0000220c        0x0 c:/program files (x86)/cypress/psoc creator/4.1/psoc creator/import/gnu/arm/5.4.1/bin/../lib/gcc/arm-none-eabi/5.4.1/armv7-m/crtbegin.o
 .eh_frame      0x0000220c        0x4 c:/program files (x86)/cypress/psoc creator/4.1/psoc creator/import/gnu/arm/5.4.1/bin/../lib/gcc/arm-none-eabi/5.4.1/armv7-m/crtend.o
                [!provide]                PROVIDE (__exidx_start, .)

.ARM.exidx
 *(.ARM.exidx* .gnu.linkonce.armexidx.*)
                0x00002210                __exidx_end = .

.rodata         0x00002210      0x1f0
 *(.rodata .rodata.* .gnu.linkonce.r.*)
 .rodata.str1.4
                0x00002210        0xe .\CortexM3\ARM_GCC_541\Debug\main.o
 *fill*         0x0000221e        0x2 
 .rodata.str1.4
                0x00002220        0x3 .\CortexM3\ARM_GCC_541\Debug\transmitter.o
 *fill*         0x00002223        0x1 
 .rodata        0x00002224       0x30 .\CortexM3\ARM_GCC_541\Debug\cyfitter_cfg.o
 .rodata.str1.4
                0x00002254       0x14 .\CortexM3\ARM_GCC_541\Debug\network.a(USBUART_std.o)
                                 0x11 (size before relaxing)
 .rodata        0x00002268      0x15e .\CortexM3\ARM_GCC_541\Debug\network.a(USBUART_descr.o)
                0x00002268                USBUART_TABLE
                0x00002270                USBUART_DEVICE0_TABLE
                0x00002288                USBUART_DEVICE0_CONFIGURATION0_TABLE
                0x000022b0                USBUART_DEVICE0_CONFIGURATION0_INTERFACE_CLASS
                0x000022b4                USBUART_DEVICE0_CONFIGURATION0_EP_SETTINGS_TABLE
                0x000022cc                USBUART_SN_STRING_DESCRIPTOR
                0x000022d0                USBUART_STRING_DESCRIPTORS
                0x00002370                USBUART_DEVICE0_CONFIGURATION0_DESCR
                0x000023b4                USBUART_DEVICE0_DESCR
 .rodata.str1.1
                0x000023c6        0x2 c:/program files (x86)/cypress/psoc creator/4.1/psoc creator/import/gnu/arm/5.4.1/bin/../lib/gcc/arm-none-eabi/5.4.1/../../../../arm-none-eabi/lib/armv7-m\libg_nano.a(lib_a-impure.o)
                0x000023c8                . = ALIGN (0x4)
 *(.init)
 .init          0x000023c8        0x4 c:/program files (x86)/cypress/psoc creator/4.1/psoc creator/import/gnu/arm/5.4.1/bin/../lib/gcc/arm-none-eabi/5.4.1/armv7-m/crti.o
                0x000023c8                _init
 .init          0x000023cc        0x8 c:/program files (x86)/cypress/psoc creator/4.1/psoc creator/import/gnu/arm/5.4.1/bin/../lib/gcc/arm-none-eabi/5.4.1/armv7-m/crtn.o
                0x000023d4                . = ALIGN (0x4)
                0x000023d4                __preinit_array_start = .
 *(.preinit_array)
                0x000023d4                __preinit_array_end = .
                0x000023d4                . = ALIGN (0x4)
                0x000023d4                __init_array_start = .
 *(SORT(.init_array.*))
 *(.init_array)
 .init_array    0x000023d4        0x4 c:/program files (x86)/cypress/psoc creator/4.1/psoc creator/import/gnu/arm/5.4.1/bin/../lib/gcc/arm-none-eabi/5.4.1/armv7-m/crtbegin.o
 .init_array    0x000023d8        0x4 .\CortexM3\ARM_GCC_541\Debug\Cm3Start.o
                0x000023dc                __init_array_end = .
                0x000023dc                . = ALIGN (0x4)
 *(.fini)
 .fini          0x000023dc        0x4 c:/program files (x86)/cypress/psoc creator/4.1/psoc creator/import/gnu/arm/5.4.1/bin/../lib/gcc/arm-none-eabi/5.4.1/armv7-m/crti.o
                0x000023dc                _fini
 .fini          0x000023e0        0x8 c:/program files (x86)/cypress/psoc creator/4.1/psoc creator/import/gnu/arm/5.4.1/bin/../lib/gcc/arm-none-eabi/5.4.1/armv7-m/crtn.o
                0x000023e8                . = ALIGN (0x4)
                0x000023e8                __fini_array_start = .
 *(.fini_array)
 .fini_array    0x000023e8        0x4 c:/program files (x86)/cypress/psoc creator/4.1/psoc creator/import/gnu/arm/5.4.1/bin/../lib/gcc/arm-none-eabi/5.4.1/armv7-m/crtbegin.o
 *(SORT(.fini_array.*))
                0x000023ec                __fini_array_end = .
                0x000023ec                . = ALIGN (0x4)
 *crtbegin.o(.ctors)
 *(EXCLUDE_FILE(*crtend.o) .ctors)
 *(SORT(.ctors.*))
 *crtend.o(.ctors)
                0x000023ec                . = ALIGN (0x4)
 *crtbegin.o(.dtors)
 *(EXCLUDE_FILE(*crtend.o) .dtors)
 *(SORT(.dtors.*))
 *crtend.o(.dtors)
                0x000023ec                . = ALIGN (0x4)
                0x000023ec                __cy_regions = .
                0x000023ec        0x4 LONG 0x2400 __cy_region_init_ram
                0x000023f0        0x4 LONG 0x1fff80c8 __cy_region_start_data
                0x000023f4        0x4 LONG 0xa0 __cy_region_init_size_ram
                0x000023f8        0x4 LONG 0x148 __cy_region_zero_size_ram
                0x000023fc                __cy_regions_end = .
                0x00002400                . = ALIGN (0x8)
 *fill*         0x000023fc        0x4 
                0x00002400                _etext = .

.cy_checksum_exclude
                0x00002400        0x0
 *(.cy_checksum_exclude)

.ramvectors     0x1fff8000       0xc0
                0x1fff8000                __cy_region_start_ram = .
 *(.ramvectors)
 .ramvectors    0x1fff8000       0xc0 .\CortexM3\ARM_GCC_541\Debug\Cm3Start.o
                0x1fff8000                CyRamVectors

.noinit         0x1fff80c0        0x1
 *(.noinit)
 .noinit        0x1fff80c0        0x1 .\CortexM3\ARM_GCC_541\Debug\network.a(CyLib.o)
                0x1fff80c0                CyResetStatus

.data           0x1fff80c8       0xa0 load address 0x00002400
                0x1fff80c8                __cy_region_start_data = .
 *(.jcr)
 .jcr           0x1fff80c8        0x0 c:/program files (x86)/cypress/psoc creator/4.1/psoc creator/import/gnu/arm/5.4.1/bin/../lib/gcc/arm-none-eabi/5.4.1/armv7-m/crtbegin.o
 .jcr           0x1fff80c8        0x4 c:/program files (x86)/cypress/psoc creator/4.1/psoc creator/import/gnu/arm/5.4.1/bin/../lib/gcc/arm-none-eabi/5.4.1/armv7-m/crtend.o
 *(.got.plt)
 *(.got)
 *(.shdata)
 *(.data .data.* .gnu.linkonce.d.*)
 .data          0x1fff80cc        0x2 .\CortexM3\ARM_GCC_541\Debug\main.o
                0x1fff80cc                destinationAddress
                0x1fff80cd                sourceAddress
 *fill*         0x1fff80ce        0x2 
 .data          0x1fff80d0        0x4 .\CortexM3\ARM_GCC_541\Debug\receiver.o
 .data          0x1fff80d4        0x4 .\CortexM3\ARM_GCC_541\Debug\Cm3Start.o
 .data          0x1fff80d8       0x10 .\CortexM3\ARM_GCC_541\Debug\network.a(CyLib.o)
                0x1fff80d8                cydelay_32k_ms
                0x1fff80dc                cydelay_freq_khz
                0x1fff80e0                cydelay_freq_mhz
                0x1fff80e4                cydelay_freq_hz
 .data          0x1fff80e8       0x1a .\CortexM3\ARM_GCC_541\Debug\network.a(USBUART_cdc.o)
                0x1fff80e8                USBUART_linesCoding
 *fill*         0x1fff8102        0x2 
 .data.impure_data
                0x1fff8104       0x60 c:/program files (x86)/cypress/psoc creator/4.1/psoc creator/import/gnu/arm/5.4.1/bin/../lib/gcc/arm-none-eabi/5.4.1/../../../../arm-none-eabi/lib/armv7-m\libg_nano.a(lib_a-impure.o)
 .data._impure_ptr
                0x1fff8164        0x4 c:/program files (x86)/cypress/psoc creator/4.1/psoc creator/import/gnu/arm/5.4.1/bin/../lib/gcc/arm-none-eabi/5.4.1/../../../../arm-none-eabi/lib/armv7-m\libg_nano.a(lib_a-impure.o)
                0x1fff8164                _impure_ptr
                0x1fff8168                . = ALIGN (0x8)
 *(.ram)
                0x1fff8168                _edata = .

.igot.plt       0x1fff8168        0x0 load address 0x000024a0
 .igot.plt      0x1fff8168        0x0 c:/program files (x86)/cypress/psoc creator/4.1/psoc creator/import/gnu/arm/5.4.1/bin/../lib/gcc/arm-none-eabi/5.4.1/armv7-m/crtbegin.o

.bss            0x1fff8168      0x148 load address 0x000024a0
                0x1fff8168                PROVIDE (__bss_start__, .)
 *(.shbss)
 *(.bss .bss.* .gnu.linkonce.b.*)
 .bss           0x1fff8168       0x1c c:/program files (x86)/cypress/psoc creator/4.1/psoc creator/import/gnu/arm/5.4.1/bin/../lib/gcc/arm-none-eabi/5.4.1/armv7-m/crtbegin.o
 .bss           0x1fff8184        0x1 .\CortexM3\ARM_GCC_541\Debug\main.o
                0x1fff8184                transmitting
 .bss           0x1fff8185        0x1 .\CortexM3\ARM_GCC_541\Debug\receiver.o
 *fill*         0x1fff8186        0x2 
 .bss           0x1fff8188       0x3c .\CortexM3\ARM_GCC_541\Debug\transmitter.o
                0x1fff8188                collisionOccured
                0x1fff8189                currentState
 .bss           0x1fff81c4        0x1 .\CortexM3\ARM_GCC_541\Debug\network.a(USBUART.o)
                0x1fff81c4                USBUART_initVar
 .bss           0x1fff81c5        0x1 .\CortexM3\ARM_GCC_541\Debug\network.a(USBUART_cdc.o)
 *fill*         0x1fff81c6        0x2 
 .bss           0x1fff81c8        0x2 .\CortexM3\ARM_GCC_541\Debug\network.a(USBUART_std.o)
 .bss           0x1fff81ca        0x1 .\CortexM3\ARM_GCC_541\Debug\network.a(RX_TIMER.o)
                0x1fff81ca                RX_TIMER_initVar
 .bss           0x1fff81cb        0x1 .\CortexM3\ARM_GCC_541\Debug\network.a(TX_TIMER.o)
                0x1fff81cb                TX_TIMER_initVar
 .bss.__malloc_sbrk_start
                0x1fff81cc        0x4 c:/program files (x86)/cypress/psoc creator/4.1/psoc creator/import/gnu/arm/5.4.1/bin/../lib/gcc/arm-none-eabi/5.4.1/../../../../arm-none-eabi/lib/armv7-m\libg_nano.a(lib_a-nano-mallocr.o)
                0x1fff81cc                __malloc_sbrk_start
 .bss.__malloc_free_list
                0x1fff81d0        0x4 c:/program files (x86)/cypress/psoc creator/4.1/psoc creator/import/gnu/arm/5.4.1/bin/../lib/gcc/arm-none-eabi/5.4.1/../../../../arm-none-eabi/lib/armv7-m\libg_nano.a(lib_a-nano-mallocr.o)
                0x1fff81d0                __malloc_free_list
 *(COMMON)
 COMMON         0x1fff81d4       0x18 .\CortexM3\ARM_GCC_541\Debug\network.a(USBUART_cdc.o)
                0x1fff81d4                USBUART_linesChanged
                0x1fff81d8                USBUART_cdcDataInEp
                0x1fff81dc                USBUART_cdcCommInInterruptEp
                0x1fff81e0                USBUART_cdcDataOutEp
                0x1fff81e4                USBUART_serialStateBitmap
                0x1fff81e8                USBUART_linesControlBitmap
 COMMON         0x1fff81ec       0x9a .\CortexM3\ARM_GCC_541\Debug\network.a(USBUART_drv.o)
                0x1fff81ec                USBUART_lastPacketSize
                0x1fff81ed                USBUART_device
                0x1fff81ee                USBUART_transferByteCount
                0x1fff81f0                USBUART_transferState
                0x1fff81f4                USBUART_interfaceSettingLast
                0x1fff81f8                USBUART_currentTD
                0x1fff8204                USBUART_interfaceNumber
                0x1fff8208                USBUART_interfaceClass
                0x1fff820c                USBUART_configurationChanged
                0x1fff820d                USBUART_ep0Mode
                0x1fff820e                USBUART_deviceAddress
                0x1fff820f                USBUART_configuration
                0x1fff8210                USBUART_ep0Count
                0x1fff8211                USBUART_deviceStatus
                0x1fff8214                USBUART_EP
                0x1fff8280                USBUART_interfaceSetting
                0x1fff8282                USBUART_ep0Toggle
                0x1fff8284                USBUART_interfaceStatus
 *fill*         0x1fff8286        0x2 
 COMMON         0x1fff8288       0x22 .\CortexM3\ARM_GCC_541\Debug\network.a(USBUART_descr.o)
                0x1fff8288                USBUART_idSerialNumberStringDescriptor
 *fill*         0x1fff82aa        0x2 
 COMMON         0x1fff82ac        0x4 c:/program files (x86)/cypress/psoc creator/4.1/psoc creator/import/gnu/arm/5.4.1/bin/../lib/gcc/arm-none-eabi/5.4.1/../../../../arm-none-eabi/lib/armv7-m\libg_nano.a(lib_a-reent.o)
                0x1fff82ac                errno
                0x1fff82b0                . = ALIGN (0x8)
 *(.ram.b)
                0x1fff82b0                _end = .
                0x1fff82b0                __end = .
                0x1fff82b0                PROVIDE (end, .)
                0x1fff82b0                PROVIDE (__bss_end__, .)
                0x00002400                __cy_region_init_ram = LOADADDR (.data)
                0x000000a0                __cy_region_init_size_ram = (_edata - ADDR (.data))
                0x00000148                __cy_region_zero_size_ram = (_end - _edata)

.heap           0x1fff82b0       0x80 load address 0x000024a0
                0x1fff82b0                . = _end
                0x1fff8330                . = (. + 0x80)
 *fill*         0x1fff82b0       0x80 
                0x1fff8330                __cy_heap_limit = .

.stack          0x20007800      0x800
                0x20007800                __cy_stack_limit = .
                0x20008000                . = (. + 0x800)
 *fill*         0x20007800      0x800 
                0x00000001                ASSERT ((__cy_stack_limit >= __cy_heap_limit), region RAM overflowed with stack)
                0x00000000                cy_checksum_exclude_size = (CY_APPL_LOADABLE == 0x1)?SIZEOF (.cy_checksum_exclude):0x0
                0x00000001                ASSERT ((cy_checksum_exclude_size <= CY_CHECKSUM_EXCLUDE_SIZE), CY_BOOT: Section .cy_checksum_exclude size exceedes specified limit.)

.cyloadermeta
 *(.cyloadermeta)

.cyloadablemeta
 *(.cyloadablemeta)

.cyconfigecc    0x80000000      0x2d4
 *(.cyconfigecc)
 .cyconfigecc   0x80000000      0x2d4 .\CortexM3\ARM_GCC_541\Debug\cymetadata.o
                0x80000000                cy_meta_configecc

.cycustnvl      0x90000000        0x4
 *(.cycustnvl)
 .cycustnvl     0x90000000        0x4 .\CortexM3\ARM_GCC_541\Debug\cymetadata.o
                0x90000000                cy_meta_custnvl

.cywolatch      0x90100000        0x4
 *(.cywolatch)
 .cywolatch     0x90100000        0x4 .\CortexM3\ARM_GCC_541\Debug\cymetadata.o
                0x90100000                cy_meta_wonvl

.cyeeprom       0x90200000        0x0
 *(.cyeeprom)
                0x00000001                ASSERT ((. <= ((0x90200000 + ee_offset) + ee_size)), .cyeeprom data will not fit in EEPROM)

.cyflashprotect
                0x90400000      0x100
 *(.cyflashprotect)
 .cyflashprotect
                0x90400000      0x100 .\CortexM3\ARM_GCC_541\Debug\cymetadata.o
                0x90400000                cy_meta_flashprotect

.cymeta         0x90500000        0xc
 *(.cymeta)
 .cymeta        0x90500000        0xc .\CortexM3\ARM_GCC_541\Debug\cymetadata.o
                0x90500000                cy_metadata

.rel.dyn        0x000024a0        0x0 load address 0x9050000c
 .rel.iplt      0x000024a0        0x0 c:/program files (x86)/cypress/psoc creator/4.1/psoc creator/import/gnu/arm/5.4.1/bin/../lib/gcc/arm-none-eabi/5.4.1/armv7-m/crtbegin.o

.stab
 *(.stab)

.stabstr
 *(.stabstr)

.debug
 *(.debug)

.line
 *(.line)

.debug_srcinfo
 *(.debug_srcinfo)

.debug_sfnames
 *(.debug_sfnames)

.debug_aranges  0x00000000      0xd68
 *(.debug_aranges)
 .debug_aranges
                0x00000000       0x38 .\CortexM3\ARM_GCC_541\Debug\main.o
 .debug_aranges
                0x00000038       0x30 .\CortexM3\ARM_GCC_541\Debug\receiver.o
 .debug_aranges
                0x00000068       0x48 .\CortexM3\ARM_GCC_541\Debug\transmitter.o
 .debug_aranges
                0x000000b0       0x58 .\CortexM3\ARM_GCC_541\Debug\cyfitter_cfg.o
 .debug_aranges
                0x00000108       0x18 .\CortexM3\ARM_GCC_541\Debug\cymetadata.o
 .debug_aranges
                0x00000120       0x48 .\CortexM3\ARM_GCC_541\Debug\Cm3Start.o
 .debug_aranges
                0x00000168       0x38 .\CortexM3\ARM_GCC_541\Debug\network.a(IDLE_PIN.o)
 .debug_aranges
                0x000001a0       0x38 .\CortexM3\ARM_GCC_541\Debug\network.a(BUSY_PIN.o)
 .debug_aranges
                0x000001d8       0x38 .\CortexM3\ARM_GCC_541\Debug\network.a(COLLISION_PIN.o)
 .debug_aranges
                0x00000210      0x2a0 .\CortexM3\ARM_GCC_541\Debug\network.a(CyLib.o)
 .debug_aranges
                0x000004b0       0x98 .\CortexM3\ARM_GCC_541\Debug\network.a(cyPm.o)
 .debug_aranges
                0x00000548       0xc8 .\CortexM3\ARM_GCC_541\Debug\network.a(USBUART.o)
 .debug_aranges
                0x00000610       0xe8 .\CortexM3\ARM_GCC_541\Debug\network.a(USBUART_cdc.o)
 .debug_aranges
                0x000006f8       0x98 .\CortexM3\ARM_GCC_541\Debug\network.a(USBUART_drv.o)
 .debug_aranges
                0x00000790       0x40 .\CortexM3\ARM_GCC_541\Debug\network.a(USBUART_episr.o)
 .debug_aranges
                0x000007d0       0x40 .\CortexM3\ARM_GCC_541\Debug\network.a(USBUART_pm.o)
 .debug_aranges
                0x00000810       0x80 .\CortexM3\ARM_GCC_541\Debug\network.a(USBUART_std.o)
 .debug_aranges
                0x00000890       0x20 .\CortexM3\ARM_GCC_541\Debug\network.a(USBUART_vnd.o)
 .debug_aranges
                0x000008b0       0x48 .\CortexM3\ARM_GCC_541\Debug\network.a(USBUART_Dp.o)
 .debug_aranges
                0x000008f8       0x38 .\CortexM3\ARM_GCC_541\Debug\network.a(TX_PIN.o)
 .debug_aranges
                0x00000930       0x48 .\CortexM3\ARM_GCC_541\Debug\network.a(RX_PIN.o)
 .debug_aranges
                0x00000978       0x90 .\CortexM3\ARM_GCC_541\Debug\network.a(RX_TIMER.o)
 .debug_aranges
                0x00000a08       0x80 .\CortexM3\ARM_GCC_541\Debug\network.a(RX_PIN_INTERRUPT.o)
 .debug_aranges
                0x00000a88       0x80 .\CortexM3\ARM_GCC_541\Debug\network.a(RX_TIMER_INTERRUPT.o)
 .debug_aranges
                0x00000b08       0x90 .\CortexM3\ARM_GCC_541\Debug\network.a(TX_TIMER.o)
 .debug_aranges
                0x00000b98       0x80 .\CortexM3\ARM_GCC_541\Debug\network.a(TX_TIMER_INTERRUPT.o)
 .debug_aranges
                0x00000c18       0x20 .\CortexM3\ARM_GCC_541\Debug\network.a(CyBootAsmGnu.o)
 .debug_aranges
                0x00000c38       0x80 .\CortexM3\ARM_GCC_541\Debug\network.a(CyFlash.o)
 .debug_aranges
                0x00000cb8       0x78 .\CortexM3\ARM_GCC_541\Debug\network.a(CySpc.o)
 .debug_aranges
                0x00000d30       0x20 .\CortexM3\ARM_GCC_541\Debug\network.a(USBUART_cls.o)
 .debug_aranges
                0x00000d50       0x18 .\CortexM3\ARM_GCC_541\Debug\network.a(USBUART_descr.o)

.debug_pubnames
 *(.debug_pubnames)

.debug_info     0x00000000     0x83bb
 *(.debug_info .gnu.linkonce.wi.*)
 .debug_info    0x00000000      0x327 .\CortexM3\ARM_GCC_541\Debug\main.o
 .debug_info    0x00000327      0x1d0 .\CortexM3\ARM_GCC_541\Debug\receiver.o
 .debug_info    0x000004f7      0x5b8 .\CortexM3\ARM_GCC_541\Debug\transmitter.o
 .debug_info    0x00000aaf      0x4ee .\CortexM3\ARM_GCC_541\Debug\cyfitter_cfg.o
 .debug_info    0x00000f9d      0x135 .\CortexM3\ARM_GCC_541\Debug\cymetadata.o
 .debug_info    0x000010d2      0x3bb .\CortexM3\ARM_GCC_541\Debug\Cm3Start.o
 .debug_info    0x0000148d      0x11f .\CortexM3\ARM_GCC_541\Debug\network.a(IDLE_PIN.o)
 .debug_info    0x000015ac      0x11f .\CortexM3\ARM_GCC_541\Debug\network.a(BUSY_PIN.o)
 .debug_info    0x000016cb      0x11f .\CortexM3\ARM_GCC_541\Debug\network.a(COLLISION_PIN.o)
 .debug_info    0x000017ea     0x1374 .\CortexM3\ARM_GCC_541\Debug\network.a(CyLib.o)
 .debug_info    0x00002b5e      0xa2a .\CortexM3\ARM_GCC_541\Debug\network.a(cyPm.o)
 .debug_info    0x00003588      0x991 .\CortexM3\ARM_GCC_541\Debug\network.a(USBUART.o)
 .debug_info    0x00003f19      0xaf7 .\CortexM3\ARM_GCC_541\Debug\network.a(USBUART_cdc.o)
 .debug_info    0x00004a10      0x655 .\CortexM3\ARM_GCC_541\Debug\network.a(USBUART_drv.o)
 .debug_info    0x00005065      0x254 .\CortexM3\ARM_GCC_541\Debug\network.a(USBUART_episr.o)
 .debug_info    0x000052b9      0x2e4 .\CortexM3\ARM_GCC_541\Debug\network.a(USBUART_pm.o)
 .debug_info    0x0000559d      0xb26 .\CortexM3\ARM_GCC_541\Debug\network.a(USBUART_std.o)
 .debug_info    0x000060c3       0xed .\CortexM3\ARM_GCC_541\Debug\network.a(USBUART_vnd.o)
 .debug_info    0x000061b0      0x174 .\CortexM3\ARM_GCC_541\Debug\network.a(USBUART_Dp.o)
 .debug_info    0x00006324      0x11f .\CortexM3\ARM_GCC_541\Debug\network.a(TX_PIN.o)
 .debug_info    0x00006443      0x174 .\CortexM3\ARM_GCC_541\Debug\network.a(RX_PIN.o)
 .debug_info    0x000065b7      0x2f0 .\CortexM3\ARM_GCC_541\Debug\network.a(RX_TIMER.o)
 .debug_info    0x000068a7      0x2d2 .\CortexM3\ARM_GCC_541\Debug\network.a(RX_PIN_INTERRUPT.o)
 .debug_info    0x00006b79      0x2d2 .\CortexM3\ARM_GCC_541\Debug\network.a(RX_TIMER_INTERRUPT.o)
 .debug_info    0x00006e4b      0x2f0 .\CortexM3\ARM_GCC_541\Debug\network.a(TX_TIMER.o)
 .debug_info    0x0000713b      0x2d2 .\CortexM3\ARM_GCC_541\Debug\network.a(TX_TIMER_INTERRUPT.o)
 .debug_info    0x0000740d       0x8c .\CortexM3\ARM_GCC_541\Debug\network.a(CyBootAsmGnu.o)
 .debug_info    0x00007499      0x5b8 .\CortexM3\ARM_GCC_541\Debug\network.a(CyFlash.o)
 .debug_info    0x00007a51      0x4e9 .\CortexM3\ARM_GCC_541\Debug\network.a(CySpc.o)
 .debug_info    0x00007f3a      0x1de .\CortexM3\ARM_GCC_541\Debug\network.a(USBUART_cls.o)
 .debug_info    0x00008118      0x2a3 .\CortexM3\ARM_GCC_541\Debug\network.a(USBUART_descr.o)

.debug_abbrev   0x00000000     0x2552
 *(.debug_abbrev)
 .debug_abbrev  0x00000000       0xdf .\CortexM3\ARM_GCC_541\Debug\main.o
 .debug_abbrev  0x000000df       0xff .\CortexM3\ARM_GCC_541\Debug\receiver.o
 .debug_abbrev  0x000001de      0x19a .\CortexM3\ARM_GCC_541\Debug\transmitter.o
 .debug_abbrev  0x00000378      0x1fe .\CortexM3\ARM_GCC_541\Debug\cyfitter_cfg.o
 .debug_abbrev  0x00000576       0x66 .\CortexM3\ARM_GCC_541\Debug\cymetadata.o
 .debug_abbrev  0x000005dc      0x1e8 .\CortexM3\ARM_GCC_541\Debug\Cm3Start.o
 .debug_abbrev  0x000007c4       0x90 .\CortexM3\ARM_GCC_541\Debug\network.a(IDLE_PIN.o)
 .debug_abbrev  0x00000854       0x90 .\CortexM3\ARM_GCC_541\Debug\network.a(BUSY_PIN.o)
 .debug_abbrev  0x000008e4       0x90 .\CortexM3\ARM_GCC_541\Debug\network.a(COLLISION_PIN.o)
 .debug_abbrev  0x00000974      0x254 .\CortexM3\ARM_GCC_541\Debug\network.a(CyLib.o)
 .debug_abbrev  0x00000bc8      0x1ab .\CortexM3\ARM_GCC_541\Debug\network.a(cyPm.o)
 .debug_abbrev  0x00000d73      0x215 .\CortexM3\ARM_GCC_541\Debug\network.a(USBUART.o)
 .debug_abbrev  0x00000f88      0x245 .\CortexM3\ARM_GCC_541\Debug\network.a(USBUART_cdc.o)
 .debug_abbrev  0x000011cd      0x189 .\CortexM3\ARM_GCC_541\Debug\network.a(USBUART_drv.o)
 .debug_abbrev  0x00001356      0x11b .\CortexM3\ARM_GCC_541\Debug\network.a(USBUART_episr.o)
 .debug_abbrev  0x00001471      0x108 .\CortexM3\ARM_GCC_541\Debug\network.a(USBUART_pm.o)
 .debug_abbrev  0x00001579      0x20a .\CortexM3\ARM_GCC_541\Debug\network.a(USBUART_std.o)
 .debug_abbrev  0x00001783       0x9b .\CortexM3\ARM_GCC_541\Debug\network.a(USBUART_vnd.o)
 .debug_abbrev  0x0000181e       0x90 .\CortexM3\ARM_GCC_541\Debug\network.a(USBUART_Dp.o)
 .debug_abbrev  0x000018ae       0x90 .\CortexM3\ARM_GCC_541\Debug\network.a(TX_PIN.o)
 .debug_abbrev  0x0000193e       0x90 .\CortexM3\ARM_GCC_541\Debug\network.a(RX_PIN.o)
 .debug_abbrev  0x000019ce      0x12b .\CortexM3\ARM_GCC_541\Debug\network.a(RX_TIMER.o)
 .debug_abbrev  0x00001af9      0x173 .\CortexM3\ARM_GCC_541\Debug\network.a(RX_PIN_INTERRUPT.o)
 .debug_abbrev  0x00001c6c      0x173 .\CortexM3\ARM_GCC_541\Debug\network.a(RX_TIMER_INTERRUPT.o)
 .debug_abbrev  0x00001ddf      0x12b .\CortexM3\ARM_GCC_541\Debug\network.a(TX_TIMER.o)
 .debug_abbrev  0x00001f0a      0x173 .\CortexM3\ARM_GCC_541\Debug\network.a(TX_TIMER_INTERRUPT.o)
 .debug_abbrev  0x0000207d       0x14 .\CortexM3\ARM_GCC_541\Debug\network.a(CyBootAsmGnu.o)
 .debug_abbrev  0x00002091      0x198 .\CortexM3\ARM_GCC_541\Debug\network.a(CyFlash.o)
 .debug_abbrev  0x00002229      0x194 .\CortexM3\ARM_GCC_541\Debug\network.a(CySpc.o)
 .debug_abbrev  0x000023bd       0xe1 .\CortexM3\ARM_GCC_541\Debug\network.a(USBUART_cls.o)
 .debug_abbrev  0x0000249e       0xb4 .\CortexM3\ARM_GCC_541\Debug\network.a(USBUART_descr.o)

.debug_line     0x00000000     0x3652
 *(.debug_line)
 .debug_line    0x00000000      0x24c .\CortexM3\ARM_GCC_541\Debug\main.o
 .debug_line    0x0000024c      0x1bf .\CortexM3\ARM_GCC_541\Debug\receiver.o
 .debug_line    0x0000040b      0x361 .\CortexM3\ARM_GCC_541\Debug\transmitter.o
 .debug_line    0x0000076c      0x1d4 .\CortexM3\ARM_GCC_541\Debug\cyfitter_cfg.o
 .debug_line    0x00000940      0x141 .\CortexM3\ARM_GCC_541\Debug\cymetadata.o
 .debug_line    0x00000a81      0x234 .\CortexM3\ARM_GCC_541\Debug\Cm3Start.o
 .debug_line    0x00000cb5       0x95 .\CortexM3\ARM_GCC_541\Debug\network.a(IDLE_PIN.o)
 .debug_line    0x00000d4a       0x95 .\CortexM3\ARM_GCC_541\Debug\network.a(BUSY_PIN.o)
 .debug_line    0x00000ddf       0x9a .\CortexM3\ARM_GCC_541\Debug\network.a(COLLISION_PIN.o)
 .debug_line    0x00000e79      0x816 .\CortexM3\ARM_GCC_541\Debug\network.a(CyLib.o)
 .debug_line    0x0000168f      0x367 .\CortexM3\ARM_GCC_541\Debug\network.a(cyPm.o)
 .debug_line    0x000019f6      0x2dc .\CortexM3\ARM_GCC_541\Debug\network.a(USBUART.o)
 .debug_line    0x00001cd2      0x2f2 .\CortexM3\ARM_GCC_541\Debug\network.a(USBUART_cdc.o)
 .debug_line    0x00001fc4      0x221 .\CortexM3\ARM_GCC_541\Debug\network.a(USBUART_drv.o)
 .debug_line    0x000021e5       0xe6 .\CortexM3\ARM_GCC_541\Debug\network.a(USBUART_episr.o)
 .debug_line    0x000022cb      0x10e .\CortexM3\ARM_GCC_541\Debug\network.a(USBUART_pm.o)
 .debug_line    0x000023d9      0x3e2 .\CortexM3\ARM_GCC_541\Debug\network.a(USBUART_std.o)
 .debug_line    0x000027bb       0x73 .\CortexM3\ARM_GCC_541\Debug\network.a(USBUART_vnd.o)
 .debug_line    0x0000282e       0xbb .\CortexM3\ARM_GCC_541\Debug\network.a(USBUART_Dp.o)
 .debug_line    0x000028e9       0x93 .\CortexM3\ARM_GCC_541\Debug\network.a(TX_PIN.o)
 .debug_line    0x0000297c       0xb7 .\CortexM3\ARM_GCC_541\Debug\network.a(RX_PIN.o)
 .debug_line    0x00002a33      0x173 .\CortexM3\ARM_GCC_541\Debug\network.a(RX_TIMER.o)
 .debug_line    0x00002ba6      0x13d .\CortexM3\ARM_GCC_541\Debug\network.a(RX_PIN_INTERRUPT.o)
 .debug_line    0x00002ce3      0x13f .\CortexM3\ARM_GCC_541\Debug\network.a(RX_TIMER_INTERRUPT.o)
 .debug_line    0x00002e22      0x173 .\CortexM3\ARM_GCC_541\Debug\network.a(TX_TIMER.o)
 .debug_line    0x00002f95      0x13f .\CortexM3\ARM_GCC_541\Debug\network.a(TX_TIMER_INTERRUPT.o)
 .debug_line    0x000030d4       0x66 .\CortexM3\ARM_GCC_541\Debug\network.a(CyBootAsmGnu.o)
 .debug_line    0x0000313a      0x1e9 .\CortexM3\ARM_GCC_541\Debug\network.a(CyFlash.o)
 .debug_line    0x00003323      0x23c .\CortexM3\ARM_GCC_541\Debug\network.a(CySpc.o)
 .debug_line    0x0000355f       0x92 .\CortexM3\ARM_GCC_541\Debug\network.a(USBUART_cls.o)
 .debug_line    0x000035f1       0x61 .\CortexM3\ARM_GCC_541\Debug\network.a(USBUART_descr.o)

.debug_frame    0x00000000     0x21c0
 *(.debug_frame)
 .debug_frame   0x00000000       0x80 .\CortexM3\ARM_GCC_541\Debug\main.o
 .debug_frame   0x00000080       0x68 .\CortexM3\ARM_GCC_541\Debug\receiver.o
 .debug_frame   0x000000e8       0xb8 .\CortexM3\ARM_GCC_541\Debug\transmitter.o
 .debug_frame   0x000001a0       0xe4 .\CortexM3\ARM_GCC_541\Debug\cyfitter_cfg.o
 .debug_frame   0x00000284       0xb8 .\CortexM3\ARM_GCC_541\Debug\Cm3Start.o
 .debug_frame   0x0000033c       0x50 .\CortexM3\ARM_GCC_541\Debug\network.a(IDLE_PIN.o)
 .debug_frame   0x0000038c       0x50 .\CortexM3\ARM_GCC_541\Debug\network.a(BUSY_PIN.o)
 .debug_frame   0x000003dc       0x50 .\CortexM3\ARM_GCC_541\Debug\network.a(COLLISION_PIN.o)
 .debug_frame   0x0000042c      0x738 .\CortexM3\ARM_GCC_541\Debug\network.a(CyLib.o)
 .debug_frame   0x00000b64      0x1f8 .\CortexM3\ARM_GCC_541\Debug\network.a(cyPm.o)
 .debug_frame   0x00000d5c      0x1dc .\CortexM3\ARM_GCC_541\Debug\network.a(USBUART.o)
 .debug_frame   0x00000f38      0x27c .\CortexM3\ARM_GCC_541\Debug\network.a(USBUART_cdc.o)
 .debug_frame   0x000011b4      0x194 .\CortexM3\ARM_GCC_541\Debug\network.a(USBUART_drv.o)
 .debug_frame   0x00001348       0x6c .\CortexM3\ARM_GCC_541\Debug\network.a(USBUART_episr.o)
 .debug_frame   0x000013b4       0xa0 .\CortexM3\ARM_GCC_541\Debug\network.a(USBUART_pm.o)
 .debug_frame   0x00001454      0x17c .\CortexM3\ARM_GCC_541\Debug\network.a(USBUART_std.o)
 .debug_frame   0x000015d0       0x20 .\CortexM3\ARM_GCC_541\Debug\network.a(USBUART_vnd.o)
 .debug_frame   0x000015f0       0x70 .\CortexM3\ARM_GCC_541\Debug\network.a(USBUART_Dp.o)
 .debug_frame   0x00001660       0x50 .\CortexM3\ARM_GCC_541\Debug\network.a(TX_PIN.o)
 .debug_frame   0x000016b0       0x70 .\CortexM3\ARM_GCC_541\Debug\network.a(RX_PIN.o)
 .debug_frame   0x00001720      0x124 .\CortexM3\ARM_GCC_541\Debug\network.a(RX_TIMER.o)
 .debug_frame   0x00001844      0x104 .\CortexM3\ARM_GCC_541\Debug\network.a(RX_PIN_INTERRUPT.o)
 .debug_frame   0x00001948      0x104 .\CortexM3\ARM_GCC_541\Debug\network.a(RX_TIMER_INTERRUPT.o)
 .debug_frame   0x00001a4c      0x124 .\CortexM3\ARM_GCC_541\Debug\network.a(TX_TIMER.o)
 .debug_frame   0x00001b70      0x104 .\CortexM3\ARM_GCC_541\Debug\network.a(TX_TIMER_INTERRUPT.o)
 .debug_frame   0x00001c74      0x174 .\CortexM3\ARM_GCC_541\Debug\network.a(CyFlash.o)
 .debug_frame   0x00001de8      0x160 .\CortexM3\ARM_GCC_541\Debug\network.a(CySpc.o)
 .debug_frame   0x00001f48       0x2c .\CortexM3\ARM_GCC_541\Debug\network.a(USBUART_cls.o)
 .debug_frame   0x00001f74       0x20 c:/program files (x86)/cypress/psoc creator/4.1/psoc creator/import/gnu/arm/5.4.1/bin/../lib/gcc/arm-none-eabi/5.4.1/../../../../arm-none-eabi/lib/armv7-m\libg_nano.a(lib_a-errno.o)
 .debug_frame   0x00001f94       0x28 c:/program files (x86)/cypress/psoc creator/4.1/psoc creator/import/gnu/arm/5.4.1/bin/../lib/gcc/arm-none-eabi/5.4.1/../../../../arm-none-eabi/lib/armv7-m\libg_nano.a(lib_a-exit.o)
 .debug_frame   0x00001fbc       0x2c c:/program files (x86)/cypress/psoc creator/4.1/psoc creator/import/gnu/arm/5.4.1/bin/../lib/gcc/arm-none-eabi/5.4.1/../../../../arm-none-eabi/lib/armv7-m\libg_nano.a(lib_a-init.o)
 .debug_frame   0x00001fe8       0x28 c:/program files (x86)/cypress/psoc creator/4.1/psoc creator/import/gnu/arm/5.4.1/bin/../lib/gcc/arm-none-eabi/5.4.1/../../../../arm-none-eabi/lib/armv7-m\libg_nano.a(lib_a-memcpy-stub.o)
 .debug_frame   0x00002010       0x20 c:/program files (x86)/cypress/psoc creator/4.1/psoc creator/import/gnu/arm/5.4.1/bin/../lib/gcc/arm-none-eabi/5.4.1/../../../../arm-none-eabi/lib/armv7-m\libg_nano.a(lib_a-memset.o)
 .debug_frame   0x00002030       0x44 c:/program files (x86)/cypress/psoc creator/4.1/psoc creator/import/gnu/arm/5.4.1/bin/../lib/gcc/arm-none-eabi/5.4.1/../../../../arm-none-eabi/lib/armv7-m\libg_nano.a(lib_a-rand.o)
 .debug_frame   0x00002074       0x30 c:/program files (x86)/cypress/psoc creator/4.1/psoc creator/import/gnu/arm/5.4.1/bin/../lib/gcc/arm-none-eabi/5.4.1/../../../../arm-none-eabi/lib/armv7-m\libg_nano.a(lib_a-malloc.o)
 .debug_frame   0x000020a4       0x38 c:/program files (x86)/cypress/psoc creator/4.1/psoc creator/import/gnu/arm/5.4.1/bin/../lib/gcc/arm-none-eabi/5.4.1/../../../../arm-none-eabi/lib/armv7-m\libg_nano.a(lib_a-nano-freer.o)
 .debug_frame   0x000020dc       0x2c c:/program files (x86)/cypress/psoc creator/4.1/psoc creator/import/gnu/arm/5.4.1/bin/../lib/gcc/arm-none-eabi/5.4.1/../../../../arm-none-eabi/lib/armv7-m\libg_nano.a(lib_a-nano-mallocr.o)
 .debug_frame   0x00002108       0x2c c:/program files (x86)/cypress/psoc creator/4.1/psoc creator/import/gnu/arm/5.4.1/bin/../lib/gcc/arm-none-eabi/5.4.1/../../../../arm-none-eabi/lib/armv7-m\libg_nano.a(lib_a-sbrkr.o)
 .debug_frame   0x00002134       0x30 c:/program files (x86)/cypress/psoc creator/4.1/psoc creator/import/gnu/arm/5.4.1/bin/../lib/gcc/arm-none-eabi/5.4.1/../../../../arm-none-eabi/lib/armv7-m\libg_nano.a(lib_a-mlock.o)
 .debug_frame   0x00002164       0x5c c:/program files (x86)/cypress/psoc creator/4.1/psoc creator/import/gnu/arm/5.4.1/bin/../lib/gcc/arm-none-eabi/5.4.1/../../../../arm-none-eabi/lib/armv7-m\libg_nano.a(lib_a-reent.o)

.debug_str      0x00000000     0x3011
 *(.debug_str)
 .debug_str     0x00000000      0x367 .\CortexM3\ARM_GCC_541\Debug\main.o
                                0x3b7 (size before relaxing)
 .debug_str     0x00000367       0x61 .\CortexM3\ARM_GCC_541\Debug\receiver.o
                                0x244 (size before relaxing)
 .debug_str     0x000003c8      0x11e .\CortexM3\ARM_GCC_541\Debug\transmitter.o
                                0x386 (size before relaxing)
 .debug_str     0x000004e6      0x181 .\CortexM3\ARM_GCC_541\Debug\cyfitter_cfg.o
                                0x30b (size before relaxing)
 .debug_str     0x00000667       0x75 .\CortexM3\ARM_GCC_541\Debug\cymetadata.o
                                0x1e0 (size before relaxing)
 .debug_str     0x000006dc      0x144 .\CortexM3\ARM_GCC_541\Debug\Cm3Start.o
                                0x306 (size before relaxing)
 .debug_str     0x00000820       0x6b .\CortexM3\ARM_GCC_541\Debug\network.a(IDLE_PIN.o)
                                0x1ed (size before relaxing)
 .debug_str     0x0000088b       0x5b .\CortexM3\ARM_GCC_541\Debug\network.a(BUSY_PIN.o)
                                0x1ed (size before relaxing)
 .debug_str     0x000008e6       0x6f .\CortexM3\ARM_GCC_541\Debug\network.a(COLLISION_PIN.o)
                                0x206 (size before relaxing)
 .debug_str     0x00000955      0x82e .\CortexM3\ARM_GCC_541\Debug\network.a(CyLib.o)
                                0xa43 (size before relaxing)
 .debug_str     0x00001183      0x365 .\CortexM3\ARM_GCC_541\Debug\network.a(cyPm.o)
                                0x72f (size before relaxing)
 .debug_str     0x000014e8      0x422 .\CortexM3\ARM_GCC_541\Debug\network.a(USBUART.o)
                                0x666 (size before relaxing)
 .debug_str     0x0000190a      0x4d5 .\CortexM3\ARM_GCC_541\Debug\network.a(USBUART_cdc.o)
                                0x7cd (size before relaxing)
 .debug_str     0x00001ddf      0x291 .\CortexM3\ARM_GCC_541\Debug\network.a(USBUART_drv.o)
                                0x644 (size before relaxing)
 .debug_str     0x00002070       0x80 .\CortexM3\ARM_GCC_541\Debug\network.a(USBUART_episr.o)
                                0x2db (size before relaxing)
 .debug_str     0x000020f0       0xd2 .\CortexM3\ARM_GCC_541\Debug\network.a(USBUART_pm.o)
                                0x2ec (size before relaxing)
 .debug_str     0x000021c2      0x259 .\CortexM3\ARM_GCC_541\Debug\network.a(USBUART_std.o)
                                0x7b3 (size before relaxing)
 .debug_str     0x0000241b       0x25 .\CortexM3\ARM_GCC_541\Debug\network.a(USBUART_vnd.o)
                                0x1e9 (size before relaxing)
 .debug_str     0x00002440       0x99 .\CortexM3\ARM_GCC_541\Debug\network.a(USBUART_Dp.o)
                                0x23d (size before relaxing)
 .debug_str     0x000024d9       0x53 .\CortexM3\ARM_GCC_541\Debug\network.a(TX_PIN.o)
                                0x1e3 (size before relaxing)
 .debug_str     0x0000252c       0x6c .\CortexM3\ARM_GCC_541\Debug\network.a(RX_PIN.o)
                                0x221 (size before relaxing)
 .debug_str     0x00002598      0x162 .\CortexM3\ARM_GCC_541\Debug\network.a(RX_TIMER.o)
                                0x36d (size before relaxing)
 .debug_str     0x000026fa      0x167 .\CortexM3\ARM_GCC_541\Debug\network.a(RX_PIN_INTERRUPT.o)
                                0x33c (size before relaxing)
 .debug_str     0x00002861      0x181 .\CortexM3\ARM_GCC_541\Debug\network.a(RX_TIMER_INTERRUPT.o)
                                0x358 (size before relaxing)
 .debug_str     0x000029e2      0x13d .\CortexM3\ARM_GCC_541\Debug\network.a(TX_TIMER.o)
                                0x36d (size before relaxing)
 .debug_str     0x00002b1f      0x181 .\CortexM3\ARM_GCC_541\Debug\network.a(TX_TIMER_INTERRUPT.o)
                                0x358 (size before relaxing)
 .debug_str     0x00002ca0      0x19c .\CortexM3\ARM_GCC_541\Debug\network.a(CyFlash.o)
                                0x39d (size before relaxing)
 .debug_str     0x00002e3c       0xac .\CortexM3\ARM_GCC_541\Debug\network.a(CySpc.o)
                                0x326 (size before relaxing)
 .debug_str     0x00002ee8       0x25 .\CortexM3\ARM_GCC_541\Debug\network.a(USBUART_cls.o)
                                0x2a8 (size before relaxing)
 .debug_str     0x00002f0d      0x104 .\CortexM3\ARM_GCC_541\Debug\network.a(USBUART_descr.o)
                                0x355 (size before relaxing)

.debug_loc      0x00000000     0x31fc
 *(.debug_loc)
 .debug_loc     0x00000000       0x2c .\CortexM3\ARM_GCC_541\Debug\receiver.o
 .debug_loc     0x0000002c      0x1ee .\CortexM3\ARM_GCC_541\Debug\transmitter.o
 .debug_loc     0x0000021a      0x1d7 .\CortexM3\ARM_GCC_541\Debug\cyfitter_cfg.o
 .debug_loc     0x000003f1      0x144 .\CortexM3\ARM_GCC_541\Debug\Cm3Start.o
 .debug_loc     0x00000535       0x42 .\CortexM3\ARM_GCC_541\Debug\network.a(IDLE_PIN.o)
 .debug_loc     0x00000577       0x42 .\CortexM3\ARM_GCC_541\Debug\network.a(BUSY_PIN.o)
 .debug_loc     0x000005b9       0x42 .\CortexM3\ARM_GCC_541\Debug\network.a(COLLISION_PIN.o)
 .debug_loc     0x000005fb      0xa11 .\CortexM3\ARM_GCC_541\Debug\network.a(CyLib.o)
 .debug_loc     0x0000100c      0x1e4 .\CortexM3\ARM_GCC_541\Debug\network.a(cyPm.o)
 .debug_loc     0x000011f0      0x3e1 .\CortexM3\ARM_GCC_541\Debug\network.a(USBUART.o)
 .debug_loc     0x000015d1      0x557 .\CortexM3\ARM_GCC_541\Debug\network.a(USBUART_cdc.o)
 .debug_loc     0x00001b28      0x171 .\CortexM3\ARM_GCC_541\Debug\network.a(USBUART_drv.o)
 .debug_loc     0x00001c99       0x26 .\CortexM3\ARM_GCC_541\Debug\network.a(USBUART_pm.o)
 .debug_loc     0x00001cbf      0x945 .\CortexM3\ARM_GCC_541\Debug\network.a(USBUART_std.o)
 .debug_loc     0x00002604       0x84 .\CortexM3\ARM_GCC_541\Debug\network.a(USBUART_Dp.o)
 .debug_loc     0x00002688       0x42 .\CortexM3\ARM_GCC_541\Debug\network.a(TX_PIN.o)
 .debug_loc     0x000026ca       0x84 .\CortexM3\ARM_GCC_541\Debug\network.a(RX_PIN.o)
 .debug_loc     0x0000274e       0x13 .\CortexM3\ARM_GCC_541\Debug\network.a(RX_TIMER.o)
 .debug_loc     0x00002761       0x56 .\CortexM3\ARM_GCC_541\Debug\network.a(RX_PIN_INTERRUPT.o)
 .debug_loc     0x000027b7       0x56 .\CortexM3\ARM_GCC_541\Debug\network.a(RX_TIMER_INTERRUPT.o)
 .debug_loc     0x0000280d       0x13 .\CortexM3\ARM_GCC_541\Debug\network.a(TX_TIMER.o)
 .debug_loc     0x00002820       0x56 .\CortexM3\ARM_GCC_541\Debug\network.a(TX_TIMER_INTERRUPT.o)
 .debug_loc     0x00002876      0x2f2 .\CortexM3\ARM_GCC_541\Debug\network.a(CyFlash.o)
 .debug_loc     0x00002b68      0x64d .\CortexM3\ARM_GCC_541\Debug\network.a(CySpc.o)
 .debug_loc     0x000031b5       0x47 .\CortexM3\ARM_GCC_541\Debug\network.a(USBUART_cls.o)

.debug_macinfo
 *(.debug_macinfo)

.debug_ranges   0x00000000      0xbb8
 *(.debug_ranges)
 .debug_ranges  0x00000000       0x28 .\CortexM3\ARM_GCC_541\Debug\main.o
 .debug_ranges  0x00000028       0x20 .\CortexM3\ARM_GCC_541\Debug\receiver.o
 .debug_ranges  0x00000048       0x80 .\CortexM3\ARM_GCC_541\Debug\transmitter.o
 .debug_ranges  0x000000c8       0x48 .\CortexM3\ARM_GCC_541\Debug\cyfitter_cfg.o
 .debug_ranges  0x00000110       0x38 .\CortexM3\ARM_GCC_541\Debug\Cm3Start.o
 .debug_ranges  0x00000148       0x28 .\CortexM3\ARM_GCC_541\Debug\network.a(IDLE_PIN.o)
 .debug_ranges  0x00000170       0x28 .\CortexM3\ARM_GCC_541\Debug\network.a(BUSY_PIN.o)
 .debug_ranges  0x00000198       0x28 .\CortexM3\ARM_GCC_541\Debug\network.a(COLLISION_PIN.o)
 .debug_ranges  0x000001c0      0x290 .\CortexM3\ARM_GCC_541\Debug\network.a(CyLib.o)
 .debug_ranges  0x00000450       0x88 .\CortexM3\ARM_GCC_541\Debug\network.a(cyPm.o)
 .debug_ranges  0x000004d8       0xd0 .\CortexM3\ARM_GCC_541\Debug\network.a(USBUART.o)
 .debug_ranges  0x000005a8       0xd8 .\CortexM3\ARM_GCC_541\Debug\network.a(USBUART_cdc.o)
 .debug_ranges  0x00000680       0x88 .\CortexM3\ARM_GCC_541\Debug\network.a(USBUART_drv.o)
 .debug_ranges  0x00000708       0x30 .\CortexM3\ARM_GCC_541\Debug\network.a(USBUART_episr.o)
 .debug_ranges  0x00000738       0x30 .\CortexM3\ARM_GCC_541\Debug\network.a(USBUART_pm.o)
 .debug_ranges  0x00000768       0x70 .\CortexM3\ARM_GCC_541\Debug\network.a(USBUART_std.o)
 .debug_ranges  0x000007d8       0x10 .\CortexM3\ARM_GCC_541\Debug\network.a(USBUART_vnd.o)
 .debug_ranges  0x000007e8       0x38 .\CortexM3\ARM_GCC_541\Debug\network.a(USBUART_Dp.o)
 .debug_ranges  0x00000820       0x28 .\CortexM3\ARM_GCC_541\Debug\network.a(TX_PIN.o)
 .debug_ranges  0x00000848       0x38 .\CortexM3\ARM_GCC_541\Debug\network.a(RX_PIN.o)
 .debug_ranges  0x00000880       0x80 .\CortexM3\ARM_GCC_541\Debug\network.a(RX_TIMER.o)
 .debug_ranges  0x00000900       0x70 .\CortexM3\ARM_GCC_541\Debug\network.a(RX_PIN_INTERRUPT.o)
 .debug_ranges  0x00000970       0x70 .\CortexM3\ARM_GCC_541\Debug\network.a(RX_TIMER_INTERRUPT.o)
 .debug_ranges  0x000009e0       0x80 .\CortexM3\ARM_GCC_541\Debug\network.a(TX_TIMER.o)
 .debug_ranges  0x00000a60       0x70 .\CortexM3\ARM_GCC_541\Debug\network.a(TX_TIMER_INTERRUPT.o)
 .debug_ranges  0x00000ad0       0x70 .\CortexM3\ARM_GCC_541\Debug\network.a(CyFlash.o)
 .debug_ranges  0x00000b40       0x68 .\CortexM3\ARM_GCC_541\Debug\network.a(CySpc.o)
 .debug_ranges  0x00000ba8       0x10 .\CortexM3\ARM_GCC_541\Debug\network.a(USBUART_cls.o)

.comment        0x00000000       0x6e
 .comment       0x00000000       0x6e .\CortexM3\ARM_GCC_541\Debug\main.o
                                 0x6f (size before relaxing)
 .comment       0x0000006e       0x6f .\CortexM3\ARM_GCC_541\Debug\receiver.o
 .comment       0x0000006e       0x6f .\CortexM3\ARM_GCC_541\Debug\transmitter.o
 .comment       0x0000006e       0x6f .\CortexM3\ARM_GCC_541\Debug\cyfitter_cfg.o
 .comment       0x0000006e       0x6f .\CortexM3\ARM_GCC_541\Debug\cymetadata.o
 .comment       0x0000006e       0x6f .\CortexM3\ARM_GCC_541\Debug\Cm3Start.o
 .comment       0x0000006e       0x6f .\CortexM3\ARM_GCC_541\Debug\network.a(IDLE_PIN.o)
 .comment       0x0000006e       0x6f .\CortexM3\ARM_GCC_541\Debug\network.a(BUSY_PIN.o)
 .comment       0x0000006e       0x6f .\CortexM3\ARM_GCC_541\Debug\network.a(COLLISION_PIN.o)
 .comment       0x0000006e       0x6f .\CortexM3\ARM_GCC_541\Debug\network.a(CyLib.o)
 .comment       0x0000006e       0x6f .\CortexM3\ARM_GCC_541\Debug\network.a(cyPm.o)
 .comment       0x0000006e       0x6f .\CortexM3\ARM_GCC_541\Debug\network.a(USBUART.o)
 .comment       0x0000006e       0x6f .\CortexM3\ARM_GCC_541\Debug\network.a(USBUART_cdc.o)
 .comment       0x0000006e       0x6f .\CortexM3\ARM_GCC_541\Debug\network.a(USBUART_drv.o)
 .comment       0x0000006e       0x6f .\CortexM3\ARM_GCC_541\Debug\network.a(USBUART_episr.o)
 .comment       0x0000006e       0x6f .\CortexM3\ARM_GCC_541\Debug\network.a(USBUART_pm.o)
 .comment       0x0000006e       0x6f .\CortexM3\ARM_GCC_541\Debug\network.a(USBUART_std.o)
 .comment       0x0000006e       0x6f .\CortexM3\ARM_GCC_541\Debug\network.a(USBUART_vnd.o)
 .comment       0x0000006e       0x6f .\CortexM3\ARM_GCC_541\Debug\network.a(USBUART_Dp.o)
 .comment       0x0000006e       0x6f .\CortexM3\ARM_GCC_541\Debug\network.a(TX_PIN.o)
 .comment       0x0000006e       0x6f .\CortexM3\ARM_GCC_541\Debug\network.a(RX_PIN.o)
 .comment       0x0000006e       0x6f .\CortexM3\ARM_GCC_541\Debug\network.a(RX_TIMER.o)
 .comment       0x0000006e       0x6f .\CortexM3\ARM_GCC_541\Debug\network.a(RX_PIN_INTERRUPT.o)
 .comment       0x0000006e       0x6f .\CortexM3\ARM_GCC_541\Debug\network.a(RX_TIMER_INTERRUPT.o)
 .comment       0x0000006e       0x6f .\CortexM3\ARM_GCC_541\Debug\network.a(TX_TIMER.o)
 .comment       0x0000006e       0x6f .\CortexM3\ARM_GCC_541\Debug\network.a(TX_TIMER_INTERRUPT.o)
 .comment       0x0000006e       0x6f .\CortexM3\ARM_GCC_541\Debug\network.a(CyFlash.o)
 .comment       0x0000006e       0x6f .\CortexM3\ARM_GCC_541\Debug\network.a(CySpc.o)
 .comment       0x0000006e       0x6f .\CortexM3\ARM_GCC_541\Debug\network.a(USBUART_cls.o)
 .comment       0x0000006e       0x6f .\CortexM3\ARM_GCC_541\Debug\network.a(USBUART_descr.o)

.debug_weaknames
 *(.debug_weaknames)

.debug_funcnames
 *(.debug_funcnames)

.debug_typenames
 *(.debug_typenames)

.debug_varnames
 *(.debug_varnames)

.note.gnu.arm.ident
 *(.note.gnu.arm.ident)

.ARM.attributes
                0x00000000       0x29
 *(.ARM.attributes)
 .ARM.attributes
                0x00000000       0x1d c:/program files (x86)/cypress/psoc creator/4.1/psoc creator/import/gnu/arm/5.4.1/bin/../lib/gcc/arm-none-eabi/5.4.1/armv7-m/crti.o
 .ARM.attributes
                0x0000001d       0x2d c:/program files (x86)/cypress/psoc creator/4.1/psoc creator/import/gnu/arm/5.4.1/bin/../lib/gcc/arm-none-eabi/5.4.1/armv7-m/crtbegin.o
 .ARM.attributes
                0x0000004a       0x1b c:/program files (x86)/cypress/psoc creator/4.1/psoc creator/import/gnu/arm/5.4.1/bin/../lib/gcc/arm-none-eabi/5.4.1/../../../../arm-none-eabi/lib/armv7-m/crt0.o
 .ARM.attributes
                0x00000065       0x33 .\CortexM3\ARM_GCC_541\Debug\main.o
 .ARM.attributes
                0x00000098       0x33 .\CortexM3\ARM_GCC_541\Debug\receiver.o
 .ARM.attributes
                0x000000cb       0x33 .\CortexM3\ARM_GCC_541\Debug\transmitter.o
 .ARM.attributes
                0x000000fe       0x33 .\CortexM3\ARM_GCC_541\Debug\cyfitter_cfg.o
 .ARM.attributes
                0x00000131       0x33 .\CortexM3\ARM_GCC_541\Debug\cymetadata.o
 .ARM.attributes
                0x00000164       0x33 .\CortexM3\ARM_GCC_541\Debug\Cm3Start.o
 .ARM.attributes
                0x00000197       0x33 .\CortexM3\ARM_GCC_541\Debug\network.a(IDLE_PIN.o)
 .ARM.attributes
                0x000001ca       0x33 .\CortexM3\ARM_GCC_541\Debug\network.a(BUSY_PIN.o)
 .ARM.attributes
                0x000001fd       0x33 .\CortexM3\ARM_GCC_541\Debug\network.a(COLLISION_PIN.o)
 .ARM.attributes
                0x00000230       0x33 .\CortexM3\ARM_GCC_541\Debug\network.a(CyLib.o)
 .ARM.attributes
                0x00000263       0x33 .\CortexM3\ARM_GCC_541\Debug\network.a(cyPm.o)
 .ARM.attributes
                0x00000296       0x33 .\CortexM3\ARM_GCC_541\Debug\network.a(USBUART.o)
 .ARM.attributes
                0x000002c9       0x33 .\CortexM3\ARM_GCC_541\Debug\network.a(USBUART_cdc.o)
 .ARM.attributes
                0x000002fc       0x33 .\CortexM3\ARM_GCC_541\Debug\network.a(USBUART_drv.o)
 .ARM.attributes
                0x0000032f       0x33 .\CortexM3\ARM_GCC_541\Debug\network.a(USBUART_episr.o)
 .ARM.attributes
                0x00000362       0x33 .\CortexM3\ARM_GCC_541\Debug\network.a(USBUART_pm.o)
 .ARM.attributes
                0x00000395       0x33 .\CortexM3\ARM_GCC_541\Debug\network.a(USBUART_std.o)
 .ARM.attributes
                0x000003c8       0x33 .\CortexM3\ARM_GCC_541\Debug\network.a(USBUART_vnd.o)
 .ARM.attributes
                0x000003fb       0x33 .\CortexM3\ARM_GCC_541\Debug\network.a(USBUART_Dp.o)
 .ARM.attributes
                0x0000042e       0x33 .\CortexM3\ARM_GCC_541\Debug\network.a(TX_PIN.o)
 .ARM.attributes
                0x00000461       0x33 .\CortexM3\ARM_GCC_541\Debug\network.a(RX_PIN.o)
 .ARM.attributes
                0x00000494       0x33 .\CortexM3\ARM_GCC_541\Debug\network.a(RX_TIMER.o)
 .ARM.attributes
                0x000004c7       0x33 .\CortexM3\ARM_GCC_541\Debug\network.a(RX_PIN_INTERRUPT.o)
 .ARM.attributes
                0x000004fa       0x33 .\CortexM3\ARM_GCC_541\Debug\network.a(RX_TIMER_INTERRUPT.o)
 .ARM.attributes
                0x0000052d       0x33 .\CortexM3\ARM_GCC_541\Debug\network.a(TX_TIMER.o)
 .ARM.attributes
                0x00000560       0x33 .\CortexM3\ARM_GCC_541\Debug\network.a(TX_TIMER_INTERRUPT.o)
 .ARM.attributes
                0x00000593       0x21 .\CortexM3\ARM_GCC_541\Debug\network.a(CyBootAsmGnu.o)
 .ARM.attributes
                0x000005b4       0x33 .\CortexM3\ARM_GCC_541\Debug\network.a(CyFlash.o)
 .ARM.attributes
                0x000005e7       0x33 .\CortexM3\ARM_GCC_541\Debug\network.a(CySpc.o)
 .ARM.attributes
                0x0000061a       0x33 .\CortexM3\ARM_GCC_541\Debug\network.a(USBUART_cls.o)
 .ARM.attributes
                0x0000064d       0x33 .\CortexM3\ARM_GCC_541\Debug\network.a(USBUART_descr.o)
 .ARM.attributes
                0x00000680       0x2d c:/program files (x86)/cypress/psoc creator/4.1/psoc creator/import/gnu/arm/5.4.1/bin/../lib/gcc/arm-none-eabi/5.4.1/../../../../arm-none-eabi/lib/armv7-m\libg_nano.a(lib_a-errno.o)
 .ARM.attributes
                0x000006ad       0x2d c:/program files (x86)/cypress/psoc creator/4.1/psoc creator/import/gnu/arm/5.4.1/bin/../lib/gcc/arm-none-eabi/5.4.1/../../../../arm-none-eabi/lib/armv7-m\libg_nano.a(lib_a-exit.o)
 .ARM.attributes
                0x000006da       0x2d c:/program files (x86)/cypress/psoc creator/4.1/psoc creator/import/gnu/arm/5.4.1/bin/../lib/gcc/arm-none-eabi/5.4.1/../../../../arm-none-eabi/lib/armv7-m\libg_nano.a(lib_a-impure.o)
 .ARM.attributes
                0x00000707       0x2d c:/program files (x86)/cypress/psoc creator/4.1/psoc creator/import/gnu/arm/5.4.1/bin/../lib/gcc/arm-none-eabi/5.4.1/../../../../arm-none-eabi/lib/armv7-m\libg_nano.a(lib_a-init.o)
 .ARM.attributes
                0x00000734       0x2d c:/program files (x86)/cypress/psoc creator/4.1/psoc creator/import/gnu/arm/5.4.1/bin/../lib/gcc/arm-none-eabi/5.4.1/../../../../arm-none-eabi/lib/armv7-m\libg_nano.a(lib_a-memcpy-stub.o)
 .ARM.attributes
                0x00000761       0x2d c:/program files (x86)/cypress/psoc creator/4.1/psoc creator/import/gnu/arm/5.4.1/bin/../lib/gcc/arm-none-eabi/5.4.1/../../../../arm-none-eabi/lib/armv7-m\libg_nano.a(lib_a-memset.o)
 .ARM.attributes
                0x0000078e       0x2d c:/program files (x86)/cypress/psoc creator/4.1/psoc creator/import/gnu/arm/5.4.1/bin/../lib/gcc/arm-none-eabi/5.4.1/../../../../arm-none-eabi/lib/armv7-m\libg_nano.a(lib_a-rand.o)
 .ARM.attributes
                0x000007bb       0x2d c:/program files (x86)/cypress/psoc creator/4.1/psoc creator/import/gnu/arm/5.4.1/bin/../lib/gcc/arm-none-eabi/5.4.1/../../../../arm-none-eabi/lib/armv7-m\libg_nano.a(lib_a-malloc.o)
 .ARM.attributes
                0x000007e8       0x2d c:/program files (x86)/cypress/psoc creator/4.1/psoc creator/import/gnu/arm/5.4.1/bin/../lib/gcc/arm-none-eabi/5.4.1/../../../../arm-none-eabi/lib/armv7-m\libg_nano.a(lib_a-nano-freer.o)
 .ARM.attributes
                0x00000815       0x2d c:/program files (x86)/cypress/psoc creator/4.1/psoc creator/import/gnu/arm/5.4.1/bin/../lib/gcc/arm-none-eabi/5.4.1/../../../../arm-none-eabi/lib/armv7-m\libg_nano.a(lib_a-nano-mallocr.o)
 .ARM.attributes
                0x00000842       0x2d c:/program files (x86)/cypress/psoc creator/4.1/psoc creator/import/gnu/arm/5.4.1/bin/../lib/gcc/arm-none-eabi/5.4.1/../../../../arm-none-eabi/lib/armv7-m\libg_nano.a(lib_a-sbrkr.o)
 .ARM.attributes
                0x0000086f       0x2d c:/program files (x86)/cypress/psoc creator/4.1/psoc creator/import/gnu/arm/5.4.1/bin/../lib/gcc/arm-none-eabi/5.4.1/../../../../arm-none-eabi/lib/armv7-m\libg_nano.a(lib_a-mlock.o)
 .ARM.attributes
                0x0000089c       0x2d c:/program files (x86)/cypress/psoc creator/4.1/psoc creator/import/gnu/arm/5.4.1/bin/../lib/gcc/arm-none-eabi/5.4.1/../../../../arm-none-eabi/lib/armv7-m\libg_nano.a(lib_a-reent.o)
 .ARM.attributes
                0x000008c9       0x2d c:/program files (x86)/cypress/psoc creator/4.1/psoc creator/import/gnu/arm/5.4.1/bin/../lib/gcc/arm-none-eabi/5.4.1/armv7-m/crtend.o
 .ARM.attributes
                0x000008f6       0x1d c:/program files (x86)/cypress/psoc creator/4.1/psoc creator/import/gnu/arm/5.4.1/bin/../lib/gcc/arm-none-eabi/5.4.1/armv7-m/crtn.o

/DISCARD/
 *(.note.GNU-stack)
OUTPUT(C:\Users\hallermans\Documents\Winter2017\CE4950\network.cydsn\CortexM3\ARM_GCC_541\Debug\network.elf elf32-littlearm)
